 
SCALAR_VEC
 
0.5808000000000001 0.5830000000000002 0.6270000000000002 0.6292000000000002

real	0m3.839s
user	0m3.835s
sys	0m0.002s
 
46.0284 46.03060000000001 50.20620000000001 50.2084

real	0m3.927s
user	0m3.921s
sys	0m0.005s
 
29876.5456 29876.5478 32592.58860000001 32592.59080000001

real	0m1.477s
user	0m4.209s
sys	0m0.099s
 
VEC_VEC
 
174.0387000000001

real	0m0.898s
user	0m0.893s
sys	0m0.003s
 
9698907.663400004

real	0m0.180s
user	0m0.177s
sys	0m0.002s
 
24900423491.09201

real	0m0.497s
user	0m0.493s
sys	0m0.002s
 
24900741320632.73

real	0m0.501s
user	0m0.496s
sys	0m0.003s
 
2.490083360868272e+16

real	0m2.734s
user	0m2.714s
sys	0m0.016s
 
VEC_MAT
 
178.7929000000001 178.8030000000001 201.2149000000001 201.2250000000001

real	0m2.777s
user	0m2.772s
sys	0m0.003s
 
992.6821000000002 992.6922000000003 1117.3464 1117.3565

real	0m4.040s
user	0m4.942s
sys	0m2.404s
 
390.3932 390.4204 450.7772 450.8044

real	0m3.392s
user	0m3.388s
sys	0m0.003s
 
2166.9797 2167.0069 2502.7093 2502.7365

real	0m4.562s
user	0m6.108s
sys	0m2.649s
 
157975690.7399002 164380665.845

real	0m0.336s
user	0m0.333s
sys	0m0.003s
 
27065907086.64689 28163538210.734

real	0m0.372s
user	0m0.368s
sys	0m0.003s
 
128614163.4403001 133441028.6954 138267893.9505

real	0m0.533s
user	0m0.530s
sys	0m0.002s
 
17202407856.50204 17848340807.38907 18494273758.276

real	0m0.547s
user	0m0.543s
sys	0m0.003s
 
2.2266 2.2836 2.3406 2.397600000000001

real	0m0.715s
user	0m0.712s
sys	0m0.002s
 
73.52180000000001 74.6944 86.42040000000001 87.59300000000002

real	0m1.907s
user	0m1.903s
sys	0m0.003s
 
609.1862000000001 615.0844 774.3358000000001 780.2339999999999

real	0m2.079s
user	0m2.075s
sys	0m0.002s
 
31020069.53999999 31057579.08 45948866.46000002 45986376

real	0m2.039s
user	0m2.397s
sys	0m0.508s
 
3948765877.809501 3955170852.9146 5863853434.234401 5870258409.339502

real	0m1.610s
user	0m1.794s
sys	0m0.107s
 
629070346650.9368 630167977775.0244 934211799147.1187 935309430271.2014

real	0m2.925s
user	0m3.292s
sys	0m0.062s
 
72549439.01660001 72565446.85880002 108086848.7006 108102856.5428

real	0m0.802s
user	0m2.369s
sys	0m0.421s
 
324096005.6180001 324108897.3359999 483218480.8920001 483231372.6100001

real	0m1.407s
user	0m9.625s
sys	0m0.160s
 
10829665.1294 10829701.4254 15310551.5134 15310587.8094

real	0m1.198s
user	0m8.112s
sys	0m0.112s
 
107135690886257.8 108233331157377.8 147748380917738.6 148846021188854.1

real	0m2.280s
user	0m2.245s
sys	0m0.028s
 
MAT_VEC
 
178.7929000000001 178.8030000000001 201.2149000000001 201.2250000000001

real	0m1.535s
user	0m1.531s
sys	0m0.002s
 
992.6821000000002 992.6922000000003 1117.3464 1117.3565

real	0m3.933s
user	0m4.314s
sys	0m2.151s
 
390.3932 390.4204 450.7772000000001 450.8044

real	0m2.348s
user	0m2.345s
sys	0m0.002s
 
2166.9797 2167.0069 2502.7093 2502.7365

real	0m4.139s
user	0m4.868s
sys	0m2.290s
 
157975690.7399002 164380665.8450001

real	0m0.759s
user	0m0.755s
sys	0m0.002s
 
27065907086.64726 28163538210.734

real	0m0.847s
user	0m0.843s
sys	0m0.002s
 
128614163.4402999 133441028.6953997 138267893.9505

real	0m0.815s
user	0m0.812s
sys	0m0.002s
 
17202407856.50187 17848340807.38918 18494273758.27599

real	0m0.832s
user	0m0.829s
sys	0m0.003s
 
2.2266 2.2836 2.3406 2.397600000000001

real	0m0.861s
user	0m0.857s
sys	0m0.002s
 
73.52180000000001 74.6944 86.4204 87.59300000000002

real	0m2.311s
user	0m2.307s
sys	0m0.002s
 
609.1862 615.0844000000001 774.3358000000001 780.2340000000002

real	0m2.622s
user	0m2.617s
sys	0m0.004s
 
31020069.53999998 31057579.07999998 45948866.45999996 45986376.00000001

real	0m2.916s
user	0m3.924s
sys	0m0.572s
 
3948765877.809497 3955170852.914604 5863853434.234404 5870258409.339499

real	0m2.283s
user	0m2.727s
sys	0m0.103s
 
629070346650.9426 630167977775.031 934211799147.1235 935309430271.2021

real	0m4.122s
user	0m4.954s
sys	0m0.072s
 
72549439.0166 72565446.85879999 108086848.7006 108102856.5428001

real	0m1.242s
user	0m4.828s
sys	0m0.476s
 
324096005.6180002 324108897.3359997 483218480.892 483231372.6099998

real	0m1.510s
user	0m10.002s
sys	0m0.163s
 
10829665.1294 10829701.4254 15310551.5134 15310587.8094

real	0m1.336s
user	0m9.012s
sys	0m0.118s
 
107135690886248 108233331157370.3 147748380917728.1 148846021188851.3

real	0m2.911s
user	0m2.874s
sys	0m0.029s
 
OUTER
 
101.277 104.346 110.4774 113.8252

real	0m19.845s
user	0m19.838s
sys	0m0.005s
 
96.84840000000001 99.04950000000002 108.045 110.446

real	0m17.864s
user	0m17.857s
sys	0m0.005s
 
94.13800000000002 95.84960000000002 106.419 108.286

real	0m15.288s
user	0m15.275s
sys	0m0.011s
 
14.5684 14.5728 16.60140000000001 16.606

real	0m4.529s
user	0m4.522s
sys	0m0.006s
 
10.164 10.2025 11.913 11.9548

real	0m5.074s
user	0m5.069s
sys	0m0.003s
 
955.9242 956.3004 1135.8438 1136.254

real	0m10.014s
user	0m17.391s
sys	0m2.001s
 
86477.05440000001 86480.57660000001 102897.9582 102901.8004

real	0m3.349s
user	0m9.292s
sys	0m0.125s
 
27312.9912 27313.3443 32486.685 32487.07

real	0m2.219s
user	0m5.384s
sys	0m0.112s
 
MAT_MAT
 
8054296.570499997 8377212.617400005 11041896.78059999 11521723.02599998

real	0m1.011s
user	0m1.006s
sys	0m0.002s
 
67005585.50399999 69693523.28640001 92209626.63900001 96222702.654

real	0m1.900s
user	0m1.895s
sys	0m0.004s
 
56602.02200000002 58658.48450000003 83130.86099999996 86296.01680000001

real	0m0.891s
user	0m0.887s
sys	0m0.003s
 
297546749.5919999 308581623.7315 440770097.5830001 457946307.122

real	0m0.888s
user	0m0.884s
sys	0m0.003s
 
8054296.570499997 8144829.910200007 11426434.83180001 11521723.02599998

real	0m1.519s
user	0m1.515s
sys	0m0.003s
 
67005585.50399999 67746880.83149999 95442432.6726 96222702.654

real	0m2.017s
user	0m2.013s
sys	0m0.002s
 
56602.02200000002 56765.4044 86117.12820000002 86296.01680000003

real	0m0.917s
user	0m0.913s
sys	0m0.003s
 
297546749.5919999 299613096.124 455678605.331 457946307.122

real	0m1.001s
user	0m0.997s
sys	0m0.003s
 
301.3441 301.7106 379.168 379.5840000000001

real	0m2.483s
user	0m2.479s
sys	0m0.003s
 
45022.4809 45027.16379999999 57025.89409999999 57031.226

real	0m4.118s
user	0m8.523s
sys	0m0.200s
 
79343.34260000002 79353.49420000002 105856.4262 105868.395

real	0m2.500s
user	0m5.229s
sys	0m0.127s
 
77470.43699999999 77485.73999999999 107948.34 107966.91

real	0m1.699s
user	0m4.213s
sys	0m0.112s
 
109.241 111.7864 142.1856 145.251

real	0m1.636s
user	0m1.632s
sys	0m0.003s
 
1739639.1343 1765026.6362 3156552.835600001 3194056.931000001

real	0m1.457s
user	0m1.453s
sys	0m0.003s
 
40128631.9895 40455680.779 81101463.51100001 81608296.35000001

real	0m1.067s
user	0m1.063s
sys	0m0.003s
 
185145.8628 186726.9552 353878.6176 356259.936

real	0m1.593s
user	0m1.589s
sys	0m0.003s
 
5650057.303000001 5674398.905999998 11835110.684 11873364.25

real	0m1.309s
user	0m1.305s
sys	0m0.003s
 
3539227257.462 3543179262.324 8019509498.52 8025995052.400001

real	0m0.087s
user	0m0.505s
sys	0m0.012s
 
66219776245.92161 66260257446.0572 151986883006.37 152053753059.55

real	0m0.109s
user	0m0.572s
sys	0m0.022s
 
166212294937.399 166288626284.498 382568140639.01 382694366833.3

real	0m0.109s
user	0m0.495s
sys	0m0.034s
 
608720333715.4656 608956501509.1868 1405127495482.165 1405518727998.903

real	0m0.193s
user	0m0.986s
sys	0m0.046s
 
TRANS1
 
8054296.570499999 8377212.617400001 11041896.7806 11521723.026

real	0m1.112s
user	0m1.107s
sys	0m0.003s
 
67005585.50399999 69693523.28640001 92209626.63900001 96222702.654

real	0m1.901s
user	0m1.897s
sys	0m0.003s
 
56602.022 58658.48450000001 83130.86100000002 86296.01680000001

real	0m0.999s
user	0m0.995s
sys	0m0.002s
 
297546749.5919999 308581623.7315 440770097.5830001 457946307.122

real	0m0.887s
user	0m0.884s
sys	0m0.003s
 
8054296.570499999 8144829.910199996 11426434.8318 11521723.026

real	0m0.899s
user	0m0.895s
sys	0m0.002s
 
67005585.50399999 67746880.83149999 95442432.6726 96222702.654

real	0m1.964s
user	0m1.959s
sys	0m0.003s
 
56602.022 56765.4044 86117.12820000002 86296.01680000001

real	0m0.787s
user	0m0.784s
sys	0m0.003s
 
297546749.5919999 299613096.124 455678605.331 457946307.122

real	0m0.996s
user	0m0.992s
sys	0m0.002s
 
301.3441 301.7106 379.168 379.5840000000001

real	0m2.469s
user	0m2.464s
sys	0m0.004s
 
45022.4809 45027.16379999999 57025.89409999999 57031.226

real	0m4.108s
user	0m8.482s
sys	0m0.200s
 
79343.34260000002 79353.49420000002 105856.4262 105868.395

real	0m2.505s
user	0m5.239s
sys	0m0.126s
 
77470.43699999999 77485.73999999999 107948.34 107966.91

real	0m1.699s
user	0m4.209s
sys	0m0.111s
 
109.241 111.7864 142.1856 145.251

real	0m1.592s
user	0m1.588s
sys	0m0.003s
 
1739639.1343 1765026.6362 3156552.835600001 3194056.931000001

real	0m1.455s
user	0m1.451s
sys	0m0.003s
 
40128631.9895 40455680.779 81101463.51100001 81608296.35000001

real	0m1.068s
user	0m1.064s
sys	0m0.003s
 
185145.8628 186726.9552 353878.6176 356259.936

real	0m1.591s
user	0m1.588s
sys	0m0.002s
 
5650057.303000001 5674398.905999998 11835110.684 11873364.25

real	0m1.309s
user	0m1.306s
sys	0m0.002s
 
3539227257.462 3543179262.324 8019509498.52 8025995052.400001

real	0m0.088s
user	0m0.500s
sys	0m0.014s
 
66219776245.92161 66260257446.0572 151986883006.37 152053753059.55

real	0m0.118s
user	0m0.572s
sys	0m0.023s
 
166212294937.399 166288626284.498 382568140639.01 382694366833.3

real	0m0.129s
user	0m0.522s
sys	0m0.034s
 
608720333715.4656 608956501509.1868 1405127495482.165 1405518727998.903

real	0m0.228s
user	0m1.029s
sys	0m0.041s
 
1512441.733 1524415.266 2968657.65 2986772.5

real	0m0.929s
user	0m0.925s
sys	0m0.003s
 
608720333715.4656 608956501509.1868 1405127495482.166 1405518727998.903

real	0m0.163s
user	0m0.557s
sys	0m0.028s
 
TRANS2
 
8054296.570499997 8377212.617400005 11041896.78059999 11521723.02599998

real	0m2.831s
user	0m2.823s
sys	0m0.005s
 
67005585.50399999 69693523.28640001 92209626.63900001 96222702.654

real	0m1.914s
user	0m1.910s
sys	0m0.003s
 
56602.02200000002 58658.48450000003 83130.86099999996 86296.01680000003

real	0m1.058s
user	0m1.055s
sys	0m0.002s
 
297546749.5919999 308581623.7315 440770097.5830001 457946307.122

real	0m0.896s
user	0m0.892s
sys	0m0.003s
 
8054296.570499997 8144829.910200007 11426434.83180001 11521723.02599998

real	0m1.199s
user	0m1.195s
sys	0m0.003s
 
67005585.50399999 67746880.83149999 95442432.6726 96222702.654

real	0m2.020s
user	0m2.016s
sys	0m0.002s
 
56602.02200000002 56765.4044 86117.12820000002 86296.01680000003

real	0m0.839s
user	0m0.836s
sys	0m0.003s
 
297546749.5919999 299613096.124 455678605.331 457946307.122

real	0m1.002s
user	0m0.998s
sys	0m0.003s
 
301.3441 301.7106 379.168 379.5840000000001

real	0m2.464s
user	0m2.458s
sys	0m0.005s
 
45022.4809 45027.16379999999 57025.89409999999 57031.226

real	0m4.115s
user	0m8.502s
sys	0m0.200s
 
79343.34260000002 79353.49420000002 105856.4262 105868.395

real	0m2.488s
user	0m5.185s
sys	0m0.124s
 
77470.43699999999 77485.73999999999 107948.34 107966.91

real	0m1.701s
user	0m4.217s
sys	0m0.113s
 
109.241 111.7864 142.1856 145.251

real	0m1.630s
user	0m1.626s
sys	0m0.003s
 
1739639.1343 1765026.6362 3156552.835600001 3194056.931000001

real	0m1.464s
user	0m1.460s
sys	0m0.003s
 
40128631.9895 40455680.779 81101463.51100001 81608296.35000001

real	0m1.070s
user	0m1.065s
sys	0m0.003s
 
185145.8628 186726.9552 353878.6176 356259.936

real	0m1.637s
user	0m1.633s
sys	0m0.003s
 
5650057.303000001 5674398.905999998 11835110.684 11873364.25

real	0m1.309s
user	0m1.305s
sys	0m0.003s
 
3539227257.462 3543179262.324 8019509498.52 8025995052.400001

real	0m0.089s
user	0m0.503s
sys	0m0.014s
 
66219776245.92161 66260257446.0572 151986883006.37 152053753059.55

real	0m0.117s
user	0m0.573s
sys	0m0.025s
 
166212294937.399 166288626284.498 382568140639.01 382694366833.3

real	0m0.128s
user	0m0.520s
sys	0m0.038s
 
608720333715.4656 608956501509.1868 1405127495482.165 1405518727998.903

real	0m0.229s
user	0m1.020s
sys	0m0.046s
 
1512441.733 1524415.266 2968657.65 2986772.5

real	0m0.929s
user	0m0.925s
sys	0m0.003s
 
608720333715.4656 608956501509.1868 1405127495482.166 1405518727998.903

real	0m0.164s
user	0m0.562s
sys	0m0.029s
 
TRANS12
 
8054296.570499997 8377212.617400005 11041896.78059999 11521723.02599998

real	0m1.201s
user	0m1.196s
sys	0m0.003s
 
67005585.50399999 69693523.28640001 92209626.63900001 96222702.654

real	0m1.921s
user	0m1.918s
sys	0m0.003s
 
56602.02200000002 58658.48450000003 83130.86099999996 86296.01680000003

real	0m0.852s
user	0m0.846s
sys	0m0.004s
 
297546749.5919999 308581623.7315 440770097.5830001 457946307.122

real	0m0.896s
user	0m0.892s
sys	0m0.003s
 
8054296.570499997 8144829.910200007 11426434.83180001 11521723.02599998

real	0m1.307s
user	0m1.303s
sys	0m0.002s
 
67005585.50399999 67746880.83149999 95442432.6726 96222702.654

real	0m1.967s
user	0m1.963s
sys	0m0.004s
 
56602.02200000002 56765.4044 86117.12820000002 86296.01680000003

real	0m1.017s
user	0m1.013s
sys	0m0.003s
 
297546749.5919999 299613096.124 455678605.331 457946307.122

real	0m0.999s
user	0m0.994s
sys	0m0.004s
 
301.3441 301.7106 379.168 379.5840000000001

real	0m2.476s
user	0m2.472s
sys	0m0.003s
 
45022.4809 45027.16379999999 57025.89409999999 57031.226

real	0m4.128s
user	0m8.543s
sys	0m0.203s
 
79343.34260000002 79353.49420000002 105856.4262 105868.395

real	0m2.494s
user	0m5.212s
sys	0m0.125s
 
77470.43699999999 77485.73999999999 107948.34 107966.91

real	0m1.697s
user	0m4.204s
sys	0m0.111s
 
109.241 111.7864 142.1856 145.251

real	0m1.437s
user	0m1.433s
sys	0m0.003s
 
1739639.1343 1765026.6362 3156552.835600001 3194056.931000001

real	0m1.463s
user	0m1.458s
sys	0m0.003s
 
40128631.9895 40455680.779 81101463.51100001 81608296.35000001

real	0m1.067s
user	0m1.063s
sys	0m0.003s
 
185145.8628 186726.9552 353878.6176 356259.936

real	0m1.638s
user	0m1.633s
sys	0m0.003s
 
5650057.303000001 5674398.905999998 11835110.684 11873364.25

real	0m1.311s
user	0m1.307s
sys	0m0.003s
 
3539227257.462 3543179262.324 8019509498.52 8025995052.400001

real	0m0.090s
user	0m0.498s
sys	0m0.013s
 
66219776245.92161 66260257446.0572 151986883006.37 152053753059.55

real	0m0.128s
user	0m0.583s
sys	0m0.023s
 
166212294937.399 166288626284.498 382568140639.01 382694366833.3

real	0m0.147s
user	0m0.544s
sys	0m0.032s
 
608720333715.4656 608956501509.1868 1405127495482.165 1405518727998.903

real	0m0.263s
user	0m1.060s
sys	0m0.044s
 
SPECIAL
 
0.04840000000000001

real	0m1.715s
user	0m1.710s
sys	0m0.003s
 
0.04840000000000001

real	0m1.574s
user	0m1.570s
sys	0m0.003s
 
0.04840000000000001

real	0m0.420s
user	0m0.417s
sys	0m0.002s
 
53.79660000000001 53.79880000000001 58.68060000000001 58.68280000000001

real	0m3.808s
user	0m3.802s
sys	0m0.004s
 
53.79660000000001 53.79880000000001 58.68060000000001 58.68280000000001

real	0m6.612s
user	0m6.607s
sys	0m0.003s
 
9698907.663399996

real	0m1.015s
user	0m1.011s
sys	0m0.002s
 
9698907.663400004

real	0m0.530s
user	0m0.527s
sys	0m0.003s
 
0.04840000000000001

real	0m4.089s
user	0m4.086s
sys	0m0.002s
 
53.79660000000001 53.79880000000001 58.68060000000001 58.68280000000001

real	0m4.319s
user	0m4.312s
sys	0m0.006s
 
53.79660000000001 53.79880000000001 58.68060000000001 58.68280000000001

real	0m24.762s
user	0m24.753s
sys	0m0.007s
 
9698907.663399996

real	0m1.055s
user	0m1.051s
sys	0m0.004s
 
3948765877.8095 3955170852.9146 5863853434.234402 5870258409.339502

real	0m1.176s
user	0m3.512s
sys	0m0.180s
 
3948765877.8095 3955170852.9146 5863853434.234402 5870258409.339502

real	0m1.050s
user	0m3.187s
sys	0m0.183s
 
0.04840000000000001

real	0m3.812s
user	0m3.805s
sys	0m0.006s
 
53.79660000000001 53.79880000000001 58.68060000000001 58.68280000000001

real	0m7.131s
user	0m7.126s
sys	0m0.003s
 
53.79660000000001 53.79880000000001 58.68060000000001 58.68280000000001

real	0m25.898s
user	0m25.881s
sys	0m0.015s
 
9698907.663400004

real	0m0.578s
user	0m0.573s
sys	0m0.003s
 
3948765877.8095 3955170852.9146 5863853434.234402 5870258409.339502

real	0m1.125s
user	0m3.411s
sys	0m0.188s
 
3948765877.8095 3955170852.9146 5863853434.234402 5870258409.339502

real	0m1.055s
user	0m3.244s
sys	0m0.177s
 
0.04840000000000001

real	0m4.185s
user	0m4.180s
sys	0m0.003s
 
53.79660000000001 53.79880000000001 58.68060000000001 58.68280000000001

real	0m4.325s
user	0m4.321s
sys	0m0.003s
 
53.79660000000001 53.79880000000001 58.68060000000001 58.68280000000001

real	0m21.083s
user	0m21.074s
sys	0m0.007s
 
9698907.663399996

real	0m1.057s
user	0m1.052s
sys	0m0.003s
 
3948765877.8095 3955170852.9146 5863853434.234402 5870258409.339502

real	0m1.178s
user	0m3.511s
sys	0m0.185s
 
3948765877.8095 3955170852.9146 5863853434.234402 5870258409.339502

real	0m1.086s
user	0m3.330s
sys	0m0.167s
 
0.04840000000000001

real	0m4.099s
user	0m4.094s
sys	0m0.003s
 
53.79660000000001 53.79880000000001 58.68060000000001 58.68280000000001

real	0m8.670s
user	0m8.665s
sys	0m0.004s
 
53.79660000000001 53.79880000000001 58.68060000000001 58.68280000000001

real	0m16.655s
user	0m16.647s
sys	0m0.006s
 
9698907.663399996

real	0m1.053s
user	0m1.050s
sys	0m0.002s
 
3948765877.8095 3955170852.9146 5863853434.234402 5870258409.339502

real	0m1.115s
user	0m3.389s
sys	0m0.186s
 
3948765877.8095 3955170852.9146 5863853434.234402 5870258409.339502

real	0m1.101s
user	0m3.353s
sys	0m0.174s
 
3037.1121 3037.6632 3611.409 3612.01

real	0m7.210s
user	0m15.092s
sys	0m0.573s
 
3037.1121 3037.6632 3611.409 3612.01

real	0m7.184s
user	0m14.968s
sys	0m0.579s
 
3037.1121 3037.6632 3611.409 3612.01

real	0m7.178s
user	0m15.214s
sys	0m0.569s
 
3037.1121 3037.6632 3611.409 3612.01

real	0m7.185s
user	0m14.925s
sys	0m0.575s
 
SEQUENCE
 
37624.35618 38872.44188 52954.76458 54712.31628

real	0m1.117s
user	0m1.111s
sys	0m0.003s
 
4350478614.186048 4405620767.888449 7321622135.843186 7393481577.214199

real	0m0.884s
user	0m0.880s
sys	0m0.002s
 
48832437279.89181 49241016265.74161 88512227219.28577 89040617812.03201

real	0m2.189s
user	0m4.928s
sys	0m0.326s
 
18696443068.18008 18840087100.15866 37617583432.71078 37823564976.3486

real	0m0.700s
user	0m0.873s
sys	0m0.035s
 
4.901614166865179e+18 4.912723296455452e+18 1.084442578747925e+19 1.086100449795466e+19

real	0m0.137s
user	0m0.621s
sys	0m0.020s
 
1.647418946230568e+16 1.649160037624474e+16 3.76846597969705e+16 3.771108024027194e+16

real	0m0.132s
user	0m0.768s
sys	0m0.022s
 
4.488811165018214e+17 4.490640601531966e+17 1.037309346016861e+18 1.03758774958278e+18

real	0m0.112s
user	0m0.486s
sys	0m0.031s
 
4.488811165018214e+17 4.490640601531966e+17 1.037309346016861e+18 1.03758774958278e+18

real	0m0.206s
user	0m0.988s
sys	0m0.034s
 
4.488811165018214e+17 4.490640601531966e+17 1.037309346016861e+18 1.03758774958278e+18

real	0m0.215s
user	0m0.993s
sys	0m0.033s
 
8.382424294553982e+29 8.385850640122295e+29 1.93738803539032e+30 1.937907243392919e+30

real	0m0.131s
user	0m0.559s
sys	0m0.040s
 
8.382424294553982e+29 8.385850640122295e+29 1.93738803539032e+30 1.937907243392919e+30

real	0m0.168s
user	0m0.593s
sys	0m0.045s
 
8.382424294553982e+29 8.385850640122295e+29 1.93738803539032e+30 1.937907243392919e+30

real	0m0.167s
user	0m0.596s
sys	0m0.043s
 
8.382424294553982e+29 8.385850640122295e+29 1.93738803539032e+30 1.937907243392919e+30

real	0m0.171s
user	0m0.590s
sys	0m0.043s
 
8.382424294553982e+29 8.385850640122295e+29 1.93738803539032e+30 1.937907243392919e+30

real	0m0.161s
user	0m0.559s
sys	0m0.038s
 
8.382424294553982e+29 8.385850640122295e+29 1.93738803539032e+30 1.937907243392919e+30

real	0m0.163s
user	0m0.564s
sys	0m0.039s
 
374124590164.9392 378323909405.2969 483306890414.2386 487506209654.5963

real	0m0.900s
user	0m0.896s
sys	0m0.003s
 
8003498375443.188 8040830216224.576 11400695886549.59 11438027727330.98

real	0m0.707s
user	0m0.880s
sys	0m0.035s
 
467292080353.7709 473215316635.7608 603526514839.5372 609449751121.5272

real	0m1.285s
user	0m1.281s
sys	0m0.003s
 
22856685758006.32 23032721850853.32 32186598678896.97 32362634771743.98

real	0m1.262s
user	0m1.258s
sys	0m0.003s
