 
VEC_VEC
 
174.0387

real	0m1.012s
user	0m1.002s
sys	0m0.004s
 
9698907.663399996

real	0m0.503s
user	0m0.498s
sys	0m0.003s
 
24900423491.09201

real	0m0.691s
user	0m0.682s
sys	0m0.005s
 
24900741320632.71

real	0m0.698s
user	0m0.692s
sys	0m0.004s
 
2.490083360868967e+16

real	0m2.827s
user	0m2.807s
sys	0m0.017s
 
VEC_MAT
 
53.79660000000001 53.79880000000001 58.68060000000001 58.68280000000001

real	0m4.398s
user	0m4.393s
sys	0m0.003s
 
178.7929000000001 178.8030000000001 201.2149000000001 201.2250000000001

real	0m2.400s
user	0m2.396s
sys	0m0.003s
 
992.6821000000002 992.6922000000003 1117.3464 1117.3565

real	0m1.373s
user	0m1.369s
sys	0m0.002s
 
390.3932 390.4204 450.7772000000001 450.8044

real	0m2.681s
user	0m2.677s
sys	0m0.003s
 
2166.9797 2167.0069 2502.7093 2502.7365

real	0m1.519s
user	0m1.515s
sys	0m0.003s
 
157975690.7399002 164380665.8450001

real	0m0.317s
user	0m0.314s
sys	0m0.002s
 
27065907086.64726 28163538210.734

real	0m0.339s
user	0m0.336s
sys	0m0.002s
 
170653918.7903002 177058893.8954 183463869.0004998

real	0m0.551s
user	0m0.548s
sys	0m0.002s
 
17202407856.50187 17848340807.38918 18494273758.27599

real	0m0.508s
user	0m0.505s
sys	0m0.002s
 
2.2266 2.2836 2.3406 2.397600000000001

real	0m0.528s
user	0m0.524s
sys	0m0.003s
 
73.52180000000001 74.6944 86.4204 87.59300000000002

real	0m1.637s
user	0m1.634s
sys	0m0.002s
 
609.1862 615.0844000000001 774.3358000000001 780.2340000000002

real	0m1.755s
user	0m1.751s
sys	0m0.003s
 
31020069.53999998 31057579.07999998 45948866.45999996 45986376.00000001

real	0m2.106s
user	0m2.101s
sys	0m0.003s
 
3948765877.809497 3955170852.914604 5863853434.234404 5870258409.339499

real	0m1.861s
user	0m1.854s
sys	0m0.005s
 
629070346650.9426 630167977775.031 934211799147.1235 935309430271.2021

real	0m3.119s
user	0m3.089s
sys	0m0.027s
 
72549439.0166 72565446.85879999 108086848.7006 108102856.5428001

real	0m1.795s
user	0m1.788s
sys	0m0.005s
 
324096005.6180002 324108897.3359997 483218480.892 483231372.6099998

real	0m3.526s
user	0m3.502s
sys	0m0.021s
 
MAT_VEC
 
53.79660000000001 53.79880000000001 58.68060000000001 58.68280000000001

real	0m2.223s
user	0m2.217s
sys	0m0.004s
 
178.7929000000001 178.8030000000001 201.2149000000001 201.2250000000001

real	0m1.050s
user	0m1.047s
sys	0m0.002s
 
992.6821000000002 992.6922000000003 1117.3464 1117.3565

real	0m0.668s
user	0m0.665s
sys	0m0.002s
 
390.3932 390.4204 450.7772000000001 450.8044

real	0m1.622s
user	0m1.619s
sys	0m0.002s
 
2166.9797 2167.0069 2502.7093 2502.7365

real	0m1.011s
user	0m1.007s
sys	0m0.002s
 
157975690.7399002 164380665.8450001

real	0m0.658s
user	0m0.655s
sys	0m0.002s
 
27065907086.64726 28163538210.734

real	0m0.729s
user	0m0.726s
sys	0m0.002s
 
170653918.7903002 177058893.8954 183463869.0004998

real	0m0.887s
user	0m0.884s
sys	0m0.002s
 
17202407856.50187 17848340807.38918 18494273758.27599

real	0m0.820s
user	0m0.816s
sys	0m0.003s
 
2.2266 2.2836 2.3406 2.397600000000001

real	0m0.546s
user	0m0.543s
sys	0m0.002s
 
73.52180000000001 74.6944 86.4204 87.59300000000002

real	0m1.449s
user	0m1.446s
sys	0m0.002s
 
609.1862 615.0844000000001 774.3358000000001 780.2340000000002

real	0m1.763s
user	0m1.758s
sys	0m0.003s
 
31020069.53999998 31057579.07999998 45948866.45999996 45986376.00000001

real	0m1.895s
user	0m1.891s
sys	0m0.003s
 
3948765877.809497 3955170852.914604 5863853434.234404 5870258409.339499

real	0m1.659s
user	0m1.651s
sys	0m0.006s
 
629070346650.9426 630167977775.031 934211799147.1235 935309430271.2021

real	0m3.500s
user	0m3.475s
sys	0m0.020s
 
72549439.0166 72565446.85879999 108086848.7006 108102856.5428001

real	0m1.817s
user	0m1.810s
sys	0m0.005s
 
324096005.6180002 324108897.3359997 483218480.892 483231372.6099998

real	0m3.101s
user	0m3.073s
sys	0m0.023s
 
MAT_MAT
 
53.79660000000001 53.79880000000001 58.68060000000001 58.68280000000001

real	0m1.702s
user	0m1.697s
sys	0m0.003s
 
9698907.663399996

real	0m1.075s
user	0m1.071s
sys	0m0.002s
 
3948765877.809497 3955170852.914604 5863853434.234404 5870258409.339499

real	0m0.422s
user	0m0.415s
sys	0m0.005s
 
3948765877.809497 3955170852.914604 5863853434.234404 5870258409.339499

real	0m1.075s
user	0m1.066s
sys	0m0.007s
 
8054296.570499997 8377212.617400005 11041896.78059999 11521723.02599998

real	0m1.960s
user	0m1.956s
sys	0m0.002s
 
297546749.5919997 308581623.7314994 440770097.583 457946307.1219999

real	0m1.248s
user	0m1.244s
sys	0m0.003s
 
109.241 111.7864 142.1856 145.251

real	0m1.441s
user	0m1.438s
sys	0m0.002s
 
1739639.1343 1765026.6362 3156552.835599999 3194056.931000001

real	0m1.981s
user	0m1.976s
sys	0m0.004s
 
40128631.98950006 40455680.77900002 81101463.51099998 81608296.35000008

real	0m1.452s
user	0m1.449s
sys	0m0.002s
 
301.3441 301.7106 379.168 379.5840000000001

real	0m1.912s
user	0m1.908s
sys	0m0.003s
 
45022.4809 45027.16379999999 57025.89409999999 57031.226

real	0m2.982s
user	0m2.967s
sys	0m0.011s
 
185145.8628 186726.9552 353878.6176 356259.936

real	0m2.122s
user	0m2.117s
sys	0m0.003s
 
5650057.303000003 5674398.905999999 11835110.684 11873364.25000001

real	0m1.724s
user	0m1.719s
sys	0m0.004s
 
3539227257.462 3543179262.324003 8019509498.519998 8025995052.400001

real	0m0.607s
user	0m0.600s
sys	0m0.006s
 
116679065033.4775 116750506858.205 268105200357.9501 268223292440

real	0m1.588s
user	0m1.565s
sys	0m0.019s
 
320986615485.3796 321111047409.1874 739901634073.444 740107504771.5159

real	0m2.062s
user	0m2.028s
sys	0m0.028s
 
401905815015.9952 402061610572.0562 927163589334.6554 927421585724.0334

real	0m2.579s
user	0m2.538s
sys	0m0.034s
 
OUTER
 
101.277 104.346 110.4774 113.8252

real	0m8.660s
user	0m8.655s
sys	0m0.003s
 
96.84840000000001 99.04950000000002 108.045 110.446

real	0m7.176s
user	0m7.170s
sys	0m0.005s
 
94.13800000000002 95.84960000000002 106.419 108.286

real	0m5.791s
user	0m5.786s
sys	0m0.003s
 
10.164 10.2025 11.913 11.9548

real	0m1.433s
user	0m1.429s
sys	0m0.003s
 
955.9242 956.3004 1135.8438 1136.254

real	0m1.472s
user	0m1.467s
sys	0m0.003s
 
78728.21440000001 78731.73660000002 93676.67820000002 93680.52040000001

real	0m1.950s
user	0m1.909s
sys	0m0.034s
 
TRANS1
 
53.79660000000001 53.79880000000001 58.68060000000001 58.68280000000001

real	0m4.059s
user	0m4.052s
sys	0m0.005s
 
9698907.663399996

real	0m0.509s
user	0m0.505s
sys	0m0.002s
 
3948765877.809497 3955170852.914604 5863853434.234404 5870258409.339499

real	0m0.477s
user	0m0.469s
sys	0m0.005s
 
3948765877.809497 3955170852.914604 5863853434.234404 5870258409.339499

real	0m0.474s
user	0m0.468s
sys	0m0.005s
 
8054296.570499997 8377212.617400005 11041896.78059999 11521723.02599998

real	0m0.823s
user	0m0.820s
sys	0m0.002s
 
297546749.5919997 308581623.7314994 440770097.583 457946307.1219999

real	0m0.726s
user	0m0.722s
sys	0m0.003s
 
109.241 111.7864 142.1856 145.251

real	0m1.028s
user	0m1.025s
sys	0m0.002s
 
1739639.1343 1765026.6362 3156552.835599999 3194056.931000001

real	0m1.659s
user	0m1.655s
sys	0m0.003s
 
40128631.98950006 40455680.77900002 81101463.51099998 81608296.35000008

real	0m1.268s
user	0m1.265s
sys	0m0.002s
 
301.3441 301.7106 379.168 379.5840000000001

real	0m2.391s
user	0m2.387s
sys	0m0.002s
 
45022.4809 45027.16379999999 57025.89409999999 57031.226

real	0m2.976s
user	0m2.957s
sys	0m0.017s
 
185145.8628 186726.9552 353878.6176 356259.936

real	0m1.971s
user	0m1.968s
sys	0m0.002s
 
5650057.303000003 5674398.905999999 11835110.684 11873364.25000001

real	0m1.650s
user	0m1.646s
sys	0m0.002s
 
3539227257.462 3543179262.324003 8019509498.519998 8025995052.400001

real	0m0.570s
user	0m0.563s
sys	0m0.006s
 
116679065033.4775 116750506858.205 268105200357.9501 268223292440

real	0m1.611s
user	0m1.587s
sys	0m0.019s
 
320986615485.3796 321111047409.1874 739901634073.444 740107504771.5159

real	0m2.016s
user	0m1.978s
sys	0m0.034s
 
401905815015.9952 402061610572.0562 927163589334.6554 927421585724.0334

real	0m2.613s
user	0m2.571s
sys	0m0.035s
 
401905815015.9952 402061610572.0562 927163589334.6554 927421585724.0334

real	0m2.013s
user	0m1.983s
sys	0m0.028s
 
TRANS2
 
53.79660000000001 53.79880000000001 58.68060000000001 58.68280000000001

real	0m4.058s
user	0m4.052s
sys	0m0.003s
 
9698907.663399996

real	0m1.008s
user	0m1.003s
sys	0m0.003s
 
3948765877.809497 3955170852.914604 5863853434.234404 5870258409.339499

real	0m0.423s
user	0m0.415s
sys	0m0.006s
 
3948765877.809497 3955170852.914604 5863853434.234404 5870258409.339499

real	0m1.901s
user	0m1.893s
sys	0m0.006s
 
8054296.570499997 8377212.617400005 11041896.78059999 11521723.02599998

real	0m2.415s
user	0m2.411s
sys	0m0.003s
 
297546749.5919997 308581623.7314994 440770097.583 457946307.1219999

real	0m1.525s
user	0m1.520s
sys	0m0.004s
 
109.241 111.7864 142.1856 145.251

real	0m1.509s
user	0m1.505s
sys	0m0.003s
 
1739639.1343 1765026.6362 3156552.835599999 3194056.931000001

real	0m2.152s
user	0m2.149s
sys	0m0.002s
 
40128631.98950006 40455680.77900002 81101463.51099998 81608296.35000008

real	0m1.574s
user	0m1.569s
sys	0m0.004s
 
301.3441 301.7106 379.168 379.5840000000001

real	0m1.977s
user	0m1.974s
sys	0m0.002s
 
45022.4809 45027.16379999999 57025.89409999999 57031.226

real	0m3.037s
user	0m3.019s
sys	0m0.016s
 
185145.8628 186726.9552 353878.6176 356259.936

real	0m2.326s
user	0m2.322s
sys	0m0.002s
 
5650057.303000003 5674398.905999999 11835110.684 11873364.25000001

real	0m1.869s
user	0m1.865s
sys	0m0.003s
 
3539227257.462 3543179262.324003 8019509498.519998 8025995052.400001

real	0m0.660s
user	0m0.653s
sys	0m0.005s
 
116679065033.4775 116750506858.205 268105200357.9501 268223292440

real	0m1.691s
user	0m1.668s
sys	0m0.019s
 
320986615485.3796 321111047409.1874 739901634073.444 740107504771.5159

real	0m2.112s
user	0m2.077s
sys	0m0.029s
 
401905815015.9952 402061610572.0562 927163589334.6554 927421585724.0334

real	0m2.640s
user	0m2.599s
sys	0m0.035s
 
401905815015.9952 402061610572.0562 927163589334.6554 927421585724.0334

real	0m2.239s
user	0m2.204s
sys	0m0.030s
 
SEQUENCE
 
37624.35618 38872.44188 52954.76458 54712.31628

real	0m1.693s
user	0m1.689s
sys	0m0.002s
 
4350478614.186048 4405620767.888449 7321622135.843186 7393481577.214199

real	0m1.038s
user	0m1.034s
sys	0m0.003s
 
18696443068.18007 18840087100.15867 37617583432.7108 37823564976.3486

real	0m0.958s
user	0m0.955s
sys	0m0.002s
 
4.901614166865179e+18 4.912723296455448e+18 1.084442578747924e+19 1.086100449795465e+19

real	0m0.649s
user	0m0.643s
sys	0m0.005s
 
1.647418946230568e+16 1.649160037624473e+16 3.768465979697054e+16 3.771108024027194e+16

real	0m0.883s
user	0m0.871s
sys	0m0.011s
 
4.48881116501821e+17 4.490640601531962e+17 1.03730934601686e+18 1.03758774958278e+18

real	0m1.232s
user	0m1.200s
sys	0m0.027s
 
4.48881116501821e+17 4.490640601531962e+17 1.03730934601686e+18 1.03758774958278e+18

real	0m2.449s
user	0m2.416s
sys	0m0.027s
 
374124590164.9393 378323909405.297 483306890414.2386 487506209654.5964

real	0m1.049s
user	0m1.046s
sys	0m0.002s
 
8003498375443.188 8040830216224.574 11400695886549.59 11438027727330.98

real	0m0.962s
user	0m0.958s
sys	0m0.002s
 
467292080353.7709 473215316635.7608 603526514839.5372 609449751121.5272

real	0m0.955s
user	0m0.952s
sys	0m0.002s
 
22856685758006.32 23032721850853.32 32186598678896.97 32362634771743.98

real	0m0.895s
user	0m0.892s
sys	0m0.002s
