 
SCALAR_VEC
 
0.5808000000000001 0.5830000000000002 0.6270000000000002 0.6292000000000002

real	0m1.204s
user	0m1.198s
sys	0m0.004s
 
46.0284 46.03060000000001 50.20620000000001 50.2084

real	0m0.443s
user	0m0.440s
sys	0m0.003s
 
29876.5456 29876.5478 32592.58860000001 32592.59080000001

real	0m0.710s
user	0m2.005s
sys	0m0.038s
 
VEC_VEC
 
174.0387

real	0m1.521s
user	0m1.517s
sys	0m0.002s
 
9698907.663399996

real	0m0.508s
user	0m0.504s
sys	0m0.003s
 
24900423491.09201

real	0m0.671s
user	0m0.667s
sys	0m0.003s
 
24900741320632.71

real	0m0.872s
user	0m1.622s
sys	0m0.150s
 
2.490083360868967e+16

real	0m2.412s
user	0m4.750s
sys	0m0.049s
 
VEC_MAT
 
178.7929000000001 178.8030000000001 201.2149000000001 201.2250000000001

real	0m0.762s
user	0m0.758s
sys	0m0.003s
 
992.6821000000002 992.6922000000003 1117.3464 1117.3565

real	0m1.374s
user	0m2.502s
sys	0m1.324s
 
390.3932 390.4204 450.7772000000001 450.8044

real	0m1.614s
user	0m1.609s
sys	0m0.004s
 
2166.9797 2167.0069 2502.7093 2502.7365

real	0m2.739s
user	0m5.765s
sys	0m1.558s
 
157975690.7399002 164380665.8450001

real	0m0.252s
user	0m0.248s
sys	0m0.003s
 
27065907086.64726 28163538210.734

real	0m0.671s
user	0m1.050s
sys	0m0.440s
 
128614163.4402999 133441028.6953997 138267893.9505

real	0m0.300s
user	0m0.297s
sys	0m0.002s
 
17202407856.50187 17848340807.38918 18494273758.27599

real	0m0.745s
user	0m1.166s
sys	0m0.463s
 
2.2266 2.2836 2.3406 2.397600000000001

real	0m0.589s
user	0m0.585s
sys	0m0.003s
 
73.52180000000001 74.6944 86.4204 87.59300000000002

real	0m1.319s
user	0m1.316s
sys	0m0.003s
 
609.1862 615.0844000000001 774.3358000000001 780.2340000000002

real	0m1.479s
user	0m1.475s
sys	0m0.003s
 
31020069.53999998 31057579.07999998 45948866.45999996 45986376.00000001

real	0m1.256s
user	0m2.694s
sys	0m0.826s
 
3948765877.809497 3955170852.914604 5863853434.234404 5870258409.339499

real	0m0.552s
user	0m1.532s
sys	0m0.205s
 
629070346650.9426 630167977775.031 934211799147.1235 935309430271.2021

real	0m2.293s
user	0m8.566s
sys	0m0.096s
 
72549439.0166 72565446.85879999 108086848.7006 108102856.5428001

real	0m0.621s
user	0m1.774s
sys	0m0.180s
 
324096005.6180002 324108897.3359997 483218480.892 483231372.6099998

real	0m2.298s
user	0m8.629s
sys	0m0.086s
 
10829665.1294 10829701.4254 15310551.5134 15310587.8094

real	0m1.628s
user	0m5.897s
sys	0m0.058s
 
107135690886248 108233331157370.3 147748380917728.1 148846021188851.3

real	0m1.703s
user	0m5.772s
sys	0m0.065s
 
MAT_VEC
 
178.7929000000001 178.8030000000001 201.2149000000001 201.2250000000001

real	0m0.797s
user	0m0.793s
sys	0m0.003s
 
992.6821000000002 992.6922000000003 1117.3464 1117.3565

real	0m1.239s
user	0m2.256s
sys	0m1.242s
 
390.3932 390.4204 450.7772000000001 450.8044

real	0m1.220s
user	0m1.216s
sys	0m0.003s
 
2166.9797 2167.0069 2502.7093 2502.7365

real	0m1.719s
user	0m3.149s
sys	0m1.586s
 
157975690.7399002 164380665.8450001

real	0m0.294s
user	0m0.290s
sys	0m0.003s
 
27065907086.64726 28163538210.734

real	0m0.706s
user	0m1.109s
sys	0m0.445s
 
128614163.4402999 133441028.6953997 138267893.9505

real	0m0.385s
user	0m0.381s
sys	0m0.003s
 
17202407856.50187 17848340807.38918 18494273758.27599

real	0m0.773s
user	0m1.236s
sys	0m0.463s
 
2.2266 2.2836 2.3406 2.397600000000001

real	0m0.344s
user	0m0.340s
sys	0m0.003s
 
73.52180000000001 74.6944 86.4204 87.59300000000002

real	0m1.154s
user	0m1.151s
sys	0m0.002s
 
609.1862 615.0844000000001 774.3358000000001 780.2340000000002

real	0m1.228s
user	0m1.225s
sys	0m0.003s
 
31020069.53999998 31057579.07999998 45948866.45999996 45986376.00000001

real	0m1.452s
user	0m3.347s
sys	0m0.735s
 
3948765877.809497 3955170852.914604 5863853434.234404 5870258409.339499

real	0m0.980s
user	0m2.707s
sys	0m0.187s
 
629070346650.9426 630167977775.031 934211799147.1235 935309430271.2021

real	0m2.791s
user	0m10.464s
sys	0m0.096s
 
72549439.0166 72565446.85879999 108086848.7006 108102856.5428001

real	0m0.744s
user	0m2.245s
sys	0m0.192s
 
324096005.6180002 324108897.3359997 483218480.892 483231372.6099998

real	0m2.038s
user	0m7.418s
sys	0m0.083s
 
10829665.1294 10829701.4254 15310551.5134 15310587.8094

real	0m1.509s
user	0m5.559s
sys	0m0.065s
 
107135690886248 108233331157370.3 147748380917728.1 148846021188851.3

real	0m3.185s
user	0m12.211s
sys	0m0.084s
 
OUTER
 
101.277 104.346 110.4774 113.8252

real	0m1.689s
user	0m1.684s
sys	0m0.003s
 
96.84840000000001 99.04950000000002 108.045 110.446

real	0m1.677s
user	0m1.673s
sys	0m0.003s
 
94.13800000000002 95.84960000000002 106.419 108.286

real	0m1.691s
user	0m1.687s
sys	0m0.003s
 
14.5684 14.5728 16.60140000000001 16.606

real	0m0.620s
user	0m0.616s
sys	0m0.002s
 
10.164 10.2025 11.913 11.9548

real	0m1.294s
user	0m1.291s
sys	0m0.002s
 
955.9242 956.3004 1135.8438 1136.254

real	0m2.223s
user	0m5.055s
sys	0m0.899s
 
86477.05440000001 86480.57660000001 102897.9582 102901.8004

real	0m1.711s
user	0m4.888s
sys	0m0.055s
 
27312.9912 27313.3443 32486.685 32487.07

real	0m0.939s
user	0m2.707s
sys	0m0.036s
 
MAT_MAT
 
8054296.570499997 8377212.617400005 11041896.78059999 11521723.02599998

real	0m2.764s
user	0m4.458s
sys	0m2.497s
 
67005585.50399998 69693523.28640002 92209626.6390001 96222702.65399998

real	0m2.362s
user	0m3.867s
sys	0m2.316s
 
56602.02200000002 58658.48450000003 83130.86099999996 86296.01680000003

real	0m2.347s
user	0m4.249s
sys	0m2.401s
 
297546749.5919997 308581623.7314994 440770097.583 457946307.1219999

real	0m0.576s
user	0m1.426s
sys	0m0.243s
 
8054296.570499997 8144829.910200007 11426434.83180001 11521723.02599998

real	0m1.744s
user	0m2.610s
sys	0m1.177s
 
67005585.50399998 67746880.83150004 95442432.67260008 96222702.65399998

real	0m4.549s
user	0m8.519s
sys	0m0.791s
 
56602.02200000002 56765.4044 86117.12820000002 86296.01680000003

real	0m1.717s
user	0m2.455s
sys	0m1.274s
 
297546749.5919997 299613096.1240003 455678605.3310006 457946307.1219999

real	0m0.752s
user	0m1.388s
sys	0m0.148s
 
301.3441 301.7106 379.168 379.5840000000001

real	0m6.913s
user	0m13.636s
sys	0m4.749s
 
45022.4809 45027.16379999999 57025.89409999999 57031.226

real	0m1.432s
user	0m5.210s
sys	0m0.058s
 
79343.34260000002 79353.49420000002 105856.4262 105868.395

real	0m0.894s
user	0m3.227s
sys	0m0.037s
 
77470.43699999999 77485.73999999999 107948.34 107966.91

real	0m0.460s
user	0m1.627s
sys	0m0.023s
 
109.241 111.7864 142.1856 145.251

real	0m1.154s
user	0m1.150s
sys	0m0.003s
 
1739639.1343 1765026.6362 3156552.835599999 3194056.931000001

real	0m1.320s
user	0m2.959s
sys	0m0.722s
 
40128631.98950006 40455680.77900002 81101463.51099998 81608296.35000008

real	0m0.392s
user	0m1.151s
sys	0m0.093s
 
185145.8628 186726.9552 353878.6176 356259.936

real	0m1.614s
user	0m3.548s
sys	0m0.937s
 
5650057.303000003 5674398.905999999 11835110.684 11873364.25000001

real	0m0.433s
user	0m1.351s
sys	0m0.111s
 
3539227257.462 3543179262.324003 8019509498.519998 8025995052.400001

real	0m0.113s
user	0m0.405s
sys	0m0.007s
 
66219776245.92168 66260257446.05717 151986883006.3699 152053753059.55

real	0m0.149s
user	0m0.494s
sys	0m0.014s
 
166212294937.3991 166288626284.498 382568140639.0098 382694366833.2999

real	0m0.154s
user	0m0.492s
sys	0m0.019s
 
608720333715.4655 608956501509.1871 1405127495482.165 1405518727998.903

real	0m0.384s
user	0m1.336s
sys	0m0.030s
 
TRANS1
 
8054296.570499997 8377212.617400005 11041896.78059999 11521723.02599998

real	0m2.948s
user	0m4.852s
sys	0m2.743s
 
67005585.50399998 69693523.28640002 92209626.6390001 96222702.65399998

real	0m2.209s
user	0m3.892s
sys	0m2.068s
 
56602.02200000002 58658.48450000003 83130.86099999996 86296.01680000003

real	0m2.266s
user	0m3.818s
sys	0m2.449s
 
297546749.5919997 308581623.7314994 440770097.583 457946307.1219999

real	0m0.513s
user	0m1.162s
sys	0m0.229s
 
8054296.570499997 8144829.910200007 11426434.83180001 11521723.02599998

real	0m1.880s
user	0m2.927s
sys	0m1.169s
 
67005585.50399998 67746880.83150004 95442432.67260008 96222702.65399998

real	0m1.962s
user	0m3.300s
sys	0m0.814s
 
56602.02200000002 56765.4044 86117.12820000002 86296.01680000003

real	0m1.847s
user	0m2.860s
sys	0m1.193s
 
297546749.5919997 299613096.1240003 455678605.3310006 457946307.1219999

real	0m0.906s
user	0m1.709s
sys	0m0.139s
 
301.3441 301.7106 379.168 379.5840000000001

real	0m4.746s
user	0m8.195s
sys	0m4.041s
 
45022.4809 45027.16379999999 57025.89409999999 57031.226

real	0m1.403s
user	0m5.115s
sys	0m0.058s
 
79343.34260000002 79353.49420000002 105856.4262 105868.395

real	0m1.584s
user	0m4.930s
sys	0m0.036s
 
77470.43699999999 77485.73999999999 107948.34 107966.91

real	0m0.955s
user	0m2.876s
sys	0m0.023s
 
109.241 111.7864 142.1856 145.251

real	0m1.249s
user	0m1.245s
sys	0m0.003s
 
1739639.1343 1765026.6362 3156552.835599999 3194056.931000001

real	0m1.507s
user	0m3.021s
sys	0m0.872s
 
40128631.98950006 40455680.77900002 81101463.51099998 81608296.35000008

real	0m0.492s
user	0m1.460s
sys	0m0.091s
 
185145.8628 186726.9552 353878.6176 356259.936

real	0m1.459s
user	0m3.323s
sys	0m0.796s
 
5650057.303000003 5674398.905999999 11835110.684 11873364.25000001

real	0m0.621s
user	0m2.060s
sys	0m0.096s
 
3539227257.462 3543179262.324003 8019509498.519998 8025995052.400001

real	0m0.154s
user	0m0.563s
sys	0m0.007s
 
66219776245.92168 66260257446.05717 151986883006.3699 152053753059.55

real	0m0.198s
user	0m0.678s
sys	0m0.014s
 
166212294937.3991 166288626284.498 382568140639.0098 382694366833.2999

real	0m0.192s
user	0m0.608s
sys	0m0.023s
 
608720333715.4655 608956501509.1871 1405127495482.165 1405518727998.903

real	0m0.370s
user	0m1.225s
sys	0m0.032s
 
1512441.733 1524415.266 2968657.650000001 2986772.5

real	0m0.891s
user	0m2.044s
sys	0m0.503s
 
608720333715.4655 608956501509.1871 1405127495482.165 1405518727998.903

real	0m0.214s
user	0m0.642s
sys	0m0.024s
 
TRANS2
 
8054296.570499997 8377212.617400005 11041896.78059999 11521723.02599998

real	0m3.196s
user	0m5.305s
sys	0m3.486s
 
67005585.50399998 69693523.28640002 92209626.6390001 96222702.65399998

real	0m2.441s
user	0m4.547s
sys	0m2.114s
 
56602.02200000002 58658.48450000003 83130.86099999996 86296.01680000003

real	0m2.517s
user	0m4.468s
sys	0m2.478s
 
297546749.5919997 308581623.7314994 440770097.583 457946307.1219999

real	0m0.635s
user	0m1.613s
sys	0m0.245s
 
8054296.570499997 8144829.910200007 11426434.83180001 11521723.02599998

real	0m1.874s
user	0m2.941s
sys	0m1.168s
 
67005585.50399998 67746880.83150004 95442432.67260008 96222702.65399998

real	0m4.593s
user	0m8.594s
sys	0m0.794s
 
56602.02200000002 56765.4044 86117.12820000002 86296.01680000003

real	0m1.754s
user	0m2.679s
sys	0m1.172s
 
297546749.5919997 299613096.1240003 455678605.3310006 457946307.1219999

real	0m0.844s
user	0m1.588s
sys	0m0.129s
 
301.3441 301.7106 379.168 379.5840000000001

real	0m7.096s
user	0m13.995s
sys	0m4.876s
 
45022.4809 45027.16379999999 57025.89409999999 57031.226

real	0m1.459s
user	0m5.364s
sys	0m0.057s
 
79343.34260000002 79353.49420000002 105856.4262 105868.395

real	0m0.993s
user	0m3.646s
sys	0m0.040s
 
77470.43699999999 77485.73999999999 107948.34 107966.91

real	0m0.420s
user	0m1.508s
sys	0m0.022s
 
109.241 111.7864 142.1856 145.251

real	0m1.074s
user	0m1.070s
sys	0m0.003s
 
1739639.1343 1765026.6362 3156552.835599999 3194056.931000001

real	0m1.589s
user	0m3.285s
sys	0m0.941s
 
40128631.98950006 40455680.77900002 81101463.51099998 81608296.35000008

real	0m0.475s
user	0m1.464s
sys	0m0.096s
 
185145.8628 186726.9552 353878.6176 356259.936

real	0m1.437s
user	0m3.181s
sys	0m0.850s
 
5650057.303000003 5674398.905999999 11835110.684 11873364.25000001

real	0m0.507s
user	0m1.735s
sys	0m0.094s
 
3539227257.462 3543179262.324003 8019509498.519998 8025995052.400001

real	0m0.151s
user	0m0.548s
sys	0m0.007s
 
66219776245.92168 66260257446.05717 151986883006.3699 152053753059.55

real	0m0.187s
user	0m0.629s
sys	0m0.015s
 
166212294937.3991 166288626284.498 382568140639.0098 382694366833.2999

real	0m0.201s
user	0m0.644s
sys	0m0.024s
 
608720333715.4655 608956501509.1871 1405127495482.165 1405518727998.903

real	0m0.401s
user	0m1.332s
sys	0m0.033s
 
1512441.733 1524415.266 2968657.650000001 2986772.5

real	0m1.043s
user	0m2.377s
sys	0m0.652s
 
608720333715.4655 608956501509.1871 1405127495482.165 1405518727998.903

real	0m0.236s
user	0m0.728s
sys	0m0.020s
 
TRANS12
 
8054296.570499997 8377212.617400005 11041896.78059999 11521723.02599998

real	0m3.062s
user	0m5.077s
sys	0m3.075s
 
67005585.50399998 69693523.28640002 92209626.6390001 96222702.65399998

real	0m2.451s
user	0m4.553s
sys	0m2.088s
 
56602.02200000002 58658.48450000003 83130.86099999996 86296.01680000003

real	0m2.345s
user	0m3.720s
sys	0m2.290s
 
297546749.5919997 308581623.7314994 440770097.583 457946307.1219999

real	0m0.487s
user	0m1.121s
sys	0m0.233s
 
8054296.570499997 8144829.910200007 11426434.83180001 11521723.02599998

real	0m1.606s
user	0m2.503s
sys	0m1.064s
 
67005585.50399998 67746880.83150004 95442432.67260008 96222702.65399998

real	0m1.762s
user	0m2.775s
sys	0m0.856s
 
56602.02200000002 56765.4044 86117.12820000002 86296.01680000003

real	0m2.617s
user	0m4.098s
sys	0m1.400s
 
297546749.5919997 299613096.1240003 455678605.3310006 457946307.1219999

real	0m1.256s
user	0m2.404s
sys	0m0.131s
 
301.3441 301.7106 379.168 379.5840000000001

real	0m7.448s
user	0m14.740s
sys	0m4.798s
 
45022.4809 45027.16379999999 57025.89409999999 57031.226

real	0m1.833s
user	0m6.880s
sys	0m0.056s
 
79343.34260000002 79353.49420000002 105856.4262 105868.395

real	0m1.206s
user	0m4.527s
sys	0m0.038s
 
77470.43699999999 77485.73999999999 107948.34 107966.91

real	0m0.629s
user	0m2.295s
sys	0m0.026s
 
109.241 111.7864 142.1856 145.251

real	0m1.158s
user	0m1.154s
sys	0m0.003s
 
1739639.1343 1765026.6362 3156552.835599999 3194056.931000001

real	0m1.550s
user	0m3.082s
sys	0m0.882s
 
40128631.98950006 40455680.77900002 81101463.51099998 81608296.35000008

real	0m0.477s
user	0m1.510s
sys	0m0.092s
 
185145.8628 186726.9552 353878.6176 356259.936

real	0m1.411s
user	0m3.142s
sys	0m0.872s
 
5650057.303000003 5674398.905999999 11835110.684 11873364.25000001

real	0m0.473s
user	0m1.603s
sys	0m0.092s
 
3539227257.462 3543179262.324003 8019509498.519998 8025995052.400001

real	0m0.130s
user	0m0.459s
sys	0m0.007s
 
66219776245.92168 66260257446.05717 151986883006.3699 152053753059.55

real	0m0.172s
user	0m0.547s
sys	0m0.015s
 
166212294937.3991 166288626284.498 382568140639.0098 382694366833.2999

real	0m0.176s
user	0m0.507s
sys	0m0.020s
 
608720333715.4655 608956501509.1871 1405127495482.165 1405518727998.903

real	0m0.432s
user	0m1.388s
sys	0m0.031s
 
SPECIAL
 
0.04840000000000001

real	0m0.962s
user	0m0.957s
sys	0m0.003s
 
0.04840000000000001

real	0m1.071s
user	0m1.067s
sys	0m0.003s
 
0.04840000000000001

real	0m0.832s
user	0m0.828s
sys	0m0.002s
 
53.79660000000001 53.79880000000001 58.68060000000001 58.68280000000001

real	0m1.271s
user	0m1.267s
sys	0m0.003s
 
53.79660000000001 53.79880000000001 58.68060000000001 58.68280000000001

real	0m1.280s
user	0m1.276s
sys	0m0.003s
 
9698907.663399996

real	0m0.509s
user	0m0.505s
sys	0m0.003s
 
9698907.663399996

real	0m0.510s
user	0m0.507s
sys	0m0.002s
 
0.04840000000000001

real	0m1.781s
user	0m1.777s
sys	0m0.003s
 
53.79660000000001 53.79880000000001 58.68060000000001 58.68280000000001

real	0m1.291s
user	0m1.288s
sys	0m0.003s
 
53.79660000000001 53.79880000000001 58.68060000000001 58.68280000000001

real	0m1.312s
user	0m1.309s
sys	0m0.003s
 
9698907.663399996

real	0m0.522s
user	0m0.519s
sys	0m0.002s
 
3948765877.809497 3955170852.914604 5863853434.234404 5870258409.339499

real	0m1.252s
user	0m2.425s
sys	0m0.085s
 
3948765877.809497 3955170852.914604 5863853434.234404 5870258409.339499

real	0m0.403s
user	0m1.126s
sys	0m0.151s
 
0.04840000000000001

real	0m1.628s
user	0m1.624s
sys	0m0.003s
 
53.79660000000001 53.79880000000001 58.68060000000001 58.68280000000001

real	0m1.306s
user	0m1.302s
sys	0m0.003s
 
53.79660000000001 53.79880000000001 58.68060000000001 58.68280000000001

real	0m1.301s
user	0m1.296s
sys	0m0.003s
 
9698907.663399996

real	0m0.520s
user	0m0.517s
sys	0m0.002s
 
3948765877.809497 3955170852.914604 5863853434.234404 5870258409.339499

real	0m1.022s
user	0m1.958s
sys	0m0.091s
 
3948765877.809497 3955170852.914604 5863853434.234404 5870258409.339499

real	0m0.421s
user	0m1.171s
sys	0m0.157s
 
0.04840000000000001

real	0m1.661s
user	0m1.656s
sys	0m0.003s
 
53.79660000000001 53.79880000000001 58.68060000000001 58.68280000000001

real	0m1.297s
user	0m1.292s
sys	0m0.004s
 
53.79660000000001 53.79880000000001 58.68060000000001 58.68280000000001

real	0m1.311s
user	0m1.306s
sys	0m0.003s
 
9698907.663399996

real	0m0.518s
user	0m0.514s
sys	0m0.003s
 
3948765877.809497 3955170852.914604 5863853434.234404 5870258409.339499

real	0m1.276s
user	0m2.462s
sys	0m0.096s
 
3948765877.809497 3955170852.914604 5863853434.234404 5870258409.339499

real	0m0.740s
user	0m2.013s
sys	0m0.135s
 
0.04840000000000001

real	0m1.650s
user	0m1.645s
sys	0m0.003s
 
53.79660000000001 53.79880000000001 58.68060000000001 58.68280000000001

real	0m1.291s
user	0m1.287s
sys	0m0.003s
 
53.79660000000001 53.79880000000001 58.68060000000001 58.68280000000001

real	0m1.299s
user	0m1.295s
sys	0m0.003s
 
9698907.663399996

real	0m0.518s
user	0m0.514s
sys	0m0.003s
 
3948765877.809497 3955170852.914604 5863853434.234404 5870258409.339499

real	0m1.057s
user	0m2.025s
sys	0m0.096s
 
3948765877.809497 3955170852.914604 5863853434.234404 5870258409.339499

real	0m0.767s
user	0m2.083s
sys	0m0.155s
 
3037.1121 3037.6632 3611.409 3612.01

real	0m2.534s
user	0m8.742s
sys	0m0.282s
 
3037.1121 3037.6632 3611.409 3612.01

real	0m2.570s
user	0m8.926s
sys	0m0.290s
 
3037.1121 3037.6632 3611.409 3612.01

real	0m2.162s
user	0m7.370s
sys	0m0.274s
 
3037.1121 3037.6632 3611.409 3612.01

real	0m2.450s
user	0m8.540s
sys	0m0.297s
 
SEQUENCE
 
37624.35618 38872.44188 52954.76458 54712.31628

real	0m1.934s
user	0m3.145s
sys	0m1.797s
 
4350478614.186048 4405620767.888449 7321622135.843186 7393481577.214199

real	0m2.940s
user	0m4.930s
sys	0m3.191s
 
48832437279.8918 49241016265.74157 88512227219.28583 89040617812.03206

real	0m0.883s
user	0m3.021s
sys	0m0.173s
 
18696443068.18007 18840087100.15867 37617583432.7108 37823564976.3486

real	0m0.322s
user	0m1.059s
sys	0m0.054s
 
4.901614166865179e+18 4.912723296455448e+18 1.084442578747924e+19 1.086100449795465e+19

real	0m0.153s
user	0m0.553s
sys	0m0.007s
 
1.647418946230568e+16 1.649160037624473e+16 3.768465979697054e+16 3.771108024027194e+16

real	0m0.237s
user	0m0.865s
sys	0m0.010s
 
4.48881116501821e+17 4.490640601531962e+17 1.03730934601686e+18 1.03758774958278e+18

real	0m0.192s
user	0m0.622s
sys	0m0.023s
 
4.48881116501821e+17 4.490640601531962e+17 1.03730934601686e+18 1.03758774958278e+18

real	0m0.346s
user	0m1.175s
sys	0m0.025s
 
4.48881116501821e+17 4.490640601531962e+17 1.03730934601686e+18 1.03758774958278e+18

real	0m0.344s
user	0m1.152s
sys	0m0.023s
 
8.382424294553979e+29 8.385850640122295e+29 1.937388035390321e+30 1.93790724339292e+30

real	0m0.207s
user	0m0.668s
sys	0m0.026s
 
8.382424294553979e+29 8.385850640122295e+29 1.937388035390321e+30 1.93790724339292e+30

real	0m0.224s
user	0m0.662s
sys	0m0.030s
 
8.382424294553979e+29 8.385850640122295e+29 1.937388035390321e+30 1.93790724339292e+30

real	0m0.224s
user	0m0.660s
sys	0m0.029s
 
8.382424294553979e+29 8.385850640122295e+29 1.937388035390321e+30 1.93790724339292e+30

real	0m0.227s
user	0m0.667s
sys	0m0.028s
 
8.382424294553979e+29 8.385850640122295e+29 1.937388035390321e+30 1.93790724339292e+30

real	0m0.212s
user	0m0.624s
sys	0m0.026s
 
8.382424294553979e+29 8.385850640122295e+29 1.937388035390321e+30 1.93790724339292e+30

real	0m0.214s
user	0m0.631s
sys	0m0.024s
 
374124590164.9393 378323909405.297 483306890414.2386 487506209654.5964

real	0m3.164s
user	0m5.106s
sys	0m3.302s
 
8003498375443.188 8040830216224.574 11400695886549.59 11438027727330.98

real	0m0.335s
user	0m1.084s
sys	0m0.050s
 
467292080353.7709 473215316635.7608 603526514839.5372 609449751121.5272

real	0m0.781s
user	0m0.777s
sys	0m0.003s
 
22856685758006.32 23032721850853.32 32186598678896.97 32362634771743.98

real	0m0.755s
user	0m0.751s
sys	0m0.003s
