 
SCALAR_VEC
 
0.5808000000000001 0.5830000000000002 0.6270000000000002 0.6292000000000002

real	0m1.134s
user	0m1.129s
sys	0m0.002s
 
46.0284 46.03060000000001 50.20620000000001 50.2084

real	0m0.492s
user	0m0.488s
sys	0m0.003s
 
29876.5456 29876.5478 32592.58860000001 32592.59080000001

real	0m0.919s
user	0m2.643s
sys	0m0.031s
 
VEC_VEC
 
174.0387

real	0m1.521s
user	0m1.516s
sys	0m0.003s
 
9698907.663399996

real	0m0.507s
user	0m0.504s
sys	0m0.002s
 
24900423491.09201

real	0m0.671s
user	0m0.667s
sys	0m0.002s
 
24900741320632.71

real	0m0.761s
user	0m1.445s
sys	0m0.130s
 
2.490083360868967e+16

real	0m2.302s
user	0m4.534s
sys	0m0.050s
 
VEC_MAT
 
178.7929000000001 178.8030000000001 201.2149000000001 201.2250000000001

real	0m0.830s
user	0m0.826s
sys	0m0.002s
 
992.6821000000002 992.6922000000003 1117.3464 1117.3565

real	0m1.372s
user	0m2.400s
sys	0m0.976s
 
390.3932 390.4204 450.7772000000001 450.8044

real	0m1.629s
user	0m1.624s
sys	0m0.003s
 
2166.9797 2167.0069 2502.7093 2502.7365

real	0m2.059s
user	0m3.686s
sys	0m0.893s
 
157975690.7399002 164380665.8450001

real	0m0.252s
user	0m0.248s
sys	0m0.002s
 
27065907086.64726 28163538210.734

real	0m0.672s
user	0m1.018s
sys	0m0.567s
 
128614163.4402999 133441028.6953997 138267893.9505

real	0m0.303s
user	0m0.299s
sys	0m0.002s
 
17202407856.50187 17848340807.38918 18494273758.27599

real	0m0.698s
user	0m1.116s
sys	0m0.521s
 
2.2266 2.2836 2.3406 2.397600000000001

real	0m0.607s
user	0m0.603s
sys	0m0.003s
 
73.52180000000001 74.6944 86.4204 87.59300000000002

real	0m1.350s
user	0m1.345s
sys	0m0.004s
 
609.1862 615.0844000000001 774.3358000000001 780.2340000000002

real	0m1.458s
user	0m1.454s
sys	0m0.003s
 
31020069.53999998 31057579.07999998 45948866.45999996 45986376.00000001

real	0m1.066s
user	0m2.149s
sys	0m0.551s
 
3948765877.809497 3955170852.914604 5863853434.234404 5870258409.339499

real	0m0.549s
user	0m1.369s
sys	0m0.124s
 
629070346650.9426 630167977775.031 934211799147.1235 935309430271.2021

real	0m2.161s
user	0m5.837s
sys	0m0.065s
 
72549439.0166 72565446.85879999 108086848.7006 108102856.5428001

real	0m0.641s
user	0m1.595s
sys	0m0.120s
 
324096005.6180002 324108897.3359997 483218480.892 483231372.6099998

real	0m2.471s
user	0m6.995s
sys	0m0.062s
 
10829665.1294 10829701.4254 15310551.5134 15310587.8094

real	0m2.053s
user	0m5.556s
sys	0m0.054s
 
107135690886248 108233331157370.3 147748380917728.1 148846021188851.3

real	0m1.987s
user	0m5.210s
sys	0m0.054s
 
MAT_VEC
 
178.7929000000001 178.8030000000001 201.2149000000001 201.2250000000001

real	0m0.785s
user	0m0.781s
sys	0m0.002s
 
992.6821000000002 992.6922000000003 1117.3464 1117.3565

real	0m1.313s
user	0m2.401s
sys	0m0.893s
 
390.3932 390.4204 450.7772000000001 450.8044

real	0m1.201s
user	0m1.197s
sys	0m0.003s
 
2166.9797 2167.0069 2502.7093 2502.7365

real	0m1.118s
user	0m2.022s
sys	0m0.768s
 
157975690.7399002 164380665.8450001

real	0m0.292s
user	0m0.288s
sys	0m0.003s
 
27065907086.64726 28163538210.734

real	0m0.626s
user	0m1.027s
sys	0m0.467s
 
128614163.4402999 133441028.6953997 138267893.9505

real	0m0.382s
user	0m0.378s
sys	0m0.003s
 
17202407856.50187 17848340807.38918 18494273758.27599

real	0m0.687s
user	0m1.133s
sys	0m0.501s
 
2.2266 2.2836 2.3406 2.397600000000001

real	0m0.366s
user	0m0.363s
sys	0m0.002s
 
73.52180000000001 74.6944 86.4204 87.59300000000002

real	0m1.269s
user	0m1.265s
sys	0m0.002s
 
609.1862 615.0844000000001 774.3358000000001 780.2340000000002

real	0m1.314s
user	0m1.309s
sys	0m0.003s
 
31020069.53999998 31057579.07999998 45948866.45999996 45986376.00000001

real	0m1.910s
user	0m4.029s
sys	0m0.560s
 
3948765877.809497 3955170852.914604 5863853434.234404 5870258409.339499

real	0m1.407s
user	0m3.455s
sys	0m0.119s
 
629070346650.9426 630167977775.031 934211799147.1235 935309430271.2021

real	0m2.609s
user	0m7.237s
sys	0m0.065s
 
72549439.0166 72565446.85879999 108086848.7006 108102856.5428001

real	0m0.857s
user	0m2.173s
sys	0m0.131s
 
324096005.6180002 324108897.3359997 483218480.892 483231372.6099998

real	0m2.316s
user	0m6.403s
sys	0m0.067s
 
10829665.1294 10829701.4254 15310551.5134 15310587.8094

real	0m1.400s
user	0m3.822s
sys	0m0.048s
 
107135690886248 108233331157370.3 147748380917728.1 148846021188851.3

real	0m3.124s
user	0m6.155s
sys	0m0.048s
 
OUTER
 
101.277 104.346 110.4774 113.8252

real	0m2.119s
user	0m2.113s
sys	0m0.004s
 
96.84840000000001 99.04950000000002 108.045 110.446

real	0m1.669s
user	0m1.663s
sys	0m0.004s
 
94.13800000000002 95.84960000000002 106.419 108.286

real	0m1.740s
user	0m1.736s
sys	0m0.003s
 
14.5684 14.5728 16.60140000000001 16.606

real	0m0.647s
user	0m0.643s
sys	0m0.003s
 
10.164 10.2025 11.913 11.9548

real	0m1.202s
user	0m1.198s
sys	0m0.003s
 
955.9242 956.3004 1135.8438 1136.254

real	0m4.036s
user	0m10.683s
sys	0m0.719s
 
86477.05440000001 86480.57660000001 102897.9582 102901.8004

real	0m1.721s
user	0m4.961s
sys	0m0.052s
 
27312.9912 27313.3443 32486.685 32487.07

real	0m1.049s
user	0m3.041s
sys	0m0.031s
 
MAT_MAT
 
8054296.570499997 8377212.617400005 11041896.78059999 11521723.02599998

real	0m1.696s
user	0m2.474s
sys	0m1.238s
 
67005585.50399998 69693523.28640002 92209626.6390001 96222702.65399998

real	0m1.328s
user	0m2.157s
sys	0m0.798s
 
56602.02200000002 58658.48450000003 83130.86099999996 86296.01680000003

real	0m1.850s
user	0m2.866s
sys	0m1.501s
 
297546749.5919997 308581623.7314994 440770097.583 457946307.1219999

real	0m0.552s
user	0m1.223s
sys	0m0.171s
 
8054296.570499997 8144829.910200007 11426434.83180001 11521723.02599998

real	0m3.797s
user	0m6.573s
sys	0m1.661s
 
67005585.50399998 67746880.83150004 95442432.67260008 96222702.65399998

real	0m3.853s
user	0m7.186s
sys	0m0.940s
 
56602.02200000002 56765.4044 86117.12820000002 86296.01680000003

real	0m1.648s
user	0m2.349s
sys	0m1.462s
 
297546749.5919997 299613096.1240003 455678605.3310006 457946307.1219999

real	0m0.642s
user	0m1.210s
sys	0m0.130s
 
301.3441 301.7106 379.168 379.5840000000001

real	0m4.721s
user	0m9.323s
sys	0m2.841s
 
45022.4809 45027.16379999999 57025.89409999999 57031.226

real	0m1.346s
user	0m3.690s
sys	0m0.046s
 
79343.34260000002 79353.49420000002 105856.4262 105868.395

real	0m0.722s
user	0m2.034s
sys	0m0.027s
 
77470.43699999999 77485.73999999999 107948.34 107966.91

real	0m0.353s
user	0m0.990s
sys	0m0.017s
 
109.241 111.7864 142.1856 145.251

real	0m1.109s
user	0m1.104s
sys	0m0.003s
 
1739639.1343 1765026.6362 3156552.835599999 3194056.931000001

real	0m1.518s
user	0m2.757s
sys	0m0.765s
 
40128631.98950006 40455680.77900002 81101463.51099998 81608296.35000008

real	0m0.417s
user	0m1.069s
sys	0m0.065s
 
185145.8628 186726.9552 353878.6176 356259.936

real	0m1.332s
user	0m2.720s
sys	0m0.568s
 
5650057.303000003 5674398.905999999 11835110.684 11873364.25000001

real	0m0.476s
user	0m1.244s
sys	0m0.061s
 
3539227257.462 3543179262.324003 8019509498.519998 8025995052.400001

real	0m0.141s
user	0m0.394s
sys	0m0.006s
 
66219776245.92168 66260257446.05717 151986883006.3699 152053753059.55

real	0m0.188s
user	0m0.495s
sys	0m0.014s
 
166212294937.3991 166288626284.498 382568140639.0098 382694366833.2999

real	0m0.191s
user	0m0.472s
sys	0m0.020s
 
608720333715.4655 608956501509.1871 1405127495482.165 1405518727998.903

real	0m0.480s
user	0m1.299s
sys	0m0.029s
 
TRANS1
 
8054296.570499997 8377212.617400005 11041896.78059999 11521723.02599998

real	0m1.645s
user	0m2.482s
sys	0m1.165s
 
67005585.50399998 69693523.28640002 92209626.6390001 96222702.65399998

real	0m1.184s
user	0m2.044s
sys	0m0.667s
 
56602.02200000002 58658.48450000003 83130.86099999996 86296.01680000003

real	0m1.532s
user	0m2.369s
sys	0m1.251s
 
297546749.5919997 308581623.7314994 440770097.583 457946307.1219999

real	0m0.411s
user	0m0.946s
sys	0m0.130s
 
8054296.570499997 8144829.910200007 11426434.83180001 11521723.02599998

real	0m1.769s
user	0m2.778s
sys	0m1.355s
 
67005585.50399998 67746880.83150004 95442432.67260008 96222702.65399998

real	0m1.788s
user	0m2.960s
sys	0m1.022s
 
56602.02200000002 56765.4044 86117.12820000002 86296.01680000003

real	0m1.715s
user	0m2.597s
sys	0m1.440s
 
297546749.5919997 299613096.1240003 455678605.3310006 457946307.1219999

real	0m0.811s
user	0m1.542s
sys	0m0.139s
 
301.3441 301.7106 379.168 379.5840000000001

real	0m4.541s
user	0m8.433s
sys	0m3.266s
 
45022.4809 45027.16379999999 57025.89409999999 57031.226

real	0m1.352s
user	0m3.719s
sys	0m0.045s
 
79343.34260000002 79353.49420000002 105856.4262 105868.395

real	0m0.783s
user	0m2.212s
sys	0m0.026s
 
77470.43699999999 77485.73999999999 107948.34 107966.91

real	0m0.388s
user	0m1.093s
sys	0m0.018s
 
109.241 111.7864 142.1856 145.251

real	0m1.190s
user	0m1.186s
sys	0m0.003s
 
1739639.1343 1765026.6362 3156552.835599999 3194056.931000001

real	0m1.328s
user	0m2.446s
sys	0m0.587s
 
40128631.98950006 40455680.77900002 81101463.51099998 81608296.35000008

real	0m0.517s
user	0m1.346s
sys	0m0.061s
 
185145.8628 186726.9552 353878.6176 356259.936

real	0m1.345s
user	0m2.659s
sys	0m0.627s
 
5650057.303000003 5674398.905999999 11835110.684 11873364.25000001

real	0m0.639s
user	0m1.681s
sys	0m0.048s
 
3539227257.462 3543179262.324003 8019509498.519998 8025995052.400001

real	0m0.195s
user	0m0.554s
sys	0m0.006s
 
66219776245.92168 66260257446.05717 151986883006.3699 152053753059.55

real	0m0.248s
user	0m0.662s
sys	0m0.014s
 
166212294937.3991 166288626284.498 382568140639.0098 382694366833.2999

real	0m0.236s
user	0m0.594s
sys	0m0.018s
 
608720333715.4655 608956501509.1871 1405127495482.165 1405518727998.903

real	0m0.462s
user	0m1.200s
sys	0m0.030s
 
1512441.733 1524415.266 2968657.650000001 2986772.5

real	0m1.198s
user	0m2.156s
sys	0m0.354s
 
608720333715.4655 608956501509.1871 1405127495482.165 1405518727998.903

real	0m0.638s
user	0m1.190s
sys	0m0.023s
 
TRANS2
 
8054296.570499997 8377212.617400005 11041896.78059999 11521723.02599998

real	0m1.820s
user	0m3.019s
sys	0m1.171s
 
67005585.50399998 69693523.28640002 92209626.6390001 96222702.65399998

real	0m1.558s
user	0m2.851s
sys	0m0.714s
 
56602.02200000002 58658.48450000003 83130.86099999996 86296.01680000003

real	0m1.962s
user	0m3.134s
sys	0m1.631s
 
297546749.5919997 308581623.7314994 440770097.583 457946307.1219999

real	0m0.651s
user	0m1.521s
sys	0m0.142s
 
8054296.570499997 8144829.910200007 11426434.83180001 11521723.02599998

real	0m3.931s
user	0m6.959s
sys	0m1.555s
 
67005585.50399998 67746880.83150004 95442432.67260008 96222702.65399998

real	0m3.538s
user	0m6.596s
sys	0m0.893s
 
56602.02200000002 56765.4044 86117.12820000002 86296.01680000003

real	0m1.719s
user	0m2.631s
sys	0m1.424s
 
297546749.5919997 299613096.1240003 455678605.3310006 457946307.1219999

real	0m0.869s
user	0m1.657s
sys	0m0.148s
 
301.3441 301.7106 379.168 379.5840000000001

real	0m4.130s
user	0m7.473s
sys	0m2.976s
 
45022.4809 45027.16379999999 57025.89409999999 57031.226

real	0m1.509s
user	0m4.096s
sys	0m0.049s
 
79343.34260000002 79353.49420000002 105856.4262 105868.395

real	0m0.982s
user	0m2.689s
sys	0m0.032s
 
77470.43699999999 77485.73999999999 107948.34 107966.91

real	0m0.385s
user	0m1.083s
sys	0m0.019s
 
109.241 111.7864 142.1856 145.251

real	0m1.141s
user	0m1.137s
sys	0m0.003s
 
1739639.1343 1765026.6362 3156552.835599999 3194056.931000001

real	0m1.350s
user	0m2.591s
sys	0m0.572s
 
40128631.98950006 40455680.77900002 81101463.51099998 81608296.35000008

real	0m0.526s
user	0m1.383s
sys	0m0.055s
 
185145.8628 186726.9552 353878.6176 356259.936

real	0m1.325s
user	0m2.746s
sys	0m0.594s
 
5650057.303000003 5674398.905999999 11835110.684 11873364.25000001

real	0m0.628s
user	0m1.677s
sys	0m0.059s
 
3539227257.462 3543179262.324003 8019509498.519998 8025995052.400001

real	0m0.188s
user	0m0.533s
sys	0m0.006s
 
66219776245.92168 66260257446.05717 151986883006.3699 152053753059.55

real	0m0.238s
user	0m0.628s
sys	0m0.014s
 
166212294937.3991 166288626284.498 382568140639.0098 382694366833.2999

real	0m0.246s
user	0m0.620s
sys	0m0.019s
 
608720333715.4655 608956501509.1871 1405127495482.165 1405518727998.903

real	0m0.476s
user	0m1.236s
sys	0m0.030s
 
1512441.733 1524415.266 2968657.650000001 2986772.5

real	0m0.690s
user	0m1.838s
sys	0m0.149s
 
608720333715.4655 608956501509.1871 1405127495482.165 1405518727998.903

real	0m0.395s
user	0m1.037s
sys	0m0.022s
 
TRANS12
 
8054296.570499997 8377212.617400005 11041896.78059999 11521723.02599998

real	0m1.642s
user	0m2.544s
sys	0m1.320s
 
67005585.50399998 69693523.28640002 92209626.6390001 96222702.65399998

real	0m1.335s
user	0m2.333s
sys	0m0.780s
 
56602.02200000002 58658.48450000003 83130.86099999996 86296.01680000003

real	0m1.632s
user	0m2.635s
sys	0m1.325s
 
297546749.5919997 308581623.7314994 440770097.583 457946307.1219999

real	0m0.385s
user	0m0.884s
sys	0m0.138s
 
8054296.570499997 8144829.910200007 11426434.83180001 11521723.02599998

real	0m1.794s
user	0m2.784s
sys	0m1.382s
 
67005585.50399998 67746880.83150004 95442432.67260008 96222702.65399998

real	0m1.803s
user	0m2.997s
sys	0m0.961s
 
56602.02200000002 56765.4044 86117.12820000002 86296.01680000003

real	0m1.904s
user	0m3.106s
sys	0m1.332s
 
297546749.5919997 299613096.1240003 455678605.3310006 457946307.1219999

real	0m1.082s
user	0m2.079s
sys	0m0.145s
 
301.3441 301.7106 379.168 379.5840000000001

real	0m6.266s
user	0m13.765s
sys	0m2.787s
 
45022.4809 45027.16379999999 57025.89409999999 57031.226

real	0m1.786s
user	0m4.976s
sys	0m0.041s
 
79343.34260000002 79353.49420000002 105856.4262 105868.395

real	0m1.236s
user	0m3.400s
sys	0m0.028s
 
77470.43699999999 77485.73999999999 107948.34 107966.91

real	0m0.861s
user	0m2.508s
sys	0m0.019s
 
109.241 111.7864 142.1856 145.251

real	0m1.147s
user	0m1.143s
sys	0m0.002s
 
1739639.1343 1765026.6362 3156552.835599999 3194056.931000001

real	0m1.253s
user	0m2.537s
sys	0m0.543s
 
40128631.98950006 40455680.77900002 81101463.51099998 81608296.35000008

real	0m0.487s
user	0m1.329s
sys	0m0.057s
 
185145.8628 186726.9552 353878.6176 356259.936

real	0m1.249s
user	0m2.550s
sys	0m0.581s
 
5650057.303000003 5674398.905999999 11835110.684 11873364.25000001

real	0m0.560s
user	0m1.501s
sys	0m0.060s
 
3539227257.462 3543179262.324003 8019509498.519998 8025995052.400001

real	0m0.160s
user	0m0.445s
sys	0m0.006s
 
66219776245.92168 66260257446.05717 151986883006.3699 152053753059.55

real	0m0.220s
user	0m0.558s
sys	0m0.014s
 
166212294937.3991 166288626284.498 382568140639.0098 382694366833.2999

real	0m0.220s
user	0m0.512s
sys	0m0.019s
 
608720333715.4655 608956501509.1871 1405127495482.165 1405518727998.903

real	0m0.533s
user	0m1.345s
sys	0m0.035s
 
SPECIAL
 
0.04840000000000001

real	0m0.972s
user	0m0.968s
sys	0m0.002s
 
0.04840000000000001

real	0m1.100s
user	0m1.097s
sys	0m0.002s
 
0.04840000000000001

real	0m0.865s
user	0m0.861s
sys	0m0.003s
 
53.79660000000001 53.79880000000001 58.68060000000001 58.68280000000001

real	0m1.287s
user	0m1.284s
sys	0m0.003s
 
53.79660000000001 53.79880000000001 58.68060000000001 58.68280000000001

real	0m1.284s
user	0m1.281s
sys	0m0.002s
 
9698907.663399996

real	0m0.508s
user	0m0.505s
sys	0m0.002s
 
9698907.663399996

real	0m0.510s
user	0m0.507s
sys	0m0.002s
 
0.04840000000000001

real	0m1.824s
user	0m1.820s
sys	0m0.003s
 
53.79660000000001 53.79880000000001 58.68060000000001 58.68280000000001

real	0m1.318s
user	0m1.315s
sys	0m0.003s
 
53.79660000000001 53.79880000000001 58.68060000000001 58.68280000000001

real	0m1.326s
user	0m1.323s
sys	0m0.002s
 
9698907.663399996

real	0m0.522s
user	0m0.518s
sys	0m0.002s
 
3948765877.809497 3955170852.914604 5863853434.234404 5870258409.339499

real	0m1.173s
user	0m2.284s
sys	0m0.087s
 
3948765877.809497 3955170852.914604 5863853434.234404 5870258409.339499

real	0m0.405s
user	0m1.023s
sys	0m0.088s
 
0.04840000000000001

real	0m1.735s
user	0m1.731s
sys	0m0.003s
 
53.79660000000001 53.79880000000001 58.68060000000001 58.68280000000001

real	0m1.294s
user	0m1.290s
sys	0m0.003s
 
53.79660000000001 53.79880000000001 58.68060000000001 58.68280000000001

real	0m1.305s
user	0m1.301s
sys	0m0.003s
 
9698907.663399996

real	0m0.521s
user	0m0.518s
sys	0m0.002s
 
3948765877.809497 3955170852.914604 5863853434.234404 5870258409.339499

real	0m0.984s
user	0m1.908s
sys	0m0.081s
 
3948765877.809497 3955170852.914604 5863853434.234404 5870258409.339499

real	0m0.412s
user	0m1.026s
sys	0m0.091s
 
0.04840000000000001

real	0m1.715s
user	0m1.710s
sys	0m0.004s
 
53.79660000000001 53.79880000000001 58.68060000000001 58.68280000000001

real	0m1.302s
user	0m1.298s
sys	0m0.003s
 
53.79660000000001 53.79880000000001 58.68060000000001 58.68280000000001

real	0m1.309s
user	0m1.305s
sys	0m0.003s
 
9698907.663399996

real	0m0.519s
user	0m0.516s
sys	0m0.002s
 
3948765877.809497 3955170852.914604 5863853434.234404 5870258409.339499

real	0m1.172s
user	0m2.283s
sys	0m0.087s
 
3948765877.809497 3955170852.914604 5863853434.234404 5870258409.339499

real	0m1.082s
user	0m2.667s
sys	0m0.097s
 
0.04840000000000001

real	0m1.722s
user	0m1.718s
sys	0m0.003s
 
53.79660000000001 53.79880000000001 58.68060000000001 58.68280000000001

real	0m1.306s
user	0m1.301s
sys	0m0.003s
 
53.79660000000001 53.79880000000001 58.68060000000001 58.68280000000001

real	0m1.321s
user	0m1.318s
sys	0m0.003s
 
9698907.663399996

real	0m0.519s
user	0m0.516s
sys	0m0.002s
 
3948765877.809497 3955170852.914604 5863853434.234404 5870258409.339499

real	0m0.989s
user	0m1.915s
sys	0m0.087s
 
3948765877.809497 3955170852.914604 5863853434.234404 5870258409.339499

real	0m1.038s
user	0m2.468s
sys	0m0.086s
 
3037.1121 3037.6632 3611.409 3612.01

real	0m2.208s
user	0m6.165s
sys	0m0.206s
 
3037.1121 3037.6632 3611.409 3612.01

real	0m1.064s
user	0m2.839s
sys	0m0.142s
 
3037.1121 3037.6632 3611.409 3612.01

real	0m1.320s
user	0m3.584s
sys	0m0.173s
 
3037.1121 3037.6632 3611.409 3612.01

real	0m0.595s
user	0m1.465s
sys	0m0.147s
 
SEQUENCE
 
37624.35618 38872.44188 52954.76458 54712.31628

real	0m1.371s
user	0m2.021s
sys	0m1.029s
 
4350478614.186048 4405620767.888449 7321622135.843186 7393481577.214199

real	0m1.306s
user	0m2.356s
sys	0m0.935s
 
48832437279.8918 49241016265.74157 88512227219.28583 89040617812.03206

real	0m0.921s
user	0m2.696s
sys	0m0.034s
 
18696443068.18007 18840087100.15867 37617583432.7108 37823564976.3486

real	0m0.363s
user	0m0.971s
sys	0m0.033s
 
4.901614166865179e+18 4.912723296455448e+18 1.084442578747924e+19 1.086100449795465e+19

real	0m0.182s
user	0m0.515s
sys	0m0.006s
 
1.647418946230568e+16 1.649160037624473e+16 3.768465979697054e+16 3.771108024027194e+16

real	0m0.286s
user	0m0.807s
sys	0m0.011s
 
4.48881116501821e+17 4.490640601531962e+17 1.03730934601686e+18 1.03758774958278e+18

real	0m0.235s
user	0m0.607s
sys	0m0.022s
 
4.48881116501821e+17 4.490640601531962e+17 1.03730934601686e+18 1.03758774958278e+18

real	0m0.431s
user	0m1.150s
sys	0m0.022s
 
4.48881116501821e+17 4.490640601531962e+17 1.03730934601686e+18 1.03758774958278e+18

real	0m0.427s
user	0m1.131s
sys	0m0.024s
 
8.382424294553979e+29 8.385850640122295e+29 1.937388035390321e+30 1.93790724339292e+30

real	0m0.251s
user	0m0.634s
sys	0m0.027s
 
8.382424294553979e+29 8.385850640122295e+29 1.937388035390321e+30 1.93790724339292e+30

real	0m0.270s
user	0m0.642s
sys	0m0.026s
 
8.382424294553979e+29 8.385850640122295e+29 1.937388035390321e+30 1.93790724339292e+30

real	0m0.270s
user	0m0.644s
sys	0m0.025s
 
8.382424294553979e+29 8.385850640122295e+29 1.937388035390321e+30 1.93790724339292e+30

real	0m0.276s
user	0m0.655s
sys	0m0.029s
 
8.382424294553979e+29 8.385850640122295e+29 1.937388035390321e+30 1.93790724339292e+30

real	0m0.263s
user	0m0.629s
sys	0m0.025s
 
8.382424294553979e+29 8.385850640122295e+29 1.937388035390321e+30 1.93790724339292e+30

real	0m0.282s
user	0m0.685s
sys	0m0.027s
 
374124590164.9393 378323909405.297 483306890414.2386 487506209654.5964

real	0m1.510s
user	0m2.658s
sys	0m1.050s
 
8003498375443.188 8040830216224.574 11400695886549.59 11438027727330.98

real	0m0.366s
user	0m0.975s
sys	0m0.029s
 
467292080353.7709 473215316635.7608 603526514839.5372 609449751121.5272

real	0m0.811s
user	0m0.807s
sys	0m0.003s
 
22856685758006.32 23032721850853.32 32186598678896.97 32362634771743.98

real	0m0.761s
user	0m0.757s
sys	0m0.003s
