 
VEC_VEC
 
174.0387

real	5m43.331s
user	7m35.935s
sys	4m55.235s
 
9698907.663399996

real	0m5.738s
user	0m8.058s
sys	0m5.049s
 
24900423491.09201

real	0m1.719s
user	0m2.572s
sys	0m1.193s
 
24900741320632.71

real	0m0.862s
user	0m1.598s
sys	0m0.152s
 
2.490083360868967e+16

real	0m2.589s
user	0m5.095s
sys	0m0.053s
 
VEC_MAT
 
178.7929000000001 178.8030000000001 201.2149000000001 201.2250000000001

real	0m4.656s
user	0m7.728s
sys	0m3.710s
 
992.6821000000002 992.6922000000003 1117.3464 1117.3565

real	0m1.242s
user	0m2.335s
sys	0m1.175s
 
390.3932 390.4204 450.7772000000001 450.8044

real	0m8.241s
user	0m12.900s
sys	0m6.526s
 
2166.9797 2167.0069 2502.7093 2502.7365

real	0m2.684s
user	0m5.193s
sys	0m2.127s
 
157975690.7399002 164380665.8450001

real	0m1.242s
user	0m1.901s
sys	0m1.122s
 
27065907086.64726 28163538210.734

real	0m0.680s
user	0m1.048s
sys	0m0.456s
 
128614163.4402999 133441028.6953997 138267893.9505

real	0m1.257s
user	0m1.988s
sys	0m1.123s
 
17202407856.50187 17848340807.38918 18494273758.27599

real	0m0.767s
user	0m1.188s
sys	0m0.479s
 
2.2266 2.2836 2.3406 2.397600000000001

real	1m57.752s
user	2m36.421s
sys	1m40.967s
 
73.52180000000001 74.6944 86.4204 87.59300000000002

real	1m56.206s
user	2m35.664s
sys	1m39.474s
 
609.1862 615.0844000000001 774.3358000000001 780.2340000000002

real	0m47.204s
user	1m4.584s
sys	0m40.381s
 
31020069.53999998 31057579.07999998 45948866.45999996 45986376.00000001

real	0m2.695s
user	0m4.943s
sys	0m2.626s
 
3948765877.809497 3955170852.914604 5863853434.234404 5870258409.339499

real	0m0.783s
user	0m2.407s
sys	0m0.565s
 
629070346650.9426 630167977775.031 934211799147.1235 935309430271.2021

real	0m1.272s
user	0m8.966s
sys	0m0.174s
 
72549439.0166 72565446.85879999 108086848.7006 108102856.5428001

real	0m0.828s
user	0m2.891s
sys	0m0.569s
 
324096005.6180002 324108897.3359997 483218480.892 483231372.6099998

real	0m1.277s
user	0m9.107s
sys	0m0.168s
 
10829665.1294 10829701.4254 15310551.5134 15310587.8094

real	0m1.146s
user	0m8.107s
sys	0m0.102s
 
107135690886248 108233331157370.3 147748380917728.1 148846021188851.3

real	0m1.232s
user	0m8.045s
sys	0m0.127s
 
MAT_VEC
 
178.7929000000001 178.8030000000001 201.2149000000001 201.2250000000001

real	0m4.967s
user	0m8.082s
sys	0m3.982s
 
992.6821000000002 992.6922000000003 1117.3464 1117.3565

real	0m1.223s
user	0m2.250s
sys	0m1.198s
 
390.3932 390.4204 450.7772000000001 450.8044

real	0m5.806s
user	0m9.766s
sys	0m4.415s
 
2166.9797 2167.0069 2502.7093 2502.7365

real	0m2.778s
user	0m5.185s
sys	0m2.413s
 
157975690.7399002 164380665.8450001

real	0m1.270s
user	0m1.981s
sys	0m1.143s
 
27065907086.64726 28163538210.734

real	0m0.752s
user	0m1.144s
sys	0m0.469s
 
128614163.4402999 133441028.6953997 138267893.9505

real	0m1.321s
user	0m2.180s
sys	0m1.146s
 
17202407856.50187 17848340807.38918 18494273758.27599

real	0m0.800s
user	0m1.248s
sys	0m0.480s
 
2.2266 2.2836 2.3406 2.397600000000001

real	1m53.625s
user	2m30.928s
sys	1m37.008s
 
73.52180000000001 74.6944 86.4204 87.59300000000002

real	1m53.901s
user	2m34.935s
sys	1m38.265s
 
609.1862 615.0844000000001 774.3358000000001 780.2340000000002

real	0m46.117s
user	1m5.818s
sys	0m40.234s
 
31020069.53999998 31057579.07999998 45948866.45999996 45986376.00000001

real	0m2.920s
user	0m6.011s
sys	0m2.640s
 
3948765877.809497 3955170852.914604 5863853434.234404 5870258409.339499

real	0m1.786s
user	0m9.044s
sys	0m0.462s
 
629070346650.9426 630167977775.031 934211799147.1235 935309430271.2021

real	0m2.455s
user	0m17.866s
sys	0m0.193s
 
72549439.0166 72565446.85879999 108086848.7006 108102856.5428001

real	0m0.990s
user	0m4.208s
sys	0m0.562s
 
324096005.6180002 324108897.3359997 483218480.892 483231372.6099998

real	0m1.296s
user	0m9.301s
sys	0m0.180s
 
10829665.1294 10829701.4254 15310551.5134 15310587.8094

real	0m1.091s
user	0m7.902s
sys	0m0.128s
 
107135690886248 108233331157370.3 147748380917728.1 148846021188851.3

real	0m2.736s
user	0m5.371s
sys	0m0.046s
 
OUTER
 
101.277 104.346 110.4774 113.8252

real	0m16.327s
user	0m26.147s
sys	0m10.633s
 
96.84840000000001 99.04950000000002 108.045 110.446

real	0m19.656s
user	0m31.237s
sys	0m12.306s
 
94.13800000000002 95.84960000000002 106.419 108.286

real	0m16.025s
user	0m25.810s
sys	0m10.351s
 
14.5684 14.5728 16.60140000000001 16.606

real	0m25.474s
user	0m41.932s
sys	0m21.793s
 
10.164 10.2025 11.913 11.9548

real	0m26.453s
user	0m45.719s
sys	0m21.195s
 
955.9242 956.3004 1135.8438 1136.254

real	0m4.530s
user	0m15.154s
sys	0m3.480s
 
86477.05440000001 86480.57660000001 102897.9582 102901.8004

real	0m1.137s
user	0m8.315s
sys	0m0.117s
 
27312.9912 27313.3443 32486.685 32487.07

real	0m0.572s
user	0m3.925s
sys	0m0.070s
 
MAT_MAT
 
8054296.570499997 8377212.617400005 11041896.78059999 11521723.02599998

real	0m2.828s
user	0m4.647s
sys	0m2.674s
 
67005585.50399998 69693523.28640002 92209626.6390001 96222702.65399998

real	0m3.566s
user	0m5.794s
sys	0m3.565s
 
56602.02200000002 58658.48450000003 83130.86099999996 86296.01680000003

real	0m2.307s
user	0m4.179s
sys	0m2.180s
 
297546749.5919997 308581623.7314994 440770097.583 457946307.1219999

real	0m0.951s
user	0m2.706s
sys	0m0.744s
 
301.3441 301.7106 379.168 379.5840000000001

real	0m6.346s
user	0m11.917s
sys	0m4.430s
 
45022.4809 45027.16379999999 57025.89409999999 57031.226

real	0m0.920s
user	0m6.218s
sys	0m0.114s
 
79343.34260000002 79353.49420000002 105856.4262 105868.395

real	0m0.606s
user	0m4.078s
sys	0m0.075s
 
77470.43699999999 77485.73999999999 107948.34 107966.91

real	0m0.467s
user	0m3.085s
sys	0m0.063s
 
109.241 111.7864 142.1856 145.251

real	0m24.036s
user	0m33.917s
sys	0m20.660s
 
1739639.1343 1765026.6362 3156552.835599999 3194056.931000001

real	0m2.834s
user	0m5.504s
sys	0m2.506s
 
40128631.98950006 40455680.77900002 81101463.51099998 81608296.35000008

real	0m0.457s
user	0m1.731s
sys	0m0.253s
 
185145.8628 186726.9552 353878.6176 356259.936

real	0m2.936s
user	0m6.218s
sys	0m2.700s
 
5650057.303000003 5674398.905999999 11835110.684 11873364.25000001

real	0m0.475s
user	0m1.941s
sys	0m0.263s
 
3539227257.462 3543179262.324003 8019509498.519998 8025995052.400001

real	0m0.069s
user	0m0.421s
sys	0m0.009s
 
66219776245.92168 66260257446.05717 151986883006.3699 152053753059.55

real	0m0.095s
user	0m0.528s
sys	0m0.019s
 
166212294937.3991 166288626284.498 382568140639.0098 382694366833.2999

real	0m0.100s
user	0m0.503s
sys	0m0.027s
 
608720333715.4655 608956501509.1871 1405127495482.165 1405518727998.903

real	0m0.219s
user	0m1.307s
sys	0m0.034s
 
TRANS1
 
8054296.570499997 8377212.617400005 11041896.78059999 11521723.02599998

real	0m2.882s
user	0m4.864s
sys	0m2.940s
 
67005585.50399998 69693523.28640002 92209626.6390001 96222702.65399998

real	0m3.708s
user	0m6.036s
sys	0m3.805s
 
56602.02200000002 58658.48450000003 83130.86099999996 86296.01680000003

real	0m2.113s
user	0m3.748s
sys	0m2.205s
 
297546749.5919997 308581623.7314994 440770097.583 457946307.1219999

real	0m0.790s
user	0m1.804s
sys	0m0.702s
 
301.3441 301.7106 379.168 379.5840000000001

real	0m3.263s
user	0m5.785s
sys	0m2.922s
 
45022.4809 45027.16379999999 57025.89409999999 57031.226

real	0m0.920s
user	0m6.204s
sys	0m0.111s
 
79343.34260000002 79353.49420000002 105856.4262 105868.395

real	0m0.693s
user	0m4.628s
sys	0m0.071s
 
77470.43699999999 77485.73999999999 107948.34 107966.91

real	0m0.433s
user	0m2.867s
sys	0m0.061s
 
109.241 111.7864 142.1856 145.251

real	0m23.091s
user	0m32.472s
sys	0m19.989s
 
1739639.1343 1765026.6362 3156552.835599999 3194056.931000001

real	0m2.641s
user	0m5.054s
sys	0m2.426s
 
40128631.98950006 40455680.77900002 81101463.51099998 81608296.35000008

real	0m0.493s
user	0m1.930s
sys	0m0.242s
 
185145.8628 186726.9552 353878.6176 356259.936

real	0m2.772s
user	0m5.435s
sys	0m2.531s
 
5650057.303000003 5674398.905999999 11835110.684 11873364.25000001

real	0m0.479s
user	0m2.095s
sys	0m0.233s
 
3539227257.462 3543179262.324003 8019509498.519998 8025995052.400001

real	0m0.088s
user	0m0.564s
sys	0m0.009s
 
66219776245.92168 66260257446.05717 151986883006.3699 152053753059.55

real	0m0.121s
user	0m0.685s
sys	0m0.018s
 
166212294937.3991 166288626284.498 382568140639.0098 382694366833.2999

real	0m0.125s
user	0m0.611s
sys	0m0.023s
 
608720333715.4655 608956501509.1871 1405127495482.165 1405518727998.903

real	0m0.226s
user	0m1.211s
sys	0m0.033s
 
1512441.733 1524415.266 2968657.650000001 2986772.5

real	0m1.386s
user	0m2.545s
sys	0m0.294s
 
608720333715.4655 608956501509.1871 1405127495482.165 1405518727998.903

real	0m0.644s
user	0m1.194s
sys	0m0.025s
 
TRANS2
 
8054296.570499997 8377212.617400005 11041896.78059999 11521723.02599998

real	0m3.814s
user	0m6.145s
sys	0m3.728s
 
67005585.50399998 69693523.28640002 92209626.6390001 96222702.65399998

real	0m4.021s
user	0m6.903s
sys	0m4.165s
 
56602.02200000002 58658.48450000003 83130.86099999996 86296.01680000003

real	0m2.585s
user	0m4.569s
sys	0m2.459s
 
297546749.5919997 308581623.7314994 440770097.583 457946307.1219999

real	0m0.949s
user	0m2.798s
sys	0m0.701s
 
301.3441 301.7106 379.168 379.5840000000001

real	0m4.172s
user	0m7.618s
sys	0m3.312s
 
45022.4809 45027.16379999999 57025.89409999999 57031.226

real	0m0.972s
user	0m6.617s
sys	0m0.117s
 
79343.34260000002 79353.49420000002 105856.4262 105868.395

real	0m0.624s
user	0m4.222s
sys	0m0.074s
 
77470.43699999999 77485.73999999999 107948.34 107966.91

real	0m0.459s
user	0m3.039s
sys	0m0.060s
 
109.241 111.7864 142.1856 145.251

real	0m22.756s
user	0m32.219s
sys	0m19.733s
 
1739639.1343 1765026.6362 3156552.835599999 3194056.931000001

real	0m2.913s
user	0m5.589s
sys	0m2.612s
 
40128631.98950006 40455680.77900002 81101463.51099998 81608296.35000008

real	0m0.502s
user	0m2.164s
sys	0m0.246s
 
185145.8628 186726.9552 353878.6176 356259.936

real	0m2.853s
user	0m5.914s
sys	0m2.631s
 
5650057.303000003 5674398.905999999 11835110.684 11873364.25000001

real	0m0.495s
user	0m2.210s
sys	0m0.243s
 
3539227257.462 3543179262.324003 8019509498.519998 8025995052.400001

real	0m0.087s
user	0m0.547s
sys	0m0.009s
 
66219776245.92168 66260257446.05717 151986883006.3699 152053753059.55

real	0m0.118s
user	0m0.656s
sys	0m0.017s
 
166212294937.3991 166288626284.498 382568140639.0098 382694366833.2999

real	0m0.128s
user	0m0.638s
sys	0m0.026s
 
608720333715.4655 608956501509.1871 1405127495482.165 1405518727998.903

real	0m0.239s
user	0m1.313s
sys	0m0.041s
 
1512441.733 1524415.266 2968657.650000001 2986772.5

real	0m1.407s
user	0m2.611s
sys	0m0.254s
 
608720333715.4655 608956501509.1871 1405127495482.165 1405518727998.903

real	0m0.623s
user	0m1.154s
sys	0m0.025s
 
TRANS12
 
8054296.570499997 8377212.617400005 11041896.78059999 11521723.02599998

real	0m2.958s
user	0m5.269s
sys	0m2.723s
 
67005585.50399998 69693523.28640002 92209626.6390001 96222702.65399998

real	0m4.833s
user	0m8.346s
sys	0m4.092s
 
56602.02200000002 58658.48450000003 83130.86099999996 86296.01680000003

real	0m2.139s
user	0m3.722s
sys	0m2.064s
 
297546749.5919997 308581623.7314994 440770097.583 457946307.1219999

real	0m1.524s
user	0m3.363s
sys	0m0.701s
 
301.3441 301.7106 379.168 379.5840000000001

real	0m7.843s
user	0m15.498s
sys	0m4.839s
 
45022.4809 45027.16379999999 57025.89409999999 57031.226

real	0m4.613s
user	0m13.685s
sys	0m0.095s
 
79343.34260000002 79353.49420000002 105856.4262 105868.395

real	0m3.011s
user	0m8.919s
sys	0m0.063s
 
77470.43699999999 77485.73999999999 107948.34 107966.91

real	0m1.964s
user	0m5.813s
sys	0m0.052s
 
109.241 111.7864 142.1856 145.251

real	0m24.154s
user	0m34.857s
sys	0m21.139s
 
1739639.1343 1765026.6362 3156552.835599999 3194056.931000001

real	0m4.552s
user	0m9.607s
sys	0m2.584s
 
40128631.98950006 40455680.77900002 81101463.51099998 81608296.35000008

real	0m1.799s
user	0m4.903s
sys	0m0.254s
 
185145.8628 186726.9552 353878.6176 356259.936

real	0m4.749s
user	0m10.211s
sys	0m2.611s
 
5650057.303000003 5674398.905999999 11835110.684 11873364.25000001

real	0m1.927s
user	0m5.295s
sys	0m0.271s
 
3539227257.462 3543179262.324003 8019509498.519998 8025995052.400001

real	0m0.402s
user	0m1.158s
sys	0m0.010s
 
66219776245.92168 66260257446.05717 151986883006.3699 152053753059.55

real	0m0.471s
user	0m1.308s
sys	0m0.018s
 
166212294937.3991 166288626284.498 382568140639.0098 382694366833.2999

real	0m0.456s
user	0m1.210s
sys	0m0.022s
 
608720333715.4655 608956501509.1871 1405127495482.165 1405518727998.903

real	0m1.209s
user	0m3.381s
sys	0m0.037s
 
SPECIAL
 
0.04840000000000001

real	5m38.969s
user	7m27.051s
sys	4m51.229s
 
0.04840000000000001

real	5m47.325s
user	7m35.072s
sys	4m56.871s
 
0.04840000000000001

real	5m44.903s
user	7m32.777s
sys	4m54.464s
 
53.79660000000001 53.79880000000001 58.68060000000001 58.68280000000001

real	0m14.274s
user	0m23.349s
sys	0m11.529s
 
53.79660000000001 53.79880000000001 58.68060000000001 58.68280000000001

real	0m14.962s
user	0m24.556s
sys	0m12.232s
 
9698907.663399996

real	0m5.578s
user	0m7.885s
sys	0m4.919s
 
9698907.663399996

real	0m5.891s
user	0m8.261s
sys	0m5.126s
 
0.04840000000000001

real	5m44.047s
user	7m34.268s
sys	4m55.357s
 
53.79660000000001 53.79880000000001 58.68060000000001 58.68280000000001

real	0m15.121s
user	0m24.824s
sys	0m12.244s
 
53.79660000000001 53.79880000000001 58.68060000000001 58.68280000000001

real	0m15.470s
user	0m25.195s
sys	0m12.502s
 
9698907.663399996

real	0m5.779s
user	0m8.148s
sys	0m5.085s
 
3948765877.809497 3955170852.914604 5863853434.234404 5870258409.339499

real	0m1.270s
user	0m2.465s
sys	0m0.085s
 
3948765877.809497 3955170852.914604 5863853434.234404 5870258409.339499

real	0m0.589s
user	0m1.809s
sys	0m0.420s
 
0.04840000000000001

real	5m43.035s
user	7m33.803s
sys	4m52.933s
 
53.79660000000001 53.79880000000001 58.68060000000001 58.68280000000001

real	0m16.686s
user	0m26.739s
sys	0m13.461s
 
53.79660000000001 53.79880000000001 58.68060000000001 58.68280000000001

real	0m16.823s
user	0m26.756s
sys	0m13.632s
 
9698907.663399996

real	0m5.933s
user	0m8.343s
sys	0m5.232s
 
3948765877.809497 3955170852.914604 5863853434.234404 5870258409.339499

real	0m1.081s
user	0m2.063s
sys	0m0.099s
 
3948765877.809497 3955170852.914604 5863853434.234404 5870258409.339499

real	0m0.591s
user	0m1.807s
sys	0m0.423s
 
0.04840000000000001

real	5m47.004s
user	7m38.491s
sys	4m57.000s
 
53.79660000000001 53.79880000000001 58.68060000000001 58.68280000000001

real	0m15.551s
user	0m25.243s
sys	0m12.558s
 
53.79660000000001 53.79880000000001 58.68060000000001 58.68280000000001

real	0m15.832s
user	0m25.622s
sys	0m12.776s
 
9698907.663399996

real	0m5.533s
user	0m7.896s
sys	0m4.862s
 
3948765877.809497 3955170852.914604 5863853434.234404 5870258409.339499

real	0m1.280s
user	0m2.470s
sys	0m0.096s
 
3948765877.809497 3955170852.914604 5863853434.234404 5870258409.339499

real	0m1.351s
user	0m6.859s
sys	0m0.349s
 
0.04840000000000001

real	5m48.382s
user	7m39.898s
sys	4m58.437s
 
53.79660000000001 53.79880000000001 58.68060000000001 58.68280000000001

real	0m16.105s
user	0m25.803s
sys	0m12.997s
 
53.79660000000001 53.79880000000001 58.68060000000001 58.68280000000001

real	0m15.777s
user	0m25.446s
sys	0m12.766s
 
9698907.663399996

real	0m5.702s
user	0m8.059s
sys	0m5.063s
 
3948765877.809497 3955170852.914604 5863853434.234404 5870258409.339499

real	0m1.045s
user	0m2.009s
sys	0m0.085s
 
3948765877.809497 3955170852.914604 5863853434.234404 5870258409.339499

real	0m1.911s
user	0m5.194s
sys	0m0.387s
 
3037.1121 3037.6632 3611.409 3612.01

real	0m2.140s
user	0m11.083s
sys	0m0.883s
 
3037.1121 3037.6632 3611.409 3612.01

real	0m2.131s
user	0m11.056s
sys	0m0.883s
 
3037.1121 3037.6632 3611.409 3612.01

real	0m2.141s
user	0m11.134s
sys	0m0.891s
 
3037.1121 3037.6632 3611.409 3612.01

real	0m3.989s
user	0m10.944s
sys	0m0.677s
 
SEQUENCE
 
37624.35618 38872.44188 52954.76458 54712.31628

real	0m1.807s
user	0m3.180s
sys	0m1.929s
 
4350478614.186048 4405620767.888449 7321622135.843186 7393481577.214199

real	0m2.723s
user	0m4.654s
sys	0m2.979s
 
18696443068.18007 18840087100.15867 37617583432.7108 37823564976.3486

real	0m0.298s
user	0m1.363s
sys	0m0.192s
 
4.901614166865179e+18 4.912723296455448e+18 1.084442578747924e+19 1.086100449795465e+19

real	0m0.092s
user	0m0.583s
sys	0m0.014s
 
1.647418946230568e+16 1.649160037624473e+16 3.768465979697054e+16 3.771108024027194e+16

real	0m0.131s
user	0m0.870s
sys	0m0.014s
 
4.48881116501821e+17 4.490640601531962e+17 1.03730934601686e+18 1.03758774958278e+18

real	0m0.123s
user	0m0.644s
sys	0m0.025s
 
4.48881116501821e+17 4.490640601531962e+17 1.03730934601686e+18 1.03758774958278e+18

real	0m0.211s
user	0m1.211s
sys	0m0.029s
 
4.48881116501821e+17 4.490640601531962e+17 1.03730934601686e+18 1.03758774958278e+18

real	0m0.211s
user	0m1.190s
sys	0m0.026s
 
8.382424294553979e+29 8.385850640122295e+29 1.937388035390321e+30 1.93790724339292e+30

real	0m0.136s
user	0m0.693s
sys	0m0.031s
 
8.382424294553979e+29 8.385850640122295e+29 1.937388035390321e+30 1.93790724339292e+30

real	0m0.154s
user	0m0.683s
sys	0m0.033s
 
8.382424294553979e+29 8.385850640122295e+29 1.937388035390321e+30 1.93790724339292e+30

real	0m0.153s
user	0m0.685s
sys	0m0.031s
 
8.382424294553979e+29 8.385850640122295e+29 1.937388035390321e+30 1.93790724339292e+30

real	0m0.222s
user	0m0.898s
sys	0m0.030s
 
8.382424294553979e+29 8.385850640122295e+29 1.937388035390321e+30 1.93790724339292e+30

real	0m0.178s
user	0m0.901s
sys	0m0.032s
 
8.382424294553979e+29 8.385850640122295e+29 1.937388035390321e+30 1.93790724339292e+30

real	0m0.180s
user	0m0.913s
sys	0m0.028s
 
374124590164.9393 378323909405.297 483306890414.2386 487506209654.5964

real	0m2.569s
user	0m4.457s
sys	0m2.917s
 
8003498375443.188 8040830216224.574 11400695886549.59 11438027727330.98

real	0m0.303s
user	0m1.420s
sys	0m0.203s
 
467292080353.7709 473215316635.7608 603526514839.5372 609449751121.5272

real	0m14.401s
user	0m20.626s
sys	0m12.506s
 
22856685758006.32 23032721850853.32 32186598678896.97 32362634771743.98

real	0m2.507s
user	0m4.487s
sys	0m2.004s
