 
VEC_VEC
 
174.0387

real	0m1.481s
user	0m1.476s
sys	0m0.004s
 
9698907.663399996

real	0m0.510s
user	0m0.506s
sys	0m0.003s
 
24900423491.09201

real	0m0.674s
user	0m0.670s
sys	0m0.003s
 
24900741320632.71

real	0m0.875s
user	0m1.632s
sys	0m0.144s
 
2.490083360868967e+16

real	0m2.429s
user	0m4.777s
sys	0m0.052s
 
VEC_MAT
 
178.7929000000001 178.8030000000001 201.2149000000001 201.2250000000001

real	0m0.833s
user	0m0.827s
sys	0m0.004s
 
992.6821000000002 992.6922000000003 1117.3464 1117.3565

real	0m1.352s
user	0m2.477s
sys	0m1.304s
 
390.3932 390.4204 450.7772000000001 450.8044

real	0m1.604s
user	0m1.599s
sys	0m0.003s
 
2166.9797 2167.0069 2502.7093 2502.7365

real	0m2.809s
user	0m5.713s
sys	0m1.853s
 
157975690.7399002 164380665.8450001

real	0m0.255s
user	0m0.251s
sys	0m0.003s
 
27065907086.64726 28163538210.734

real	0m0.690s
user	0m1.062s
sys	0m0.455s
 
128614163.4402999 133441028.6953997 138267893.9505

real	0m0.302s
user	0m0.298s
sys	0m0.003s
 
17202407856.50187 17848340807.38918 18494273758.27599

real	0m0.739s
user	0m1.170s
sys	0m0.438s
 
2.2266 2.2836 2.3406 2.397600000000001

real	0m0.605s
user	0m0.600s
sys	0m0.004s
 
73.52180000000001 74.6944 86.4204 87.59300000000002

real	0m1.345s
user	0m1.340s
sys	0m0.004s
 
609.1862 615.0844000000001 774.3358000000001 780.2340000000002

real	0m1.457s
user	0m1.453s
sys	0m0.003s
 
31020069.53999998 31057579.07999998 45948866.45999996 45986376.00000001

real	0m1.248s
user	0m2.715s
sys	0m0.805s
 
3948765877.809497 3955170852.914604 5863853434.234404 5870258409.339499

real	0m0.543s
user	0m1.543s
sys	0m0.188s
 
629070346650.9426 630167977775.031 934211799147.1235 935309430271.2021

real	0m2.333s
user	0m8.603s
sys	0m0.093s
 
72549439.0166 72565446.85879999 108086848.7006 108102856.5428001

real	0m0.608s
user	0m1.781s
sys	0m0.172s
 
324096005.6180002 324108897.3359997 483218480.892 483231372.6099998

real	0m1.709s
user	0m6.279s
sys	0m0.075s
 
10829665.1294 10829701.4254 15310551.5134 15310587.8094

real	0m1.855s
user	0m6.642s
sys	0m0.064s
 
107135690886248 108233331157370.3 147748380917728.1 148846021188851.3

real	0m1.915s
user	0m6.696s
sys	0m0.073s
 
MAT_VEC
 
178.7929000000001 178.8030000000001 201.2149000000001 201.2250000000001

real	0m0.789s
user	0m0.783s
sys	0m0.004s
 
992.6821000000002 992.6922000000003 1117.3464 1117.3565

real	0m1.168s
user	0m2.119s
sys	0m1.211s
 
390.3932 390.4204 450.7772000000001 450.8044

real	0m1.202s
user	0m1.198s
sys	0m0.003s
 
2166.9797 2167.0069 2502.7093 2502.7365

real	0m1.869s
user	0m3.409s
sys	0m1.825s
 
157975690.7399002 164380665.8450001

real	0m0.295s
user	0m0.290s
sys	0m0.003s
 
27065907086.64726 28163538210.734

real	0m0.722s
user	0m1.121s
sys	0m0.441s
 
128614163.4402999 133441028.6953997 138267893.9505

real	0m0.384s
user	0m0.380s
sys	0m0.003s
 
17202407856.50187 17848340807.38918 18494273758.27599

real	0m0.799s
user	0m1.249s
sys	0m0.456s
 
2.2266 2.2836 2.3406 2.397600000000001

real	0m0.372s
user	0m0.367s
sys	0m0.003s
 
73.52180000000001 74.6944 86.4204 87.59300000000002

real	0m1.265s
user	0m1.261s
sys	0m0.004s
 
609.1862 615.0844000000001 774.3358000000001 780.2340000000002

real	0m1.348s
user	0m1.343s
sys	0m0.004s
 
31020069.53999998 31057579.07999998 45948866.45999996 45986376.00000001

real	0m2.297s
user	0m5.261s
sys	0m0.918s
 
3948765877.809497 3955170852.914604 5863853434.234404 5870258409.339499

real	0m1.743s
user	0m5.284s
sys	0m0.196s
 
629070346650.9426 630167977775.031 934211799147.1235 935309430271.2021

real	0m2.896s
user	0m10.742s
sys	0m0.087s
 
72549439.0166 72565446.85879999 108086848.7006 108102856.5428001

real	0m0.765s
user	0m2.350s
sys	0m0.177s
 
324096005.6180002 324108897.3359997 483218480.892 483231372.6099998

real	0m2.207s
user	0m8.125s
sys	0m0.094s
 
10829665.1294 10829701.4254 15310551.5134 15310587.8094

real	0m1.770s
user	0m6.407s
sys	0m0.075s
 
107135690886248 108233331157370.3 147748380917728.1 148846021188851.3

real	0m2.726s
user	0m5.348s
sys	0m0.048s
 
OUTER
 
101.277 104.346 110.4774 113.8252

real	0m2.125s
user	0m2.119s
sys	0m0.004s
 
96.84840000000001 99.04950000000002 108.045 110.446

real	0m1.667s
user	0m1.663s
sys	0m0.003s
 
94.13800000000002 95.84960000000002 106.419 108.286

real	0m1.763s
user	0m1.758s
sys	0m0.004s
 
14.5684 14.5728 16.60140000000001 16.606

real	0m0.658s
user	0m0.653s
sys	0m0.004s
 
10.164 10.2025 11.913 11.9548

real	0m1.038s
user	0m1.034s
sys	0m0.003s
 
955.9242 956.3004 1135.8438 1136.254

real	0m3.052s
user	0m8.727s
sys	0m1.166s
 
86477.05440000001 86480.57660000001 102897.9582 102901.8004

real	0m1.670s
user	0m6.276s
sys	0m0.070s
 
27312.9912 27313.3443 32486.685 32487.07

real	0m0.729s
user	0m2.596s
sys	0m0.039s
 
MAT_MAT
 
8054296.570499997 8377212.617400005 11041896.78059999 11521723.02599998

real	0m2.826s
user	0m4.671s
sys	0m2.628s
 
67005585.50399998 69693523.28640002 92209626.6390001 96222702.65399998

real	0m2.241s
user	0m3.894s
sys	0m2.065s
 
56602.02200000002 58658.48450000003 83130.86099999996 86296.01680000003

real	0m2.195s
user	0m4.035s
sys	0m2.287s
 
297546749.5919997 308581623.7314994 440770097.583 457946307.1219999

real	0m0.563s
user	0m1.375s
sys	0m0.255s
 
301.3441 301.7106 379.168 379.5840000000001

real	0m7.478s
user	0m14.588s
sys	0m5.016s
 
45022.4809 45027.16379999999 57025.89409999999 57031.226

real	0m1.002s
user	0m3.548s
sys	0m0.054s
 
79343.34260000002 79353.49420000002 105856.4262 105868.395

real	0m0.594s
user	0m2.096s
sys	0m0.037s
 
77470.43699999999 77485.73999999999 107948.34 107966.91

real	0m0.377s
user	0m1.325s
sys	0m0.025s
 
109.241 111.7864 142.1856 145.251

real	0m1.098s
user	0m1.093s
sys	0m0.004s
 
1739639.1343 1765026.6362 3156552.835599999 3194056.931000001

real	0m1.421s
user	0m3.151s
sys	0m0.850s
 
40128631.98950006 40455680.77900002 81101463.51099998 81608296.35000008

real	0m0.391s
user	0m1.151s
sys	0m0.095s
 
185145.8628 186726.9552 353878.6176 356259.936

real	0m1.510s
user	0m3.368s
sys	0m0.893s
 
5650057.303000003 5674398.905999999 11835110.684 11873364.25000001

real	0m0.416s
user	0m1.364s
sys	0m0.099s
 
3539227257.462 3543179262.324003 8019509498.519998 8025995052.400001

real	0m0.116s
user	0m0.404s
sys	0m0.007s
 
66219776245.92168 66260257446.05717 151986883006.3699 152053753059.55

real	0m0.152s
user	0m0.499s
sys	0m0.016s
 
166212294937.3991 166288626284.498 382568140639.0098 382694366833.2999

real	0m0.157s
user	0m0.490s
sys	0m0.021s
 
608720333715.4655 608956501509.1871 1405127495482.165 1405518727998.903

real	0m0.379s
user	0m1.306s
sys	0m0.033s
 
TRANS1
 
8054296.570499997 8377212.617400005 11041896.78059999 11521723.02599998

real	0m3.137s
user	0m5.136s
sys	0m3.150s
 
67005585.50399998 69693523.28640002 92209626.6390001 96222702.65399998

real	0m2.294s
user	0m4.025s
sys	0m2.112s
 
56602.02200000002 58658.48450000003 83130.86099999996 86296.01680000003

real	0m2.107s
user	0m3.661s
sys	0m2.384s
 
297546749.5919997 308581623.7314994 440770097.583 457946307.1219999

real	0m0.494s
user	0m1.125s
sys	0m0.227s
 
301.3441 301.7106 379.168 379.5840000000001

real	0m4.627s
user	0m7.943s
sys	0m3.849s
 
45022.4809 45027.16379999999 57025.89409999999 57031.226

real	0m0.932s
user	0m3.348s
sys	0m0.049s
 
79343.34260000002 79353.49420000002 105856.4262 105868.395

real	0m0.635s
user	0m2.232s
sys	0m0.038s
 
77470.43699999999 77485.73999999999 107948.34 107966.91

real	0m0.356s
user	0m1.262s
sys	0m0.025s
 
109.241 111.7864 142.1856 145.251

real	0m1.203s
user	0m1.198s
sys	0m0.003s
 
1739639.1343 1765026.6362 3156552.835599999 3194056.931000001

real	0m1.263s
user	0m2.689s
sys	0m0.705s
 
40128631.98950006 40455680.77900002 81101463.51099998 81608296.35000008

real	0m0.481s
user	0m1.431s
sys	0m0.103s
 
185145.8628 186726.9552 353878.6176 356259.936

real	0m1.306s
user	0m2.935s
sys	0m0.789s
 
5650057.303000003 5674398.905999999 11835110.684 11873364.25000001

real	0m0.529s
user	0m1.773s
sys	0m0.099s
 
3539227257.462 3543179262.324003 8019509498.519998 8025995052.400001

real	0m0.155s
user	0m0.557s
sys	0m0.008s
 
66219776245.92168 66260257446.05717 151986883006.3699 152053753059.55

real	0m0.200s
user	0m0.669s
sys	0m0.016s
 
166212294937.3991 166288626284.498 382568140639.0098 382694366833.2999

real	0m0.196s
user	0m0.601s
sys	0m0.023s
 
608720333715.4655 608956501509.1871 1405127495482.165 1405518727998.903

real	0m0.373s
user	0m1.213s
sys	0m0.039s
 
1512441.733 1524415.266 2968657.650000001 2986772.5

real	0m1.359s
user	0m2.501s
sys	0m0.279s
 
608720333715.4655 608956501509.1871 1405127495482.165 1405518727998.903

real	0m0.644s
user	0m1.194s
sys	0m0.025s
 
TRANS2
 
8054296.570499997 8377212.617400005 11041896.78059999 11521723.02599998

real	0m3.719s
user	0m5.993s
sys	0m3.620s
 
67005585.50399998 69693523.28640002 92209626.6390001 96222702.65399998

real	0m2.578s
user	0m4.881s
sys	0m2.114s
 
56602.02200000002 58658.48450000003 83130.86099999996 86296.01680000003

real	0m2.325s
user	0m4.233s
sys	0m2.378s
 
297546749.5919997 308581623.7314994 440770097.583 457946307.1219999

real	0m0.608s
user	0m1.616s
sys	0m0.230s
 
301.3441 301.7106 379.168 379.5840000000001

real	0m5.523s
user	0m10.463s
sys	0m4.150s
 
45022.4809 45027.16379999999 57025.89409999999 57031.226

real	0m1.007s
user	0m3.587s
sys	0m0.053s
 
79343.34260000002 79353.49420000002 105856.4262 105868.395

real	0m0.673s
user	0m2.407s
sys	0m0.035s
 
77470.43699999999 77485.73999999999 107948.34 107966.91

real	0m0.462s
user	0m1.650s
sys	0m0.026s
 
109.241 111.7864 142.1856 145.251

real	0m1.107s
user	0m1.102s
sys	0m0.004s
 
1739639.1343 1765026.6362 3156552.835599999 3194056.931000001

real	0m1.460s
user	0m3.305s
sys	0m0.948s
 
40128631.98950006 40455680.77900002 81101463.51099998 81608296.35000008

real	0m0.489s
user	0m1.571s
sys	0m0.091s
 
185145.8628 186726.9552 353878.6176 356259.936

real	0m1.342s
user	0m3.061s
sys	0m0.791s
 
5650057.303000003 5674398.905999999 11835110.684 11873364.25000001

real	0m0.511s
user	0m1.748s
sys	0m0.093s
 
3539227257.462 3543179262.324003 8019509498.519998 8025995052.400001

real	0m0.152s
user	0m0.541s
sys	0m0.008s
 
66219776245.92168 66260257446.05717 151986883006.3699 152053753059.55

real	0m0.191s
user	0m0.633s
sys	0m0.016s
 
166212294937.3991 166288626284.498 382568140639.0098 382694366833.2999

real	0m0.200s
user	0m0.625s
sys	0m0.021s
 
608720333715.4655 608956501509.1871 1405127495482.165 1405518727998.903

real	0m0.390s
user	0m1.267s
sys	0m0.033s
 
1512441.733 1524415.266 2968657.650000001 2986772.5

real	0m1.489s
user	0m2.771s
sys	0m0.273s
 
608720333715.4655 608956501509.1871 1405127495482.165 1405518727998.903

real	0m0.626s
user	0m1.158s
sys	0m0.022s
 
TRANS12
 
8054296.570499997 8377212.617400005 11041896.78059999 11521723.02599998

real	0m3.235s
user	0m5.507s
sys	0m3.088s
 
67005585.50399998 69693523.28640002 92209626.6390001 96222702.65399998

real	0m3.010s
user	0m5.545s
sys	0m2.269s
 
56602.02200000002 58658.48450000003 83130.86099999996 86296.01680000003

real	0m2.298s
user	0m3.809s
sys	0m2.173s
 
297546749.5919997 308581623.7314994 440770097.583 457946307.1219999

real	0m0.952s
user	0m2.190s
sys	0m0.352s
 
301.3441 301.7106 379.168 379.5840000000001

real	0m7.129s
user	0m14.110s
sys	0m4.673s
 
45022.4809 45027.16379999999 57025.89409999999 57031.226

real	0m3.931s
user	0m11.640s
sys	0m0.070s
 
79343.34260000002 79353.49420000002 105856.4262 105868.395

real	0m2.604s
user	0m7.647s
sys	0m0.046s
 
77470.43699999999 77485.73999999999 107948.34 107966.91

real	0m1.671s
user	0m4.974s
sys	0m0.036s
 
109.241 111.7864 142.1856 145.251

real	0m1.163s
user	0m1.158s
sys	0m0.004s
 
1739639.1343 1765026.6362 3156552.835599999 3194056.931000001

real	0m3.013s
user	0m6.447s
sys	0m1.515s
 
40128631.98950006 40455680.77900002 81101463.51099998 81608296.35000008

real	0m1.181s
user	0m3.238s
sys	0m0.126s
 
185145.8628 186726.9552 353878.6176 356259.936

real	0m3.167s
user	0m6.951s
sys	0m1.553s
 
5650057.303000003 5674398.905999999 11835110.684 11873364.25000001

real	0m1.349s
user	0m3.807s
sys	0m0.158s
 
3539227257.462 3543179262.324003 8019509498.519998 8025995052.400001

real	0m0.344s
user	0m0.985s
sys	0m0.008s
 
66219776245.92168 66260257446.05717 151986883006.3699 152053753059.55

real	0m0.420s
user	0m1.153s
sys	0m0.017s
 
166212294937.3991 166288626284.498 382568140639.0098 382694366833.2999

real	0m0.389s
user	0m1.015s
sys	0m0.025s
 
608720333715.4655 608956501509.1871 1405127495482.165 1405518727998.903

real	0m1.039s
user	0m2.876s
sys	0m0.040s
 
SPECIAL
 
0.04840000000000001

real	0m0.847s
user	0m0.842s
sys	0m0.004s
 
0.04840000000000001

real	0m1.078s
user	0m1.073s
sys	0m0.003s
 
0.04840000000000001

real	0m0.811s
user	0m0.807s
sys	0m0.003s
 
53.79660000000001 53.79880000000001 58.68060000000001 58.68280000000001

real	0m1.311s
user	0m1.306s
sys	0m0.003s
 
53.79660000000001 53.79880000000001 58.68060000000001 58.68280000000001

real	0m1.346s
user	0m1.341s
sys	0m0.003s
 
9698907.663399996

real	0m0.511s
user	0m0.507s
sys	0m0.003s
 
9698907.663399996

real	0m0.514s
user	0m0.509s
sys	0m0.003s
 
0.04840000000000001

real	0m1.713s
user	0m1.707s
sys	0m0.005s
 
53.79660000000001 53.79880000000001 58.68060000000001 58.68280000000001

real	0m1.382s
user	0m1.377s
sys	0m0.004s
 
53.79660000000001 53.79880000000001 58.68060000000001 58.68280000000001

real	0m1.385s
user	0m1.381s
sys	0m0.003s
 
9698907.663399996

real	0m0.525s
user	0m0.520s
sys	0m0.003s
 
3948765877.809497 3955170852.914604 5863853434.234404 5870258409.339499

real	0m1.214s
user	0m2.359s
sys	0m0.068s
 
3948765877.809497 3955170852.914604 5863853434.234404 5870258409.339499

real	0m0.420s
user	0m1.180s
sys	0m0.153s
 
0.04840000000000001

real	0m1.701s
user	0m1.696s
sys	0m0.004s
 
53.79660000000001 53.79880000000001 58.68060000000001 58.68280000000001

real	0m1.355s
user	0m1.350s
sys	0m0.004s
 
53.79660000000001 53.79880000000001 58.68060000000001 58.68280000000001

real	0m1.364s
user	0m1.360s
sys	0m0.003s
 
9698907.663399996

real	0m0.526s
user	0m0.521s
sys	0m0.004s
 
3948765877.809497 3955170852.914604 5863853434.234404 5870258409.339499

real	0m1.051s
user	0m2.018s
sys	0m0.083s
 
3948765877.809497 3955170852.914604 5863853434.234404 5870258409.339499

real	0m0.421s
user	0m1.180s
sys	0m0.149s
 
0.04840000000000001

real	0m1.610s
user	0m1.605s
sys	0m0.004s
 
53.79660000000001 53.79880000000001 58.68060000000001 58.68280000000001

real	0m1.359s
user	0m1.353s
sys	0m0.004s
 
53.79660000000001 53.79880000000001 58.68060000000001 58.68280000000001

real	0m1.366s
user	0m1.361s
sys	0m0.004s
 
9698907.663399996

real	0m0.521s
user	0m0.517s
sys	0m0.003s
 
3948765877.809497 3955170852.914604 5863853434.234404 5870258409.339499

real	0m1.212s
user	0m2.357s
sys	0m0.070s
 
3948765877.809497 3955170852.914604 5863853434.234404 5870258409.339499

real	0m1.415s
user	0m4.251s
sys	0m0.157s
 
0.04840000000000001

real	0m1.620s
user	0m1.615s
sys	0m0.004s
 
53.79660000000001 53.79880000000001 58.68060000000001 58.68280000000001

real	0m1.367s
user	0m1.362s
sys	0m0.004s
 
53.79660000000001 53.79880000000001 58.68060000000001 58.68280000000001

real	0m1.352s
user	0m1.347s
sys	0m0.004s
 
9698907.663399996

real	0m0.523s
user	0m0.518s
sys	0m0.003s
 
3948765877.809497 3955170852.914604 5863853434.234404 5870258409.339499

real	0m1.057s
user	0m2.030s
sys	0m0.086s
 
3948765877.809497 3955170852.914604 5863853434.234404 5870258409.339499

real	0m1.518s
user	0m4.385s
sys	0m0.207s
 
3037.1121 3037.6632 3611.409 3612.01

real	0m1.634s
user	0m5.417s
sys	0m0.255s
 
3037.1121 3037.6632 3611.409 3612.01

real	0m1.812s
user	0m6.096s
sys	0m0.271s
 
3037.1121 3037.6632 3611.409 3612.01

real	0m1.840s
user	0m6.214s
sys	0m0.272s
 
3037.1121 3037.6632 3611.409 3612.01

real	0m2.773s
user	0m7.800s
sys	0m0.364s
 
SEQUENCE
 
37624.35618 38872.44188 52954.76458 54712.31628

real	0m1.808s
user	0m3.061s
sys	0m1.935s
 
4350478614.186048 4405620767.888449 7321622135.843186 7393481577.214199

real	0m2.651s
user	0m4.531s
sys	0m2.990s
 
18696443068.18007 18840087100.15867 37617583432.7108 37823564976.3486

real	0m0.323s
user	0m1.038s
sys	0m0.059s
 
4.901614166865179e+18 4.912723296455448e+18 1.084442578747924e+19 1.086100449795465e+19

real	0m0.152s
user	0m0.542s
sys	0m0.007s
 
1.647418946230568e+16 1.649160037624473e+16 3.768465979697054e+16 3.771108024027194e+16

real	0m0.227s
user	0m0.812s
sys	0m0.011s
 
4.48881116501821e+17 4.490640601531962e+17 1.03730934601686e+18 1.03758774958278e+18

real	0m0.195s
user	0m0.622s
sys	0m0.023s
 
4.48881116501821e+17 4.490640601531962e+17 1.03730934601686e+18 1.03758774958278e+18

real	0m0.346s
user	0m1.155s
sys	0m0.026s
 
4.48881116501821e+17 4.490640601531962e+17 1.03730934601686e+18 1.03758774958278e+18

real	0m0.348s
user	0m1.145s
sys	0m0.025s
 
8.382424294553979e+29 8.385850640122295e+29 1.937388035390321e+30 1.93790724339292e+30

real	0m0.210s
user	0m0.652s
sys	0m0.028s
 
8.382424294553979e+29 8.385850640122295e+29 1.937388035390321e+30 1.93790724339292e+30

real	0m0.227s
user	0m0.658s
sys	0m0.032s
 
8.382424294553979e+29 8.385850640122295e+29 1.937388035390321e+30 1.93790724339292e+30

real	0m0.227s
user	0m0.655s
sys	0m0.031s
 
8.382424294553979e+29 8.385850640122295e+29 1.937388035390321e+30 1.93790724339292e+30

real	0m0.272s
user	0m0.808s
sys	0m0.031s
 
8.382424294553979e+29 8.385850640122295e+29 1.937388035390321e+30 1.93790724339292e+30

real	0m0.243s
user	0m0.729s
sys	0m0.026s
 
8.382424294553979e+29 8.385850640122295e+29 1.937388035390321e+30 1.93790724339292e+30

real	0m0.244s
user	0m0.734s
sys	0m0.029s
 
374124590164.9393 378323909405.297 483306890414.2386 487506209654.5964

real	0m3.256s
user	0m5.263s
sys	0m3.447s
 
8003498375443.188 8040830216224.574 11400695886549.59 11438027727330.98

real	0m0.341s
user	0m1.100s
sys	0m0.056s
 
467292080353.7709 473215316635.7608 603526514839.5372 609449751121.5272

real	0m0.792s
user	0m0.787s
sys	0m0.004s
 
22856685758006.32 23032721850853.32 32186598678896.97 32362634771743.98

real	0m0.769s
user	0m0.764s
sys	0m0.004s
