 
VEC_VEC
 
174.0387

real	0m0.721s
user	0m0.775s
sys	0m0.120s
 
9698907.6634

real	0m0.085s
user	0m0.129s
sys	0m0.124s
 
24900423491.092

real	0m0.256s
user	0m0.304s
sys	0m0.126s
 
24900741320632.73

real	0m0.333s
user	0m0.402s
sys	0m0.105s
 
2.490083360868392e+16

real	0m0.652s
user	0m0.698s
sys	0m0.128s
 
VEC_MAT
 
178.7929000000001 178.8030000000001 201.2149000000001 201.2250000000001

real	0m1.119s
user	0m1.177s
sys	0m0.116s
 
992.6821000000002 992.6922000000003 1117.3464 1117.3565

real	0m0.425s
user	0m0.972s
sys	0m0.300s
 
390.3932 390.4204 450.7772 450.8044

real	0m1.343s
user	0m1.377s
sys	0m0.140s
 
2166.9797 2167.0069 2502.7093 2502.7365

real	0m0.462s
user	0m1.088s
sys	0m0.296s
 
157975690.7399 164380665.8450001

real	0m0.208s
user	0m0.252s
sys	0m0.130s
 
27065907086.64691 28163538210.734

real	0m0.272s
user	0m0.304s
sys	0m0.142s
 
128614163.4403001 133441028.6954 138267893.9505

real	0m0.282s
user	0m0.328s
sys	0m0.128s
 
17202407856.502 17848340807.38899 18494273758.276

real	0m0.292s
user	0m0.374s
sys	0m0.091s
 
2.2266 2.2836 2.3406 2.397600000000001

real	0m0.499s
user	0m0.561s
sys	0m0.111s
 
73.52180000000001 74.6944 86.42040000000001 87.593

real	0m0.919s
user	0m0.985s
sys	0m0.108s
 
609.1862000000001 615.0844 774.3358000000001 780.234

real	0m0.853s
user	0m0.914s
sys	0m0.112s
 
31020069.53999999 31057579.08 45948866.46000002 45986376

real	0m0.281s
user	0m0.786s
sys	0m0.056s
 
3948765877.809501 3955170852.9146 5863853434.234401 5870258409.339502

real	0m0.403s
user	0m1.176s
sys	0m0.028s
 
629070346650.9368 630167977775.0244 934211799147.1187 935309430271.212

real	0m0.650s
user	0m1.919s
sys	0m0.024s
 
72549439.01660001 72565446.85880002 108086848.7006 108102856.5428

real	0m0.420s
user	0m1.219s
sys	0m0.036s
 
324096005.6180001 324108897.3359999 483218480.892 483231372.6100001

real	0m0.635s
user	0m1.851s
sys	0m0.048s
 
10829665.1294 10829701.4254 15310551.5134 15310587.8094

real	0m0.488s
user	0m1.333s
sys	0m0.124s
 
107135690886257.8 108233331157377.8 147748380917738.6 148846021188854.5

real	0m0.664s
user	0m1.949s
sys	0m0.036s
 
MAT_VEC
 
178.7929000000001 178.8030000000001 201.2149000000001 201.2250000000001

real	0m0.505s
user	0m0.558s
sys	0m0.120s
 
992.6821000000002 992.6922000000003 1117.3464 1117.3565

real	0m0.398s
user	0m0.750s
sys	0m0.441s
 
390.3932 390.4204 450.7772000000001 450.8044

real	0m0.775s
user	0m0.849s
sys	0m0.100s
 
2166.9797 2167.0069 2502.7093 2502.7365

real	0m0.447s
user	0m0.841s
sys	0m0.498s
 
157975690.7399002 164380665.8450001

real	0m0.337s
user	0m0.391s
sys	0m0.120s
 
27065907086.64689 28163538210.734

real	0m0.185s
user	0m0.533s
sys	0m0.020s
 
128614163.4402999 133441028.6953997 138267893.9505

real	0m0.318s
user	0m0.357s
sys	0m0.135s
 
17202407856.50202 17848340807.38902 18494273758.27601

real	0m0.148s
user	0m0.391s
sys	0m0.052s
 
2.2266 2.2836 2.3406 2.397600000000001

real	0m0.474s
user	0m0.528s
sys	0m0.120s
 
73.52180000000001 74.6944 86.4204 87.59300000000002

real	0m0.826s
user	0m0.879s
sys	0m0.120s
 
609.1862 615.0844000000001 774.3358000000001 780.2340000000002

real	0m0.712s
user	0m0.778s
sys	0m0.108s
 
31020069.53999998 31057579.07999998 45948866.45999996 45986376.00000001

real	0m0.429s
user	0m1.157s
sys	0m0.128s
 
3948765877.809497 3955170852.914604 5863853434.234404 5870258409.339499

real	0m0.562s
user	0m1.624s
sys	0m0.060s
 
629070346650.9426 630167977775.031 934211799147.1235 935309430271.2021

real	0m0.671s
user	0m1.973s
sys	0m0.032s
 
72549439.0166 72565446.85879999 108086848.7006 108102856.5428001

real	0m0.436s
user	0m1.255s
sys	0m0.048s
 
324096005.6180002 324108897.3359997 483218480.892 483231372.6099998

real	0m0.667s
user	0m1.949s
sys	0m0.044s
 
10829665.1294 10829701.4254 15310551.5134 15310587.8094

real	0m0.529s
user	0m1.509s
sys	0m0.072s
 
107135690886248 108233331157370.3 147748380917728.1 148846021188851.3

real	0m0.533s
user	0m1.547s
sys	0m0.044s
 
OUTER
 
101.277 104.346 110.4774 113.8252

real	0m8.017s
user	0m8.090s
sys	0m0.100s
 
96.84840000000001 99.04950000000002 108.045 110.446

real	0m7.165s
user	0m7.238s
sys	0m0.100s
 
94.13800000000002 95.84960000000002 106.419 108.286

real	0m5.352s
user	0m5.425s
sys	0m0.100s
 
14.5684 14.5728 16.60140000000001 16.606

real	0m2.252s
user	0m2.326s
sys	0m0.100s
 
10.164 10.2025 11.913 11.9548

real	0m2.199s
user	0m2.249s
sys	0m0.124s
 
955.9242 956.3004 1135.8438 1136.254

real	0m2.441s
user	0m2.474s
sys	0m0.140s
 
86477.05440000001 86480.57660000001 102897.9582 102901.8004

real	0m1.508s
user	0m4.451s
sys	0m0.064s
 
27312.9912 27313.3443 32486.685 32487.07

real	0m0.835s
user	0m2.481s
sys	0m0.020s
 
MAT_MAT
 
8054296.570500001 8377212.6174 11041896.7806 11521723.026

real	0m0.759s
user	0m0.804s
sys	0m0.129s
 
67005585.50399999 69693523.28640002 92209626.63899991 96222702.65399997

real	0m0.989s
user	0m1.039s
sys	0m0.124s
 
56602.02200000002 58658.48450000003 83130.86099999996 86296.01680000003

real	0m0.478s
user	0m0.519s
sys	0m0.133s
 
297546749.5919999 308581623.7315 440770097.5830001 457946307.1219999

real	0m0.508s
user	0m0.546s
sys	0m0.136s
 
301.3441 301.7106 379.168 379.5840000000001

real	0m1.251s
user	0m1.309s
sys	0m0.116s
 
45022.4809 45027.16379999999 57025.89409999999 57031.226

real	0m1.368s
user	0m4.057s
sys	0m0.044s
 
79343.34260000002 79353.49420000002 105856.4262 105868.395

real	0m0.825s
user	0m2.432s
sys	0m0.040s
 
77470.43699999999 77485.73999999999 107948.34 107966.91

real	0m0.349s
user	0m1.041s
sys	0m0.000s
 
109.241 111.7864 142.1856 145.251

real	0m1.028s
user	0m1.061s
sys	0m0.141s
 
1739639.1343 1765026.6362 3156552.835599999 3194056.931000001

real	0m0.548s
user	0m0.613s
sys	0m0.109s
 
40128631.9895 40455680.779 81101463.51099999 81608296.35000002

real	0m0.154s
user	0m0.418s
sys	0m0.040s
 
185145.8628 186726.9552 353878.6176 356259.936

real	0m0.515s
user	0m0.553s
sys	0m0.135s
 
5650057.303000003 5674398.905999999 11835110.684 11873364.25000001

real	0m0.159s
user	0m0.476s
sys	0m0.000s
 
3539227257.462001 3543179262.324001 8019509498.519998 8025995052.400002

real	0m0.046s
user	0m0.122s
sys	0m0.012s
 
66219776245.92162 66260257446.0572 151986883006.37 152053753059.55

real	0m0.059s
user	0m0.140s
sys	0m0.032s
 
166212294937.399 166288626284.4981 382568140639.0101 382694366833.3

real	0m0.058s
user	0m0.151s
sys	0m0.016s
 
608720333715.4656 608956501509.1868 1405127495482.165 1405518727998.904

real	0m0.107s
user	0m0.260s
sys	0m0.053s
 
TRANS1
 
8054296.570500001 8377212.6174 11041896.7806 11521723.026

real	0m0.755s
user	0m0.812s
sys	0m0.117s
 
67005585.50399999 69693523.28640002 92209626.63899991 96222702.65399997

real	0m0.970s
user	0m1.024s
sys	0m0.120s
 
56602.02200000002 58658.48450000003 83130.86099999996 86296.01680000003

real	0m0.477s
user	0m0.547s
sys	0m0.104s
 
297546749.5919999 308581623.7315 440770097.5830001 457946307.1219999

real	0m0.507s
user	0m0.581s
sys	0m0.100s
 
301.3441 301.7106 379.168 379.5840000000001

real	0m1.253s
user	0m1.287s
sys	0m0.140s
 
45022.4809 45027.16379999999 57025.89409999999 57031.226

real	0m1.376s
user	0m4.096s
sys	0m0.028s
 
79343.34260000002 79353.49420000002 105856.4262 105868.395

real	0m0.829s
user	0m2.443s
sys	0m0.040s
 
77470.43699999999 77485.73999999999 107948.34 107966.91

real	0m0.345s
user	0m1.018s
sys	0m0.012s
 
109.241 111.7864 142.1856 145.251

real	0m1.028s
user	0m1.086s
sys	0m0.116s
 
1739639.1343 1765026.6362 3156552.835599999 3194056.931000001

real	0m0.549s
user	0m0.607s
sys	0m0.116s
 
40128631.9895 40455680.779 81101463.51099999 81608296.35000002

real	0m0.153s
user	0m0.421s
sys	0m0.036s
 
185145.8628 186726.9552 353878.6176 356259.936

real	0m0.520s
user	0m0.569s
sys	0m0.125s
 
5650057.303000003 5674398.905999999 11835110.684 11873364.25000001

real	0m0.161s
user	0m0.455s
sys	0m0.024s
 
3539227257.462001 3543179262.324001 8019509498.519998 8025995052.400002

real	0m0.046s
user	0m0.127s
sys	0m0.008s
 
66219776245.92162 66260257446.0572 151986883006.37 152053753059.55

real	0m0.070s
user	0m0.157s
sys	0m0.047s
 
166212294937.399 166288626284.4981 382568140639.0101 382694366833.3

real	0m0.075s
user	0m0.168s
sys	0m0.052s
 
608720333715.4656 608956501509.1868 1405127495482.165 1405518727998.904

real	0m0.137s
user	0m0.314s
sys	0m0.089s
 
1512441.733 1524415.266 2968657.650000001 2986772.5

real	0m0.261s
user	0m0.427s
sys	0m0.180s
 
608720333715.4656 608956501509.1868 1405127495482.165 1405518727998.904

real	0m0.100s
user	0m0.224s
sys	0m0.068s
 
TRANS2
 
8054296.570500001 8377212.6174 11041896.7806 11521723.026

real	0m0.884s
user	0m0.949s
sys	0m0.109s
 
67005585.50399999 69693523.28640002 92209626.63899991 96222702.65399997

real	0m1.232s
user	0m1.293s
sys	0m0.112s
 
56602.02200000002 58658.48450000003 83130.86099999996 86296.01680000003

real	0m0.495s
user	0m0.548s
sys	0m0.121s
 
297546749.5919999 308581623.7315 440770097.5830001 457946307.1219999

real	0m0.598s
user	0m0.645s
sys	0m0.127s
 
301.3441 301.7106 379.168 379.5840000000001

real	0m1.250s
user	0m1.308s
sys	0m0.116s
 
45022.4809 45027.16379999999 57025.89409999999 57031.226

real	0m1.368s
user	0m4.044s
sys	0m0.056s
 
79343.34260000002 79353.49420000002 105856.4262 105868.395

real	0m0.830s
user	0m2.445s
sys	0m0.040s
 
77470.43699999999 77485.73999999999 107948.34 107966.91

real	0m0.350s
user	0m0.997s
sys	0m0.048s
 
109.241 111.7864 142.1856 145.251

real	0m1.054s
user	0m1.128s
sys	0m0.100s
 
1739639.1343 1765026.6362 3156552.835599999 3194056.931000001

real	0m0.569s
user	0m0.627s
sys	0m0.116s
 
40128631.9895 40455680.779 81101463.51099999 81608296.35000002

real	0m0.165s
user	0m0.480s
sys	0m0.012s
 
185145.8628 186726.9552 353878.6176 356259.936

real	0m0.520s
user	0m0.553s
sys	0m0.141s
 
5650057.303000003 5674398.905999999 11835110.684 11873364.25000001

real	0m0.166s
user	0m0.484s
sys	0m0.012s
 
3539227257.462001 3543179262.324001 8019509498.519998 8025995052.400002

real	0m0.048s
user	0m0.132s
sys	0m0.008s
 
66219776245.92162 66260257446.0572 151986883006.37 152053753059.55

real	0m0.072s
user	0m0.167s
sys	0m0.043s
 
166212294937.399 166288626284.4981 382568140639.0101 382694366833.3

real	0m0.074s
user	0m0.160s
sys	0m0.056s
 
608720333715.4656 608956501509.1868 1405127495482.165 1405518727998.904

real	0m0.136s
user	0m0.314s
sys	0m0.085s
 
1512441.733 1524415.266 2968657.650000001 2986772.5

real	0m0.272s
user	0m0.475s
sys	0m0.153s
 
608720333715.4656 608956501509.1868 1405127495482.165 1405518727998.904

real	0m0.098s
user	0m0.224s
sys	0m0.065s
 
SPECIAL
 
0.04840000000000001

real	0m1.226s
user	0m1.271s
sys	0m0.128s
 
0.04840000000000001

real	0m1.255s
user	0m1.309s
sys	0m0.120s
 
0.04840000000000001

real	0m0.419s
user	0m0.476s
sys	0m0.116s
 
53.79660000000001 53.79880000000001 58.68060000000001 58.68280000000001

real	0m1.244s
user	0m1.294s
sys	0m0.124s
 
53.79660000000001 53.79880000000001 58.68060000000001 58.68280000000001

real	0m3.651s
user	0m3.685s
sys	0m0.140s
 
9698907.663399996

real	0m0.703s
user	0m0.753s
sys	0m0.124s
 
9698907.663400002

real	0m0.441s
user	0m0.499s
sys	0m0.116s
 
0.04840000000000001

real	0m6.064s
user	0m6.134s
sys	0m0.104s
 
53.79660000000001 53.79880000000001 58.68060000000001 58.68280000000001

real	0m3.225s
user	0m3.282s
sys	0m0.116s
 
53.79660000000001 53.79880000000001 58.68060000000001 58.68280000000001

real	0m10.981s
user	0m11.039s
sys	0m0.116s
 
9698907.663400002

real	0m1.195s
user	0m1.237s
sys	0m0.132s
 
3948765877.809501 3955170852.914601 5863853434.234398 5870258409.339499

real	0m3.257s
user	0m3.286s
sys	0m0.144s
 
3948765877.809501 3955170852.914601 5863853434.234398 5870258409.339499

real	0m1.821s
user	0m1.851s
sys	0m0.144s
 
0.04840000000000001

real	0m5.999s
user	0m6.073s
sys	0m0.100s
 
53.79660000000001 53.79880000000001 58.68060000000001 58.68280000000001

real	0m4.046s
user	0m4.128s
sys	0m0.092s
 
53.79660000000001 53.79880000000001 58.68060000000001 58.68280000000001

real	0m11.027s
user	0m11.076s
sys	0m0.124s
 
9698907.663400002

real	0m1.177s
user	0m1.243s
sys	0m0.108s
 
3948765877.809501 3955170852.914601 5863853434.234398 5870258409.339499

real	0m3.214s
user	0m3.279s
sys	0m0.108s
 
3948765877.809501 3955170852.914601 5863853434.234398 5870258409.339499

real	0m1.829s
user	0m1.894s
sys	0m0.108s
 
0.04840000000000001

real	0m6.169s
user	0m6.207s
sys	0m0.136s
 
53.79660000000001 53.79880000000001 58.68060000000001 58.68280000000001

real	0m3.223s
user	0m3.280s
sys	0m0.116s
 
53.79660000000001 53.79880000000001 58.68060000000001 58.68280000000001

real	0m10.457s
user	0m10.495s
sys	0m0.136s
 
9698907.663400002

real	0m1.394s
user	0m1.452s
sys	0m0.116s
 
3948765877.809501 3955170852.914601 5863853434.234398 5870258409.339499

real	0m3.302s
user	0m3.344s
sys	0m0.132s
 
3948765877.809501 3955170852.914601 5863853434.234398 5870258409.339499

real	0m2.971s
user	0m3.025s
sys	0m0.120s
 
SEQUENCE
 
37624.35618 38872.44188 52954.76458 54712.31628

real	0m0.621s
user	0m0.666s
sys	0m0.128s
 
4350478614.186048 4405620767.888449 7321622135.843186 7393481577.214199

real	0m0.305s
user	0m0.379s
sys	0m0.100s
 
18696443068.18007 18840087100.15867 37617583432.7108 37823564976.3486

real	0m0.094s
user	0m0.264s
sys	0m0.016s
 
4.901614166865181e+18 4.912723296455449e+18 1.084442578747925e+19 1.086100449795465e+19

real	0m0.052s
user	0m0.152s
sys	0m0.000s
 
1.647418946230568e+16 1.649160037624474e+16 3.76846597969705e+16 3.771108024027195e+16

real	0m0.070s
user	0m0.198s
sys	0m0.008s
 
4.488811165018216e+17 4.490640601531965e+17 1.037309346016861e+18 1.03758774958278e+18

real	0m0.062s
user	0m0.147s
sys	0m0.032s
 
4.488811165018216e+17 4.490640601531965e+17 1.037309346016861e+18 1.03758774958278e+18

real	0m0.130s
user	0m0.294s
sys	0m0.089s
 
4.488811165018216e+17 4.490640601531965e+17 1.037309346016861e+18 1.03758774958278e+18

real	0m0.137s
user	0m0.334s
sys	0m0.068s
 
8.382424294553982e+29 8.385850640122291e+29 1.937388035390321e+30 1.937907243392919e+30

real	0m0.070s
user	0m0.168s
sys	0m0.035s
 
8.382424294553982e+29 8.385850640122291e+29 1.937388035390321e+30 1.937907243392919e+30

real	0m0.104s
user	0m0.204s
sys	0m0.100s
 
8.382424294553982e+29 8.385850640122291e+29 1.937388035390321e+30 1.937907243392919e+30

real	0m0.101s
user	0m0.199s
sys	0m0.098s
 
8.382424294553982e+29 8.385850640122291e+29 1.937388035390321e+30 1.937907243392919e+30

real	0m0.098s
user	0m0.197s
sys	0m0.091s
 
374124590164.9392 378323909405.2969 483306890414.2386 487506209654.5963

real	0m0.309s
user	0m0.367s
sys	0m0.116s
 
8003498375443.188 8040830216224.577 11400695886549.59 11438027727330.98

real	0m0.096s
user	0m0.267s
sys	0m0.020s
 
467292080353.7709 473215316635.7608 603526514839.5372 609449751121.5272

real	0m0.342s
user	0m0.391s
sys	0m0.124s
 
22856685758006.32 23032721850853.32 32186598678896.97 32362634771743.98

real	0m0.349s
user	0m0.659s
sys	0m0.387s
