 
SCALAR_VEC
 
0.5808000000000001 0.5830000000000002 0.6270000000000002 0.6292000000000002

real	0m1.973s
user	0m1.973s
sys	0m0.000s
 
46.0284 46.03060000000001 50.20620000000001 50.2084

real	0m2.036s
user	0m2.036s
sys	0m0.000s
 
29876.5456 29876.5478 32592.58860000001 32592.59080000001

real	0m0.658s
user	0m0.650s
sys	0m0.008s
 
VEC_VEC
 
174.0387

real	0m0.752s
user	0m0.752s
sys	0m0.000s
 
9698907.663399996

real	0m0.437s
user	0m0.437s
sys	0m0.000s
 
24900423491.09201

real	0m0.601s
user	0m0.601s
sys	0m0.000s
 
24900741320632.71

real	0m0.602s
user	0m0.602s
sys	0m0.000s
 
2.490083360868967e+16

real	0m0.798s
user	0m0.790s
sys	0m0.008s
 
VEC_MAT
 
178.7929000000001 178.8030000000001 201.2149000000001 201.2250000000001

real	0m1.474s
user	0m1.474s
sys	0m0.000s
 
992.6821000000002 992.6922000000003 1117.3464 1117.3565

real	0m0.839s
user	0m0.835s
sys	0m0.004s
 
390.3932 390.4204 450.7772000000001 450.8044

real	0m1.884s
user	0m1.884s
sys	0m0.000s
 
2166.9797 2167.0069 2502.7093 2502.7365

real	0m1.080s
user	0m1.080s
sys	0m0.000s
 
157975690.7399002 164380665.8450001

real	0m0.434s
user	0m0.434s
sys	0m0.000s
 
27065907086.64726 28163538210.734

real	0m0.481s
user	0m0.481s
sys	0m0.000s
 
128614163.4402999 133441028.6953997 138267893.9505

real	0m0.590s
user	0m0.590s
sys	0m0.000s
 
17202407856.50187 17848340807.38918 18494273758.27599

real	0m0.604s
user	0m0.600s
sys	0m0.004s
 
2.2266 2.2836 2.3406 2.397600000000001

real	0m0.418s
user	0m0.414s
sys	0m0.004s
 
73.52180000000001 74.6944 86.4204 87.59300000000002

real	0m1.887s
user	0m1.887s
sys	0m0.000s
 
609.1862 615.0844000000001 774.3358000000001 780.2340000000002

real	0m3.165s
user	0m3.165s
sys	0m0.000s
 
31020069.53999998 31057579.07999998 45948866.45999996 45986376.00000001

real	0m3.070s
user	0m3.070s
sys	0m0.000s
 
3948765877.809497 3955170852.914604 5863853434.234404 5870258409.339499

real	0m2.771s
user	0m2.771s
sys	0m0.000s
 
629070346650.9426 630167977775.031 934211799147.1235 935309430271.2021

real	0m1.577s
user	0m1.565s
sys	0m0.012s
 
72549439.0166 72565446.85879999 108086848.7006 108102856.5428001

real	0m2.722s
user	0m2.717s
sys	0m0.004s
 
324096005.6180002 324108897.3359997 483218480.892 483231372.6099998

real	0m1.565s
user	0m1.561s
sys	0m0.004s
 
10829665.1294 10829701.4254 15310551.5134 15310587.8094

real	0m1.219s
user	0m1.211s
sys	0m0.008s
 
107135690886248 108233331157370.3 147748380917728.1 148846021188851.3

real	0m1.118s
user	0m1.106s
sys	0m0.012s
 
MAT_VEC
 
178.7929000000001 178.8030000000001 201.2149000000001 201.2250000000001

real	0m0.596s
user	0m0.588s
sys	0m0.008s
 
992.6821000000002 992.6922000000003 1117.3464 1117.3565

real	0m0.485s
user	0m0.485s
sys	0m0.000s
 
390.3932 390.4204 450.7772000000001 450.8044

real	0m0.922s
user	0m0.922s
sys	0m0.000s
 
2166.9797 2167.0069 2502.7093 2502.7365

real	0m0.692s
user	0m0.692s
sys	0m0.000s
 
157975690.7399002 164380665.8450001

real	0m0.707s
user	0m0.707s
sys	0m0.000s
 
27065907086.64726 28163538210.734

real	0m0.809s
user	0m0.809s
sys	0m0.000s
 
128614163.4402999 133441028.6953997 138267893.9505

real	0m0.826s
user	0m0.826s
sys	0m0.000s
 
17202407856.50187 17848340807.38918 18494273758.27599

real	0m0.848s
user	0m0.848s
sys	0m0.000s
 
2.2266 2.2836 2.3406 2.397600000000001

real	0m0.380s
user	0m0.380s
sys	0m0.000s
 
73.52180000000001 74.6944 86.4204 87.59300000000002

real	0m1.069s
user	0m1.069s
sys	0m0.000s
 
609.1862 615.0844000000001 774.3358000000001 780.2340000000002

real	0m1.093s
user	0m1.093s
sys	0m0.000s
 
31020069.53999998 31057579.07999998 45948866.45999996 45986376.00000001

real	0m1.222s
user	0m1.222s
sys	0m0.000s
 
3948765877.809497 3955170852.914604 5863853434.234404 5870258409.339499

real	0m1.352s
user	0m1.348s
sys	0m0.004s
 
629070346650.9426 630167977775.031 934211799147.1235 935309430271.2021

real	0m0.869s
user	0m0.857s
sys	0m0.012s
 
72549439.0166 72565446.85879999 108086848.7006 108102856.5428001

real	0m1.458s
user	0m1.458s
sys	0m0.000s
 
324096005.6180002 324108897.3359997 483218480.892 483231372.6099998

real	0m1.025s
user	0m1.013s
sys	0m0.012s
 
10829665.1294 10829701.4254 15310551.5134 15310587.8094

real	0m0.881s
user	0m0.861s
sys	0m0.020s
 
107135690886248 108233331157370.3 147748380917728.1 148846021188851.3

real	0m0.687s
user	0m0.675s
sys	0m0.012s
 
OUTER
 
101.277 104.346 110.4774 113.8252

real	0m14.823s
user	0m14.822s
sys	0m0.000s
 
96.84840000000001 99.04950000000002 108.045 110.446

real	0m11.682s
user	0m11.682s
sys	0m0.000s
 
94.13800000000002 95.84960000000002 106.419 108.286

real	0m8.367s
user	0m8.367s
sys	0m0.000s
 
14.5684 14.5728 16.60140000000001 16.606

real	0m0.923s
user	0m0.923s
sys	0m0.000s
 
10.164 10.2025 11.913 11.9548

real	0m1.540s
user	0m1.536s
sys	0m0.004s
 
955.9242 956.3004 1135.8438 1136.254

real	0m1.072s
user	0m1.068s
sys	0m0.004s
 
86477.05440000001 86480.57660000001 102897.9582 102901.8004

real	0m0.921s
user	0m0.901s
sys	0m0.020s
 
27312.9912 27313.3443 32486.685 32487.07

real	0m0.654s
user	0m0.646s
sys	0m0.008s
 
MAT_MAT
 
8054296.570499997 8377212.617400005 11041896.78059999 11521723.02599998

real	0m3.025s
user	0m3.025s
sys	0m0.000s
 
67005585.50399998 69693523.28640002 92209626.6390001 96222702.65399998

real	0m3.754s
user	0m3.754s
sys	0m0.000s
 
56602.02200000002 58658.48450000003 83130.86099999996 86296.01680000003

real	0m2.053s
user	0m2.053s
sys	0m0.000s
 
297546749.5919997 308581623.7314994 440770097.583 457946307.1219999

real	0m2.001s
user	0m2.001s
sys	0m0.000s
 
8054296.570499997 8144829.910200007 11426434.83180001 11521723.02599998

real	0m0.778s
user	0m0.778s
sys	0m0.000s
 
67005585.50399998 67746880.83150004 95442432.67260008 96222702.65399998

real	0m1.117s
user	0m1.117s
sys	0m0.000s
 
56602.02200000002 56765.4044 86117.12820000002 86296.01680000003

real	0m0.474s
user	0m0.473s
sys	0m0.000s
 
297546749.5919997 299613096.1240003 455678605.3310006 457946307.1219999

real	0m0.563s
user	0m0.563s
sys	0m0.000s
 
301.3441 301.7106 379.168 379.5840000000001

real	0m1.007s
user	0m1.007s
sys	0m0.000s
 
45022.4809 45027.16379999999 57025.89409999999 57031.226

real	0m1.133s
user	0m1.129s
sys	0m0.004s
 
79343.34260000002 79353.49420000002 105856.4262 105868.395

real	0m0.835s
user	0m0.827s
sys	0m0.008s
 
77470.43699999999 77485.73999999999 107948.34 107966.91

real	0m0.604s
user	0m0.600s
sys	0m0.004s
 
109.241 111.7864 142.1856 145.251

real	0m1.539s
user	0m1.539s
sys	0m0.000s
 
1739639.1343 1765026.6362 3156552.835599999 3194056.931000001

real	0m1.820s
user	0m1.820s
sys	0m0.000s
 
40128631.98950006 40455680.77900002 81101463.51099998 81608296.35000008

real	0m1.105s
user	0m1.104s
sys	0m0.000s
 
185145.8628 186726.9552 353878.6176 356259.936

real	0m1.572s
user	0m1.572s
sys	0m0.000s
 
5650057.303000003 5674398.905999999 11835110.684 11873364.25000001

real	0m1.205s
user	0m1.205s
sys	0m0.000s
 
3539227257.462 3543179262.324003 8019509498.519998 8025995052.400001

real	0m0.473s
user	0m0.468s
sys	0m0.004s
 
66219776245.92168 66260257446.05717 151986883006.3699 152053753059.55

real	0m0.705s
user	0m0.696s
sys	0m0.008s
 
166212294937.3991 166288626284.498 382568140639.0098 382694366833.2999

real	0m0.747s
user	0m0.739s
sys	0m0.008s
 
608720333715.4655 608956501509.1871 1405127495482.165 1405518727998.903

real	0m1.588s
user	0m1.572s
sys	0m0.016s
 
TRANS1
 
8054296.570499997 8377212.617400005 11041896.78059999 11521723.02599998

real	0m1.703s
user	0m1.703s
sys	0m0.000s
 
67005585.50399998 69693523.28640002 92209626.6390001 96222702.65399998

real	0m2.134s
user	0m2.134s
sys	0m0.000s
 
56602.02200000002 58658.48450000003 83130.86099999996 86296.01680000003

real	0m1.229s
user	0m1.229s
sys	0m0.000s
 
297546749.5919997 308581623.7314994 440770097.583 457946307.1219999

real	0m1.300s
user	0m1.300s
sys	0m0.000s
 
8054296.570499997 8144829.910200007 11426434.83180001 11521723.02599998

real	0m1.700s
user	0m1.700s
sys	0m0.000s
 
67005585.50399998 67746880.83150004 95442432.67260008 96222702.65399998

real	0m2.134s
user	0m2.130s
sys	0m0.004s
 
56602.02200000002 56765.4044 86117.12820000002 86296.01680000003

real	0m1.223s
user	0m1.223s
sys	0m0.000s
 
297546749.5919997 299613096.1240003 455678605.3310006 457946307.1219999

real	0m1.299s
user	0m1.299s
sys	0m0.000s
 
301.3441 301.7106 379.168 379.5840000000001

real	0m2.427s
user	0m2.427s
sys	0m0.000s
 
45022.4809 45027.16379999999 57025.89409999999 57031.226

real	0m1.804s
user	0m1.800s
sys	0m0.004s
 
79343.34260000002 79353.49420000002 105856.4262 105868.395

real	0m1.536s
user	0m1.532s
sys	0m0.004s
 
77470.43699999999 77485.73999999999 107948.34 107966.91

real	0m1.253s
user	0m1.249s
sys	0m0.004s
 
109.241 111.7864 142.1856 145.251

real	0m1.583s
user	0m1.583s
sys	0m0.000s
 
1739639.1343 1765026.6362 3156552.835599999 3194056.931000001

real	0m3.262s
user	0m3.262s
sys	0m0.000s
 
40128631.98950006 40455680.77900002 81101463.51099998 81608296.35000008

real	0m2.631s
user	0m2.631s
sys	0m0.000s
 
185145.8628 186726.9552 353878.6176 356259.936

real	0m3.512s
user	0m3.512s
sys	0m0.000s
 
5650057.303000003 5674398.905999999 11835110.684 11873364.25000001

real	0m3.199s
user	0m3.199s
sys	0m0.000s
 
3539227257.462 3543179262.324003 8019509498.519998 8025995052.400001

real	0m1.166s
user	0m1.166s
sys	0m0.000s
 
66219776245.92168 66260257446.05717 151986883006.3699 152053753059.55

real	0m1.503s
user	0m1.499s
sys	0m0.004s
 
166212294937.3991 166288626284.498 382568140639.0098 382694366833.2999

real	0m1.411s
user	0m1.399s
sys	0m0.012s
 
608720333715.4655 608956501509.1871 1405127495482.165 1405518727998.903

real	0m2.854s
user	0m2.846s
sys	0m0.008s
 
1512441.733 1524415.266 2968657.650000001 2986772.5

real	0m1.832s
user	0m1.832s
sys	0m0.000s
 
608720333715.4655 608956501509.1871 1405127495482.165 1405518727998.903

real	0m1.420s
user	0m1.420s
sys	0m0.000s
 
TRANS2
 
8054296.570499997 8377212.617400005 11041896.78059999 11521723.02599998

real	0m3.464s
user	0m3.464s
sys	0m0.000s
 
67005585.50399998 69693523.28640002 92209626.6390001 96222702.65399998

real	0m4.498s
user	0m4.498s
sys	0m0.000s
 
56602.02200000002 58658.48450000003 83130.86099999996 86296.01680000003

real	0m2.158s
user	0m2.158s
sys	0m0.000s
 
297546749.5919997 308581623.7314994 440770097.583 457946307.1219999

real	0m2.339s
user	0m2.339s
sys	0m0.000s
 
8054296.570499997 8144829.910200007 11426434.83180001 11521723.02599998

real	0m0.764s
user	0m0.764s
sys	0m0.000s
 
67005585.50399998 67746880.83150004 95442432.67260008 96222702.65399998

real	0m1.135s
user	0m1.135s
sys	0m0.000s
 
56602.02200000002 56765.4044 86117.12820000002 86296.01680000003

real	0m0.476s
user	0m0.476s
sys	0m0.000s
 
297546749.5919997 299613096.1240003 455678605.3310006 457946307.1219999

real	0m0.575s
user	0m0.575s
sys	0m0.000s
 
301.3441 301.7106 379.168 379.5840000000001

real	0m1.013s
user	0m1.013s
sys	0m0.000s
 
45022.4809 45027.16379999999 57025.89409999999 57031.226

real	0m1.131s
user	0m1.123s
sys	0m0.008s
 
79343.34260000002 79353.49420000002 105856.4262 105868.395

real	0m0.836s
user	0m0.832s
sys	0m0.004s
 
77470.43699999999 77485.73999999999 107948.34 107966.91

real	0m0.604s
user	0m0.604s
sys	0m0.000s
 
109.241 111.7864 142.1856 145.251

real	0m1.590s
user	0m1.590s
sys	0m0.000s
 
1739639.1343 1765026.6362 3156552.835599999 3194056.931000001

real	0m1.882s
user	0m1.882s
sys	0m0.000s
 
40128631.98950006 40455680.77900002 81101463.51099998 81608296.35000008

real	0m1.193s
user	0m1.193s
sys	0m0.000s
 
185145.8628 186726.9552 353878.6176 356259.936

real	0m1.644s
user	0m1.644s
sys	0m0.000s
 
5650057.303000003 5674398.905999999 11835110.684 11873364.25000001

real	0m1.223s
user	0m1.223s
sys	0m0.000s
 
3539227257.462 3543179262.324003 8019509498.519998 8025995052.400001

real	0m0.503s
user	0m0.499s
sys	0m0.004s
 
66219776245.92168 66260257446.05717 151986883006.3699 152053753059.55

real	0m0.796s
user	0m0.788s
sys	0m0.008s
 
166212294937.3991 166288626284.498 382568140639.0098 382694366833.2999

real	0m0.832s
user	0m0.824s
sys	0m0.008s
 
608720333715.4655 608956501509.1871 1405127495482.165 1405518727998.903

real	0m1.743s
user	0m1.730s
sys	0m0.012s
 
1512441.733 1524415.266 2968657.650000001 2986772.5

real	0m1.025s
user	0m1.025s
sys	0m0.000s
 
608720333715.4655 608956501509.1871 1405127495482.165 1405518727998.903

real	0m0.986s
user	0m0.974s
sys	0m0.012s
 
TRANS12
 
8054296.570499997 8377212.617400005 11041896.78059999 11521723.02599998

real	0m1.725s
user	0m1.725s
sys	0m0.000s
 
67005585.50399998 69693523.28640002 92209626.6390001 96222702.65399998

real	0m2.394s
user	0m2.394s
sys	0m0.000s
 
56602.02200000002 58658.48450000003 83130.86099999996 86296.01680000003

real	0m1.164s
user	0m1.164s
sys	0m0.000s
 
297546749.5919997 308581623.7314994 440770097.583 457946307.1219999

real	0m1.452s
user	0m1.452s
sys	0m0.000s
 
8054296.570499997 8144829.910200007 11426434.83180001 11521723.02599998

real	0m1.700s
user	0m1.700s
sys	0m0.000s
 
67005585.50399998 67746880.83150004 95442432.67260008 96222702.65399998

real	0m2.134s
user	0m2.134s
sys	0m0.000s
 
56602.02200000002 56765.4044 86117.12820000002 86296.01680000003

real	0m1.160s
user	0m1.160s
sys	0m0.000s
 
297546749.5919997 299613096.1240003 455678605.3310006 457946307.1219999

real	0m1.306s
user	0m1.306s
sys	0m0.000s
 
301.3441 301.7106 379.168 379.5840000000001

real	0m2.720s
user	0m2.720s
sys	0m0.000s
 
45022.4809 45027.16379999999 57025.89409999999 57031.226

real	0m2.076s
user	0m2.076s
sys	0m0.000s
 
79343.34260000002 79353.49420000002 105856.4262 105868.395

real	0m1.584s
user	0m1.580s
sys	0m0.004s
 
77470.43699999999 77485.73999999999 107948.34 107966.91

real	0m1.196s
user	0m1.192s
sys	0m0.004s
 
109.241 111.7864 142.1856 145.251

real	0m1.274s
user	0m1.274s
sys	0m0.000s
 
1739639.1343 1765026.6362 3156552.835599999 3194056.931000001

real	0m3.267s
user	0m3.267s
sys	0m0.000s
 
40128631.98950006 40455680.77900002 81101463.51099998 81608296.35000008

real	0m2.664s
user	0m2.664s
sys	0m0.000s
 
185145.8628 186726.9552 353878.6176 356259.936

real	0m3.884s
user	0m3.884s
sys	0m0.000s
 
5650057.303000003 5674398.905999999 11835110.684 11873364.25000001

real	0m3.242s
user	0m3.238s
sys	0m0.004s
 
3539227257.462 3543179262.324003 8019509498.519998 8025995052.400001

real	0m3.323s
user	0m3.319s
sys	0m0.004s
 
66219776245.92168 66260257446.05717 151986883006.3699 152053753059.55

real	0m10.952s
user	0m10.944s
sys	0m0.008s
 
166212294937.3991 166288626284.498 382568140639.0098 382694366833.2999

real	0m9.741s
user	0m9.728s
sys	0m0.012s
 
608720333715.4655 608956501509.1871 1405127495482.165 1405518727998.903

real	0m20.126s
user	0m20.106s
sys	0m0.020s
 
SPECIAL
 
0.04840000000000001

real	0m0.845s
user	0m0.845s
sys	0m0.000s
 
0.04840000000000001

real	0m0.807s
user	0m0.807s
sys	0m0.000s
 
0.04840000000000001

real	0m0.398s
user	0m0.398s
sys	0m0.000s
 
53.79660000000001 53.79880000000001 58.68060000000001 58.68280000000001

real	0m1.127s
user	0m1.123s
sys	0m0.004s
 
53.79660000000001 53.79880000000001 58.68060000000001 58.68280000000001

real	0m3.416s
user	0m3.416s
sys	0m0.000s
 
9698907.663399996

real	0m1.323s
user	0m1.323s
sys	0m0.000s
 
9698907.663399996

real	0m0.449s
user	0m0.449s
sys	0m0.000s
 
0.04840000000000001

real	0m0.979s
user	0m0.979s
sys	0m0.000s
 
53.79660000000001 53.79880000000001 58.68060000000001 58.68280000000001

real	0m1.142s
user	0m1.142s
sys	0m0.000s
 
53.79660000000001 53.79880000000001 58.68060000000001 58.68280000000001

real	0m23.699s
user	0m23.698s
sys	0m0.000s
 
9698907.663399996

real	0m1.326s
user	0m1.326s
sys	0m0.000s
 
3948765877.809497 3955170852.914604 5863853434.234404 5870258409.339499

real	0m1.017s
user	0m1.013s
sys	0m0.004s
 
3948765877.809497 3955170852.914604 5863853434.234404 5870258409.339499

real	0m6.021s
user	0m6.021s
sys	0m0.000s
 
0.04840000000000001

real	0m0.838s
user	0m0.837s
sys	0m0.000s
 
53.79660000000001 53.79880000000001 58.68060000000001 58.68280000000001

real	0m3.644s
user	0m3.640s
sys	0m0.004s
 
53.79660000000001 53.79880000000001 58.68060000000001 58.68280000000001

real	0m5.074s
user	0m5.074s
sys	0m0.000s
 
9698907.663399996

real	0m0.450s
user	0m0.450s
sys	0m0.000s
 
3948765877.809497 3955170852.914604 5863853434.234404 5870258409.339499

real	0m2.091s
user	0m2.087s
sys	0m0.004s
 
3948765877.809497 3955170852.914604 5863853434.234404 5870258409.339499

real	0m2.087s
user	0m2.087s
sys	0m0.000s
 
0.04840000000000001

real	0m1.031s
user	0m1.031s
sys	0m0.000s
 
53.79660000000001 53.79880000000001 58.68060000000001 58.68280000000001

real	0m1.117s
user	0m1.117s
sys	0m0.000s
 
53.79660000000001 53.79880000000001 58.68060000000001 58.68280000000001

real	0m22.744s
user	0m22.744s
sys	0m0.000s
 
9698907.663399996

real	0m1.336s
user	0m1.336s
sys	0m0.000s
 
3948765877.809497 3955170852.914604 5863853434.234404 5870258409.339499

real	0m1.018s
user	0m1.014s
sys	0m0.004s
 
3948765877.809497 3955170852.914604 5863853434.234404 5870258409.339499

real	0m13.058s
user	0m13.058s
sys	0m0.000s
 
0.04840000000000001

real	0m0.851s
user	0m0.851s
sys	0m0.000s
 
53.79660000000001 53.79880000000001 58.68060000000001 58.68280000000001

real	0m4.144s
user	0m4.144s
sys	0m0.000s
 
53.79660000000001 53.79880000000001 58.68060000000001 58.68280000000001

real	0m5.392s
user	0m5.392s
sys	0m0.000s
 
9698907.663399996

real	0m0.449s
user	0m0.449s
sys	0m0.000s
 
3948765877.809497 3955170852.914604 5863853434.234404 5870258409.339499

real	0m2.094s
user	0m2.086s
sys	0m0.008s
 
3948765877.809497 3955170852.914604 5863853434.234404 5870258409.339499

real	0m9.817s
user	0m9.817s
sys	0m0.000s
 
3037.1121 3037.6632 3611.409 3612.01

real	0m0.816s
user	0m0.816s
sys	0m0.000s
 
3037.1121 3037.6632 3611.409 3612.01

real	0m0.819s
user	0m0.819s
sys	0m0.000s
 
3037.1121 3037.6632 3611.409 3612.01

real	0m2.076s
user	0m2.076s
sys	0m0.000s
 
3037.1121 3037.6632 3611.409 3612.01

real	0m2.339s
user	0m2.339s
sys	0m0.000s
 
SEQUENCE
 
37624.35618 38872.44188 52954.76458 54712.31628

real	0m2.491s
user	0m2.491s
sys	0m0.000s
 
4350478614.186048 4405620767.888449 7321622135.843186 7393481577.214199

real	0m0.742s
user	0m0.742s
sys	0m0.000s
 
48832437279.8918 49241016265.74157 88512227219.28583 89040617812.03206

real	0m2.700s
user	0m2.699s
sys	0m0.000s
 
18696443068.18007 18840087100.15867 37617583432.7108 37823564976.3486

real	0m0.749s
user	0m0.749s
sys	0m0.000s
 
4.901614166865179e+18 4.912723296455448e+18 1.084442578747924e+19 1.086100449795465e+19

real	0m0.528s
user	0m0.524s
sys	0m0.004s
 
1.647418946230568e+16 1.649160037624473e+16 3.768465979697054e+16 3.771108024027194e+16

real	0m0.741s
user	0m0.737s
sys	0m0.004s
 
4.48881116501821e+17 4.490640601531962e+17 1.03730934601686e+18 1.03758774958278e+18

real	0m0.719s
user	0m0.707s
sys	0m0.012s
 
4.48881116501821e+17 4.490640601531962e+17 1.03730934601686e+18 1.03758774958278e+18

real	0m2.239s
user	0m2.235s
sys	0m0.004s
 
4.48881116501821e+17 4.490640601531962e+17 1.03730934601686e+18 1.03758774958278e+18

real	0m2.636s
user	0m2.632s
sys	0m0.004s
 
8.382424294553979e+29 8.385850640122295e+29 1.937388035390321e+30 1.93790724339292e+30

real	0m0.736s
user	0m0.728s
sys	0m0.008s
 
8.382424294553979e+29 8.385850640122295e+29 1.937388035390321e+30 1.93790724339292e+30

real	0m1.365s
user	0m1.353s
sys	0m0.012s
 
8.382424294553979e+29 8.385850640122295e+29 1.937388035390321e+30 1.93790724339292e+30

real	0m1.451s
user	0m1.439s
sys	0m0.012s
 
8.382424294553979e+29 8.385850640122295e+29 1.937388035390321e+30 1.93790724339292e+30

real	0m2.528s
user	0m2.524s
sys	0m0.004s
 
8.382424294553979e+29 8.385850640122295e+29 1.937388035390321e+30 1.93790724339292e+30

real	0m1.328s
user	0m1.312s
sys	0m0.016s
 
8.382424294553979e+29 8.385850640122295e+29 1.937388035390321e+30 1.93790724339292e+30

real	0m1.369s
user	0m1.349s
sys	0m0.020s
 
374124590164.9393 378323909405.297 483306890414.2386 487506209654.5964

real	0m0.755s
user	0m0.755s
sys	0m0.000s
 
8003498375443.188 8040830216224.574 11400695886549.59 11438027727330.98

real	0m0.756s
user	0m0.756s
sys	0m0.000s
 
467292080353.7709 473215316635.7608 603526514839.5372 609449751121.5272

real	0m0.538s
user	0m0.538s
sys	0m0.000s
 
22856685758006.32 23032721850853.32 32186598678896.97 32362634771743.98

real	0m0.562s
user	0m0.562s
sys	0m0.000s
