 
VEC_VEC
 
174.0387

real	0m0.562s
user	0m0.562s
sys	0m0.000s
 
9698907.663399996

real	0m0.443s
user	0m0.443s
sys	0m0.000s
 
24900423491.09201

real	0m0.599s
user	0m0.599s
sys	0m0.000s
 
24900741320632.71

real	0m0.602s
user	0m0.602s
sys	0m0.000s
 
2.490083360868967e+16

real	0m0.802s
user	0m0.802s
sys	0m0.000s
 
VEC_MAT
 
178.7929000000001 178.8030000000001 201.2149000000001 201.2250000000001

real	0m0.434s
user	0m0.434s
sys	0m0.000s
 
992.6821000000002 992.6922000000003 1117.3464 1117.3565

real	0m0.265s
user	0m0.265s
sys	0m0.000s
 
390.3932 390.4204 450.7772000000001 450.8044

real	0m0.881s
user	0m0.881s
sys	0m0.000s
 
2166.9797 2167.0069 2502.7093 2502.7365

real	0m0.552s
user	0m0.552s
sys	0m0.000s
 
157975690.7399002 164380665.8450001

real	0m0.218s
user	0m0.218s
sys	0m0.000s
 
27065907086.64726 28163538210.734

real	0m0.248s
user	0m0.248s
sys	0m0.000s
 
128614163.4402999 133441028.6953997 138267893.9505

real	0m0.202s
user	0m0.202s
sys	0m0.000s
 
17202407856.50187 17848340807.38918 18494273758.27599

real	0m0.229s
user	0m0.230s
sys	0m0.000s
 
2.2266 2.2836 2.3406 2.397600000000001

real	0m0.254s
user	0m0.254s
sys	0m0.000s
 
73.52180000000001 74.6944 86.4204 87.59300000000002

real	0m0.710s
user	0m0.710s
sys	0m0.000s
 
609.1862 615.0844000000001 774.3358000000001 780.2340000000002

real	0m0.916s
user	0m0.916s
sys	0m0.000s
 
31020069.53999998 31057579.07999998 45948866.45999996 45986376.00000001

real	0m0.960s
user	0m0.960s
sys	0m0.000s
 
3948765877.809497 3955170852.914604 5863853434.234404 5870258409.339499

real	0m1.021s
user	0m1.021s
sys	0m0.000s
 
629070346650.9426 630167977775.031 934211799147.1235 935309430271.2021

real	0m0.818s
user	0m0.810s
sys	0m0.008s
 
72549439.0166 72565446.85879999 108086848.7006 108102856.5428001

real	0m1.294s
user	0m1.290s
sys	0m0.004s
 
324096005.6180002 324108897.3359997 483218480.892 483231372.6099998

real	0m1.028s
user	0m1.020s
sys	0m0.008s
 
10829665.1294 10829701.4254 15310551.5134 15310587.8094

real	0m0.773s
user	0m0.765s
sys	0m0.008s
 
107135690886248 108233331157370.3 147748380917728.1 148846021188851.3

real	0m0.595s
user	0m0.583s
sys	0m0.012s
 
MAT_VEC
 
178.7929000000001 178.8030000000001 201.2149000000001 201.2250000000001

real	0m0.348s
user	0m0.348s
sys	0m0.000s
 
992.6821000000002 992.6922000000003 1117.3464 1117.3565

real	0m0.244s
user	0m0.240s
sys	0m0.004s
 
390.3932 390.4204 450.7772000000001 450.8044

real	0m0.573s
user	0m0.569s
sys	0m0.004s
 
2166.9797 2167.0069 2502.7093 2502.7365

real	0m0.404s
user	0m0.404s
sys	0m0.000s
 
157975690.7399002 164380665.8450001

real	0m0.217s
user	0m0.217s
sys	0m0.000s
 
27065907086.64726 28163538210.734

real	0m0.241s
user	0m0.241s
sys	0m0.000s
 
128614163.4402999 133441028.6953997 138267893.9505

real	0m0.201s
user	0m0.197s
sys	0m0.004s
 
17202407856.50187 17848340807.38918 18494273758.27599

real	0m0.252s
user	0m0.252s
sys	0m0.000s
 
2.2266 2.2836 2.3406 2.397600000000001

real	0m0.129s
user	0m0.128s
sys	0m0.000s
 
73.52180000000001 74.6944 86.4204 87.59300000000002

real	0m0.585s
user	0m0.585s
sys	0m0.000s
 
609.1862 615.0844000000001 774.3358000000001 780.2340000000002

real	0m0.610s
user	0m0.610s
sys	0m0.000s
 
31020069.53999998 31057579.07999998 45948866.45999996 45986376.00000001

real	0m0.980s
user	0m0.976s
sys	0m0.004s
 
3948765877.809497 3955170852.914604 5863853434.234404 5870258409.339499

real	0m1.197s
user	0m1.197s
sys	0m0.000s
 
629070346650.9426 630167977775.031 934211799147.1235 935309430271.2021

real	0m0.918s
user	0m0.910s
sys	0m0.008s
 
72549439.0166 72565446.85879999 108086848.7006 108102856.5428001

real	0m1.013s
user	0m1.013s
sys	0m0.000s
 
324096005.6180002 324108897.3359997 483218480.892 483231372.6099998

real	0m0.798s
user	0m0.794s
sys	0m0.004s
 
10829665.1294 10829701.4254 15310551.5134 15310587.8094

real	0m0.573s
user	0m0.565s
sys	0m0.008s
 
107135690886248 108233331157370.3 147748380917728.1 148846021188851.3

real	0m0.611s
user	0m0.595s
sys	0m0.016s
 
OUTER
 
101.277 104.346 110.4774 113.8252

real	0m0.918s
user	0m0.914s
sys	0m0.004s
 
96.84840000000001 99.04950000000002 108.045 110.446

real	0m0.900s
user	0m0.900s
sys	0m0.000s
 
94.13800000000002 95.84960000000002 106.419 108.286

real	0m0.906s
user	0m0.906s
sys	0m0.000s
 
14.5684 14.5728 16.60140000000001 16.606

real	0m0.378s
user	0m0.378s
sys	0m0.000s
 
10.164 10.2025 11.913 11.9548

real	0m0.520s
user	0m0.520s
sys	0m0.000s
 
955.9242 956.3004 1135.8438 1136.254

real	0m0.577s
user	0m0.577s
sys	0m0.000s
 
86477.05440000001 86480.57660000001 102897.9582 102901.8004

real	0m0.721s
user	0m0.705s
sys	0m0.016s
 
27312.9912 27313.3443 32486.685 32487.07

real	0m0.429s
user	0m0.425s
sys	0m0.004s
 
MAT_MAT
 
8054296.570499997 8377212.617400005 11041896.78059999 11521723.02599998

real	0m0.434s
user	0m0.434s
sys	0m0.000s
 
67005585.50399998 69693523.28640002 92209626.6390001 96222702.65399998

real	0m0.561s
user	0m0.561s
sys	0m0.000s
 
56602.02200000002 58658.48450000003 83130.86099999996 86296.01680000003

real	0m0.636s
user	0m0.636s
sys	0m0.000s
 
297546749.5919997 308581623.7314994 440770097.583 457946307.1219999

real	0m0.690s
user	0m0.690s
sys	0m0.000s
 
301.3441 301.7106 379.168 379.5840000000001

real	0m0.720s
user	0m0.719s
sys	0m0.000s
 
45022.4809 45027.16379999999 57025.89409999999 57031.226

real	0m0.752s
user	0m0.744s
sys	0m0.008s
 
79343.34260000002 79353.49420000002 105856.4262 105868.395

real	0m0.544s
user	0m0.540s
sys	0m0.004s
 
77470.43699999999 77485.73999999999 107948.34 107966.91

real	0m0.426s
user	0m0.426s
sys	0m0.000s
 
109.241 111.7864 142.1856 145.251

real	0m0.650s
user	0m0.650s
sys	0m0.000s
 
1739639.1343 1765026.6362 3156552.835599999 3194056.931000001

real	0m0.902s
user	0m0.902s
sys	0m0.000s
 
40128631.98950006 40455680.77900002 81101463.51099998 81608296.35000008

real	0m0.557s
user	0m0.557s
sys	0m0.000s
 
185145.8628 186726.9552 353878.6176 356259.936

real	0m0.860s
user	0m0.859s
sys	0m0.000s
 
5650057.303000003 5674398.905999999 11835110.684 11873364.25000001

real	0m0.613s
user	0m0.613s
sys	0m0.000s
 
3539227257.462 3543179262.324003 8019509498.519998 8025995052.400001

real	0m0.230s
user	0m0.226s
sys	0m0.004s
 
66219776245.92168 66260257446.05717 151986883006.3699 152053753059.55

real	0m0.269s
user	0m0.261s
sys	0m0.008s
 
166212294937.3991 166288626284.498 382568140639.0098 382694366833.2999

real	0m0.267s
user	0m0.262s
sys	0m0.004s
 
608720333715.4655 608956501509.1871 1405127495482.165 1405518727998.903

real	0m0.581s
user	0m0.565s
sys	0m0.016s
 
TRANS1
 
8054296.570499997 8377212.617400005 11041896.78059999 11521723.02599998

real	0m0.444s
user	0m0.444s
sys	0m0.000s
 
67005585.50399998 69693523.28640002 92209626.6390001 96222702.65399998

real	0m0.600s
user	0m0.600s
sys	0m0.000s
 
56602.02200000002 58658.48450000003 83130.86099999996 86296.01680000003

real	0m0.504s
user	0m0.504s
sys	0m0.000s
 
297546749.5919997 308581623.7314994 440770097.583 457946307.1219999

real	0m0.473s
user	0m0.473s
sys	0m0.000s
 
301.3441 301.7106 379.168 379.5840000000001

real	0m0.460s
user	0m0.460s
sys	0m0.000s
 
45022.4809 45027.16379999999 57025.89409999999 57031.226

real	0m0.690s
user	0m0.682s
sys	0m0.008s
 
79343.34260000002 79353.49420000002 105856.4262 105868.395

real	0m0.502s
user	0m0.498s
sys	0m0.004s
 
77470.43699999999 77485.73999999999 107948.34 107966.91

real	0m0.348s
user	0m0.344s
sys	0m0.004s
 
109.241 111.7864 142.1856 145.251

real	0m0.589s
user	0m0.589s
sys	0m0.000s
 
1739639.1343 1765026.6362 3156552.835599999 3194056.931000001

real	0m0.798s
user	0m0.798s
sys	0m0.000s
 
40128631.98950006 40455680.77900002 81101463.51099998 81608296.35000008

real	0m0.665s
user	0m0.665s
sys	0m0.000s
 
185145.8628 186726.9552 353878.6176 356259.936

real	0m0.884s
user	0m0.884s
sys	0m0.000s
 
5650057.303000003 5674398.905999999 11835110.684 11873364.25000001

real	0m0.838s
user	0m0.838s
sys	0m0.000s
 
3539227257.462 3543179262.324003 8019509498.519998 8025995052.400001

real	0m0.268s
user	0m0.268s
sys	0m0.000s
 
66219776245.92168 66260257446.05717 151986883006.3699 152053753059.55

real	0m0.364s
user	0m0.356s
sys	0m0.008s
 
166212294937.3991 166288626284.498 382568140639.0098 382694366833.2999

real	0m0.308s
user	0m0.292s
sys	0m0.016s
 
608720333715.4655 608956501509.1871 1405127495482.165 1405518727998.903

real	0m0.680s
user	0m0.668s
sys	0m0.012s
 
1512441.733 1524415.266 2968657.650000001 2986772.5

real	0m0.493s
user	0m0.493s
sys	0m0.000s
 
608720333715.4655 608956501509.1871 1405127495482.165 1405518727998.903

real	0m0.363s
user	0m0.351s
sys	0m0.012s
 
TRANS2
 
8054296.570499997 8377212.617400005 11041896.78059999 11521723.02599998

real	0m0.565s
user	0m0.565s
sys	0m0.000s
 
67005585.50399998 69693523.28640002 92209626.6390001 96222702.65399998

real	0m0.894s
user	0m0.894s
sys	0m0.000s
 
56602.02200000002 58658.48450000003 83130.86099999996 86296.01680000003

real	0m0.673s
user	0m0.673s
sys	0m0.000s
 
297546749.5919997 308581623.7314994 440770097.583 457946307.1219999

real	0m0.806s
user	0m0.805s
sys	0m0.000s
 
301.3441 301.7106 379.168 379.5840000000001

real	0m0.720s
user	0m0.720s
sys	0m0.000s
 
45022.4809 45027.16379999999 57025.89409999999 57031.226

real	0m0.750s
user	0m0.746s
sys	0m0.004s
 
79343.34260000002 79353.49420000002 105856.4262 105868.395

real	0m0.562s
user	0m0.554s
sys	0m0.008s
 
77470.43699999999 77485.73999999999 107948.34 107966.91

real	0m0.431s
user	0m0.431s
sys	0m0.000s
 
109.241 111.7864 142.1856 145.251

real	0m0.587s
user	0m0.587s
sys	0m0.000s
 
1739639.1343 1765026.6362 3156552.835599999 3194056.931000001

real	0m0.898s
user	0m0.898s
sys	0m0.000s
 
40128631.98950006 40455680.77900002 81101463.51099998 81608296.35000008

real	0m0.617s
user	0m0.617s
sys	0m0.000s
 
185145.8628 186726.9552 353878.6176 356259.936

real	0m0.925s
user	0m0.925s
sys	0m0.000s
 
5650057.303000003 5674398.905999999 11835110.684 11873364.25000001

real	0m0.709s
user	0m0.709s
sys	0m0.000s
 
3539227257.462 3543179262.324003 8019509498.519998 8025995052.400001

real	0m0.255s
user	0m0.255s
sys	0m0.000s
 
66219776245.92168 66260257446.05717 151986883006.3699 152053753059.55

real	0m0.318s
user	0m0.306s
sys	0m0.012s
 
166212294937.3991 166288626284.498 382568140639.0098 382694366833.2999

real	0m0.304s
user	0m0.292s
sys	0m0.012s
 
608720333715.4655 608956501509.1871 1405127495482.165 1405518727998.903

real	0m0.653s
user	0m0.641s
sys	0m0.012s
 
1512441.733 1524415.266 2968657.650000001 2986772.5

real	0m0.466s
user	0m0.466s
sys	0m0.000s
 
608720333715.4655 608956501509.1871 1405127495482.165 1405518727998.903

real	0m0.343s
user	0m0.331s
sys	0m0.012s
 
SPECIAL
 
0.04840000000000001

real	0m0.292s
user	0m0.292s
sys	0m0.000s
 
0.04840000000000001

real	0m0.331s
user	0m0.331s
sys	0m0.000s
 
0.04840000000000001

real	0m0.244s
user	0m0.244s
sys	0m0.000s
 
53.79660000000001 53.79880000000001 58.68060000000001 58.68280000000001

real	0m0.753s
user	0m0.753s
sys	0m0.000s
 
53.79660000000001 53.79880000000001 58.68060000000001 58.68280000000001

real	0m0.762s
user	0m0.762s
sys	0m0.000s
 
9698907.663399996

real	0m0.435s
user	0m0.435s
sys	0m0.000s
 
9698907.663399996

real	0m0.435s
user	0m0.435s
sys	0m0.000s
 
0.04840000000000001

real	0m0.390s
user	0m0.390s
sys	0m0.000s
 
53.79660000000001 53.79880000000001 58.68060000000001 58.68280000000001

real	0m0.779s
user	0m0.779s
sys	0m0.000s
 
53.79660000000001 53.79880000000001 58.68060000000001 58.68280000000001

real	0m0.776s
user	0m0.772s
sys	0m0.004s
 
9698907.663399996

real	0m0.439s
user	0m0.435s
sys	0m0.004s
 
3948765877.809497 3955170852.914604 5863853434.234404 5870258409.339499

real	0m0.916s
user	0m0.912s
sys	0m0.004s
 
3948765877.809497 3955170852.914604 5863853434.234404 5870258409.339499

real	0m0.782s
user	0m0.778s
sys	0m0.004s
 
0.04840000000000001

real	0m0.423s
user	0m0.423s
sys	0m0.000s
 
53.79660000000001 53.79880000000001 58.68060000000001 58.68280000000001

real	0m0.779s
user	0m0.779s
sys	0m0.000s
 
53.79660000000001 53.79880000000001 58.68060000000001 58.68280000000001

real	0m0.746s
user	0m0.746s
sys	0m0.000s
 
9698907.663399996

real	0m0.439s
user	0m0.439s
sys	0m0.000s
 
3948765877.809497 3955170852.914604 5863853434.234404 5870258409.339499

real	0m0.788s
user	0m0.784s
sys	0m0.004s
 
3948765877.809497 3955170852.914604 5863853434.234404 5870258409.339499

real	0m0.780s
user	0m0.776s
sys	0m0.004s
 
0.04840000000000001

real	0m0.437s
user	0m0.437s
sys	0m0.000s
 
53.79660000000001 53.79880000000001 58.68060000000001 58.68280000000001

real	0m0.761s
user	0m0.760s
sys	0m0.000s
 
53.79660000000001 53.79880000000001 58.68060000000001 58.68280000000001

real	0m0.767s
user	0m0.766s
sys	0m0.000s
 
9698907.663399996

real	0m0.446s
user	0m0.446s
sys	0m0.000s
 
3948765877.809497 3955170852.914604 5863853434.234404 5870258409.339499

real	0m0.903s
user	0m0.903s
sys	0m0.000s
 
3948765877.809497 3955170852.914604 5863853434.234404 5870258409.339499

real	0m0.910s
user	0m0.910s
sys	0m0.000s
 
SEQUENCE
 
37624.35618 38872.44188 52954.76458 54712.31628

real	0m0.310s
user	0m0.310s
sys	0m0.000s
 
4350478614.186048 4405620767.888449 7321622135.843186 7393481577.214199

real	0m0.355s
user	0m0.355s
sys	0m0.000s
 
18696443068.18007 18840087100.15867 37617583432.7108 37823564976.3486

real	0m0.410s
user	0m0.410s
sys	0m0.000s
 
4.901614166865179e+18 4.912723296455448e+18 1.084442578747924e+19 1.086100449795465e+19

real	0m0.259s
user	0m0.259s
sys	0m0.000s
 
1.647418946230568e+16 1.649160037624473e+16 3.768465979697054e+16 3.771108024027194e+16

real	0m0.376s
user	0m0.372s
sys	0m0.004s
 
4.48881116501821e+17 4.490640601531962e+17 1.03730934601686e+18 1.03758774958278e+18

real	0m0.275s
user	0m0.271s
sys	0m0.004s
 
4.48881116501821e+17 4.490640601531962e+17 1.03730934601686e+18 1.03758774958278e+18

real	0m0.614s
user	0m0.610s
sys	0m0.004s
 
374124590164.9393 378323909405.297 483306890414.2386 487506209654.5964

real	0m0.361s
user	0m0.361s
sys	0m0.000s
 
8003498375443.188 8040830216224.574 11400695886549.59 11438027727330.98

real	0m0.416s
user	0m0.412s
sys	0m0.004s
 
467292080353.7709 473215316635.7608 603526514839.5372 609449751121.5272

real	0m0.344s
user	0m0.344s
sys	0m0.000s
 
22856685758006.32 23032721850853.32 32186598678896.97 32362634771743.98

real	0m0.427s
user	0m0.426s
sys	0m0.000s
