 
SCALAR_VEC
 
0.5808000000000001 0.5830000000000002 0.6270000000000002 0.6292000000000002

real	0m0.827s
user	0m0.831s
sys	0m0.000s
 
46.0284 46.03060000000001 50.20620000000001 50.2084

real	0m0.302s
user	0m0.305s
sys	0m0.000s
 
29876.5456 29876.5478 32592.58860000001 32592.59080000001

real	0m0.346s
user	0m0.990s
sys	0m0.012s
 
VEC_VEC
 
174.0387

real	0m1.056s
user	0m1.059s
sys	0m0.000s
 
9698907.663399996

real	0m0.447s
user	0m0.450s
sys	0m0.000s
 
24900423491.09201

real	0m0.601s
user	0m0.604s
sys	0m0.000s
 
24900741320632.71

real	0m0.605s
user	0m1.806s
sys	0m0.004s
 
2.490083360868967e+16

real	0m0.786s
user	0m2.317s
sys	0m0.012s
 
VEC_MAT
 
178.7929000000001 178.8030000000001 201.2149000000001 201.2250000000001

real	0m0.447s
user	0m0.451s
sys	0m0.000s
 
992.6821000000002 992.6922000000003 1117.3464 1117.3565

real	0m0.114s
user	0m0.339s
sys	0m0.000s
 
390.3932 390.4204 450.7772000000001 450.8044

real	0m1.046s
user	0m1.049s
sys	0m0.000s
 
2166.9797 2167.0069 2502.7093 2502.7365

real	0m0.693s
user	0m2.077s
sys	0m0.000s
 
157975690.7399002 164380665.8450001

real	0m0.220s
user	0m0.223s
sys	0m0.000s
 
27065907086.64726 28163538210.734

real	0m0.257s
user	0m0.768s
sys	0m0.000s
 
128614163.4402999 133441028.6953997 138267893.9505

real	0m0.205s
user	0m0.208s
sys	0m0.000s
 
17202407856.50187 17848340807.38918 18494273758.27599

real	0m0.236s
user	0m0.704s
sys	0m0.004s
 
2.2266 2.2836 2.3406 2.397600000000001

real	0m0.417s
user	0m0.416s
sys	0m0.004s
 
73.52180000000001 74.6944 86.4204 87.59300000000002

real	0m0.860s
user	0m0.863s
sys	0m0.000s
 
609.1862 615.0844000000001 774.3358000000001 780.2340000000002

real	0m0.941s
user	0m0.944s
sys	0m0.000s
 
31020069.53999998 31057579.07999998 45948866.45999996 45986376.00000001

real	0m0.377s
user	0m1.129s
sys	0m0.000s
 
3948765877.809497 3955170852.914604 5863853434.234404 5870258409.339499

real	0m0.413s
user	0m1.228s
sys	0m0.004s
 
629070346650.9426 630167977775.031 934211799147.1235 935309430271.2021

real	0m0.636s
user	0m1.882s
sys	0m0.000s
 
72549439.0166 72565446.85879999 108086848.7006 108102856.5428001

real	0m0.550s
user	0m1.645s
sys	0m0.000s
 
324096005.6180002 324108897.3359997 483218480.892 483231372.6099998

real	0m0.642s
user	0m1.885s
sys	0m0.016s
 
10829665.1294 10829701.4254 15310551.5134 15310587.8094

real	0m0.515s
user	0m1.497s
sys	0m0.012s
 
107135690886248 108233331157370.3 147748380917728.1 148846021188851.3

real	0m0.470s
user	0m1.365s
sys	0m0.008s
 
MAT_VEC
 
178.7929000000001 178.8030000000001 201.2149000000001 201.2250000000001

real	0m0.351s
user	0m0.350s
sys	0m0.004s
 
992.6821000000002 992.6922000000003 1117.3464 1117.3565

real	0m0.103s
user	0m0.307s
sys	0m0.000s
 
390.3932 390.4204 450.7772000000001 450.8044

real	0m0.573s
user	0m0.576s
sys	0m0.000s
 
2166.9797 2167.0069 2502.7093 2502.7365

real	0m0.141s
user	0m0.422s
sys	0m0.000s
 
157975690.7399002 164380665.8450001

real	0m0.218s
user	0m0.222s
sys	0m0.000s
 
27065907086.64726 28163538210.734

real	0m0.250s
user	0m0.748s
sys	0m0.000s
 
128614163.4402999 133441028.6953997 138267893.9505

real	0m0.203s
user	0m0.206s
sys	0m0.000s
 
17202407856.50187 17848340807.38918 18494273758.27599

real	0m0.259s
user	0m0.777s
sys	0m0.000s
 
2.2266 2.2836 2.3406 2.397600000000001

real	0m0.269s
user	0m0.273s
sys	0m0.000s
 
73.52180000000001 74.6944 86.4204 87.59300000000002

real	0m0.750s
user	0m0.753s
sys	0m0.000s
 
609.1862 615.0844000000001 774.3358000000001 780.2340000000002

real	0m0.762s
user	0m0.765s
sys	0m0.000s
 
31020069.53999998 31057579.07999998 45948866.45999996 45986376.00000001

real	0m0.509s
user	0m1.523s
sys	0m0.000s
 
3948765877.809497 3955170852.914604 5863853434.234404 5870258409.339499

real	0m0.676s
user	0m2.021s
sys	0m0.000s
 
629070346650.9426 630167977775.031 934211799147.1235 935309430271.2021

real	0m0.622s
user	0m1.831s
sys	0m0.008s
 
72549439.0166 72565446.85879999 108086848.7006 108102856.5428001

real	0m0.482s
user	0m1.441s
sys	0m0.000s
 
324096005.6180002 324108897.3359997 483218480.892 483231372.6099998

real	0m0.700s
user	0m2.064s
sys	0m0.012s
 
10829665.1294 10829701.4254 15310551.5134 15310587.8094

real	0m0.459s
user	0m1.321s
sys	0m0.020s
 
107135690886248 108233331157370.3 147748380917728.1 148846021188851.3

real	0m0.628s
user	0m1.544s
sys	0m0.016s
 
OUTER
 
101.277 104.346 110.4774 113.8252

real	0m1.014s
user	0m1.013s
sys	0m0.004s
 
96.84840000000001 99.04950000000002 108.045 110.446

real	0m0.911s
user	0m0.910s
sys	0m0.004s
 
94.13800000000002 95.84960000000002 106.419 108.286

real	0m1.033s
user	0m1.036s
sys	0m0.000s
 
14.5684 14.5728 16.60140000000001 16.606

real	0m0.456s
user	0m0.459s
sys	0m0.000s
 
10.164 10.2025 11.913 11.9548

real	0m0.683s
user	0m0.686s
sys	0m0.000s
 
955.9242 956.3004 1135.8438 1136.254

real	0m0.577s
user	0m1.728s
sys	0m0.000s
 
86477.05440000001 86480.57660000001 102897.9582 102901.8004

real	0m0.705s
user	0m1.846s
sys	0m0.024s
 
27312.9912 27313.3443 32486.685 32487.07

real	0m0.418s
user	0m1.197s
sys	0m0.008s
 
MAT_MAT
 
8054296.570499997 8377212.617400005 11041896.78059999 11521723.02599998

real	0m0.242s
user	0m0.725s
sys	0m0.000s
 
67005585.50399998 69693523.28640002 92209626.6390001 96222702.65399998

real	0m0.292s
user	0m0.873s
sys	0m0.000s
 
56602.02200000002 58658.48450000003 83130.86099999996 86296.01680000003

real	0m0.347s
user	0m1.036s
sys	0m0.004s
 
297546749.5919997 308581623.7314994 440770097.583 457946307.1219999

real	0m0.318s
user	0m0.952s
sys	0m0.000s
 
8054296.570499997 8144829.910200007 11426434.83180001 11521723.02599998

real	0m0.443s
user	0m1.326s
sys	0m0.000s
 
67005585.50399998 67746880.83150004 95442432.67260008 96222702.65399998

real	0m0.557s
user	0m1.664s
sys	0m0.004s
 
56602.02200000002 56765.4044 86117.12820000002 86296.01680000003

real	0m0.311s
user	0m0.933s
sys	0m0.000s
 
297546749.5919997 299613096.1240003 455678605.3310006 457946307.1219999

real	0m0.345s
user	0m1.033s
sys	0m0.000s
 
301.3441 301.7106 379.168 379.5840000000001

real	0m0.738s
user	0m2.212s
sys	0m0.000s
 
45022.4809 45027.16379999999 57025.89409999999 57031.226

real	0m0.705s
user	0m2.095s
sys	0m0.008s
 
79343.34260000002 79353.49420000002 105856.4262 105868.395

real	0m0.427s
user	0m1.268s
sys	0m0.000s
 
77470.43699999999 77485.73999999999 107948.34 107966.91

real	0m0.207s
user	0m0.609s
sys	0m0.004s
 
109.241 111.7864 142.1856 145.251

real	0m0.726s
user	0m0.729s
sys	0m0.000s
 
1739639.1343 1765026.6362 3156552.835599999 3194056.931000001

real	0m0.398s
user	0m1.193s
sys	0m0.000s
 
40128631.98950006 40455680.77900002 81101463.51099998 81608296.35000008

real	0m0.216s
user	0m0.642s
sys	0m0.004s
 
185145.8628 186726.9552 353878.6176 356259.936

real	0m0.359s
user	0m1.072s
sys	0m0.004s
 
5650057.303000003 5674398.905999999 11835110.684 11873364.25000001

real	0m0.231s
user	0m0.692s
sys	0m0.000s
 
3539227257.462 3543179262.324003 8019509498.519998 8025995052.400001

real	0m0.080s
user	0m0.232s
sys	0m0.000s
 
66219776245.92168 66260257446.05717 151986883006.3699 152053753059.55

real	0m0.097s
user	0m0.266s
sys	0m0.008s
 
166212294937.3991 166288626284.498 382568140639.0098 382694366833.2999

real	0m0.102s
user	0m0.271s
sys	0m0.008s
 
608720333715.4655 608956501509.1871 1405127495482.165 1405518727998.903

real	0m0.209s
user	0m0.565s
sys	0m0.020s
 
TRANS1
 
8054296.570499997 8377212.617400005 11041896.78059999 11521723.02599998

real	0m0.242s
user	0m0.724s
sys	0m0.000s
 
67005585.50399998 69693523.28640002 92209626.6390001 96222702.65399998

real	0m0.305s
user	0m0.912s
sys	0m0.000s
 
56602.02200000002 58658.48450000003 83130.86099999996 86296.01680000003

real	0m0.225s
user	0m0.675s
sys	0m0.000s
 
297546749.5919997 308581623.7314994 440770097.583 457946307.1219999

real	0m0.174s
user	0m0.521s
sys	0m0.000s
 
8054296.570499997 8144829.910200007 11426434.83180001 11521723.02599998

real	0m0.375s
user	0m1.124s
sys	0m0.000s
 
67005585.50399998 67746880.83150004 95442432.67260008 96222702.65399998

real	0m0.522s
user	0m1.565s
sys	0m0.000s
 
56602.02200000002 56765.4044 86117.12820000002 86296.01680000003

real	0m0.474s
user	0m1.418s
sys	0m0.004s
 
297546749.5919997 299613096.1240003 455678605.3310006 457946307.1219999

real	0m0.427s
user	0m1.279s
sys	0m0.000s
 
301.3441 301.7106 379.168 379.5840000000001

real	0m0.445s
user	0m1.333s
sys	0m0.000s
 
45022.4809 45027.16379999999 57025.89409999999 57031.226

real	0m0.678s
user	0m2.018s
sys	0m0.004s
 
79343.34260000002 79353.49420000002 105856.4262 105868.395

real	0m0.616s
user	0m1.828s
sys	0m0.008s
 
77470.43699999999 77485.73999999999 107948.34 107966.91

real	0m0.420s
user	0m1.248s
sys	0m0.004s
 
109.241 111.7864 142.1856 145.251

real	0m0.787s
user	0m0.790s
sys	0m0.000s
 
1739639.1343 1765026.6362 3156552.835599999 3194056.931000001

real	0m0.358s
user	0m1.069s
sys	0m0.004s
 
40128631.98950006 40455680.77900002 81101463.51099998 81608296.35000008

real	0m0.220s
user	0m0.658s
sys	0m0.000s
 
185145.8628 186726.9552 353878.6176 356259.936

real	0m0.445s
user	0m1.332s
sys	0m0.000s
 
5650057.303000003 5674398.905999999 11835110.684 11873364.25000001

real	0m0.326s
user	0m0.975s
sys	0m0.000s
 
3539227257.462 3543179262.324003 8019509498.519998 8025995052.400001

real	0m0.086s
user	0m0.251s
sys	0m0.000s
 
66219776245.92168 66260257446.05717 151986883006.3699 152053753059.55

real	0m0.119s
user	0m0.322s
sys	0m0.004s
 
166212294937.3991 166288626284.498 382568140639.0098 382694366833.2999

real	0m0.106s
user	0m0.265s
sys	0m0.008s
 
608720333715.4655 608956501509.1871 1405127495482.165 1405518727998.903

real	0m0.227s
user	0m0.579s
sys	0m0.024s
 
1512441.733 1524415.266 2968657.650000001 2986772.5

real	0m0.219s
user	0m0.656s
sys	0m0.000s
 
608720333715.4655 608956501509.1871 1405127495482.165 1405518727998.903

real	0m0.128s
user	0m0.311s
sys	0m0.008s
 
TRANS2
 
8054296.570499997 8377212.617400005 11041896.78059999 11521723.02599998

real	0m0.323s
user	0m0.966s
sys	0m0.000s
 
67005585.50399998 69693523.28640002 92209626.6390001 96222702.65399998

real	0m0.432s
user	0m1.295s
sys	0m0.000s
 
56602.02200000002 58658.48450000003 83130.86099999996 86296.01680000003

real	0m0.295s
user	0m0.882s
sys	0m0.000s
 
297546749.5919997 308581623.7314994 440770097.583 457946307.1219999

real	0m0.401s
user	0m1.196s
sys	0m0.004s
 
8054296.570499997 8144829.910200007 11426434.83180001 11521723.02599998

real	0m0.416s
user	0m1.247s
sys	0m0.000s
 
67005585.50399998 67746880.83150004 95442432.67260008 96222702.65399998

real	0m0.560s
user	0m1.678s
sys	0m0.000s
 
56602.02200000002 56765.4044 86117.12820000002 86296.01680000003

real	0m0.377s
user	0m1.128s
sys	0m0.000s
 
297546749.5919997 299613096.1240003 455678605.3310006 457946307.1219999

real	0m0.429s
user	0m1.284s
sys	0m0.000s
 
301.3441 301.7106 379.168 379.5840000000001

real	0m0.724s
user	0m2.170s
sys	0m0.000s
 
45022.4809 45027.16379999999 57025.89409999999 57031.226

real	0m0.699s
user	0m2.086s
sys	0m0.000s
 
79343.34260000002 79353.49420000002 105856.4262 105868.395

real	0m0.426s
user	0m1.261s
sys	0m0.004s
 
77470.43699999999 77485.73999999999 107948.34 107966.91

real	0m0.208s
user	0m0.615s
sys	0m0.000s
 
109.241 111.7864 142.1856 145.251

real	0m0.720s
user	0m0.723s
sys	0m0.000s
 
1739639.1343 1765026.6362 3156552.835599999 3194056.931000001

real	0m0.400s
user	0m1.195s
sys	0m0.004s
 
40128631.98950006 40455680.77900002 81101463.51099998 81608296.35000008

real	0m0.232s
user	0m0.690s
sys	0m0.004s
 
185145.8628 186726.9552 353878.6176 356259.936

real	0m0.370s
user	0m1.105s
sys	0m0.004s
 
5650057.303000003 5674398.905999999 11835110.684 11873364.25000001

real	0m0.246s
user	0m0.737s
sys	0m0.000s
 
3539227257.462 3543179262.324003 8019509498.519998 8025995052.400001

real	0m0.084s
user	0m0.240s
sys	0m0.004s
 
66219776245.92168 66260257446.05717 151986883006.3699 152053753059.55

real	0m0.111s
user	0m0.296s
sys	0m0.004s
 
166212294937.3991 166288626284.498 382568140639.0098 382694366833.2999

real	0m0.117s
user	0m0.290s
sys	0m0.016s
 
608720333715.4655 608956501509.1871 1405127495482.165 1405518727998.903

real	0m0.235s
user	0m0.607s
sys	0m0.024s
 
1512441.733 1524415.266 2968657.650000001 2986772.5

real	0m0.232s
user	0m0.694s
sys	0m0.000s
 
608720333715.4655 608956501509.1871 1405127495482.165 1405518727998.903

real	0m0.132s
user	0m0.333s
sys	0m0.000s
 
TRANS12
 
8054296.570499997 8377212.617400005 11041896.78059999 11521723.02599998

real	0m0.286s
user	0m0.857s
sys	0m0.000s
 
67005585.50399998 69693523.28640002 92209626.6390001 96222702.65399998

real	0m0.360s
user	0m1.079s
sys	0m0.000s
 
56602.02200000002 58658.48450000003 83130.86099999996 86296.01680000003

real	0m0.165s
user	0m0.494s
sys	0m0.000s
 
297546749.5919997 308581623.7314994 440770097.583 457946307.1219999

real	0m0.185s
user	0m0.549s
sys	0m0.004s
 
8054296.570499997 8144829.910200007 11426434.83180001 11521723.02599998

real	0m0.480s
user	0m1.438s
sys	0m0.000s
 
67005585.50399998 67746880.83150004 95442432.67260008 96222702.65399998

real	0m0.609s
user	0m1.826s
sys	0m0.000s
 
56602.02200000002 56765.4044 86117.12820000002 86296.01680000003

real	0m0.753s
user	0m2.258s
sys	0m0.000s
 
297546749.5919997 299613096.1240003 455678605.3310006 457946307.1219999

real	0m0.678s
user	0m2.029s
sys	0m0.004s
 
301.3441 301.7106 379.168 379.5840000000001

real	0m1.010s
user	0m3.029s
sys	0m0.000s
 
45022.4809 45027.16379999999 57025.89409999999 57031.226

real	0m0.991s
user	0m2.961s
sys	0m0.000s
 
79343.34260000002 79353.49420000002 105856.4262 105868.395

real	0m0.606s
user	0m1.800s
sys	0m0.004s
 
77470.43699999999 77485.73999999999 107948.34 107966.91

real	0m0.304s
user	0m0.898s
sys	0m0.004s
 
109.241 111.7864 142.1856 145.251

real	0m0.792s
user	0m0.795s
sys	0m0.000s
 
1739639.1343 1765026.6362 3156552.835599999 3194056.931000001

real	0m0.487s
user	0m1.459s
sys	0m0.000s
 
40128631.98950006 40455680.77900002 81101463.51099998 81608296.35000008

real	0m0.292s
user	0m0.870s
sys	0m0.004s
 
185145.8628 186726.9552 353878.6176 356259.936

real	0m0.440s
user	0m1.313s
sys	0m0.004s
 
5650057.303000003 5674398.905999999 11835110.684 11873364.25000001

real	0m0.297s
user	0m0.890s
sys	0m0.000s
 
3539227257.462 3543179262.324003 8019509498.519998 8025995052.400001

real	0m0.096s
user	0m0.279s
sys	0m0.000s
 
66219776245.92168 66260257446.05717 151986883006.3699 152053753059.55

real	0m0.138s
user	0m0.362s
sys	0m0.008s
 
166212294937.3991 166288626284.498 382568140639.0098 382694366833.2999

real	0m0.149s
user	0m0.374s
sys	0m0.012s
 
608720333715.4655 608956501509.1871 1405127495482.165 1405518727998.903

real	0m0.291s
user	0m0.742s
sys	0m0.028s
 
SPECIAL
 
0.04840000000000001

real	0m0.750s
user	0m0.753s
sys	0m0.000s
 
0.04840000000000001

real	0m0.787s
user	0m0.790s
sys	0m0.000s
 
0.04840000000000001

real	0m0.670s
user	0m0.674s
sys	0m0.000s
 
53.79660000000001 53.79880000000001 58.68060000000001 58.68280000000001

real	0m0.777s
user	0m0.780s
sys	0m0.000s
 
53.79660000000001 53.79880000000001 58.68060000000001 58.68280000000001

real	0m0.777s
user	0m0.776s
sys	0m0.004s
 
9698907.663399996

real	0m0.445s
user	0m0.448s
sys	0m0.000s
 
9698907.663399996

real	0m0.445s
user	0m0.448s
sys	0m0.000s
 
0.04840000000000001

real	0m1.681s
user	0m1.684s
sys	0m0.000s
 
53.79660000000001 53.79880000000001 58.68060000000001 58.68280000000001

real	0m0.828s
user	0m0.831s
sys	0m0.000s
 
53.79660000000001 53.79880000000001 58.68060000000001 58.68280000000001

real	0m0.795s
user	0m0.798s
sys	0m0.000s
 
9698907.663399996

real	0m0.456s
user	0m0.459s
sys	0m0.000s
 
3948765877.809497 3955170852.914604 5863853434.234404 5870258409.339499

real	0m0.892s
user	0m2.664s
sys	0m0.004s
 
3948765877.809497 3955170852.914604 5863853434.234404 5870258409.339499

real	0m0.312s
user	0m0.925s
sys	0m0.004s
 
0.04840000000000001

real	0m1.471s
user	0m1.474s
sys	0m0.000s
 
53.79660000000001 53.79880000000001 58.68060000000001 58.68280000000001

real	0m0.786s
user	0m0.789s
sys	0m0.000s
 
53.79660000000001 53.79880000000001 58.68060000000001 58.68280000000001

real	0m0.790s
user	0m0.793s
sys	0m0.000s
 
9698907.663399996

real	0m0.455s
user	0m0.458s
sys	0m0.000s
 
3948765877.809497 3955170852.914604 5863853434.234404 5870258409.339499

real	0m0.780s
user	0m2.326s
sys	0m0.000s
 
3948765877.809497 3955170852.914604 5863853434.234404 5870258409.339499

real	0m0.310s
user	0m0.925s
sys	0m0.000s
 
0.04840000000000001

real	0m1.524s
user	0m1.527s
sys	0m0.000s
 
53.79660000000001 53.79880000000001 58.68060000000001 58.68280000000001

real	0m0.823s
user	0m0.822s
sys	0m0.004s
 
53.79660000000001 53.79880000000001 58.68060000000001 58.68280000000001

real	0m0.817s
user	0m0.820s
sys	0m0.000s
 
9698907.663399996

real	0m0.454s
user	0m0.457s
sys	0m0.000s
 
3948765877.809497 3955170852.914604 5863853434.234404 5870258409.339499

real	0m0.945s
user	0m2.826s
sys	0m0.004s
 
3948765877.809497 3955170852.914604 5863853434.234404 5870258409.339499

real	0m0.510s
user	0m1.515s
sys	0m0.004s
 
0.04840000000000001

real	0m1.517s
user	0m1.520s
sys	0m0.000s
 
53.79660000000001 53.79880000000001 58.68060000000001 58.68280000000001

real	0m0.785s
user	0m0.788s
sys	0m0.000s
 
53.79660000000001 53.79880000000001 58.68060000000001 58.68280000000001

real	0m0.812s
user	0m0.811s
sys	0m0.004s
 
9698907.663399996

real	0m0.455s
user	0m0.458s
sys	0m0.000s
 
3948765877.809497 3955170852.914604 5863853434.234404 5870258409.339499

real	0m0.787s
user	0m2.343s
sys	0m0.004s
 
3948765877.809497 3955170852.914604 5863853434.234404 5870258409.339499

real	0m0.513s
user	0m1.512s
sys	0m0.016s
 
3037.1121 3037.6632 3611.409 3612.01

real	0m0.214s
user	0m0.638s
sys	0m0.000s
 
3037.1121 3037.6632 3611.409 3612.01

real	0m0.212s
user	0m0.633s
sys	0m0.000s
 
3037.1121 3037.6632 3611.409 3612.01

real	0m0.214s
user	0m0.634s
sys	0m0.004s
 
3037.1121 3037.6632 3611.409 3612.01

real	0m0.211s
user	0m0.629s
sys	0m0.000s
 
SEQUENCE
 
37624.35618 38872.44188 52954.76458 54712.31628

real	0m0.176s
user	0m0.526s
sys	0m0.000s
 
4350478614.186048 4405620767.888449 7321622135.843186 7393481577.214199

real	0m0.239s
user	0m0.712s
sys	0m0.004s
 
48832437279.8918 49241016265.74157 88512227219.28583 89040617812.03206

real	0m0.514s
user	0m1.540s
sys	0m0.000s
 
18696443068.18007 18840087100.15867 37617583432.7108 37823564976.3486

real	0m0.151s
user	0m0.451s
sys	0m0.000s
 
4.901614166865179e+18 4.912723296455448e+18 1.084442578747924e+19 1.086100449795465e+19

real	0m0.090s
user	0m0.267s
sys	0m0.000s
 
1.647418946230568e+16 1.649160037624473e+16 3.768465979697054e+16 3.771108024027194e+16

real	0m0.132s
user	0m0.380s
sys	0m0.004s
 
4.48881116501821e+17 4.490640601531962e+17 1.03730934601686e+18 1.03758774958278e+18

real	0m0.104s
user	0m0.274s
sys	0m0.008s
 
4.48881116501821e+17 4.490640601531962e+17 1.03730934601686e+18 1.03758774958278e+18

real	0m0.210s
user	0m0.559s
sys	0m0.012s
 
4.48881116501821e+17 4.490640601531962e+17 1.03730934601686e+18 1.03758774958278e+18

real	0m0.203s
user	0m0.539s
sys	0m0.004s
 
8.382424294553979e+29 8.385850640122295e+29 1.937388035390321e+30 1.93790724339292e+30

real	0m0.115s
user	0m0.294s
sys	0m0.016s
 
8.382424294553979e+29 8.385850640122295e+29 1.937388035390321e+30 1.93790724339292e+30

real	0m0.132s
user	0m0.317s
sys	0m0.008s
 
8.382424294553979e+29 8.385850640122295e+29 1.937388035390321e+30 1.93790724339292e+30

real	0m0.129s
user	0m0.314s
sys	0m0.004s
 
8.382424294553979e+29 8.385850640122295e+29 1.937388035390321e+30 1.93790724339292e+30

real	0m0.134s
user	0m0.318s
sys	0m0.012s
 
8.382424294553979e+29 8.385850640122295e+29 1.937388035390321e+30 1.93790724339292e+30

real	0m0.125s
user	0m0.298s
sys	0m0.008s
 
8.382424294553979e+29 8.385850640122295e+29 1.937388035390321e+30 1.93790724339292e+30

real	0m0.122s
user	0m0.287s
sys	0m0.012s
 
374124590164.9393 378323909405.297 483306890414.2386 487506209654.5964

real	0m0.254s
user	0m0.760s
sys	0m0.000s
 
8003498375443.188 8040830216224.574 11400695886549.59 11438027727330.98

real	0m0.157s
user	0m0.470s
sys	0m0.000s
 
467292080353.7709 473215316635.7608 603526514839.5372 609449751121.5272

real	0m0.388s
user	0m0.387s
sys	0m0.004s
 
22856685758006.32 23032721850853.32 32186598678896.97 32362634771743.98

real	0m0.404s
user	0m0.403s
sys	0m0.004s
