 
VEC_VEC
 
174.0387000000001

real	0m0.329s
user	0m0.372s
sys	0m0.252s
 
9698907.663400002

real	0m0.110s
user	0m0.144s
sys	0m0.264s
 
24900423491.092

real	0m0.160s
user	0m0.200s
sys	0m0.256s
 
24900741320632.72

real	0m0.175s
user	0m0.208s
sys	0m0.264s
 
2.490083360868286e+16

real	0m0.346s
user	0m0.420s
sys	0m0.220s
 
VEC_MAT
 
178.7929000000001 178.8030000000001 201.2149000000001 201.2250000000001

real	0m1.018s
user	0m2.996s
sys	0m2.076s
 
992.6821000000002 992.6922000000003 1117.3464 1117.3565

real	0m0.361s
user	0m0.896s
sys	0m0.896s
 
390.3932 390.4204 450.7772 450.8044

real	0m1.070s
user	0m2.836s
sys	0m2.496s
 
2166.9797 2167.0069 2502.7093 2502.7365

real	0m0.383s
user	0m1.136s
sys	0m0.764s
 
157975690.7399 164380665.8450001

real	0m0.174s
user	0m0.244s
sys	0m0.228s
 
27065907086.64689 28163538210.734

real	0m0.230s
user	0m0.276s
sys	0m0.248s
 
128614163.4403001 133441028.6954 138267893.9505

real	0m0.205s
user	0m0.260s
sys	0m0.240s
 
17202407856.50204 17848340807.38907 18494273758.276

real	0m0.252s
user	0m0.320s
sys	0m0.228s
 
2.2266 2.2836 2.3406 2.397600000000001

real	0m1.183s
user	0m1.224s
sys	0m0.252s
 
73.52180000000001 74.6944 86.42040000000001 87.593

real	0m5.809s
user	0m11.668s
sys	0m11.596s
 
609.1862000000001 615.0844 774.3358000000001 780.2339999999999

real	0m2.874s
user	0m6.628s
sys	0m7.712s
 
31020069.53999999 31057579.08 45948866.46000002 45986376

real	0m0.218s
user	0m0.788s
sys	0m0.288s
 
3948765877.809501 3955170852.9146 5863853434.234401 5870258409.339502

real	0m0.171s
user	0m0.636s
sys	0m0.208s
 
629070346650.9368 630167977775.0244 934211799147.1187 935309430271.2014

real	0m0.333s
user	0m1.528s
sys	0m0.124s
 
72549439.01660001 72565446.85880002 108086848.7006 108102856.5428

real	0m0.184s
user	0m0.664s
sys	0m0.244s
 
324096005.6180001 324108897.3359999 483218480.8920001 483231372.6100001

real	0m0.332s
user	0m1.428s
sys	0m0.216s
 
10829665.1294 10829701.4254 15310551.5134 15310587.8094

real	0m0.278s
user	0m1.176s
sys	0m0.200s
 
107135690886257.8 108233331157377.8 147748380917736.1 148846021188854.5

real	0m0.350s
user	0m1.540s
sys	0m0.196s
 
MAT_VEC
 
178.7929000000001 178.8030000000001 201.2149000000001 201.2250000000001

real	0m0.841s
user	0m2.364s
sys	0m1.824s
 
992.6821000000002 992.6922000000003 1117.3464 1117.3565

real	0m0.357s
user	0m0.888s
sys	0m0.884s
 
390.3932 390.4204 450.7772000000001 450.8044

real	0m1.003s
user	0m2.900s
sys	0m2.096s
 
2166.9797 2167.0069 2502.7093 2502.7365

real	0m0.382s
user	0m1.144s
sys	0m0.752s
 
157975690.7399002 164380665.8450001

real	0m0.339s
user	0m0.404s
sys	0m0.232s
 
27065907086.64726 28163538210.734

real	0m0.366s
user	0m0.428s
sys	0m0.232s
 
128614163.4402999 133441028.6953997 138267893.9505

real	0m0.314s
user	0m0.372s
sys	0m0.236s
 
17202407856.50187 17848340807.38918 18494273758.27599

real	0m0.314s
user	0m0.360s
sys	0m0.248s
 
2.2266 2.2836 2.3406 2.397600000000001

real	0m1.169s
user	0m1.232s
sys	0m0.232s
 
73.52180000000001 74.6944 86.4204 87.59300000000002

real	0m7.069s
user	0m13.052s
sys	0m15.244s
 
609.1862 615.0844000000001 774.3358000000001 780.2340000000002

real	0m3.636s
user	0m8.696s
sys	0m9.444s
 
31020069.53999998 31057579.07999998 45948866.45999996 45986376.00000001

real	0m0.299s
user	0m1.224s
sys	0m0.260s
 
3948765877.809497 3955170852.914604 5863853434.234404 5870258409.339499

real	0m0.278s
user	0m1.080s
sys	0m0.300s
 
629070346650.9426 630167977775.031 934211799147.1235 935309430271.2021

real	0m0.505s
user	0m2.332s
sys	0m0.176s
 
72549439.0166 72565446.85879999 108086848.7006 108102856.5428001

real	0m0.193s
user	0m0.684s
sys	0m0.272s
 
324096005.6180002 324108897.3359997 483218480.892 483231372.6099998

real	0m0.333s
user	0m1.552s
sys	0m0.100s
 
10829665.1294 10829701.4254 15310551.5134 15310587.8094

real	0m0.287s
user	0m1.196s
sys	0m0.224s
 
107135690886248 108233331157370.3 147748380917728.1 148846021188851.3

real	0m0.303s
user	0m1.468s
sys	0m0.032s
 
OUTER
 
101.277 104.346 110.4774 113.8252

real	0m6.270s
user	0m6.300s
sys	0m0.256s
 
96.84840000000001 99.04950000000002 108.045 110.446

real	0m5.447s
user	0m5.496s
sys	0m0.240s
 
94.13800000000002 95.84960000000002 106.419 108.286

real	0m4.548s
user	0m4.560s
sys	0m0.276s
 
14.5684 14.5728 16.60140000000001 16.606

real	0m2.104s
user	0m2.148s
sys	0m0.248s
 
10.164 10.2025 11.913 11.9548

real	0m1.908s
user	0m1.944s
sys	0m0.256s
 
955.9242 956.3004 1135.8438 1136.254

real	0m1.248s
user	0m1.300s
sys	0m0.240s
 
86477.05440000001 86480.57660000001 102897.9582 102901.8004

real	0m1.082s
user	0m1.108s
sys	0m0.268s
 
27312.9912 27313.3443 32486.685 32487.07

real	0m0.548s
user	0m0.604s
sys	0m0.240s
 
MAT_MAT
 
8054296.5705 8377212.617400002 11041896.7806 11521723.026

real	0m0.527s
user	0m0.592s
sys	0m0.232s
 
67005585.50399999 69693523.28640001 92209626.63900001 96222702.65400001

real	0m0.644s
user	0m0.680s
sys	0m0.260s
 
56602.02200000002 58658.48450000003 83130.86099999996 86296.01680000003

real	0m0.383s
user	0m0.416s
sys	0m0.264s
 
297546749.5919999 308581623.7315 440770097.5830001 457946307.122

real	0m0.389s
user	0m0.432s
sys	0m0.252s
 
301.3441 301.7106 379.168 379.5840000000001

real	0m1.006s
user	0m1.052s
sys	0m0.248s
 
45022.4809 45027.16379999999 57025.89409999999 57031.226

real	0m0.891s
user	0m0.948s
sys	0m0.236s
 
79343.34260000002 79353.49420000002 105856.4262 105868.395

real	0m0.583s
user	0m0.624s
sys	0m0.252s
 
77470.43699999999 77485.73999999999 107948.34 107966.91

real	0m0.387s
user	0m0.424s
sys	0m0.260s
 
109.241 111.7864 142.1856 145.251

real	0m0.759s
user	0m0.796s
sys	0m0.256s
 
1739639.1343 1765026.6362 3156552.8356 3194056.931000001

real	0m0.274s
user	0m1.188s
sys	0m0.172s
 
40128631.9895 40455680.779 81101463.51100001 81608296.34999999

real	0m0.199s
user	0m0.776s
sys	0m0.208s
 
185145.8628 186726.9552 353878.6176 356259.936

real	0m0.347s
user	0m1.348s
sys	0m0.376s
 
5650057.303000001 5674398.906000001 11835110.684 11873364.25

real	0m0.242s
user	0m0.812s
sys	0m0.388s
 
3539227257.462 3543179262.324 8019509498.52 8025995052.4

real	0m0.086s
user	0m0.256s
sys	0m0.164s
 
66219776245.92161 66260257446.05721 151986883006.3701 152053753059.55

real	0m0.104s
user	0m0.372s
sys	0m0.136s
 
166212294937.399 166288626284.498 382568140639.0099 382694366833.2999

real	0m0.096s
user	0m0.332s
sys	0m0.136s
 
608720333715.4655 608956501509.1866 1405127495482.166 1405518727998.904

real	0m0.186s
user	0m0.648s
sys	0m0.268s
 
TRANS1
 
8054296.5705 8377212.617400002 11041896.7806 11521723.026

real	0m0.535s
user	0m0.592s
sys	0m0.240s
 
67005585.50399999 69693523.28640001 92209626.63900001 96222702.65400001

real	0m0.648s
user	0m0.704s
sys	0m0.236s
 
56602.02200000002 58658.48450000003 83130.86099999996 86296.01680000003

real	0m0.387s
user	0m0.440s
sys	0m0.244s
 
297546749.5919999 308581623.7315 440770097.5830001 457946307.122

real	0m0.378s
user	0m0.424s
sys	0m0.248s
 
301.3441 301.7106 379.168 379.5840000000001

real	0m1.019s
user	0m1.044s
sys	0m0.268s
 
45022.4809 45027.16379999999 57025.89409999999 57031.226

real	0m0.977s
user	0m1.040s
sys	0m0.232s
 
79343.34260000002 79353.49420000002 105856.4262 105868.395

real	0m0.593s
user	0m0.612s
sys	0m0.276s
 
77470.43699999999 77485.73999999999 107948.34 107966.91

real	0m0.384s
user	0m0.420s
sys	0m0.260s
 
109.241 111.7864 142.1856 145.251

real	0m0.967s
user	0m1.000s
sys	0m0.260s
 
1739639.1343 1765026.6362 3156552.8356 3194056.931000001

real	0m0.321s
user	0m1.268s
sys	0m0.328s
 
40128631.9895 40455680.779 81101463.51100001 81608296.34999999

real	0m0.201s
user	0m0.760s
sys	0m0.236s
 
185145.8628 186726.9552 353878.6176 356259.936

real	0m0.314s
user	0m1.284s
sys	0m0.276s
 
5650057.303000001 5674398.906000001 11835110.684 11873364.25

real	0m0.240s
user	0m0.920s
sys	0m0.272s
 
3539227257.462 3543179262.324 8019509498.52 8025995052.4

real	0m0.087s
user	0m0.280s
sys	0m0.140s
 
66219776245.92161 66260257446.05721 151986883006.3701 152053753059.55

real	0m0.108s
user	0m0.360s
sys	0m0.168s
 
166212294937.399 166288626284.498 382568140639.0099 382694366833.2999

real	0m0.099s
user	0m0.328s
sys	0m0.156s
 
608720333715.4655 608956501509.1866 1405127495482.166 1405518727998.904

real	0m0.188s
user	0m0.648s
sys	0m0.280s
 
1512441.733 1524415.266 2968657.65 2986772.5

real	0m0.195s
user	0m0.604s
sys	0m0.244s
 
608720333715.4655 608956501509.1866 1405127495482.166 1405518727998.904

real	0m0.114s
user	0m0.396s
sys	0m0.164s
 
TRANS2
 
8054296.5705 8377212.617400002 11041896.7806 11521723.026

real	0m0.577s
user	0m0.612s
sys	0m0.260s
 
67005585.50399999 69693523.28640001 92209626.63900001 96222702.65400001

real	0m0.738s
user	0m0.788s
sys	0m0.244s
 
56602.02200000002 58658.48450000003 83130.86099999996 86296.01680000003

real	0m0.401s
user	0m0.428s
sys	0m0.268s
 
297546749.5919999 308581623.7315 440770097.5830001 457946307.122

real	0m0.421s
user	0m0.480s
sys	0m0.236s
 
301.3441 301.7106 379.168 379.5840000000001

real	0m1.007s
user	0m1.056s
sys	0m0.244s
 
45022.4809 45027.16379999999 57025.89409999999 57031.226

real	0m0.940s
user	0m0.996s
sys	0m0.240s
 
79343.34260000002 79353.49420000002 105856.4262 105868.395

real	0m0.610s
user	0m0.660s
sys	0m0.244s
 
77470.43699999999 77485.73999999999 107948.34 107966.91

real	0m0.389s
user	0m0.432s
sys	0m0.252s
 
109.241 111.7864 142.1856 145.251

real	0m0.783s
user	0m0.800s
sys	0m0.276s
 
1739639.1343 1765026.6362 3156552.8356 3194056.931000001

real	0m0.284s
user	0m1.196s
sys	0m0.212s
 
40128631.9895 40455680.779 81101463.51100001 81608296.34999999

real	0m0.205s
user	0m0.840s
sys	0m0.176s
 
185145.8628 186726.9552 353878.6176 356259.936

real	0m0.318s
user	0m1.252s
sys	0m0.324s
 
5650057.303000001 5674398.906000001 11835110.684 11873364.25

real	0m0.249s
user	0m0.864s
sys	0m0.368s
 
3539227257.462 3543179262.324 8019509498.52 8025995052.4

real	0m0.087s
user	0m0.312s
sys	0m0.112s
 
66219776245.92161 66260257446.05721 151986883006.3701 152053753059.55

real	0m0.106s
user	0m0.352s
sys	0m0.168s
 
166212294937.399 166288626284.498 382568140639.0099 382694366833.2999

real	0m0.101s
user	0m0.332s
sys	0m0.160s
 
608720333715.4655 608956501509.1866 1405127495482.166 1405518727998.904

real	0m0.188s
user	0m0.632s
sys	0m0.296s
 
1512441.733 1524415.266 2968657.65 2986772.5

real	0m0.205s
user	0m0.648s
sys	0m0.236s
 
608720333715.4655 608956501509.1866 1405127495482.166 1405518727998.904

real	0m0.110s
user	0m0.340s
sys	0m0.200s
 
SPECIAL
 
0.04840000000000001

real	0m6.649s
user	0m6.680s
sys	0m0.256s
 
0.04840000000000001

real	0m6.673s
user	0m6.724s
sys	0m0.232s
 
0.04840000000000001

real	0m0.293s
user	0m0.320s
sys	0m0.268s
 
53.79660000000001 53.79880000000001 58.68060000000001 58.68280000000001

real	0m3.323s
user	0m9.168s
sys	0m7.412s
 
53.79660000000001 53.79880000000001 58.68060000000001 58.68280000000001

real	0m3.350s
user	0m9.596s
sys	0m7.116s
 
9698907.663399996

real	0m0.716s
user	0m0.748s
sys	0m0.264s
 
9698907.663400002

real	0m0.369s
user	0m0.416s
sys	0m0.248s
 
0.04840000000000001

real	0m7.146s
user	0m7.176s
sys	0m0.256s
 
53.79660000000001 53.79880000000001 58.68060000000001 58.68280000000001

real	0m3.398s
user	0m3.440s
sys	0m0.248s
 
53.79660000000001 53.79880000000001 58.68060000000001 58.68280000000001

real	0m8.830s
user	0m8.872s
sys	0m0.240s
 
9698907.663400002

real	0m0.590s
user	0m0.644s
sys	0m0.240s
 
3948765877.809501 3955170852.914601 5863853434.234401 5870258409.339502

real	0m1.111s
user	0m1.156s
sys	0m0.248s
 
3948765877.8095 3955170852.914601 5863853434.234401 5870258409.339502

real	0m1.119s
user	0m1.168s
sys	0m0.244s
 
0.04840000000000001

real	0m7.090s
user	0m7.124s
sys	0m0.252s
 
53.79660000000001 53.79880000000001 58.68060000000001 58.68280000000001

real	0m3.855s
user	0m3.908s
sys	0m0.236s
 
53.79660000000001 53.79880000000001 58.68060000000001 58.68280000000001

real	0m8.813s
user	0m8.860s
sys	0m0.236s
 
9698907.663400002

real	0m0.481s
user	0m0.524s
sys	0m0.252s
 
3948765877.809501 3955170852.914601 5863853434.234401 5870258409.339502

real	0m1.032s
user	0m1.064s
sys	0m0.260s
 
3948765877.8095 3955170852.914601 5863853434.234401 5870258409.339502

real	0m1.117s
user	0m1.144s
sys	0m0.268s
 
0.04840000000000001

real	0m7.154s
user	0m7.188s
sys	0m0.252s
 
53.79660000000001 53.79880000000001 58.68060000000001 58.68280000000001

real	0m3.248s
user	0m3.296s
sys	0m0.248s
 
53.79660000000001 53.79880000000001 58.68060000000001 58.68280000000001

real	0m9.142s
user	0m9.184s
sys	0m0.240s
 
9698907.663400002

real	0m0.700s
user	0m0.736s
sys	0m0.260s
 
3948765877.809501 3955170852.914601 5863853434.234401 5870258409.339502

real	0m1.103s
user	0m1.156s
sys	0m0.240s
 
3948765877.8095 3955170852.914601 5863853434.234401 5870258409.339502

real	0m1.285s
user	0m1.332s
sys	0m0.248s
 
SEQUENCE
 
37624.35618 38872.44188 52954.76458 54712.31628

real	0m0.457s
user	0m0.500s
sys	0m0.252s
 
4350478614.186048 4405620767.88845 7321622135.843186 7393481577.214196

real	0m0.280s
user	0m1.100s
sys	0m0.288s
 
18696443068.18009 18840087100.15866 37617583432.71078 37823564976.3486

real	0m0.139s
user	0m0.540s
sys	0m0.144s
 
4.90161416686518e+18 4.912723296455451e+18 1.084442578747925e+19 1.086100449795465e+19

real	0m0.091s
user	0m0.312s
sys	0m0.132s
 
1.647418946230568e+16 1.649160037624474e+16 3.76846597969705e+16 3.771108024027194e+16

real	0m0.126s
user	0m0.480s
sys	0m0.140s
 
4.488811165018215e+17 4.490640601531965e+17 1.037309346016861e+18 1.03758774958278e+18

real	0m0.089s
user	0m0.292s
sys	0m0.140s
 
4.488811165018215e+17 4.490640601531965e+17 1.037309346016861e+18 1.03758774958278e+18

real	0m0.175s
user	0m0.616s
sys	0m0.244s
 
374124590164.9392 378323909405.2969 483306890414.2386 487506209654.5963

real	0m0.304s
user	0m1.188s
sys	0m0.320s
 
8003498375443.188 8040830216224.577 11400695886549.59 11438027727330.98

real	0m0.141s
user	0m0.548s
sys	0m0.148s
 
467292080353.7709 473215316635.7608 603526514839.5372 609449751121.5272

real	0m1.106s
user	0m2.744s
sys	0m2.768s
 
22856685758006.32 23032721850853.32 32186598678896.97 32362634771743.98

real	0m0.245s
user	0m0.844s
sys	0m0.372s
