 
VEC_VEC
 
174.0387

real	0m0.537s
user	0m0.532s
sys	0m0.000s
 
9698907.663399996

real	0m0.493s
user	0m0.488s
sys	0m0.000s
 
24900423491.09201

real	0m0.688s
user	0m0.684s
sys	0m0.000s
 
24900741320632.71

real	0m0.690s
user	0m0.688s
sys	0m0.000s
 
2.490083360868967e+16

real	0m0.734s
user	0m0.732s
sys	0m0.000s
 
VEC_MAT
 
53.79660000000001 53.79880000000001 58.68060000000001 58.68280000000001

real	0m3.154s
user	0m3.148s
sys	0m0.000s
 
178.7929000000001 178.8030000000001 201.2149000000001 201.2250000000001

real	0m1.240s
user	0m1.236s
sys	0m0.000s
 
992.6821000000002 992.6922000000003 1117.3464 1117.3565

real	0m0.689s
user	0m0.684s
sys	0m0.000s
 
390.3932 390.4204 450.7772000000001 450.8044

real	0m1.616s
user	0m1.612s
sys	0m0.000s
 
2166.9797 2167.0069 2502.7093 2502.7365

real	0m0.899s
user	0m0.896s
sys	0m0.000s
 
157975690.7399002 164380665.8450001

real	0m0.495s
user	0m0.492s
sys	0m0.000s
 
27065907086.64726 28163538210.734

real	0m0.551s
user	0m0.548s
sys	0m0.000s
 
170653918.7903002 177058893.8954 183463869.0004998

real	0m0.740s
user	0m0.736s
sys	0m0.000s
 
17202407856.50187 17848340807.38918 18494273758.27599

real	0m0.692s
user	0m0.688s
sys	0m0.000s
 
2.2266 2.2836 2.3406 2.397600000000001

real	0m0.319s
user	0m0.316s
sys	0m0.000s
 
73.52180000000001 74.6944 86.4204 87.59300000000002

real	0m1.210s
user	0m1.204s
sys	0m0.000s
 
609.1862 615.0844000000001 774.3358000000001 780.2340000000002

real	0m1.645s
user	0m1.640s
sys	0m0.000s
 
31020069.53999998 31057579.07999998 45948866.45999996 45986376.00000001

real	0m3.372s
user	0m3.364s
sys	0m0.000s
 
3948765877.809497 3955170852.914604 5863853434.234404 5870258409.339499

real	0m2.959s
user	0m2.952s
sys	0m0.000s
 
629070346650.9426 630167977775.031 934211799147.1235 935309430271.2021

real	0m1.615s
user	0m1.612s
sys	0m0.000s
 
72549439.0166 72565446.85879999 108086848.7006 108102856.5428001

real	0m2.768s
user	0m2.760s
sys	0m0.000s
 
324096005.6180002 324108897.3359997 483218480.892 483231372.6099998

real	0m1.482s
user	0m1.476s
sys	0m0.000s
 
MAT_VEC
 
53.79660000000001 53.79880000000001 58.68060000000001 58.68280000000001

real	0m0.726s
user	0m0.724s
sys	0m0.000s
 
178.7929000000001 178.8030000000001 201.2149000000001 201.2250000000001

real	0m0.372s
user	0m0.368s
sys	0m0.000s
 
992.6821000000002 992.6922000000003 1117.3464 1117.3565

real	0m0.258s
user	0m0.256s
sys	0m0.000s
 
390.3932 390.4204 450.7772000000001 450.8044

real	0m0.512s
user	0m0.508s
sys	0m0.000s
 
2166.9797 2167.0069 2502.7093 2502.7365

real	0m0.378s
user	0m0.376s
sys	0m0.000s
 
157975690.7399002 164380665.8450001

real	0m0.565s
user	0m0.564s
sys	0m0.000s
 
27065907086.64726 28163538210.734

real	0m0.626s
user	0m0.624s
sys	0m0.000s
 
170653918.7903002 177058893.8954 183463869.0004998

real	0m0.625s
user	0m0.620s
sys	0m0.000s
 
17202407856.50187 17848340807.38918 18494273758.27599

real	0m0.578s
user	0m0.576s
sys	0m0.000s
 
2.2266 2.2836 2.3406 2.397600000000001

real	0m0.290s
user	0m0.288s
sys	0m0.000s
 
73.52180000000001 74.6944 86.4204 87.59300000000002

real	0m0.726s
user	0m0.724s
sys	0m0.000s
 
609.1862 615.0844000000001 774.3358000000001 780.2340000000002

real	0m0.666s
user	0m0.664s
sys	0m0.000s
 
31020069.53999998 31057579.07999998 45948866.45999996 45986376.00000001

real	0m0.634s
user	0m0.632s
sys	0m0.000s
 
3948765877.809497 3955170852.914604 5863853434.234404 5870258409.339499

real	0m0.681s
user	0m0.676s
sys	0m0.000s
 
629070346650.9426 630167977775.031 934211799147.1235 935309430271.2021

real	0m0.475s
user	0m0.468s
sys	0m0.004s
 
72549439.0166 72565446.85879999 108086848.7006 108102856.5428001

real	0m0.623s
user	0m0.620s
sys	0m0.000s
 
324096005.6180002 324108897.3359997 483218480.892 483231372.6099998

real	0m0.598s
user	0m0.596s
sys	0m0.000s
 
MAT_MAT
 
53.79660000000001 53.79880000000001 58.68060000000001 58.68280000000001

real	0m0.711s
user	0m0.708s
sys	0m0.000s
 
9698907.663399996

real	0m1.139s
user	0m1.136s
sys	0m0.000s
 
3948765877.809497 3955170852.914604 5863853434.234404 5870258409.339499

real	0m0.173s
user	0m0.172s
sys	0m0.000s
 
3948765877.809497 3955170852.914604 5863853434.234404 5870258409.339499

real	0m1.687s
user	0m1.684s
sys	0m0.000s
 
8054296.570499997 8377212.617400005 11041896.78059999 11521723.02599998

real	0m2.251s
user	0m2.244s
sys	0m0.000s
 
297546749.5919997 308581623.7314994 440770097.583 457946307.1219999

real	0m1.290s
user	0m1.284s
sys	0m0.000s
 
109.241 111.7864 142.1856 145.251

real	0m0.951s
user	0m0.948s
sys	0m0.000s
 
1739639.1343 1765026.6362 3156552.835599999 3194056.931000001

real	0m0.984s
user	0m0.980s
sys	0m0.000s
 
40128631.98950006 40455680.77900002 81101463.51099998 81608296.35000008

real	0m0.658s
user	0m0.656s
sys	0m0.000s
 
301.3441 301.7106 379.168 379.5840000000001

real	0m0.587s
user	0m0.584s
sys	0m0.000s
 
45022.4809 45027.16379999999 57025.89409999999 57031.226

real	0m0.520s
user	0m0.516s
sys	0m0.000s
 
185145.8628 186726.9552 353878.6176 356259.936

real	0m0.857s
user	0m0.852s
sys	0m0.000s
 
5650057.303000003 5674398.905999999 11835110.684 11873364.25000001

real	0m0.586s
user	0m0.584s
sys	0m0.000s
 
3539227257.462 3543179262.324003 8019509498.519998 8025995052.400001

real	0m0.286s
user	0m0.284s
sys	0m0.000s
 
116679065033.4775 116750506858.205 268105200357.9501 268223292440

real	0m0.406s
user	0m0.396s
sys	0m0.008s
 
320986615485.3796 321111047409.1874 739901634073.444 740107504771.5159

real	0m0.667s
user	0m0.664s
sys	0m0.000s
 
401905815015.9952 402061610572.0562 927163589334.6554 927421585724.0334

real	0m0.821s
user	0m0.812s
sys	0m0.004s
 
OUTER
 
101.277 104.346 110.4774 113.8252

real	0m9.472s
user	0m9.456s
sys	0m0.000s
 
96.84840000000001 99.04950000000002 108.045 110.446

real	0m7.683s
user	0m7.668s
sys	0m0.000s
 
94.13800000000002 95.84960000000002 106.419 108.286

real	0m6.998s
user	0m6.984s
sys	0m0.000s
 
10.164 10.2025 11.913 11.9548

real	0m1.029s
user	0m1.024s
sys	0m0.000s
 
955.9242 956.3004 1135.8438 1136.254

real	0m0.658s
user	0m0.656s
sys	0m0.000s
 
78728.21440000001 78731.73660000002 93676.67820000002 93680.52040000001

real	0m0.485s
user	0m0.484s
sys	0m0.000s
 
TRANS1
 
53.79660000000001 53.79880000000001 58.68060000000001 58.68280000000001

real	0m3.122s
user	0m3.116s
sys	0m0.000s
 
9698907.663399996

real	0m0.510s
user	0m0.508s
sys	0m0.000s
 
3948765877.809497 3955170852.914604 5863853434.234404 5870258409.339499

real	0m0.743s
user	0m0.740s
sys	0m0.000s
 
3948765877.809497 3955170852.914604 5863853434.234404 5870258409.339499

real	0m0.741s
user	0m0.736s
sys	0m0.000s
 
8054296.570499997 8377212.617400005 11041896.78059999 11521723.02599998

real	0m1.900s
user	0m1.896s
sys	0m0.000s
 
297546749.5919997 308581623.7314994 440770097.583 457946307.1219999

real	0m1.479s
user	0m1.472s
sys	0m0.000s
 
109.241 111.7864 142.1856 145.251

real	0m0.849s
user	0m0.844s
sys	0m0.000s
 
1739639.1343 1765026.6362 3156552.835599999 3194056.931000001

real	0m3.501s
user	0m3.492s
sys	0m0.000s
 
40128631.98950006 40455680.77900002 81101463.51099998 81608296.35000008

real	0m2.929s
user	0m2.924s
sys	0m0.000s
 
301.3441 301.7106 379.168 379.5840000000001

real	0m1.866s
user	0m1.860s
sys	0m0.000s
 
45022.4809 45027.16379999999 57025.89409999999 57031.226

real	0m1.417s
user	0m1.412s
sys	0m0.000s
 
185145.8628 186726.9552 353878.6176 356259.936

real	0m3.140s
user	0m3.132s
sys	0m0.000s
 
5650057.303000003 5674398.905999999 11835110.684 11873364.25000001

real	0m3.333s
user	0m3.324s
sys	0m0.000s
 
3539227257.462 3543179262.324003 8019509498.519998 8025995052.400001

real	0m1.293s
user	0m1.288s
sys	0m0.000s
 
116679065033.4775 116750506858.205 268105200357.9501 268223292440

real	0m1.869s
user	0m1.864s
sys	0m0.000s
 
320986615485.3796 321111047409.1874 739901634073.444 740107504771.5159

real	0m1.958s
user	0m1.952s
sys	0m0.000s
 
401905815015.9952 402061610572.0562 927163589334.6554 927421585724.0334

real	0m2.458s
user	0m2.452s
sys	0m0.000s
 
401905815015.9952 402061610572.0562 927163589334.6554 927421585724.0334

real	0m1.227s
user	0m1.224s
sys	0m0.000s
 
TRANS2
 
53.79660000000001 53.79880000000001 58.68060000000001 58.68280000000001

real	0m3.122s
user	0m3.116s
sys	0m0.000s
 
9698907.663399996

real	0m1.140s
user	0m1.136s
sys	0m0.000s
 
3948765877.809497 3955170852.914604 5863853434.234404 5870258409.339499

real	0m0.172s
user	0m0.168s
sys	0m0.000s
 
3948765877.809497 3955170852.914604 5863853434.234404 5870258409.339499

real	0m1.767s
user	0m1.760s
sys	0m0.000s
 
8054296.570499997 8377212.617400005 11041896.78059999 11521723.02599998

real	0m2.321s
user	0m2.316s
sys	0m0.000s
 
297546749.5919997 308581623.7314994 440770097.583 457946307.1219999

real	0m1.633s
user	0m1.628s
sys	0m0.000s
 
109.241 111.7864 142.1856 145.251

real	0m1.010s
user	0m1.008s
sys	0m0.000s
 
1739639.1343 1765026.6362 3156552.835599999 3194056.931000001

real	0m1.026s
user	0m1.020s
sys	0m0.000s
 
40128631.98950006 40455680.77900002 81101463.51099998 81608296.35000008

real	0m0.738s
user	0m0.736s
sys	0m0.000s
 
301.3441 301.7106 379.168 379.5840000000001

real	0m0.626s
user	0m0.624s
sys	0m0.000s
 
45022.4809 45027.16379999999 57025.89409999999 57031.226

real	0m0.537s
user	0m0.536s
sys	0m0.000s
 
185145.8628 186726.9552 353878.6176 356259.936

real	0m0.891s
user	0m0.888s
sys	0m0.000s
 
5650057.303000003 5674398.905999999 11835110.684 11873364.25000001

real	0m0.684s
user	0m0.680s
sys	0m0.000s
 
3539227257.462 3543179262.324003 8019509498.519998 8025995052.400001

real	0m0.288s
user	0m0.284s
sys	0m0.000s
 
116679065033.4775 116750506858.205 268105200357.9501 268223292440

real	0m0.391s
user	0m0.388s
sys	0m0.000s
 
320986615485.3796 321111047409.1874 739901634073.444 740107504771.5159

real	0m0.692s
user	0m0.688s
sys	0m0.000s
 
401905815015.9952 402061610572.0562 927163589334.6554 927421585724.0334

real	0m0.871s
user	0m0.864s
sys	0m0.004s
 
401905815015.9952 402061610572.0562 927163589334.6554 927421585724.0334

real	0m0.422s
user	0m0.420s
sys	0m0.000s
 
SEQUENCE
 
37624.35618 38872.44188 52954.76458 54712.31628

real	0m1.743s
user	0m1.736s
sys	0m0.000s
 
4350478614.186048 4405620767.888449 7321622135.843186 7393481577.214199

real	0m0.427s
user	0m0.424s
sys	0m0.000s
 
18696443068.18007 18840087100.15867 37617583432.7108 37823564976.3486

real	0m0.447s
user	0m0.444s
sys	0m0.000s
 
4.901614166865179e+18 4.912723296455448e+18 1.084442578747924e+19 1.086100449795465e+19

real	0m0.307s
user	0m0.304s
sys	0m0.000s
 
1.647418946230568e+16 1.649160037624473e+16 3.768465979697054e+16 3.771108024027194e+16

real	0m0.441s
user	0m0.440s
sys	0m0.000s
 
4.48881116501821e+17 4.490640601531962e+17 1.03730934601686e+18 1.03758774958278e+18

real	0m0.393s
user	0m0.392s
sys	0m0.000s
 
4.48881116501821e+17 4.490640601531962e+17 1.03730934601686e+18 1.03758774958278e+18

real	0m1.965s
user	0m1.960s
sys	0m0.000s
 
374124590164.9393 378323909405.297 483306890414.2386 487506209654.5964

real	0m0.438s
user	0m0.436s
sys	0m0.000s
 
8003498375443.188 8040830216224.574 11400695886549.59 11438027727330.98

real	0m0.443s
user	0m0.440s
sys	0m0.000s
 
467292080353.7709 473215316635.7608 603526514839.5372 609449751121.5272

real	0m0.300s
user	0m0.296s
sys	0m0.000s
 
22856685758006.32 23032721850853.32 32186598678896.97 32362634771743.98

real	0m0.351s
user	0m0.348s
sys	0m0.000s
