 
SCALAR_VEC
 
0.5808000000000001 0.5830000000000002 0.6270000000000002 0.6292000000000002

real	0m1.093s
user	0m1.150s
sys	0m0.092s
 
46.0284 46.03060000000001 50.20620000000001 50.2084

real	0m0.728s
user	0m0.782s
sys	0m0.096s
 
29876.5456 29876.5478 32592.58860000001 32592.59080000001

real	0m0.266s
user	0m0.654s
sys	0m0.140s
 
VEC_VEC
 
174.0387

real	0m0.396s
user	0m0.443s
sys	0m0.102s
 
9698907.6634

real	0m0.040s
user	0m0.060s
sys	0m0.056s
 
24900423491.092

real	0m0.100s
user	0m0.159s
sys	0m0.090s
 
24900741320632.73

real	0m0.154s
user	0m0.198s
sys	0m0.105s
 
2.490083360868392e+16

real	0m0.407s
user	0m0.449s
sys	0m0.107s
 
VEC_MAT
 
178.7929000000001 178.8030000000001 201.2149000000001 201.2250000000001

real	0m0.575s
user	0m0.617s
sys	0m0.107s
 
992.6821000000002 992.6922000000003 1117.3464 1117.3565

real	0m0.287s
user	0m0.618s
sys	0m0.241s
 
390.3932 390.4204 450.7772000000001 450.8044

real	0m0.708s
user	0m0.761s
sys	0m0.097s
 
2166.9797 2167.0069 2502.7093 2502.7365

real	0m0.298s
user	0m0.631s
sys	0m0.261s
 
157975690.7399001 164380665.8450001

real	0m0.126s
user	0m0.187s
sys	0m0.088s
 
27065907086.64701 28163538210.734

real	0m0.135s
user	0m0.205s
sys	0m0.078s
 
128614163.4403001 133441028.6954 138267893.9505

real	0m0.167s
user	0m0.202s
sys	0m0.115s
 
17202407856.50201 17848340807.389 18494273758.276

real	0m0.169s
user	0m0.207s
sys	0m0.111s
 
2.2266 2.2836 2.3406 2.397600000000001

real	0m0.410s
user	0m0.448s
sys	0m0.111s
 
73.52180000000001 74.6944 86.4204 87.593

real	0m0.605s
user	0m0.653s
sys	0m0.101s
 
609.1862 615.0844 774.3357999999999 780.2339999999999

real	0m0.503s
user	0m0.545s
sys	0m0.107s
 
31020069.54 31057579.08 45948866.46 45986376

real	0m0.156s
user	0m0.398s
sys	0m0.068s
 
3948765877.8095 3955170852.914599 5863853434.234401 5870258409.3395

real	0m0.138s
user	0m0.404s
sys	0m0.008s
 
629070346650.9373 630167977775.0238 934211799147.1232 935309430271.2095

real	0m0.386s
user	0m1.120s
sys	0m0.032s
 
72549439.01660001 72565446.85880004 108086848.7006 108102856.5428

real	0m0.191s
user	0m0.540s
sys	0m0.028s
 
324096005.618 324108897.3360001 483218480.8920001 483231372.6100001

real	0m0.410s
user	0m1.149s
sys	0m0.076s
 
10829665.1294 10829701.4254 15310551.5134 15310587.8094

real	0m0.456s
user	0m1.290s
sys	0m0.069s
 
107135690886253.9 108233331157374.9 147748380917734.3 148846021188855.2

real	0m0.318s
user	0m0.885s
sys	0m0.060s
 
MAT_VEC
 
178.7929000000001 178.8030000000001 201.2149000000001 201.2250000000001

real	0m0.292s
user	0m0.350s
sys	0m0.091s
 
992.6821000000002 992.6922000000003 1117.3464 1117.3565

real	0m0.259s
user	0m0.454s
sys	0m0.322s
 
390.3932 390.4204 450.7772000000001 450.8044

real	0m0.464s
user	0m0.498s
sys	0m0.115s
 
2166.9797 2167.0069 2502.7093 2502.7365

real	0m0.303s
user	0m0.592s
sys	0m0.316s
 
157975690.7399002 164380665.8449999

real	0m0.147s
user	0m0.198s
sys	0m0.099s
 
27065907086.64701 28163538210.73399

real	0m0.082s
user	0m0.199s
sys	0m0.044s
 
128614163.4403001 133441028.6954 138267893.9504999

real	0m0.171s
user	0m0.188s
sys	0m0.132s
 
17202407856.50198 17848340807.38902 18494273758.27598

real	0m0.091s
user	0m0.218s
sys	0m0.052s
 
2.2266 2.283600000000001 2.3406 2.397600000000001

real	0m0.309s
user	0m0.355s
sys	0m0.104s
 
73.52180000000001 74.6944 86.4204 87.59300000000002

real	0m0.600s
user	0m0.641s
sys	0m0.108s
 
609.1862 615.0844 774.3358000000001 780.2340000000002

real	0m0.451s
user	0m0.503s
sys	0m0.097s
 
31020069.54 31057579.08 45948866.45999999 45986376.00000001

real	0m0.313s
user	0m0.858s
sys	0m0.080s
 
3948765877.809499 3955170852.914599 5863853434.234398 5870258409.339503

real	0m0.246s
user	0m0.720s
sys	0m0.016s
 
629070346650.9357 630167977775.0227 934211799147.1244 935309430271.2021

real	0m0.555s
user	0m1.623s
sys	0m0.036s
 
72549439.01660001 72565446.85879999 108086848.7006 108102856.5428

real	0m0.174s
user	0m0.464s
sys	0m0.052s
 
324096005.618 324108897.3359999 483218480.892 483231372.6099998

real	0m0.382s
user	0m1.082s
sys	0m0.056s
 
10829665.1294 10829701.4254 15310551.5134 15310587.8094

real	0m0.330s
user	0m0.899s
sys	0m0.084s
 
107135690886258.2 108233331157375.3 147748380917735 148846021188851.3

real	0m0.881s
user	0m2.551s
sys	0m0.084s
 
OUTER
 
101.277 104.346 110.4774 113.8252

real	0m4.071s
user	0m4.120s
sys	0m0.100s
 
96.84840000000001 99.04950000000002 108.045 110.446

real	0m3.945s
user	0m3.986s
sys	0m0.108s
 
94.13800000000002 95.84960000000002 106.419 108.286

real	0m3.289s
user	0m3.334s
sys	0m0.104s
 
14.5684 14.5728 16.60140000000001 16.606

real	0m1.555s
user	0m1.624s
sys	0m0.080s
 
10.164 10.2025 11.913 11.9548

real	0m1.195s
user	0m1.232s
sys	0m0.112s
 
955.9242 956.3004 1135.8438 1136.254

real	0m0.945s
user	0m1.002s
sys	0m0.092s
 
86477.05440000001 86480.57660000001 102897.9582 102901.8004

real	0m0.930s
user	0m2.699s
sys	0m0.084s
 
27312.9912 27313.3443 32486.685 32487.07

real	0m0.472s
user	0m1.389s
sys	0m0.024s
 
MAT_MAT
 
8054296.570500001 8377212.6174 11041896.7806 11521723.026

real	0m0.878s
user	0m0.924s
sys	0m0.104s
 
67005585.504 69693523.28640004 92209626.63899991 96222702.65399997

real	0m1.116s
user	0m1.157s
sys	0m0.108s
 
56602.02200000002 58658.48450000003 83130.86099999998 86296.01680000003

real	0m0.457s
user	0m0.502s
sys	0m0.104s
 
297546749.5919999 308581623.7315001 440770097.5830001 457946307.1219998

real	0m0.530s
user	0m0.570s
sys	0m0.109s
 
8054296.570500001 8144829.910200001 11426434.8318 11521723.026

real	0m0.617s
user	0m0.678s
sys	0m0.088s
 
67005585.504 67746880.83150002 95442432.6726 96222702.65399997

real	0m0.815s
user	0m0.865s
sys	0m0.100s
 
56602.02200000002 56765.4044 86117.12820000001 86296.01680000001

real	0m0.332s
user	0m0.398s
sys	0m0.083s
 
297546749.5919999 299613096.1240001 455678605.331 457946307.1219998

real	0m0.386s
user	0m0.424s
sys	0m0.111s
 
301.3441 301.7106 379.168 379.584

real	0m0.643s
user	0m0.671s
sys	0m0.121s
 
45022.4809 45027.16379999999 57025.89409999999 57031.22599999999

real	0m0.647s
user	0m1.893s
sys	0m0.044s
 
79343.34260000002 79353.49420000002 105856.4262 105868.395

real	0m0.394s
user	0m1.154s
sys	0m0.024s
 
77470.43700000001 77485.73999999999 107948.34 107966.91

real	0m0.111s
user	0m0.300s
sys	0m0.028s
 
109.241 111.7864 142.1856 145.251

real	0m0.589s
user	0m0.646s
sys	0m0.092s
 
1739639.1343 1765026.6362 3156552.835599999 3194056.931000001

real	0m0.355s
user	0m0.403s
sys	0m0.101s
 
40128631.9895 40455680.77900001 81101463.51099998 81608296.35000002

real	0m0.103s
user	0m0.294s
sys	0m0.012s
 
185145.8628 186726.9552000001 353878.6176 356259.936

real	0m0.286s
user	0m0.324s
sys	0m0.112s
 
5650057.303000003 5674398.905999999 11835110.684 11873364.25000001

real	0m0.097s
user	0m0.262s
sys	0m0.027s
 
3539227257.462001 3543179262.324001 8019509498.519999 8025995052.400002

real	0m0.022s
user	0m0.060s
sys	0m0.004s
 
66219776245.92162 66260257446.0572 151986883006.37 152053753059.55

real	0m0.030s
user	0m0.066s
sys	0m0.019s
 
166212294937.399 166288626284.4981 382568140639.0101 382694366833.3

real	0m0.030s
user	0m0.057s
sys	0m0.029s
 
608720333715.4656 608956501509.1868 1405127495482.165 1405518727998.904

real	0m0.055s
user	0m0.133s
sys	0m0.025s
 
TRANS1
 
8054296.570500001 8377212.6174 11041896.7806 11521723.026

real	0m0.874s
user	0m0.912s
sys	0m0.111s
 
67005585.504 69693523.28640004 92209626.63899991 96222702.65399997

real	0m1.116s
user	0m1.149s
sys	0m0.116s
 
56602.02200000002 58658.48450000003 83130.86099999998 86296.01680000003

real	0m0.455s
user	0m0.500s
sys	0m0.104s
 
297546749.5919999 308581623.7315001 440770097.5830001 457946307.1219998

real	0m0.533s
user	0m0.581s
sys	0m0.101s
 
8054296.570500001 8144829.910200001 11426434.8318 11521723.026

real	0m0.588s
user	0m0.620s
sys	0m0.117s
 
67005585.504 67746880.83150002 95442432.6726 96222702.65399997

real	0m0.748s
user	0m0.797s
sys	0m0.101s
 
56602.02200000002 56765.4044 86117.12820000001 86296.01680000001

real	0m0.324s
user	0m0.378s
sys	0m0.095s
 
297546749.5919999 299613096.1240001 455678605.331 457946307.1219998

real	0m0.350s
user	0m0.394s
sys	0m0.106s
 
301.3441 301.7106 379.168 379.584

real	0m0.648s
user	0m0.689s
sys	0m0.108s
 
45022.4809 45027.16379999999 57025.89409999999 57031.22599999999

real	0m0.641s
user	0m1.901s
sys	0m0.020s
 
79343.34260000002 79353.49420000002 105856.4262 105868.395

real	0m0.394s
user	0m1.141s
sys	0m0.036s
 
77470.43700000001 77485.73999999999 107948.34 107966.91

real	0m0.102s
user	0m0.298s
sys	0m0.004s
 
109.241 111.7864 142.1856 145.251

real	0m0.593s
user	0m0.638s
sys	0m0.104s
 
1739639.1343 1765026.6362 3156552.835599999 3194056.931000001

real	0m0.342s
user	0m0.374s
sys	0m0.118s
 
40128631.9895 40455680.77900001 81101463.51099998 81608296.35000002

real	0m0.102s
user	0m0.265s
sys	0m0.039s
 
185145.8628 186726.9552000001 353878.6176 356259.936

real	0m0.283s
user	0m0.324s
sys	0m0.108s
 
5650057.303000003 5674398.905999999 11835110.684 11873364.25000001

real	0m0.094s
user	0m0.276s
sys	0m0.004s
 
3539227257.462001 3543179262.324001 8019509498.519999 8025995052.400002

real	0m0.023s
user	0m0.053s
sys	0m0.012s
 
66219776245.92162 66260257446.0572 151986883006.37 152053753059.55

real	0m0.034s
user	0m0.093s
sys	0m0.004s
 
166212294937.399 166288626284.4981 382568140639.0101 382694366833.3

real	0m0.034s
user	0m0.057s
sys	0m0.038s
 
608720333715.4656 608956501509.1868 1405127495482.165 1405518727998.904

real	0m0.065s
user	0m0.139s
sys	0m0.049s
 
1512441.733 1524415.266 2968657.650000001 2986772.5

real	0m0.245s
user	0m0.283s
sys	0m0.112s
 
608720333715.4656 608956501509.1868 1405127495482.165 1405518727998.904

real	0m0.049s
user	0m0.090s
sys	0m0.051s
 
TRANS2
 
8054296.570500001 8377212.6174 11041896.7806 11521723.026

real	0m0.919s
user	0m0.948s
sys	0m0.120s
 
67005585.504 69693523.28640004 92209626.63899991 96222702.65399997

real	0m1.169s
user	0m1.234s
sys	0m0.084s
 
56602.02200000002 58658.48450000003 83130.86099999998 86296.01680000003

real	0m0.461s
user	0m0.510s
sys	0m0.100s
 
297546749.5919999 308581623.7315001 440770097.5830001 457946307.1219998

real	0m0.555s
user	0m0.600s
sys	0m0.104s
 
8054296.570500001 8144829.910200001 11426434.8318 11521723.026

real	0m0.627s
user	0m0.648s
sys	0m0.129s
 
67005585.504 67746880.83150002 95442432.6726 96222702.65399997

real	0m0.827s
user	0m0.861s
sys	0m0.116s
 
56602.02200000002 56765.4044 86117.12820000001 86296.01680000001

real	0m0.335s
user	0m0.373s
sys	0m0.111s
 
297546749.5919999 299613096.1240001 455678605.331 457946307.1219998

real	0m0.398s
user	0m0.455s
sys	0m0.092s
 
301.3441 301.7106 379.168 379.584

real	0m0.642s
user	0m0.680s
sys	0m0.111s
 
45022.4809 45027.16379999999 57025.89409999999 57031.22599999999

real	0m0.637s
user	0m1.840s
sys	0m0.068s
 
79343.34260000002 79353.49420000002 105856.4262 105868.395

real	0m0.388s
user	0m1.092s
sys	0m0.068s
 
77470.43700000001 77485.73999999999 107948.34 107966.91

real	0m0.099s
user	0m0.282s
sys	0m0.012s
 
109.241 111.7864 142.1856 145.251

real	0m0.621s
user	0m0.662s
sys	0m0.108s
 
1739639.1343 1765026.6362 3156552.835599999 3194056.931000001

real	0m0.360s
user	0m0.410s
sys	0m0.099s
 
40128631.9895 40455680.77900001 81101463.51099998 81608296.35000002

real	0m0.104s
user	0m0.310s
sys	0m0.000s
 
185145.8628 186726.9552000001 353878.6176 356259.936

real	0m0.287s
user	0m0.321s
sys	0m0.115s
 
5650057.303000003 5674398.905999999 11835110.684 11873364.25000001

real	0m0.097s
user	0m0.289s
sys	0m0.000s
 
3539227257.462001 3543179262.324001 8019509498.519999 8025995052.400002

real	0m0.023s
user	0m0.052s
sys	0m0.015s
 
66219776245.92162 66260257446.0572 151986883006.37 152053753059.55

real	0m0.031s
user	0m0.078s
sys	0m0.012s
 
166212294937.399 166288626284.4981 382568140639.0101 382694366833.3

real	0m0.034s
user	0m0.060s
sys	0m0.036s
 
608720333715.4656 608956501509.1868 1405127495482.165 1405518727998.904

real	0m0.066s
user	0m0.128s
sys	0m0.062s
 
1512441.733 1524415.266 2968657.650000001 2986772.5

real	0m0.242s
user	0m0.310s
sys	0m0.082s
 
608720333715.4656 608956501509.1868 1405127495482.165 1405518727998.904

real	0m0.050s
user	0m0.097s
sys	0m0.047s
 
TRANS12
 
8054296.570500001 8377212.6174 11041896.7806 11521723.026

real	0m0.922s
user	0m0.968s
sys	0m0.104s
 
67005585.504 69693523.28640004 92209626.63899991 96222702.65399997

real	0m1.153s
user	0m1.202s
sys	0m0.100s
 
56602.02200000002 58658.48450000003 83130.86099999998 86296.01680000003

real	0m0.470s
user	0m0.516s
sys	0m0.104s
 
297546749.5919999 308581623.7315001 440770097.5830001 457946307.1219998

real	0m0.557s
user	0m0.621s
sys	0m0.085s
 
8054296.570500001 8144829.910200001 11426434.8318 11521723.026

real	0m0.592s
user	0m0.632s
sys	0m0.109s
 
67005585.504 67746880.83150002 95442432.6726 96222702.65399997

real	0m0.754s
user	0m0.802s
sys	0m0.101s
 
56602.02200000002 56765.4044 86117.12820000001 86296.01680000001

real	0m0.330s
user	0m0.379s
sys	0m0.100s
 
297546749.5919999 299613096.1240001 455678605.331 457946307.1219998

real	0m0.352s
user	0m0.400s
sys	0m0.101s
 
301.3441 301.7106 379.168 379.584

real	0m0.643s
user	0m0.699s
sys	0m0.093s
 
45022.4809 45027.16379999999 57025.89409999999 57031.22599999999

real	0m0.649s
user	0m1.928s
sys	0m0.016s
 
79343.34260000002 79353.49420000002 105856.4262 105868.395

real	0m0.393s
user	0m1.163s
sys	0m0.012s
 
77470.43700000001 77485.73999999999 107948.34 107966.91

real	0m0.099s
user	0m0.278s
sys	0m0.016s
 
109.241 111.7864 142.1856 145.251

real	0m0.618s
user	0m0.663s
sys	0m0.105s
 
1739639.1343 1765026.6362 3156552.835599999 3194056.931000001

real	0m0.354s
user	0m0.420s
sys	0m0.083s
 
40128631.9895 40455680.77900001 81101463.51099998 81608296.35000002

real	0m0.103s
user	0m0.297s
sys	0m0.008s
 
185145.8628 186726.9552000001 353878.6176 356259.936

real	0m0.285s
user	0m0.373s
sys	0m0.061s
 
5650057.303000003 5674398.905999999 11835110.684 11873364.25000001

real	0m0.097s
user	0m0.281s
sys	0m0.008s
 
3539227257.462001 3543179262.324001 8019509498.519999 8025995052.400002

real	0m0.023s
user	0m0.059s
sys	0m0.008s
 
66219776245.92162 66260257446.0572 151986883006.37 152053753059.55

real	0m0.035s
user	0m0.085s
sys	0m0.017s
 
166212294937.399 166288626284.4981 382568140639.0101 382694366833.3

real	0m0.036s
user	0m0.074s
sys	0m0.029s
 
608720333715.4656 608956501509.1868 1405127495482.165 1405518727998.904

real	0m0.076s
user	0m0.145s
sys	0m0.076s
 
SPECIAL
 
0.04840000000000001

real	0m0.734s
user	0m0.787s
sys	0m0.096s
 
0.04840000000000001

real	0m0.758s
user	0m0.795s
sys	0m0.112s
 
0.04840000000000001

real	0m0.204s
user	0m0.252s
sys	0m0.102s
 
53.79660000000001 53.79880000000001 58.68060000000001 58.68280000000001

real	0m0.952s
user	0m1.001s
sys	0m0.100s
 
53.79660000000001 53.79880000000001 58.68060000000001 58.68280000000001

real	0m1.320s
user	0m1.378s
sys	0m0.092s
 
9698907.6634

real	0m0.174s
user	0m0.236s
sys	0m0.088s
 
9698907.6634

real	0m0.161s
user	0m0.210s
sys	0m0.101s
 
0.04840000000000001

real	0m2.952s
user	0m3.001s
sys	0m0.100s
 
53.79660000000001 53.79880000000001 58.68060000000001 58.68280000000001

real	0m2.520s
user	0m2.562s
sys	0m0.108s
 
53.79660000000001 53.79880000000001 58.68060000000001 58.68280000000001

real	0m6.072s
user	0m6.121s
sys	0m0.100s
 
9698907.663400002

real	0m0.934s
user	0m0.988s
sys	0m0.096s
 
3948765877.809501 3955170852.9146 5863853434.234401 5870258409.3395

real	0m1.412s
user	0m1.468s
sys	0m0.093s
 
3948765877.809501 3955170852.9146 5863853434.234398 5870258409.3395

real	0m2.097s
user	0m2.146s
sys	0m0.100s
 
0.04840000000000001

real	0m2.938s
user	0m2.987s
sys	0m0.100s
 
53.79660000000001 53.79880000000001 58.68060000000001 58.68280000000001

real	0m2.885s
user	0m2.926s
sys	0m0.108s
 
53.79660000000001 53.79880000000001 58.68060000000001 58.68280000000001

real	0m6.066s
user	0m6.123s
sys	0m0.092s
 
9698907.663400002

real	0m0.805s
user	0m0.866s
sys	0m0.088s
 
3948765877.809501 3955170852.9146 5863853434.234401 5870258409.3395

real	0m1.091s
user	0m1.141s
sys	0m0.100s
 
3948765877.809501 3955170852.9146 5863853434.234398 5870258409.3395

real	0m2.080s
user	0m2.153s
sys	0m0.076s
 
0.04840000000000001

real	0m2.976s
user	0m3.010s
sys	0m0.116s
 
53.79660000000001 53.79880000000001 58.68060000000001 58.68280000000001

real	0m2.525s
user	0m2.582s
sys	0m0.092s
 
53.79660000000001 53.79880000000001 58.68060000000001 58.68280000000001

real	0m5.782s
user	0m5.811s
sys	0m0.120s
 
9698907.663400002

real	0m1.003s
user	0m1.068s
sys	0m0.085s
 
3948765877.809501 3955170852.9146 5863853434.234401 5870258409.3395

real	0m1.419s
user	0m1.452s
sys	0m0.116s
 
3948765877.809501 3955170852.9146 5863853434.234398 5870258409.3395

real	0m2.165s
user	0m2.214s
sys	0m0.100s
 
0.04840000000000001

real	0m2.974s
user	0m3.051s
sys	0m0.072s
 
53.79660000000001 53.79880000000001 58.68060000000001 58.68280000000001

real	0m2.899s
user	0m2.948s
sys	0m0.100s
 
53.79660000000001 53.79880000000001 58.68060000000001 58.68280000000001

real	0m5.749s
user	0m5.782s
sys	0m0.116s
 
9698907.663400002

real	0m0.868s
user	0m0.922s
sys	0m0.096s
 
3948765877.809501 3955170852.9146 5863853434.234401 5870258409.3395

real	0m1.094s
user	0m1.139s
sys	0m0.104s
 
3948765877.809501 3955170852.9146 5863853434.234398 5870258409.3395

real	0m2.192s
user	0m2.249s
sys	0m0.092s
 
3037.1121 3037.6632 3611.409 3612.01

real	0m0.738s
user	0m0.807s
sys	0m0.080s
 
3037.1121 3037.6632 3611.409 3612.01

real	0m0.739s
user	0m0.784s
sys	0m0.104s
 
3037.1121 3037.6632 3611.409 3612.01

real	0m0.739s
user	0m0.784s
sys	0m0.104s
 
3037.1121 3037.6632 3611.409 3612.01

real	0m0.739s
user	0m0.771s
sys	0m0.117s
 
SEQUENCE
 
37624.35618 38872.44188000001 52954.76458 54712.31628

real	0m0.541s
user	0m0.597s
sys	0m0.093s
 
4350478614.186048 4405620767.88845 7321622135.843185 7393481577.214199

real	0m0.180s
user	0m0.238s
sys	0m0.091s
 
48832437279.89182 49241016265.74162 88512227219.28575 89040617812.03201

real	0m0.237s
user	0m0.669s
sys	0m0.040s
 
18696443068.18007 18840087100.15867 37617583432.7108 37823564976.34861

real	0m0.058s
user	0m0.164s
sys	0m0.008s
 
4.901614166865181e+18 4.91272329645545e+18 1.084442578747925e+19 1.086100449795465e+19

real	0m0.028s
user	0m0.079s
sys	0m0.004s
 
1.647418946230568e+16 1.649160037624474e+16 3.76846597969705e+16 3.771108024027195e+16

real	0m0.034s
user	0m0.091s
sys	0m0.008s
 
4.488811165018215e+17 4.490640601531965e+17 1.037309346016861e+18 1.03758774958278e+18

real	0m0.033s
user	0m0.065s
sys	0m0.027s
 
4.488811165018215e+17 4.490640601531965e+17 1.037309346016861e+18 1.03758774958278e+18

real	0m0.061s
user	0m0.141s
sys	0m0.036s
 
4.488811165018215e+17 4.490640601531965e+17 1.037309346016861e+18 1.03758774958278e+18

real	0m0.062s
user	0m0.148s
sys	0m0.032s
 
8.382424294553982e+29 8.385850640122292e+29 1.937388035390321e+30 1.937907243392919e+30

real	0m0.037s
user	0m0.071s
sys	0m0.035s
 
8.382424294553982e+29 8.385850640122292e+29 1.937388035390321e+30 1.937907243392919e+30

real	0m0.049s
user	0m0.122s
sys	0m0.020s
 
8.382424294553982e+29 8.385850640122292e+29 1.937388035390321e+30 1.937907243392919e+30

real	0m0.049s
user	0m0.103s
sys	0m0.037s
 
8.382424294553982e+29 8.385850640122292e+29 1.937388035390321e+30 1.937907243392919e+30

real	0m0.050s
user	0m0.088s
sys	0m0.056s
 
8.382424294553982e+29 8.385850640122292e+29 1.937388035390321e+30 1.937907243392919e+30

real	0m0.048s
user	0m0.086s
sys	0m0.053s
 
8.382424294553982e+29 8.385850640122292e+29 1.937388035390321e+30 1.937907243392919e+30

real	0m0.048s
user	0m0.097s
sys	0m0.041s
 
374124590164.9393 378323909405.2969 483306890414.2386 487506209654.5963

real	0m0.183s
user	0m0.239s
sys	0m0.093s
 
8003498375443.188 8040830216224.576 11400695886549.59 11438027727330.98

real	0m0.060s
user	0m0.174s
sys	0m0.004s
 
467292080353.7709 473215316635.7608 603526514839.5374 609449751121.5272

real	0m0.188s
user	0m0.254s
sys	0m0.083s
 
22856685758006.32 23032721850853.32 32186598678896.98 32362634771743.98

real	0m0.242s
user	0m0.471s
sys	0m0.252s
