 
VEC_VEC
 
174.0387

real	0m0.488s
user	0m0.484s
sys	0m0.000s
 
9698907.663399996

real	0m0.490s
user	0m0.488s
sys	0m0.000s
 
24900423491.09201

real	0m0.688s
user	0m0.684s
sys	0m0.000s
 
24900741320632.71

real	0m0.690s
user	0m0.688s
sys	0m0.000s
 
2.490083360868967e+16

real	0m0.758s
user	0m0.756s
sys	0m0.000s
 
VEC_MAT
 
53.79660000000001 53.79880000000001 58.68060000000001 58.68280000000001

real	0m0.400s
user	0m0.396s
sys	0m0.000s
 
178.7929000000001 178.8030000000001 201.2149000000001 201.2250000000001

real	0m0.254s
user	0m0.252s
sys	0m0.000s
 
992.6821000000002 992.6922000000003 1117.3464 1117.3565

real	0m0.157s
user	0m0.156s
sys	0m0.000s
 
390.3932 390.4204 450.7772000000001 450.8044

real	0m0.707s
user	0m0.704s
sys	0m0.000s
 
2166.9797 2167.0069 2502.7093 2502.7365

real	0m0.441s
user	0m0.440s
sys	0m0.000s
 
157975690.7399002 164380665.8450001

real	0m0.248s
user	0m0.244s
sys	0m0.000s
 
27065907086.64726 28163538210.734

real	0m0.276s
user	0m0.272s
sys	0m0.000s
 
170653918.7903002 177058893.8954 183463869.0004998

real	0m0.249s
user	0m0.248s
sys	0m0.000s
 
17202407856.50187 17848340807.38918 18494273758.27599

real	0m0.232s
user	0m0.228s
sys	0m0.000s
 
2.2266 2.2836 2.3406 2.397600000000001

real	0m0.131s
user	0m0.128s
sys	0m0.000s
 
73.52180000000001 74.6944 86.4204 87.59300000000002

real	0m0.572s
user	0m0.568s
sys	0m0.000s
 
609.1862 615.0844000000001 774.3358000000001 780.2340000000002

real	0m0.763s
user	0m0.760s
sys	0m0.000s
 
31020069.53999998 31057579.07999998 45948866.45999996 45986376.00000001

real	0m0.935s
user	0m0.932s
sys	0m0.000s
 
3948765877.809497 3955170852.914604 5863853434.234404 5870258409.339499

real	0m0.819s
user	0m0.816s
sys	0m0.000s
 
629070346650.9426 630167977775.031 934211799147.1235 935309430271.2021

real	0m0.527s
user	0m0.524s
sys	0m0.000s
 
72549439.0166 72565446.85879999 108086848.7006 108102856.5428001

real	0m0.791s
user	0m0.788s
sys	0m0.000s
 
324096005.6180002 324108897.3359997 483218480.892 483231372.6099998

real	0m0.831s
user	0m0.828s
sys	0m0.000s
 
MAT_VEC
 
53.79660000000001 53.79880000000001 58.68060000000001 58.68280000000001

real	0m0.393s
user	0m0.392s
sys	0m0.000s
 
178.7929000000001 178.8030000000001 201.2149000000001 201.2250000000001

real	0m0.447s
user	0m0.444s
sys	0m0.000s
 
992.6821000000002 992.6922000000003 1117.3464 1117.3565

real	0m0.318s
user	0m0.316s
sys	0m0.000s
 
390.3932 390.4204 450.7772000000001 450.8044

real	0m1.074s
user	0m1.072s
sys	0m0.000s
 
2166.9797 2167.0069 2502.7093 2502.7365

real	0m0.656s
user	0m0.652s
sys	0m0.000s
 
157975690.7399002 164380665.8450001

real	0m0.248s
user	0m0.244s
sys	0m0.000s
 
27065907086.64726 28163538210.734

real	0m0.276s
user	0m0.272s
sys	0m0.000s
 
170653918.7903002 177058893.8954 183463869.0004998

real	0m0.250s
user	0m0.248s
sys	0m0.000s
 
17202407856.50187 17848340807.38918 18494273758.27599

real	0m0.238s
user	0m0.236s
sys	0m0.000s
 
2.2266 2.2836 2.3406 2.397600000000001

real	0m0.206s
user	0m0.204s
sys	0m0.000s
 
73.52180000000001 74.6944 86.4204 87.59300000000002

real	0m0.817s
user	0m0.812s
sys	0m0.000s
 
609.1862 615.0844000000001 774.3358000000001 780.2340000000002

real	0m1.356s
user	0m1.352s
sys	0m0.000s
 
31020069.53999998 31057579.07999998 45948866.45999996 45986376.00000001

real	0m1.994s
user	0m1.988s
sys	0m0.000s
 
3948765877.809497 3955170852.914604 5863853434.234404 5870258409.339499

real	0m1.684s
user	0m1.680s
sys	0m0.000s
 
629070346650.9426 630167977775.031 934211799147.1235 935309430271.2021

real	0m1.151s
user	0m1.148s
sys	0m0.000s
 
72549439.0166 72565446.85879999 108086848.7006 108102856.5428001

real	0m1.686s
user	0m1.680s
sys	0m0.000s
 
324096005.6180002 324108897.3359997 483218480.892 483231372.6099998

real	0m0.970s
user	0m0.968s
sys	0m0.000s
 
MAT_MAT
 
53.79660000000001 53.79880000000001 58.68060000000001 58.68280000000001

real	0m0.387s
user	0m0.384s
sys	0m0.000s
 
9698907.663399996

real	0m0.495s
user	0m0.492s
sys	0m0.000s
 
3948765877.809497 3955170852.914604 5863853434.234404 5870258409.339499

real	0m0.422s
user	0m0.420s
sys	0m0.000s
 
3948765877.809497 3955170852.914604 5863853434.234404 5870258409.339499

real	0m0.194s
user	0m0.192s
sys	0m0.000s
 
8054296.570499997 8377212.617400005 11041896.78059999 11521723.02599998

real	0m0.500s
user	0m0.496s
sys	0m0.000s
 
67005585.50399998 69693523.28640002 92209626.6390001 96222702.65399998

real	0m0.649s
user	0m0.644s
sys	0m0.000s
 
297546749.5919997 308581623.7314994 440770097.583 457946307.1219999

real	0m0.514s
user	0m0.512s
sys	0m0.000s
 
109.241 111.7864 142.1856 145.251

real	0m0.430s
user	0m0.428s
sys	0m0.000s
 
1739639.1343 1765026.6362 3156552.835599999 3194056.931000001

real	0m0.519s
user	0m0.516s
sys	0m0.000s
 
40128631.98950006 40455680.77900002 81101463.51099998 81608296.35000008

real	0m0.353s
user	0m0.352s
sys	0m0.000s
 
301.3441 301.7106 379.168 379.5840000000001

real	0m0.455s
user	0m0.452s
sys	0m0.000s
 
45022.4809 45027.16379999999 57025.89409999999 57031.226

real	0m0.399s
user	0m0.396s
sys	0m0.000s
 
185145.8628 186726.9552 353878.6176 356259.936

real	0m0.445s
user	0m0.440s
sys	0m0.000s
 
5650057.303000003 5674398.905999999 11835110.684 11873364.25000001

real	0m0.426s
user	0m0.424s
sys	0m0.000s
 
3539227257.462 3543179262.324003 8019509498.519998 8025995052.400001

real	0m0.158s
user	0m0.156s
sys	0m0.000s
 
116679065033.4775 116750506858.205 268105200357.9501 268223292440

real	0m0.215s
user	0m0.212s
sys	0m0.000s
 
320986615485.3796 321111047409.1874 739901634073.444 740107504771.5159

real	0m0.332s
user	0m0.328s
sys	0m0.000s
 
401905815015.9952 402061610572.0562 927163589334.6554 927421585724.0334

real	0m0.376s
user	0m0.372s
sys	0m0.000s
 
OUTER
 
101.277 104.346 110.4774 113.8252

real	0m0.672s
user	0m0.668s
sys	0m0.000s
 
96.84840000000001 99.04950000000002 108.045 110.446

real	0m0.767s
user	0m0.764s
sys	0m0.000s
 
94.13800000000002 95.84960000000002 106.419 108.286

real	0m1.305s
user	0m1.300s
sys	0m0.000s
 
10.164 10.2025 11.913 11.9548

real	0m0.348s
user	0m0.344s
sys	0m0.000s
 
955.9242 956.3004 1135.8438 1136.254

real	0m0.365s
user	0m0.360s
sys	0m0.000s
 
78728.21440000001 78731.73660000002 93676.67820000002 93680.52040000001

real	0m0.361s
user	0m0.356s
sys	0m0.004s
 
TRANS1
 
53.79660000000001 53.79880000000001 58.68060000000001 58.68280000000001

real	0m0.397s
user	0m0.396s
sys	0m0.000s
 
9698907.663399996

real	0m0.495s
user	0m0.492s
sys	0m0.000s
 
3948765877.809497 3955170852.914604 5863853434.234404 5870258409.339499

real	0m0.207s
user	0m0.204s
sys	0m0.000s
 
3948765877.809497 3955170852.914604 5863853434.234404 5870258409.339499

real	0m0.209s
user	0m0.208s
sys	0m0.000s
 
8054296.570499997 8377212.617400005 11041896.78059999 11521723.02599998

real	0m0.504s
user	0m0.500s
sys	0m0.000s
 
67005585.50399998 69693523.28640002 92209626.6390001 96222702.65399998

real	0m0.651s
user	0m0.648s
sys	0m0.000s
 
297546749.5919997 308581623.7314994 440770097.583 457946307.1219999

real	0m0.509s
user	0m0.508s
sys	0m0.000s
 
109.241 111.7864 142.1856 145.251

real	0m0.517s
user	0m0.512s
sys	0m0.000s
 
1739639.1343 1765026.6362 3156552.835599999 3194056.931000001

real	0m1.018s
user	0m1.016s
sys	0m0.000s
 
40128631.98950006 40455680.77900002 81101463.51099998 81608296.35000008

real	0m0.775s
user	0m0.772s
sys	0m0.000s
 
301.3441 301.7106 379.168 379.5840000000001

real	0m0.340s
user	0m0.336s
sys	0m0.000s
 
45022.4809 45027.16379999999 57025.89409999999 57031.226

real	0m0.279s
user	0m0.276s
sys	0m0.000s
 
185145.8628 186726.9552 353878.6176 356259.936

real	0m1.155s
user	0m1.152s
sys	0m0.000s
 
5650057.303000003 5674398.905999999 11835110.684 11873364.25000001

real	0m0.985s
user	0m0.980s
sys	0m0.000s
 
3539227257.462 3543179262.324003 8019509498.519998 8025995052.400001

real	0m0.345s
user	0m0.344s
sys	0m0.000s
 
116679065033.4775 116750506858.205 268105200357.9501 268223292440

real	0m0.487s
user	0m0.484s
sys	0m0.000s
 
320986615485.3796 321111047409.1874 739901634073.444 740107504771.5159

real	0m0.531s
user	0m0.528s
sys	0m0.000s
 
401905815015.9952 402061610572.0562 927163589334.6554 927421585724.0334

real	0m0.695s
user	0m0.692s
sys	0m0.000s
 
401905815015.9952 402061610572.0562 927163589334.6554 927421585724.0334

real	0m0.347s
user	0m0.344s
sys	0m0.004s
 
TRANS2
 
53.79660000000001 53.79880000000001 58.68060000000001 58.68280000000001

real	0m0.409s
user	0m0.408s
sys	0m0.000s
 
9698907.663399996

real	0m0.496s
user	0m0.492s
sys	0m0.000s
 
3948765877.809497 3955170852.914604 5863853434.234404 5870258409.339499

real	0m0.421s
user	0m0.420s
sys	0m0.000s
 
3948765877.809497 3955170852.914604 5863853434.234404 5870258409.339499

real	0m0.424s
user	0m0.420s
sys	0m0.000s
 
8054296.570499997 8377212.617400005 11041896.78059999 11521723.02599998

real	0m0.588s
user	0m0.584s
sys	0m0.000s
 
67005585.50399998 69693523.28640002 92209626.6390001 96222702.65399998

real	0m0.897s
user	0m0.892s
sys	0m0.000s
 
297546749.5919997 308581623.7314994 440770097.583 457946307.1219999

real	0m0.790s
user	0m0.788s
sys	0m0.000s
 
109.241 111.7864 142.1856 145.251

real	0m0.566s
user	0m0.564s
sys	0m0.000s
 
1739639.1343 1765026.6362 3156552.835599999 3194056.931000001

real	0m0.563s
user	0m0.560s
sys	0m0.000s
 
40128631.98950006 40455680.77900002 81101463.51099998 81608296.35000008

real	0m0.400s
user	0m0.396s
sys	0m0.000s
 
301.3441 301.7106 379.168 379.5840000000001

real	0m0.578s
user	0m0.576s
sys	0m0.000s
 
45022.4809 45027.16379999999 57025.89409999999 57031.226

real	0m0.447s
user	0m0.444s
sys	0m0.000s
 
185145.8628 186726.9552 353878.6176 356259.936

real	0m0.476s
user	0m0.472s
sys	0m0.000s
 
5650057.303000003 5674398.905999999 11835110.684 11873364.25000001

real	0m0.396s
user	0m0.392s
sys	0m0.000s
 
3539227257.462 3543179262.324003 8019509498.519998 8025995052.400001

real	0m0.148s
user	0m0.144s
sys	0m0.000s
 
116679065033.4775 116750506858.205 268105200357.9501 268223292440

real	0m0.234s
user	0m0.232s
sys	0m0.000s
 
320986615485.3796 321111047409.1874 739901634073.444 740107504771.5159

real	0m0.321s
user	0m0.320s
sys	0m0.000s
 
401905815015.9952 402061610572.0562 927163589334.6554 927421585724.0334

real	0m0.417s
user	0m0.412s
sys	0m0.000s
 
401905815015.9952 402061610572.0562 927163589334.6554 927421585724.0334

real	0m0.194s
user	0m0.192s
sys	0m0.004s
 
SEQUENCE
 
37624.35618 38872.44188 52954.76458 54712.31628

real	0m0.403s
user	0m0.400s
sys	0m0.000s
 
4350478614.186048 4405620767.888449 7321622135.843186 7393481577.214199

real	0m0.214s
user	0m0.212s
sys	0m0.000s
 
18696443068.18007 18840087100.15867 37617583432.7108 37823564976.3486

real	0m0.217s
user	0m0.216s
sys	0m0.000s
 
4.901614166865179e+18 4.912723296455448e+18 1.084442578747924e+19 1.086100449795465e+19

real	0m0.175s
user	0m0.172s
sys	0m0.000s
 
1.647418946230568e+16 1.649160037624473e+16 3.768465979697054e+16 3.771108024027194e+16

real	0m0.208s
user	0m0.204s
sys	0m0.000s
 
4.48881116501821e+17 4.490640601531962e+17 1.03730934601686e+18 1.03758774958278e+18

real	0m0.189s
user	0m0.184s
sys	0m0.004s
 
4.48881116501821e+17 4.490640601531962e+17 1.03730934601686e+18 1.03758774958278e+18

real	0m0.574s
user	0m0.572s
sys	0m0.000s
 
374124590164.9393 378323909405.297 483306890414.2386 487506209654.5964

real	0m0.222s
user	0m0.220s
sys	0m0.000s
 
8003498375443.188 8040830216224.574 11400695886549.59 11438027727330.98

real	0m0.217s
user	0m0.216s
sys	0m0.000s
 
467292080353.7709 473215316635.7608 603526514839.5372 609449751121.5272

real	0m0.714s
user	0m0.712s
sys	0m0.000s
 
22856685758006.32 23032721850853.32 32186598678896.97 32362634771743.98

real	0m0.848s
user	0m0.844s
sys	0m0.000s
