 
VEC_VEC
 
174.0387

real	0m5.017s
user	0m5.008s
sys	0m0.000s
 
9698907.663399996

real	0m0.577s
user	0m0.572s
sys	0m0.000s
 
24900423491.09201

real	0m0.697s
user	0m0.692s
sys	0m0.000s
 
24900741320632.71

real	0m0.690s
user	0m0.688s
sys	0m0.000s
 
2.490083360868967e+16

real	0m0.737s
user	0m0.732s
sys	0m0.000s
 
VEC_MAT
 
178.7929000000001 178.8030000000001 201.2149000000001 201.2250000000001

real	0m0.266s
user	0m0.264s
sys	0m0.000s
 
992.6821000000002 992.6922000000003 1117.3464 1117.3565

real	0m0.160s
user	0m0.156s
sys	0m0.000s
 
390.3932 390.4204 450.7772000000001 450.8044

real	0m0.786s
user	0m0.784s
sys	0m0.000s
 
2166.9797 2167.0069 2502.7093 2502.7365

real	0m0.431s
user	0m0.428s
sys	0m0.000s
 
157975690.7399002 164380665.8450001

real	0m0.266s
user	0m0.264s
sys	0m0.000s
 
27065907086.64726 28163538210.734

real	0m0.280s
user	0m0.276s
sys	0m0.000s
 
128614163.4402999 133441028.6953997 138267893.9505

real	0m0.243s
user	0m0.240s
sys	0m0.000s
 
17202407856.50187 17848340807.38918 18494273758.27599

real	0m0.236s
user	0m0.232s
sys	0m0.000s
 
2.2266 2.2836 2.3406 2.397600000000001

real	0m1.680s
user	0m1.676s
sys	0m0.000s
 
73.52180000000001 74.6944 86.4204 87.59300000000002

real	0m2.041s
user	0m2.036s
sys	0m0.000s
 
609.1862 615.0844000000001 774.3358000000001 780.2340000000002

real	0m1.229s
user	0m1.224s
sys	0m0.000s
 
31020069.53999998 31057579.07999998 45948866.45999996 45986376.00000001

real	0m0.910s
user	0m0.908s
sys	0m0.000s
 
3948765877.809497 3955170852.914604 5863853434.234404 5870258409.339499

real	0m0.771s
user	0m0.768s
sys	0m0.000s
 
629070346650.9426 630167977775.031 934211799147.1235 935309430271.2021

real	0m0.536s
user	0m0.532s
sys	0m0.000s
 
72549439.0166 72565446.85879999 108086848.7006 108102856.5428001

real	0m0.763s
user	0m0.760s
sys	0m0.000s
 
324096005.6180002 324108897.3359997 483218480.892 483231372.6099998

real	0m0.853s
user	0m0.848s
sys	0m0.000s
 
10829665.1294 10829701.4254 15310551.5134 15310587.8094

real	0m0.499s
user	0m0.496s
sys	0m0.000s
 
107135690886248 108233331157370.3 147748380917728.1 148846021188851.3

real	0m0.441s
user	0m0.440s
sys	0m0.000s
 
MAT_VEC
 
178.7929000000001 178.8030000000001 201.2149000000001 201.2250000000001

real	0m0.224s
user	0m0.220s
sys	0m0.000s
 
992.6821000000002 992.6922000000003 1117.3464 1117.3565

real	0m0.138s
user	0m0.136s
sys	0m0.000s
 
390.3932 390.4204 450.7772000000001 450.8044

real	0m0.338s
user	0m0.336s
sys	0m0.000s
 
2166.9797 2167.0069 2502.7093 2502.7365

real	0m0.235s
user	0m0.232s
sys	0m0.000s
 
157975690.7399002 164380665.8450001

real	0m0.264s
user	0m0.260s
sys	0m0.000s
 
27065907086.64726 28163538210.734

real	0m0.280s
user	0m0.276s
sys	0m0.000s
 
128614163.4402999 133441028.6953997 138267893.9505

real	0m0.242s
user	0m0.240s
sys	0m0.000s
 
17202407856.50187 17848340807.38918 18494273758.27599

real	0m0.235s
user	0m0.232s
sys	0m0.000s
 
2.2266 2.2836 2.3406 2.397600000000001

real	0m1.506s
user	0m1.500s
sys	0m0.000s
 
73.52180000000001 74.6944 86.4204 87.59300000000002

real	0m1.785s
user	0m1.780s
sys	0m0.000s
 
609.1862 615.0844000000001 774.3358000000001 780.2340000000002

real	0m0.915s
user	0m0.912s
sys	0m0.000s
 
31020069.53999998 31057579.07999998 45948866.45999996 45986376.00000001

real	0m0.485s
user	0m0.480s
sys	0m0.000s
 
3948765877.809497 3955170852.914604 5863853434.234404 5870258409.339499

real	0m0.457s
user	0m0.452s
sys	0m0.000s
 
629070346650.9426 630167977775.031 934211799147.1235 935309430271.2021

real	0m0.514s
user	0m0.512s
sys	0m0.000s
 
72549439.0166 72565446.85879999 108086848.7006 108102856.5428001

real	0m0.416s
user	0m0.412s
sys	0m0.000s
 
324096005.6180002 324108897.3359997 483218480.892 483231372.6099998

real	0m0.469s
user	0m0.464s
sys	0m0.000s
 
10829665.1294 10829701.4254 15310551.5134 15310587.8094

real	0m0.369s
user	0m0.364s
sys	0m0.004s
 
107135690886248 108233331157370.3 147748380917728.1 148846021188851.3

real	0m0.338s
user	0m0.336s
sys	0m0.000s
 
OUTER
 
101.277 104.346 110.4774 113.8252

real	0m0.564s
user	0m0.560s
sys	0m0.000s
 
96.84840000000001 99.04950000000002 108.045 110.446

real	0m0.604s
user	0m0.600s
sys	0m0.000s
 
94.13800000000002 95.84960000000002 106.419 108.286

real	0m0.522s
user	0m0.520s
sys	0m0.000s
 
14.5684 14.5728 16.60140000000001 16.606

real	0m0.553s
user	0m0.548s
sys	0m0.000s
 
10.164 10.2025 11.913 11.9548

real	0m0.660s
user	0m0.656s
sys	0m0.000s
 
955.9242 956.3004 1135.8438 1136.254

real	0m0.396s
user	0m0.392s
sys	0m0.000s
 
86477.05440000001 86480.57660000001 102897.9582 102901.8004

real	0m0.410s
user	0m0.404s
sys	0m0.004s
 
27312.9912 27313.3443 32486.685 32487.07

real	0m0.203s
user	0m0.200s
sys	0m0.000s
 
MAT_MAT
 
8054296.570499997 8377212.617400005 11041896.78059999 11521723.02599998

real	0m0.498s
user	0m0.496s
sys	0m0.000s
 
67005585.50399998 69693523.28640002 92209626.6390001 96222702.65399998

real	0m0.640s
user	0m0.636s
sys	0m0.000s
 
56602.02200000002 58658.48450000003 83130.86099999996 86296.01680000003

real	0m0.463s
user	0m0.460s
sys	0m0.000s
 
297546749.5919997 308581623.7314994 440770097.583 457946307.1219999

real	0m0.450s
user	0m0.448s
sys	0m0.000s
 
301.3441 301.7106 379.168 379.5840000000001

real	0m0.429s
user	0m0.428s
sys	0m0.000s
 
45022.4809 45027.16379999999 57025.89409999999 57031.226

real	0m0.370s
user	0m0.368s
sys	0m0.000s
 
79343.34260000002 79353.49420000002 105856.4262 105868.395

real	0m0.282s
user	0m0.276s
sys	0m0.004s
 
77470.43699999999 77485.73999999999 107948.34 107966.91

real	0m0.198s
user	0m0.196s
sys	0m0.000s
 
109.241 111.7864 142.1856 145.251

real	0m0.727s
user	0m0.724s
sys	0m0.000s
 
1739639.1343 1765026.6362 3156552.835599999 3194056.931000001

real	0m0.494s
user	0m0.492s
sys	0m0.000s
 
40128631.98950006 40455680.77900002 81101463.51099998 81608296.35000008

real	0m0.302s
user	0m0.300s
sys	0m0.000s
 
185145.8628 186726.9552 353878.6176 356259.936

real	0m0.404s
user	0m0.400s
sys	0m0.000s
 
5650057.303000003 5674398.905999999 11835110.684 11873364.25000001

real	0m0.367s
user	0m0.364s
sys	0m0.000s
 
3539227257.462 3543179262.324003 8019509498.519998 8025995052.400001

real	0m0.127s
user	0m0.124s
sys	0m0.000s
 
66219776245.92168 66260257446.05717 151986883006.3699 152053753059.55

real	0m0.134s
user	0m0.132s
sys	0m0.000s
 
166212294937.3991 166288626284.498 382568140639.0098 382694366833.2999

real	0m0.145s
user	0m0.140s
sys	0m0.004s
 
608720333715.4655 608956501509.1871 1405127495482.165 1405518727998.903

real	0m0.292s
user	0m0.288s
sys	0m0.000s
 
TRANS1
 
8054296.570499997 8377212.617400005 11041896.78059999 11521723.02599998

real	0m0.500s
user	0m0.492s
sys	0m0.004s
 
67005585.50399998 69693523.28640002 92209626.6390001 96222702.65399998

real	0m0.641s
user	0m0.640s
sys	0m0.000s
 
56602.02200000002 58658.48450000003 83130.86099999996 86296.01680000003

real	0m0.447s
user	0m0.444s
sys	0m0.000s
 
297546749.5919997 308581623.7314994 440770097.583 457946307.1219999

real	0m0.499s
user	0m0.496s
sys	0m0.000s
 
301.3441 301.7106 379.168 379.5840000000001

real	0m0.335s
user	0m0.332s
sys	0m0.000s
 
45022.4809 45027.16379999999 57025.89409999999 57031.226

real	0m0.269s
user	0m0.268s
sys	0m0.000s
 
79343.34260000002 79353.49420000002 105856.4262 105868.395

real	0m0.320s
user	0m0.316s
sys	0m0.000s
 
77470.43699999999 77485.73999999999 107948.34 107966.91

real	0m0.280s
user	0m0.276s
sys	0m0.000s
 
109.241 111.7864 142.1856 145.251

real	0m0.730s
user	0m0.728s
sys	0m0.000s
 
1739639.1343 1765026.6362 3156552.835599999 3194056.931000001

real	0m0.612s
user	0m0.608s
sys	0m0.000s
 
40128631.98950006 40455680.77900002 81101463.51099998 81608296.35000008

real	0m0.417s
user	0m0.412s
sys	0m0.000s
 
185145.8628 186726.9552 353878.6176 356259.936

real	0m0.618s
user	0m0.616s
sys	0m0.000s
 
5650057.303000003 5674398.905999999 11835110.684 11873364.25000001

real	0m0.515s
user	0m0.512s
sys	0m0.000s
 
3539227257.462 3543179262.324003 8019509498.519998 8025995052.400001

real	0m0.184s
user	0m0.180s
sys	0m0.000s
 
66219776245.92168 66260257446.05717 151986883006.3699 152053753059.55

real	0m0.213s
user	0m0.208s
sys	0m0.004s
 
166212294937.3991 166288626284.498 382568140639.0098 382694366833.2999

real	0m0.185s
user	0m0.184s
sys	0m0.000s
 
608720333715.4655 608956501509.1871 1405127495482.165 1405518727998.903

real	0m0.401s
user	0m0.392s
sys	0m0.004s
 
1512441.733 1524415.266 2968657.650000001 2986772.5

real	0m0.348s
user	0m0.344s
sys	0m0.000s
 
608720333715.4655 608956501509.1871 1405127495482.165 1405518727998.903

real	0m0.221s
user	0m0.216s
sys	0m0.004s
 
TRANS2
 
8054296.570499997 8377212.617400005 11041896.78059999 11521723.02599998

real	0m0.508s
user	0m0.504s
sys	0m0.000s
 
67005585.50399998 69693523.28640002 92209626.6390001 96222702.65399998

real	0m0.700s
user	0m0.696s
sys	0m0.000s
 
56602.02200000002 58658.48450000003 83130.86099999996 86296.01680000003

real	0m0.476s
user	0m0.472s
sys	0m0.000s
 
297546749.5919997 308581623.7314994 440770097.583 457946307.1219999

real	0m0.560s
user	0m0.556s
sys	0m0.000s
 
301.3441 301.7106 379.168 379.5840000000001

real	0m0.693s
user	0m0.692s
sys	0m0.000s
 
45022.4809 45027.16379999999 57025.89409999999 57031.226

real	0m0.310s
user	0m0.304s
sys	0m0.004s
 
79343.34260000002 79353.49420000002 105856.4262 105868.395

real	0m0.295s
user	0m0.292s
sys	0m0.000s
 
77470.43699999999 77485.73999999999 107948.34 107966.91

real	0m0.205s
user	0m0.204s
sys	0m0.000s
 
109.241 111.7864 142.1856 145.251

real	0m0.654s
user	0m0.652s
sys	0m0.000s
 
1739639.1343 1765026.6362 3156552.835599999 3194056.931000001

real	0m0.460s
user	0m0.456s
sys	0m0.000s
 
40128631.98950006 40455680.77900002 81101463.51099998 81608296.35000008

real	0m0.316s
user	0m0.312s
sys	0m0.000s
 
185145.8628 186726.9552 353878.6176 356259.936

real	0m0.398s
user	0m0.396s
sys	0m0.000s
 
5650057.303000003 5674398.905999999 11835110.684 11873364.25000001

real	0m0.347s
user	0m0.344s
sys	0m0.000s
 
3539227257.462 3543179262.324003 8019509498.519998 8025995052.400001

real	0m0.125s
user	0m0.124s
sys	0m0.000s
 
66219776245.92168 66260257446.05717 151986883006.3699 152053753059.55

real	0m0.138s
user	0m0.132s
sys	0m0.004s
 
166212294937.3991 166288626284.498 382568140639.0098 382694366833.2999

real	0m0.143s
user	0m0.140s
sys	0m0.000s
 
608720333715.4655 608956501509.1871 1405127495482.165 1405518727998.903

real	0m0.291s
user	0m0.284s
sys	0m0.004s
 
1512441.733 1524415.266 2968657.650000001 2986772.5

real	0m0.223s
user	0m0.220s
sys	0m0.000s
 
608720333715.4655 608956501509.1871 1405127495482.165 1405518727998.903

real	0m0.142s
user	0m0.144s
sys	0m0.000s
 
SPECIAL
 
0.04840000000000001

real	0m4.255s
user	0m4.248s
sys	0m0.000s
 
0.04840000000000001

real	0m4.694s
user	0m4.684s
sys	0m0.000s
 
0.04840000000000001

real	0m4.266s
user	0m4.256s
sys	0m0.000s
 
53.79660000000001 53.79880000000001 58.68060000000001 58.68280000000001

real	0m0.579s
user	0m0.576s
sys	0m0.000s
 
53.79660000000001 53.79880000000001 58.68060000000001 58.68280000000001

real	0m0.629s
user	0m0.624s
sys	0m0.000s
 
9698907.663399996

real	0m0.577s
user	0m0.572s
sys	0m0.000s
 
9698907.663399996

real	0m0.581s
user	0m0.576s
sys	0m0.000s
 
0.04840000000000001

real	0m4.533s
user	0m4.524s
sys	0m0.000s
 
53.79660000000001 53.79880000000001 58.68060000000001 58.68280000000001

real	0m0.588s
user	0m0.584s
sys	0m0.000s
 
53.79660000000001 53.79880000000001 58.68060000000001 58.68280000000001

real	0m0.647s
user	0m0.644s
sys	0m0.000s
 
9698907.663399996

real	0m0.588s
user	0m0.584s
sys	0m0.000s
 
3948765877.809497 3955170852.914604 5863853434.234404 5870258409.339499

real	0m0.354s
user	0m0.352s
sys	0m0.000s
 
3948765877.809497 3955170852.914604 5863853434.234404 5870258409.339499

real	0m0.581s
user	0m0.580s
sys	0m0.000s
 
0.04840000000000001

real	0m5.217s
user	0m5.208s
sys	0m0.000s
 
53.79660000000001 53.79880000000001 58.68060000000001 58.68280000000001

real	0m0.599s
user	0m0.596s
sys	0m0.000s
 
53.79660000000001 53.79880000000001 58.68060000000001 58.68280000000001

real	0m0.631s
user	0m0.628s
sys	0m0.000s
 
9698907.663399996

real	0m0.586s
user	0m0.584s
sys	0m0.000s
 
3948765877.809497 3955170852.914604 5863853434.234404 5870258409.339499

real	0m0.572s
user	0m0.568s
sys	0m0.000s
 
3948765877.809497 3955170852.914604 5863853434.234404 5870258409.339499

real	0m0.571s
user	0m0.568s
sys	0m0.000s
 
0.04840000000000001

real	0m4.880s
user	0m4.868s
sys	0m0.000s
 
53.79660000000001 53.79880000000001 58.68060000000001 58.68280000000001

real	0m0.605s
user	0m0.600s
sys	0m0.004s
 
53.79660000000001 53.79880000000001 58.68060000000001 58.68280000000001

real	0m0.652s
user	0m0.648s
sys	0m0.000s
 
9698907.663399996

real	0m0.582s
user	0m0.580s
sys	0m0.000s
 
3948765877.809497 3955170852.914604 5863853434.234404 5870258409.339499

real	0m0.339s
user	0m0.336s
sys	0m0.000s
 
3948765877.809497 3955170852.914604 5863853434.234404 5870258409.339499

real	0m0.338s
user	0m0.336s
sys	0m0.000s
 
SEQUENCE
 
37624.35618 38872.44188 52954.76458 54712.31628

real	0m0.303s
user	0m0.300s
sys	0m0.000s
 
4350478614.186048 4405620767.888449 7321622135.843186 7393481577.214199

real	0m0.208s
user	0m0.204s
sys	0m0.000s
 
18696443068.18007 18840087100.15867 37617583432.7108 37823564976.3486

real	0m0.207s
user	0m0.204s
sys	0m0.000s
 
4.901614166865179e+18 4.912723296455448e+18 1.084442578747924e+19 1.086100449795465e+19

real	0m0.138s
user	0m0.136s
sys	0m0.000s
 
1.647418946230568e+16 1.649160037624473e+16 3.768465979697054e+16 3.771108024027194e+16

real	0m0.191s
user	0m0.188s
sys	0m0.000s
 
4.48881116501821e+17 4.490640601531962e+17 1.03730934601686e+18 1.03758774958278e+18

real	0m0.134s
user	0m0.132s
sys	0m0.000s
 
4.48881116501821e+17 4.490640601531962e+17 1.03730934601686e+18 1.03758774958278e+18

real	0m0.343s
user	0m0.336s
sys	0m0.004s
 
374124590164.9393 378323909405.297 483306890414.2386 487506209654.5964

real	0m0.217s
user	0m0.216s
sys	0m0.000s
 
8003498375443.188 8040830216224.574 11400695886549.59 11438027727330.98

real	0m0.217s
user	0m0.216s
sys	0m0.000s
 
467292080353.7709 473215316635.7608 603526514839.5372 609449751121.5272

real	0m0.365s
user	0m0.364s
sys	0m0.000s
 
22856685758006.32 23032721850853.32 32186598678896.97 32362634771743.98

real	0m0.231s
user	0m0.228s
sys	0m0.000s
