 
VEC_VEC
 
174.0387000000001

real	0m0.583s
user	0m0.579s
sys	0m0.002s
 
9698907.663400002

real	0m0.081s
user	0m0.078s
sys	0m0.001s
 
24900423491.09201

real	0m0.241s
user	0m0.238s
sys	0m0.001s
 
24900741320632.73

real	0m0.311s
user	0m0.307s
sys	0m0.002s
 
2.490083360868272e+16

real	0m0.586s
user	0m0.575s
sys	0m0.008s
 
VEC_MAT
 
178.7929000000001 178.8030000000001 201.2149000000001 201.2250000000001

real	0m1.138s
user	0m1.135s
sys	0m0.002s
 
992.6821000000002 992.6922000000003 1117.3464 1117.3565

real	0m1.030s
user	0m1.032s
sys	0m0.479s
 
390.3932 390.4204 450.7772 450.8044

real	0m1.461s
user	0m1.458s
sys	0m0.002s
 
2166.9797 2167.0069 2502.7093 2502.7365

real	0m1.129s
user	0m1.224s
sys	0m0.495s
 
157975690.7399002 164380665.845

real	0m0.112s
user	0m0.109s
sys	0m0.001s
 
27065907086.64689 28163538210.734

real	0m0.155s
user	0m0.152s
sys	0m0.001s
 
128614163.4403001 133441028.6954 138267893.9505

real	0m0.190s
user	0m0.187s
sys	0m0.001s
 
17202407856.50204 17848340807.38907 18494273758.276

real	0m0.227s
user	0m0.224s
sys	0m0.002s
 
2.2266 2.2836 2.3406 2.397600000000001

real	0m0.510s
user	0m0.507s
sys	0m0.001s
 
73.52180000000001 74.6944 86.42040000000001 87.59300000000002

real	0m0.828s
user	0m0.825s
sys	0m0.002s
 
609.1862000000001 615.0844 774.3358000000001 780.2339999999999

real	0m0.715s
user	0m0.712s
sys	0m0.002s
 
31020069.54 31057579.08 45948866.46000001 45986376

real	0m0.897s
user	0m0.998s
sys	0m0.309s
 
3948765877.809501 3955170852.914599 5863853434.234402 5870258409.339502

real	0m1.028s
user	0m1.145s
sys	0m0.112s
 
629070346650.9353 630167977775.0234 934211799147.1252 935309430271.212

real	0m0.792s
user	0m0.841s
sys	0m0.041s
 
72549439.01660001 72565446.85880002 108086848.7006 108102856.5428

real	0m0.868s
user	0m1.529s
sys	0m0.110s
 
324096005.618 324108897.3360001 483218480.892 483231372.6100001

real	0m0.681s
user	0m1.267s
sys	0m0.035s
 
10829665.1294 10829701.4254 15310551.5134 15310587.8094

real	0m0.495s
user	0m0.889s
sys	0m0.027s
 
107135690886257.5 108233331157372.5 147748380917738.6 148846021188854.1

real	0m0.589s
user	0m0.571s
sys	0m0.013s
 
MAT_VEC
 
178.7929000000001 178.8030000000001 201.2149000000001 201.2250000000001

real	0m0.529s
user	0m0.525s
sys	0m0.002s
 
992.6821000000002 992.6922000000003 1117.3464 1117.3565

real	0m0.949s
user	0m0.787s
sys	0m0.479s
 
390.3932 390.4204 450.7772000000001 450.8044

real	0m0.765s
user	0m0.762s
sys	0m0.001s
 
2166.9797 2167.0069 2502.7093 2502.7365

real	0m1.070s
user	0m0.996s
sys	0m0.475s
 
157975690.7399002 164380665.8450001

real	0m0.387s
user	0m0.384s
sys	0m0.001s
 
27065907086.64726 28163538210.734

real	0m0.428s
user	0m0.425s
sys	0m0.001s
 
128614163.4402999 133441028.6953997 138267893.9505

real	0m0.357s
user	0m0.354s
sys	0m0.001s
 
17202407856.50187 17848340807.38918 18494273758.27599

real	0m0.368s
user	0m0.364s
sys	0m0.001s
 
2.2266 2.2836 2.3406 2.397600000000001

real	0m0.583s
user	0m0.580s
sys	0m0.001s
 
73.52180000000001 74.6944 86.4204 87.59300000000002

real	0m0.840s
user	0m0.838s
sys	0m0.001s
 
609.1862 615.0844000000001 774.3358000000001 780.2340000000002

real	0m0.689s
user	0m0.686s
sys	0m0.001s
 
31020069.53999998 31057579.07999998 45948866.45999996 45986376.00000001

real	0m1.052s
user	0m1.267s
sys	0m0.311s
 
3948765877.809497 3955170852.914604 5863853434.234404 5870258409.339499

real	0m1.337s
user	0m1.552s
sys	0m0.097s
 
629070346650.9426 630167977775.031 934211799147.1235 935309430271.2021

real	0m0.869s
user	0m1.035s
sys	0m0.039s
 
72549439.0166 72565446.85879999 108086848.7006 108102856.5428001

real	0m0.815s
user	0m1.434s
sys	0m0.059s
 
324096005.6180002 324108897.3359997 483218480.892 483231372.6099998

real	0m0.629s
user	0m1.186s
sys	0m0.025s
 
10829665.1294 10829701.4254 15310551.5134 15310587.8094

real	0m0.480s
user	0m0.857s
sys	0m0.027s
 
107135690886248 108233331157370.3 147748380917728.1 148846021188851.3

real	0m0.547s
user	0m0.529s
sys	0m0.015s
 
OUTER
 
101.277 104.346 110.4774 113.8252

real	0m12.663s
user	0m12.653s
sys	0m0.006s
 
96.84840000000001 99.04950000000002 108.045 110.446

real	0m11.317s
user	0m11.309s
sys	0m0.005s
 
94.13800000000002 95.84960000000002 106.419 108.286

real	0m9.661s
user	0m9.655s
sys	0m0.004s
 
14.5684 14.5728 16.60140000000001 16.606

real	0m1.624s
user	0m1.621s
sys	0m0.002s
 
10.164 10.2025 11.913 11.9548

real	0m2.225s
user	0m2.221s
sys	0m0.002s
 
955.9242 956.3004 1135.8438 1136.254

real	0m1.534s
user	0m1.710s
sys	0m0.380s
 
86477.05440000001 86480.57660000001 102897.9582 102901.8004

real	0m1.659s
user	0m2.569s
sys	0m0.033s
 
27312.9912 27313.3443 32486.685 32487.07

real	0m0.962s
user	0m1.422s
sys	0m0.031s
 
MAT_MAT
 
8054296.570499997 8377212.617400005 11041896.78059999 11521723.02599998

real	0m0.402s
user	0m0.399s
sys	0m0.002s
 
67005585.50400001 69693523.28639999 92209626.63900001 96222702.65400001

real	0m1.024s
user	0m1.021s
sys	0m0.002s
 
56602.02200000002 58658.48450000003 83130.86099999996 86296.01680000001

real	0m0.369s
user	0m0.367s
sys	0m0.001s
 
297546749.5919999 308581623.7315 440770097.5830001 457946307.122

real	0m0.475s
user	0m0.472s
sys	0m0.002s
 
8054296.570499997 8144829.910200007 11426434.83180001 11521723.02599998

real	0m0.435s
user	0m0.431s
sys	0m0.001s
 
67005585.504 67746880.83149999 95442432.6726 96222702.65400001

real	0m0.931s
user	0m0.928s
sys	0m0.002s
 
56602.02200000002 56765.4044 86117.12820000002 86296.01680000003

real	0m0.304s
user	0m0.302s
sys	0m0.001s
 
297546749.5919999 299613096.1239999 455678605.331 457946307.122

real	0m0.457s
user	0m0.454s
sys	0m0.002s
 
301.3441 301.7106 379.168 379.5840000000001

real	0m0.870s
user	0m0.867s
sys	0m0.002s
 
45022.4809 45027.16379999999 57025.89409999999 57031.226

real	0m1.651s
user	0m2.408s
sys	0m0.065s
 
79343.34260000002 79353.49420000002 105856.4262 105868.395

real	0m1.007s
user	0m1.478s
sys	0m0.042s
 
77470.43699999999 77485.73999999999 107948.34 107966.91

real	0m0.615s
user	0m0.865s
sys	0m0.034s
 
109.241 111.7864 142.1856 145.251

real	0m0.772s
user	0m0.769s
sys	0m0.002s
 
1739639.1343 1765026.6362 3156552.835600001 3194056.931000001

real	0m0.485s
user	0m0.482s
sys	0m0.002s
 
40128631.9895 40455680.779 81101463.51099999 81608296.35000001

real	0m0.282s
user	0m0.279s
sys	0m0.002s
 
185145.8628 186726.9552 353878.6176 356259.936

real	0m0.414s
user	0m0.411s
sys	0m0.001s
 
5650057.303000001 5674398.905999998 11835110.684 11873364.25

real	0m0.324s
user	0m0.321s
sys	0m0.002s
 
3539227257.462 3543179262.324 8019509498.52 8025995052.400001

real	0m0.069s
user	0m0.119s
sys	0m0.004s
 
66219776245.92161 66260257446.0572 151986883006.37 152053753059.55

real	0m0.092s
user	0m0.142s
sys	0m0.010s
 
166212294937.399 166288626284.498 382568140639.01 382694366833.3

real	0m0.088s
user	0m0.131s
sys	0m0.011s
 
608720333715.4656 608956501509.1868 1405127495482.165 1405518727998.903

real	0m0.159s
user	0m0.253s
sys	0m0.016s
 
TRANS1
 
8054296.570499999 8377212.617400001 11041896.7806 11521723.026

real	0m0.294s
user	0m0.291s
sys	0m0.002s
 
67005585.50400001 69693523.28639999 92209626.63900001 96222702.65400001

real	0m1.014s
user	0m1.011s
sys	0m0.002s
 
56602.022 58658.48450000001 83130.86100000002 86296.01680000001

real	0m0.341s
user	0m0.338s
sys	0m0.002s
 
297546749.5919999 308581623.7315 440770097.5830001 457946307.122

real	0m0.474s
user	0m0.469s
sys	0m0.002s
 
8054296.570499999 8144829.910199996 11426434.8318 11521723.026

real	0m0.266s
user	0m0.263s
sys	0m0.001s
 
67005585.504 67746880.83149999 95442432.6726 96222702.65400001

real	0m0.892s
user	0m0.888s
sys	0m0.002s
 
56602.022 56765.4044 86117.12820000002 86296.01680000001

real	0m0.284s
user	0m0.280s
sys	0m0.001s
 
297546749.5919999 299613096.1239999 455678605.331 457946307.122

real	0m0.465s
user	0m0.462s
sys	0m0.002s
 
301.3441 301.7106 379.168 379.5840000000001

real	0m0.870s
user	0m0.865s
sys	0m0.002s
 
45022.4809 45027.16379999999 57025.89409999999 57031.226

real	0m1.662s
user	0m2.415s
sys	0m0.065s
 
79343.34260000002 79353.49420000002 105856.4262 105868.395

real	0m1.006s
user	0m1.470s
sys	0m0.042s
 
77470.43699999999 77485.73999999999 107948.34 107966.91

real	0m0.614s
user	0m0.865s
sys	0m0.034s
 
109.241 111.7864 142.1856 145.251

real	0m0.732s
user	0m0.730s
sys	0m0.002s
 
1739639.1343 1765026.6362 3156552.835600001 3194056.931000001

real	0m0.481s
user	0m0.478s
sys	0m0.002s
 
40128631.9895 40455680.779 81101463.51099999 81608296.35000001

real	0m0.285s
user	0m0.282s
sys	0m0.002s
 
185145.8628 186726.9552 353878.6176 356259.936

real	0m0.420s
user	0m0.417s
sys	0m0.002s
 
5650057.303000001 5674398.905999998 11835110.684 11873364.25

real	0m0.331s
user	0m0.328s
sys	0m0.002s
 
3539227257.462 3543179262.324 8019509498.52 8025995052.400001

real	0m0.070s
user	0m0.119s
sys	0m0.004s
 
66219776245.92161 66260257446.0572 151986883006.37 152053753059.55

real	0m0.096s
user	0m0.148s
sys	0m0.008s
 
166212294937.399 166288626284.498 382568140639.01 382694366833.3

real	0m0.103s
user	0m0.146s
sys	0m0.011s
 
608720333715.4656 608956501509.1868 1405127495482.165 1405518727998.903

real	0m0.183s
user	0m0.276s
sys	0m0.017s
 
1512441.733 1524415.266 2968657.65 2986772.5

real	0m0.277s
user	0m0.274s
sys	0m0.001s
 
608720333715.4656 608956501509.1868 1405127495482.165 1405518727998.903

real	0m0.125s
user	0m0.168s
sys	0m0.012s
 
TRANS2
 
8054296.570499997 8377212.617400005 11041896.78059999 11521723.02599998

real	0m0.814s
user	0m0.809s
sys	0m0.002s
 
67005585.50400001 69693523.28639999 92209626.63900001 96222702.65400001

real	0m1.014s
user	0m1.010s
sys	0m0.002s
 
56602.02200000002 58658.48450000003 83130.86099999996 86296.01680000003

real	0m0.569s
user	0m0.566s
sys	0m0.001s
 
297546749.5919999 308581623.7315 440770097.5830001 457946307.122

real	0m0.455s
user	0m0.452s
sys	0m0.002s
 
8054296.570499997 8144829.910200007 11426434.83180001 11521723.02599998

real	0m0.382s
user	0m0.380s
sys	0m0.001s
 
67005585.504 67746880.83149999 95442432.6726 96222702.65400001

real	0m0.943s
user	0m0.940s
sys	0m0.002s
 
56602.02200000002 56765.4044 86117.12820000002 86296.01680000003

real	0m0.278s
user	0m0.275s
sys	0m0.001s
 
297546749.5919999 299613096.1239999 455678605.331 457946307.122

real	0m0.461s
user	0m0.457s
sys	0m0.002s
 
301.3441 301.7106 379.168 379.5840000000001

real	0m0.871s
user	0m0.868s
sys	0m0.002s
 
45022.4809 45027.16379999999 57025.89409999999 57031.226

real	0m1.657s
user	0m2.417s
sys	0m0.064s
 
79343.34260000002 79353.49420000002 105856.4262 105868.395

real	0m1.006s
user	0m1.474s
sys	0m0.042s
 
77470.43699999999 77485.73999999999 107948.34 107966.91

real	0m0.619s
user	0m0.871s
sys	0m0.035s
 
109.241 111.7864 142.1856 145.251

real	0m0.842s
user	0m0.840s
sys	0m0.001s
 
1739639.1343 1765026.6362 3156552.835600001 3194056.931000001

real	0m0.496s
user	0m0.492s
sys	0m0.002s
 
40128631.9895 40455680.779 81101463.51099999 81608296.35000001

real	0m0.286s
user	0m0.282s
sys	0m0.002s
 
185145.8628 186726.9552 353878.6176 356259.936

real	0m0.419s
user	0m0.416s
sys	0m0.001s
 
5650057.303000001 5674398.905999998 11835110.684 11873364.25

real	0m0.326s
user	0m0.322s
sys	0m0.002s
 
3539227257.462 3543179262.324 8019509498.52 8025995052.400001

real	0m0.072s
user	0m0.122s
sys	0m0.004s
 
66219776245.92161 66260257446.0572 151986883006.37 152053753059.55

real	0m0.097s
user	0m0.149s
sys	0m0.009s
 
166212294937.399 166288626284.498 382568140639.01 382694366833.3

real	0m0.103s
user	0m0.146s
sys	0m0.012s
 
608720333715.4656 608956501509.1868 1405127495482.165 1405518727998.903

real	0m0.187s
user	0m0.280s
sys	0m0.017s
 
1512441.733 1524415.266 2968657.65 2986772.5

real	0m0.281s
user	0m0.277s
sys	0m0.002s
 
608720333715.4656 608956501509.1868 1405127495482.165 1405518727998.903

real	0m0.123s
user	0m0.168s
sys	0m0.011s
 
TRANS12
 
8054296.570499997 8377212.617400005 11041896.78059999 11521723.02599998

real	0m0.397s
user	0m0.394s
sys	0m0.002s
 
67005585.50400001 69693523.28639999 92209626.63900001 96222702.65400001

real	0m1.005s
user	0m1.002s
sys	0m0.002s
 
56602.02200000002 58658.48450000003 83130.86099999996 86296.01680000003

real	0m0.371s
user	0m0.368s
sys	0m0.001s
 
297546749.5919999 308581623.7315 440770097.5830001 457946307.122

real	0m0.453s
user	0m0.450s
sys	0m0.002s
 
8054296.570499997 8144829.910200007 11426434.83180001 11521723.02599998

real	0m0.765s
user	0m0.762s
sys	0m0.001s
 
67005585.504 67746880.83149999 95442432.6726 96222702.65400001

real	0m0.913s
user	0m0.910s
sys	0m0.002s
 
56602.02200000002 56765.4044 86117.12820000002 86296.01680000003

real	0m0.630s
user	0m0.628s
sys	0m0.002s
 
297546749.5919999 299613096.1239999 455678605.331 457946307.122

real	0m0.462s
user	0m0.458s
sys	0m0.002s
 
301.3441 301.7106 379.168 379.5840000000001

real	0m0.871s
user	0m0.868s
sys	0m0.002s
 
45022.4809 45027.16379999999 57025.89409999999 57031.226

real	0m1.650s
user	0m2.408s
sys	0m0.064s
 
79343.34260000002 79353.49420000002 105856.4262 105868.395

real	0m1.052s
user	0m1.536s
sys	0m0.036s
 
77470.43699999999 77485.73999999999 107948.34 107966.91

real	0m0.618s
user	0m0.871s
sys	0m0.035s
 
109.241 111.7864 142.1856 145.251

real	0m0.793s
user	0m0.789s
sys	0m0.002s
 
1739639.1343 1765026.6362 3156552.835600001 3194056.931000001

real	0m0.479s
user	0m0.475s
sys	0m0.002s
 
40128631.9895 40455680.779 81101463.51099999 81608296.35000001

real	0m0.283s
user	0m0.279s
sys	0m0.002s
 
185145.8628 186726.9552 353878.6176 356259.936

real	0m0.417s
user	0m0.414s
sys	0m0.001s
 
5650057.303000001 5674398.905999998 11835110.684 11873364.25

real	0m0.336s
user	0m0.332s
sys	0m0.003s
 
3539227257.462 3543179262.324 8019509498.52 8025995052.400001

real	0m0.073s
user	0m0.123s
sys	0m0.005s
 
66219776245.92161 66260257446.0572 151986883006.37 152053753059.55

real	0m0.106s
user	0m0.159s
sys	0m0.008s
 
166212294937.399 166288626284.498 382568140639.01 382694366833.3

real	0m0.118s
user	0m0.160s
sys	0m0.011s
 
608720333715.4656 608956501509.1868 1405127495482.165 1405518727998.903

real	0m0.209s
user	0m0.302s
sys	0m0.019s
 
SPECIAL
 
0.04840000000000001

real	0m1.343s
user	0m1.339s
sys	0m0.002s
 
0.04840000000000001

real	0m1.161s
user	0m1.157s
sys	0m0.002s
 
0.04840000000000001

real	0m0.378s
user	0m0.375s
sys	0m0.001s
 
53.79660000000001 53.79880000000001 58.68060000000001 58.68280000000001

real	0m1.382s
user	0m1.379s
sys	0m0.002s
 
53.79660000000001 53.79880000000001 58.68060000000001 58.68280000000001

real	0m3.405s
user	0m3.401s
sys	0m0.003s
 
9698907.663399996

real	0m0.781s
user	0m0.778s
sys	0m0.002s
 
9698907.663400004

real	0m0.214s
user	0m0.211s
sys	0m0.001s
 
0.04840000000000001

real	0m2.721s
user	0m2.717s
sys	0m0.002s
 
53.79660000000001 53.79880000000001 58.68060000000001 58.68280000000001

real	0m1.761s
user	0m1.758s
sys	0m0.001s
 
53.79660000000001 53.79880000000001 58.68060000000001 58.68280000000001

real	0m17.402s
user	0m17.393s
sys	0m0.006s
 
9698907.663399996

real	0m0.801s
user	0m0.798s
sys	0m0.002s
 
3948765877.8095 3955170852.914605 5863853434.234401 5870258409.339502

real	0m1.469s
user	0m2.764s
sys	0m0.092s
 
3948765877.809501 3955170852.9146 5863853434.234401 5870258409.339502

real	0m1.342s
user	0m2.491s
sys	0m0.107s
 
0.04840000000000001

real	0m2.651s
user	0m2.647s
sys	0m0.002s
 
53.79660000000001 53.79880000000001 58.68060000000001 58.68280000000001

real	0m3.820s
user	0m3.813s
sys	0m0.004s
 
53.79660000000001 53.79880000000001 58.68060000000001 58.68280000000001

real	0m17.897s
user	0m17.889s
sys	0m0.005s
 
9698907.663400004

real	0m0.237s
user	0m0.234s
sys	0m0.001s
 
3948765877.8095 3955170852.914605 5863853434.234401 5870258409.339502

real	0m1.177s
user	0m2.179s
sys	0m0.086s
 
3948765877.809501 3955170852.9146 5863853434.234401 5870258409.339502

real	0m1.314s
user	0m2.438s
sys	0m0.108s
 
0.04840000000000001

real	0m2.755s
user	0m2.752s
sys	0m0.002s
 
53.79660000000001 53.79880000000001 58.68060000000001 58.68280000000001

real	0m1.758s
user	0m1.755s
sys	0m0.002s
 
53.79660000000001 53.79880000000001 58.68060000000001 58.68280000000001

real	0m15.340s
user	0m15.332s
sys	0m0.006s
 
9698907.663399996

real	0m0.811s
user	0m0.808s
sys	0m0.001s
 
3948765877.8095 3955170852.914605 5863853434.234401 5870258409.339502

real	0m1.462s
user	0m2.751s
sys	0m0.091s
 
3948765877.809501 3955170852.9146 5863853434.234401 5870258409.339502

real	0m1.710s
user	0m3.254s
sys	0m0.081s
 
0.04840000000000001

real	0m2.797s
user	0m2.792s
sys	0m0.002s
 
53.79660000000001 53.79880000000001 58.68060000000001 58.68280000000001

real	0m4.018s
user	0m4.013s
sys	0m0.003s
 
53.79660000000001 53.79880000000001 58.68060000000001 58.68280000000001

real	0m12.589s
user	0m12.582s
sys	0m0.004s
 
9698907.663399996

real	0m0.806s
user	0m0.803s
sys	0m0.002s
 
3948765877.8095 3955170852.914605 5863853434.234401 5870258409.339502

real	0m1.184s
user	0m2.183s
sys	0m0.091s
 
3948765877.809501 3955170852.9146 5863853434.234401 5870258409.339502

real	0m1.704s
user	0m3.239s
sys	0m0.080s
 
3037.1121 3037.6632 3611.409 3612.01

real	0m0.938s
user	0m1.186s
sys	0m0.099s
 
3037.1121 3037.6632 3611.409 3612.01

real	0m0.936s
user	0m1.185s
sys	0m0.096s
 
3037.1121 3037.6632 3611.409 3612.01

real	0m0.938s
user	0m1.187s
sys	0m0.097s
 
3037.1121 3037.6632 3611.409 3612.01

real	0m0.938s
user	0m1.188s
sys	0m0.098s
 
SEQUENCE
 
37624.35618 38872.44188 52954.76458 54712.31628

real	0m0.528s
user	0m0.524s
sys	0m0.002s
 
4350478614.186048 4405620767.888449 7321622135.843186 7393481577.214197

real	0m0.283s
user	0m0.280s
sys	0m0.001s
 
18696443068.18008 18840087100.15866 37617583432.71078 37823564976.3486

real	0m0.182s
user	0m0.223s
sys	0m0.020s
 
4.901614166865179e+18 4.912723296455452e+18 1.084442578747925e+19 1.086100449795466e+19

real	0m0.080s
user	0m0.139s
sys	0m0.005s
 
1.647418946230568e+16 1.649160037624474e+16 3.76846597969705e+16 3.771108024027194e+16

real	0m0.103s
user	0m0.178s
sys	0m0.006s
 
4.488811165018214e+17 4.490640601531966e+17 1.037309346016861e+18 1.03758774958278e+18

real	0m0.087s
user	0m0.128s
sys	0m0.011s
 
4.488811165018214e+17 4.490640601531966e+17 1.037309346016861e+18 1.03758774958278e+18

real	0m0.172s
user	0m0.264s
sys	0m0.016s
 
4.488811165018214e+17 4.490640601531966e+17 1.037309346016861e+18 1.03758774958278e+18

real	0m0.175s
user	0m0.269s
sys	0m0.015s
 
8.382424294553982e+29 8.385850640122295e+29 1.937388035390321e+30 1.937907243392919e+30

real	0m0.102s
user	0m0.145s
sys	0m0.014s
 
8.382424294553982e+29 8.385850640122295e+29 1.937388035390321e+30 1.937907243392919e+30

real	0m0.130s
user	0m0.173s
sys	0m0.015s
 
8.382424294553982e+29 8.385850640122295e+29 1.937388035390321e+30 1.937907243392919e+30

real	0m0.131s
user	0m0.175s
sys	0m0.016s
 
8.382424294553982e+29 8.385850640122295e+29 1.937388035390321e+30 1.937907243392919e+30

real	0m0.136s
user	0m0.182s
sys	0m0.014s
 
8.382424294553982e+29 8.385850640122295e+29 1.937388035390321e+30 1.937907243392919e+30

real	0m0.127s
user	0m0.168s
sys	0m0.016s
 
8.382424294553982e+29 8.385850640122295e+29 1.937388035390321e+30 1.937907243392919e+30

real	0m0.125s
user	0m0.165s
sys	0m0.013s
 
374124590164.9392 378323909405.2969 483306890414.2386 487506209654.5963

real	0m0.289s
user	0m0.285s
sys	0m0.001s
 
8003498375443.188 8040830216224.576 11400695886549.59 11438027727330.98

real	0m0.183s
user	0m0.225s
sys	0m0.020s
 
467292080353.7709 473215316635.7608 603526514839.5372 609449751121.5272

real	0m0.381s
user	0m0.378s
sys	0m0.002s
 
22856685758006.32 23032721850853.32 32186598678896.97 32362634771743.98

real	0m0.366s
user	0m0.363s
sys	0m0.001s
