 
VEC_VEC
 
174.0387

real	0m0.561s
user	0m0.549s
sys	0m0.003s
 
9698907.663399996

real	0m0.384s
user	0m0.381s
sys	0m0.001s
 
24900423491.09201

real	0m0.530s
user	0m0.527s
sys	0m0.001s
 
24900741320632.71

real	0m0.525s
user	0m0.521s
sys	0m0.002s
 
2.490083360868967e+16

real	0m0.680s
user	0m0.669s
sys	0m0.008s
 
VEC_MAT
 
178.7929000000001 178.8030000000001 201.2149000000001 201.2250000000001

real	0m0.450s
user	0m0.446s
sys	0m0.002s
 
992.6821000000002 992.6922000000003 1117.3464 1117.3565

real	0m0.291s
user	0m0.288s
sys	0m0.001s
 
390.3932 390.4204 450.7772000000001 450.8044

real	0m0.900s
user	0m0.897s
sys	0m0.002s
 
2166.9797 2167.0069 2502.7093 2502.7365

real	0m0.535s
user	0m0.532s
sys	0m0.001s
 
157975690.7399002 164380665.8450001

real	0m0.194s
user	0m0.192s
sys	0m0.001s
 
27065907086.64726 28163538210.734

real	0m0.215s
user	0m0.212s
sys	0m0.001s
 
128614163.4402999 133441028.6953997 138267893.9505

real	0m0.195s
user	0m0.192s
sys	0m0.001s
 
17202407856.50187 17848340807.38918 18494273758.27599

real	0m0.203s
user	0m0.201s
sys	0m0.001s
 
2.2266 2.2836 2.3406 2.397600000000001

real	0m0.216s
user	0m0.213s
sys	0m0.001s
 
73.52180000000001 74.6944 86.4204 87.59300000000002

real	0m0.684s
user	0m0.681s
sys	0m0.002s
 
609.1862 615.0844000000001 774.3358000000001 780.2340000000002

real	0m0.828s
user	0m0.824s
sys	0m0.001s
 
31020069.53999998 31057579.07999998 45948866.45999996 45986376.00000001

real	0m0.973s
user	0m0.967s
sys	0m0.004s
 
3948765877.809497 3955170852.914604 5863853434.234404 5870258409.339499

real	0m1.091s
user	0m1.085s
sys	0m0.004s
 
629070346650.9426 630167977775.031 934211799147.1235 935309430271.2021

real	0m0.731s
user	0m0.717s
sys	0m0.011s
 
72549439.0166 72565446.85879999 108086848.7006 108102856.5428001

real	0m1.648s
user	0m1.638s
sys	0m0.006s
 
324096005.6180002 324108897.3359997 483218480.892 483231372.6099998

real	0m1.069s
user	0m1.052s
sys	0m0.013s
 
10829665.1294 10829701.4254 15310551.5134 15310587.8094

real	0m0.697s
user	0m0.675s
sys	0m0.018s
 
107135690886248 108233331157370.3 147748380917728.1 148846021188851.3

real	0m0.528s
user	0m0.510s
sys	0m0.015s
 
MAT_VEC
 
178.7929000000001 178.8030000000001 201.2149000000001 201.2250000000001

real	0m0.330s
user	0m0.326s
sys	0m0.001s
 
992.6821000000002 992.6922000000003 1117.3464 1117.3565

real	0m0.203s
user	0m0.200s
sys	0m0.002s
 
390.3932 390.4204 450.7772000000001 450.8044

real	0m0.585s
user	0m0.583s
sys	0m0.001s
 
2166.9797 2167.0069 2502.7093 2502.7365

real	0m0.392s
user	0m0.389s
sys	0m0.001s
 
157975690.7399002 164380665.8450001

real	0m0.197s
user	0m0.194s
sys	0m0.001s
 
27065907086.64726 28163538210.734

real	0m0.222s
user	0m0.219s
sys	0m0.001s
 
128614163.4402999 133441028.6953997 138267893.9505

real	0m0.194s
user	0m0.192s
sys	0m0.001s
 
17202407856.50187 17848340807.38918 18494273758.27599

real	0m0.237s
user	0m0.234s
sys	0m0.002s
 
2.2266 2.2836 2.3406 2.397600000000001

real	0m0.165s
user	0m0.163s
sys	0m0.001s
 
73.52180000000001 74.6944 86.4204 87.59300000000002

real	0m0.554s
user	0m0.551s
sys	0m0.001s
 
609.1862 615.0844000000001 774.3358000000001 780.2340000000002

real	0m0.700s
user	0m0.696s
sys	0m0.001s
 
31020069.53999998 31057579.07999998 45948866.45999996 45986376.00000001

real	0m0.978s
user	0m0.974s
sys	0m0.002s
 
3948765877.809497 3955170852.914604 5863853434.234404 5870258409.339499

real	0m1.417s
user	0m1.410s
sys	0m0.005s
 
629070346650.9426 630167977775.031 934211799147.1235 935309430271.2021

real	0m0.916s
user	0m0.899s
sys	0m0.013s
 
72549439.0166 72565446.85879999 108086848.7006 108102856.5428001

real	0m1.090s
user	0m1.083s
sys	0m0.004s
 
324096005.6180002 324108897.3359997 483218480.892 483231372.6099998

real	0m0.708s
user	0m0.693s
sys	0m0.011s
 
10829665.1294 10829701.4254 15310551.5134 15310587.8094

real	0m0.519s
user	0m0.501s
sys	0m0.015s
 
107135690886248 108233331157370.3 147748380917728.1 148846021188851.3

real	0m0.543s
user	0m0.526s
sys	0m0.016s
 
OUTER
 
101.277 104.346 110.4774 113.8252

real	0m2.305s
user	0m2.300s
sys	0m0.002s
 
96.84840000000001 99.04950000000002 108.045 110.446

real	0m0.802s
user	0m0.799s
sys	0m0.001s
 
94.13800000000002 95.84960000000002 106.419 108.286

real	0m1.414s
user	0m1.410s
sys	0m0.001s
 
14.5684 14.5728 16.60140000000001 16.606

real	0m0.460s
user	0m0.457s
sys	0m0.001s
 
10.164 10.2025 11.913 11.9548

real	0m0.462s
user	0m0.459s
sys	0m0.001s
 
955.9242 956.3004 1135.8438 1136.254

real	0m0.508s
user	0m0.505s
sys	0m0.002s
 
86477.05440000001 86480.57660000001 102897.9582 102901.8004

real	0m0.749s
user	0m0.724s
sys	0m0.019s
 
27312.9912 27313.3443 32486.685 32487.07

real	0m0.433s
user	0m0.422s
sys	0m0.007s
 
MAT_MAT
 
8054296.570499997 8377212.617400005 11041896.78059999 11521723.02599998

real	0m0.513s
user	0m0.509s
sys	0m0.002s
 
67005585.50399998 69693523.28640002 92209626.6390001 96222702.65399998

real	0m0.652s
user	0m0.649s
sys	0m0.001s
 
56602.02200000002 58658.48450000003 83130.86099999996 86296.01680000003

real	0m0.613s
user	0m0.609s
sys	0m0.002s
 
297546749.5919997 308581623.7314994 440770097.583 457946307.1219999

real	0m0.599s
user	0m0.596s
sys	0m0.002s
 
301.3441 301.7106 379.168 379.5840000000001

real	0m0.672s
user	0m0.668s
sys	0m0.002s
 
45022.4809 45027.16379999999 57025.89409999999 57031.226

real	0m0.738s
user	0m0.729s
sys	0m0.006s
 
79343.34260000002 79353.49420000002 105856.4262 105868.395

real	0m0.592s
user	0m0.583s
sys	0m0.006s
 
77470.43699999999 77485.73999999999 107948.34 107966.91

real	0m0.368s
user	0m0.361s
sys	0m0.004s
 
109.241 111.7864 142.1856 145.251

real	0m0.670s
user	0m0.667s
sys	0m0.002s
 
1739639.1343 1765026.6362 3156552.835599999 3194056.931000001

real	0m0.860s
user	0m0.857s
sys	0m0.002s
 
40128631.98950006 40455680.77900002 81101463.51099998 81608296.35000008

real	0m0.614s
user	0m0.611s
sys	0m0.002s
 
185145.8628 186726.9552 353878.6176 356259.936

real	0m0.829s
user	0m0.825s
sys	0m0.001s
 
5650057.303000003 5674398.905999999 11835110.684 11873364.25000001

real	0m0.754s
user	0m0.751s
sys	0m0.002s
 
3539227257.462 3543179262.324003 8019509498.519998 8025995052.400001

real	0m0.256s
user	0m0.250s
sys	0m0.003s
 
66219776245.92168 66260257446.05717 151986883006.3699 152053753059.55

real	0m0.324s
user	0m0.314s
sys	0m0.007s
 
166212294937.3991 166288626284.498 382568140639.0098 382694366833.2999

real	0m0.294s
user	0m0.279s
sys	0m0.011s
 
608720333715.4655 608956501509.1871 1405127495482.165 1405518727998.903

real	0m0.522s
user	0m0.503s
sys	0m0.015s
 
TRANS1
 
8054296.570499997 8377212.617400005 11041896.78059999 11521723.02599998

real	0m0.540s
user	0m0.537s
sys	0m0.002s
 
67005585.50399998 69693523.28640002 92209626.6390001 96222702.65399998

real	0m0.656s
user	0m0.654s
sys	0m0.001s
 
56602.02200000002 58658.48450000003 83130.86099999996 86296.01680000003

real	0m0.499s
user	0m0.495s
sys	0m0.001s
 
297546749.5919997 308581623.7314994 440770097.583 457946307.1219999

real	0m0.470s
user	0m0.467s
sys	0m0.002s
 
301.3441 301.7106 379.168 379.5840000000001

real	0m0.505s
user	0m0.503s
sys	0m0.001s
 
45022.4809 45027.16379999999 57025.89409999999 57031.226

real	0m0.677s
user	0m0.669s
sys	0m0.006s
 
79343.34260000002 79353.49420000002 105856.4262 105868.395

real	0m0.547s
user	0m0.539s
sys	0m0.006s
 
77470.43699999999 77485.73999999999 107948.34 107966.91

real	0m0.425s
user	0m0.418s
sys	0m0.005s
 
109.241 111.7864 142.1856 145.251

real	0m0.644s
user	0m0.641s
sys	0m0.002s
 
1739639.1343 1765026.6362 3156552.835599999 3194056.931000001

real	0m1.027s
user	0m1.024s
sys	0m0.002s
 
40128631.98950006 40455680.77900002 81101463.51099998 81608296.35000008

real	0m0.795s
user	0m0.792s
sys	0m0.002s
 
185145.8628 186726.9552 353878.6176 356259.936

real	0m1.199s
user	0m1.195s
sys	0m0.002s
 
5650057.303000003 5674398.905999999 11835110.684 11873364.25000001

real	0m1.013s
user	0m1.010s
sys	0m0.002s
 
3539227257.462 3543179262.324003 8019509498.519998 8025995052.400001

real	0m0.374s
user	0m0.369s
sys	0m0.003s
 
66219776245.92168 66260257446.05717 151986883006.3699 152053753059.55

real	0m0.437s
user	0m0.426s
sys	0m0.008s
 
166212294937.3991 166288626284.498 382568140639.0098 382694366833.2999

real	0m0.399s
user	0m0.386s
sys	0m0.010s
 
608720333715.4655 608956501509.1871 1405127495482.165 1405518727998.903

real	0m0.794s
user	0m0.773s
sys	0m0.019s
 
1512441.733 1524415.266 2968657.650000001 2986772.5

real	0m0.599s
user	0m0.596s
sys	0m0.001s
 
608720333715.4655 608956501509.1871 1405127495482.165 1405518727998.903

real	0m0.425s
user	0m0.411s
sys	0m0.011s
 
TRANS2
 
8054296.570499997 8377212.617400005 11041896.78059999 11521723.02599998

real	0m0.637s
user	0m0.633s
sys	0m0.002s
 
67005585.50399998 69693523.28640002 92209626.6390001 96222702.65399998

real	0m0.987s
user	0m0.983s
sys	0m0.002s
 
56602.02200000002 58658.48450000003 83130.86099999996 86296.01680000003

real	0m0.684s
user	0m0.680s
sys	0m0.002s
 
297546749.5919997 308581623.7314994 440770097.583 457946307.1219999

real	0m0.817s
user	0m0.813s
sys	0m0.002s
 
301.3441 301.7106 379.168 379.5840000000001

real	0m0.675s
user	0m0.672s
sys	0m0.001s
 
45022.4809 45027.16379999999 57025.89409999999 57031.226

real	0m0.763s
user	0m0.754s
sys	0m0.007s
 
79343.34260000002 79353.49420000002 105856.4262 105868.395

real	0m0.560s
user	0m0.551s
sys	0m0.006s
 
77470.43699999999 77485.73999999999 107948.34 107966.91

real	0m0.365s
user	0m0.358s
sys	0m0.005s
 
109.241 111.7864 142.1856 145.251

real	0m0.646s
user	0m0.643s
sys	0m0.002s
 
1739639.1343 1765026.6362 3156552.835599999 3194056.931000001

real	0m0.873s
user	0m0.869s
sys	0m0.001s
 
40128631.98950006 40455680.77900002 81101463.51099998 81608296.35000008

real	0m0.657s
user	0m0.653s
sys	0m0.002s
 
185145.8628 186726.9552 353878.6176 356259.936

real	0m0.831s
user	0m0.828s
sys	0m0.001s
 
5650057.303000003 5674398.905999999 11835110.684 11873364.25000001

real	0m0.747s
user	0m0.744s
sys	0m0.001s
 
3539227257.462 3543179262.324003 8019509498.519998 8025995052.400001

real	0m0.268s
user	0m0.262s
sys	0m0.004s
 
66219776245.92168 66260257446.05717 151986883006.3699 152053753059.55

real	0m0.339s
user	0m0.328s
sys	0m0.007s
 
166212294937.3991 166288626284.498 382568140639.0098 382694366833.2999

real	0m0.315s
user	0m0.300s
sys	0m0.013s
 
608720333715.4655 608956501509.1871 1405127495482.165 1405518727998.903

real	0m0.567s
user	0m0.546s
sys	0m0.017s
 
1512441.733 1524415.266 2968657.650000001 2986772.5

real	0m0.516s
user	0m0.514s
sys	0m0.001s
 
608720333715.4655 608956501509.1871 1405127495482.165 1405518727998.903

real	0m0.308s
user	0m0.293s
sys	0m0.012s
 
TRANS12
 
8054296.570499997 8377212.617400005 11041896.78059999 11521723.02599998

real	0m0.391s
user	0m0.388s
sys	0m0.002s
 
67005585.50399998 69693523.28640002 92209626.6390001 96222702.65399998

real	0m0.486s
user	0m0.484s
sys	0m0.001s
 
56602.02200000002 58658.48450000003 83130.86099999996 86296.01680000003

real	0m0.312s
user	0m0.310s
sys	0m0.001s
 
297546749.5919997 308581623.7314994 440770097.583 457946307.1219999

real	0m0.319s
user	0m0.315s
sys	0m0.002s
 
301.3441 301.7106 379.168 379.5840000000001

real	0m1.242s
user	0m1.240s
sys	0m0.001s
 
45022.4809 45027.16379999999 57025.89409999999 57031.226

real	0m1.583s
user	0m1.573s
sys	0m0.007s
 
79343.34260000002 79353.49420000002 105856.4262 105868.395

real	0m1.101s
user	0m1.091s
sys	0m0.008s
 
77470.43699999999 77485.73999999999 107948.34 107966.91

real	0m0.707s
user	0m0.700s
sys	0m0.005s
 
109.241 111.7864 142.1856 145.251

real	0m0.586s
user	0m0.583s
sys	0m0.002s
 
1739639.1343 1765026.6362 3156552.835599999 3194056.931000001

real	0m0.769s
user	0m0.766s
sys	0m0.002s
 
40128631.98950006 40455680.77900002 81101463.51099998 81608296.35000008

real	0m0.558s
user	0m0.555s
sys	0m0.002s
 
185145.8628 186726.9552 353878.6176 356259.936

real	0m0.809s
user	0m0.806s
sys	0m0.001s
 
5650057.303000003 5674398.905999999 11835110.684 11873364.25000001

real	0m0.684s
user	0m0.682s
sys	0m0.001s
 
3539227257.462 3543179262.324003 8019509498.519998 8025995052.400001

real	0m0.285s
user	0m0.280s
sys	0m0.003s
 
66219776245.92168 66260257446.05717 151986883006.3699 152053753059.55

real	0m0.357s
user	0m0.347s
sys	0m0.007s
 
166212294937.3991 166288626284.498 382568140639.0098 382694366833.2999

real	0m0.336s
user	0m0.323s
sys	0m0.010s
 
608720333715.4655 608956501509.1871 1405127495482.165 1405518727998.903

real	0m0.683s
user	0m0.660s
sys	0m0.021s
 
SPECIAL
 
0.04840000000000001

real	0m0.267s
user	0m0.263s
sys	0m0.001s
 
0.04840000000000001

real	0m0.316s
user	0m0.313s
sys	0m0.001s
 
0.04840000000000001

real	0m0.316s
user	0m0.313s
sys	0m0.001s
 
53.79660000000001 53.79880000000001 58.68060000000001 58.68280000000001

real	0m0.613s
user	0m0.610s
sys	0m0.001s
 
53.79660000000001 53.79880000000001 58.68060000000001 58.68280000000001

real	0m0.614s
user	0m0.611s
sys	0m0.001s
 
9698907.663399996

real	0m0.383s
user	0m0.381s
sys	0m0.001s
 
9698907.663399996

real	0m0.383s
user	0m0.380s
sys	0m0.001s
 
0.04840000000000001

real	0m0.341s
user	0m0.338s
sys	0m0.001s
 
53.79660000000001 53.79880000000001 58.68060000000001 58.68280000000001

real	0m0.618s
user	0m0.615s
sys	0m0.001s
 
53.79660000000001 53.79880000000001 58.68060000000001 58.68280000000001

real	0m0.622s
user	0m0.619s
sys	0m0.001s
 
9698907.663399996

real	0m0.390s
user	0m0.387s
sys	0m0.001s
 
3948765877.809497 3955170852.914604 5863853434.234404 5870258409.339499

real	0m1.043s
user	0m1.037s
sys	0m0.004s
 
3948765877.809497 3955170852.914604 5863853434.234404 5870258409.339499

real	0m0.824s
user	0m0.817s
sys	0m0.004s
 
0.04840000000000001

real	0m0.409s
user	0m0.405s
sys	0m0.001s
 
53.79660000000001 53.79880000000001 58.68060000000001 58.68280000000001

real	0m0.617s
user	0m0.614s
sys	0m0.001s
 
53.79660000000001 53.79880000000001 58.68060000000001 58.68280000000001

real	0m0.615s
user	0m0.612s
sys	0m0.001s
 
9698907.663399996

real	0m0.386s
user	0m0.383s
sys	0m0.001s
 
3948765877.809497 3955170852.914604 5863853434.234404 5870258409.339499

real	0m0.876s
user	0m0.869s
sys	0m0.004s
 
3948765877.809497 3955170852.914604 5863853434.234404 5870258409.339499

real	0m0.830s
user	0m0.823s
sys	0m0.004s
 
0.04840000000000001

real	0m0.350s
user	0m0.347s
sys	0m0.001s
 
53.79660000000001 53.79880000000001 58.68060000000001 58.68280000000001

real	0m0.614s
user	0m0.611s
sys	0m0.001s
 
53.79660000000001 53.79880000000001 58.68060000000001 58.68280000000001

real	0m0.618s
user	0m0.615s
sys	0m0.001s
 
9698907.663399996

real	0m0.387s
user	0m0.384s
sys	0m0.001s
 
3948765877.809497 3955170852.914604 5863853434.234404 5870258409.339499

real	0m1.026s
user	0m1.020s
sys	0m0.004s
 
3948765877.809497 3955170852.914604 5863853434.234404 5870258409.339499

real	0m1.080s
user	0m1.072s
sys	0m0.006s
 
0.04840000000000001

real	0m0.341s
user	0m0.338s
sys	0m0.001s
 
53.79660000000001 53.79880000000001 58.68060000000001 58.68280000000001

real	0m0.616s
user	0m0.612s
sys	0m0.002s
 
53.79660000000001 53.79880000000001 58.68060000000001 58.68280000000001

real	0m0.620s
user	0m0.618s
sys	0m0.001s
 
9698907.663399996

real	0m0.387s
user	0m0.384s
sys	0m0.001s
 
3948765877.809497 3955170852.914604 5863853434.234404 5870258409.339499

real	0m0.860s
user	0m0.854s
sys	0m0.004s
 
3948765877.809497 3955170852.914604 5863853434.234404 5870258409.339499

real	0m1.075s
user	0m1.068s
sys	0m0.005s
 
3037.1121 3037.6632 3611.409 3612.01

real	0m0.402s
user	0m0.399s
sys	0m0.002s
 
3037.1121 3037.6632 3611.409 3612.01

real	0m0.405s
user	0m0.402s
sys	0m0.002s
 
3037.1121 3037.6632 3611.409 3612.01

real	0m0.405s
user	0m0.402s
sys	0m0.002s
 
3037.1121 3037.6632 3611.409 3612.01

real	0m0.399s
user	0m0.396s
sys	0m0.002s
 
SEQUENCE
 
37624.35618 38872.44188 52954.76458 54712.31628

real	0m0.408s
user	0m0.404s
sys	0m0.002s
 
4350478614.186048 4405620767.888449 7321622135.843186 7393481577.214199

real	0m0.411s
user	0m0.408s
sys	0m0.001s
 
18696443068.18007 18840087100.15867 37617583432.7108 37823564976.3486

real	0m0.373s
user	0m0.370s
sys	0m0.001s
 
4.901614166865179e+18 4.912723296455448e+18 1.084442578747924e+19 1.086100449795465e+19

real	0m0.266s
user	0m0.262s
sys	0m0.002s
 
1.647418946230568e+16 1.649160037624473e+16 3.768465979697054e+16 3.771108024027194e+16

real	0m0.346s
user	0m0.338s
sys	0m0.005s
 
4.48881116501821e+17 4.490640601531962e+17 1.03730934601686e+18 1.03758774958278e+18

real	0m0.254s
user	0m0.240s
sys	0m0.011s
 
4.48881116501821e+17 4.490640601531962e+17 1.03730934601686e+18 1.03758774958278e+18

real	0m0.664s
user	0m0.647s
sys	0m0.014s
 
4.48881116501821e+17 4.490640601531962e+17 1.03730934601686e+18 1.03758774958278e+18

real	0m0.744s
user	0m0.729s
sys	0m0.012s
 
8.382424294553979e+29 8.385850640122295e+29 1.937388035390321e+30 1.93790724339292e+30

real	0m0.288s
user	0m0.272s
sys	0m0.012s
 
8.382424294553979e+29 8.385850640122295e+29 1.937388035390321e+30 1.93790724339292e+30

real	0m0.439s
user	0m0.421s
sys	0m0.015s
 
8.382424294553979e+29 8.385850640122295e+29 1.937388035390321e+30 1.93790724339292e+30

real	0m0.453s
user	0m0.435s
sys	0m0.014s
 
8.382424294553979e+29 8.385850640122295e+29 1.937388035390321e+30 1.93790724339292e+30

real	0m0.436s
user	0m0.418s
sys	0m0.013s
 
8.382424294553979e+29 8.385850640122295e+29 1.937388035390321e+30 1.93790724339292e+30

real	0m0.411s
user	0m0.395s
sys	0m0.014s
 
8.382424294553979e+29 8.385850640122295e+29 1.937388035390321e+30 1.93790724339292e+30

real	0m0.417s
user	0m0.401s
sys	0m0.013s
 
374124590164.9393 378323909405.297 483306890414.2386 487506209654.5964

real	0m0.419s
user	0m0.415s
sys	0m0.001s
 
8003498375443.188 8040830216224.574 11400695886549.59 11438027727330.98

real	0m0.371s
user	0m0.369s
sys	0m0.001s
 
467292080353.7709 473215316635.7608 603526514839.5372 609449751121.5272

real	0m0.362s
user	0m0.360s
sys	0m0.001s
 
22856685758006.32 23032721850853.32 32186598678896.97 32362634771743.98

real	0m0.363s
user	0m0.360s
sys	0m0.001s
