 
VEC_VEC
 
174.0387

real	0m12.257s
user	0m24.489s
sys	0m0.012s
 
9698907.663399996

real	0m0.602s
user	0m1.195s
sys	0m0.002s
 
24900423491.09201

real	0m0.573s
user	0m1.136s
sys	0m0.002s
 
24900741320632.71

real	0m0.557s
user	0m1.101s
sys	0m0.003s
 
2.490083360868967e+16

real	0m0.687s
user	0m1.339s
sys	0m0.009s
 
VEC_MAT
 
178.7929000000001 178.8030000000001 201.2149000000001 201.2250000000001

real	0m0.499s
user	0m0.987s
sys	0m0.002s
 
992.6821000000002 992.6922000000003 1117.3464 1117.3565

real	0m0.136s
user	0m0.260s
sys	0m0.002s
 
390.3932 390.4204 450.7772000000001 450.8044

real	0m1.207s
user	0m2.403s
sys	0m0.003s
 
2166.9797 2167.0069 2502.7093 2502.7365

real	0m0.677s
user	0m1.341s
sys	0m0.003s
 
157975690.7399002 164380665.8450001

real	0m0.249s
user	0m0.487s
sys	0m0.002s
 
27065907086.64726 28163538210.734

real	0m0.241s
user	0m0.472s
sys	0m0.002s
 
128614163.4402999 133441028.6953997 138267893.9505

real	0m0.231s
user	0m0.453s
sys	0m0.002s
 
17202407856.50187 17848340807.38918 18494273758.27599

real	0m0.217s
user	0m0.426s
sys	0m0.002s
 
2.2266 2.2836 2.3406 2.397600000000001

real	0m4.176s
user	0m8.333s
sys	0m0.007s
 
73.52180000000001 74.6944 86.4204 87.59300000000002

real	0m4.389s
user	0m8.763s
sys	0m0.006s
 
609.1862 615.0844000000001 774.3358000000001 780.2340000000002

real	0m2.285s
user	0m4.559s
sys	0m0.003s
 
31020069.53999998 31057579.07999998 45948866.45999996 45986376.00000001

real	0m0.495s
user	0m0.979s
sys	0m0.002s
 
3948765877.809497 3955170852.914604 5863853434.234404 5870258409.339499

real	0m0.729s
user	0m1.436s
sys	0m0.008s
 
629070346650.9426 630167977775.031 934211799147.1235 935309430271.2021

real	0m0.628s
user	0m1.216s
sys	0m0.012s
 
72549439.0166 72565446.85879999 108086848.7006 108102856.5428001

real	0m0.954s
user	0m1.842s
sys	0m0.035s
 
324096005.6180002 324108897.3359997 483218480.892 483231372.6099998

real	0m0.734s
user	0m1.379s
sys	0m0.024s
 
10829665.1294 10829701.4254 15310551.5134 15310587.8094

real	0m0.570s
user	0m0.982s
sys	0m0.023s
 
107135690886248 108233331157370.3 147748380917728.1 148846021188851.3

real	0m0.495s
user	0m0.831s
sys	0m0.021s
 
MAT_VEC
 
178.7929000000001 178.8030000000001 201.2149000000001 201.2250000000001

real	0m0.440s
user	0m0.867s
sys	0m0.003s
 
992.6821000000002 992.6922000000003 1117.3464 1117.3565

real	0m0.117s
user	0m0.224s
sys	0m0.002s
 
390.3932 390.4204 450.7772000000001 450.8044

real	0m0.628s
user	0m1.246s
sys	0m0.002s
 
2166.9797 2167.0069 2502.7093 2502.7365

real	0m0.172s
user	0m0.333s
sys	0m0.002s
 
157975690.7399002 164380665.8450001

real	0m0.244s
user	0m0.480s
sys	0m0.001s
 
27065907086.64726 28163538210.734

real	0m0.238s
user	0m0.463s
sys	0m0.002s
 
128614163.4402999 133441028.6953997 138267893.9505

real	0m0.232s
user	0m0.455s
sys	0m0.002s
 
17202407856.50187 17848340807.38918 18494273758.27599

real	0m0.242s
user	0m0.473s
sys	0m0.002s
 
2.2266 2.2836 2.3406 2.397600000000001

real	0m4.325s
user	0m8.636s
sys	0m0.005s
 
73.52180000000001 74.6944 86.4204 87.59300000000002

real	0m4.255s
user	0m8.493s
sys	0m0.005s
 
609.1862 615.0844000000001 774.3358000000001 780.2340000000002

real	0m2.332s
user	0m4.653s
sys	0m0.003s
 
31020069.53999998 31057579.07999998 45948866.45999996 45986376.00000001

real	0m0.563s
user	0m1.114s
sys	0m0.003s
 
3948765877.809497 3955170852.914604 5863853434.234404 5870258409.339499

real	0m0.983s
user	0m1.945s
sys	0m0.006s
 
629070346650.9426 630167977775.031 934211799147.1235 935309430271.2021

real	0m0.686s
user	0m1.319s
sys	0m0.015s
 
72549439.0166 72565446.85879999 108086848.7006 108102856.5428001

real	0m0.688s
user	0m1.355s
sys	0m0.007s
 
324096005.6180002 324108897.3359997 483218480.892 483231372.6099998

real	0m0.684s
user	0m1.327s
sys	0m0.013s
 
10829665.1294 10829701.4254 15310551.5134 15310587.8094

real	0m0.453s
user	0m0.858s
sys	0m0.014s
 
107135690886248 108233331157370.3 147748380917728.1 148846021188851.3

real	0m0.555s
user	0m1.049s
sys	0m0.019s
 
OUTER
 
101.277 104.346 110.4774 113.8252

real	0m1.052s
user	0m2.093s
sys	0m0.002s
 
96.84840000000001 99.04950000000002 108.045 110.446

real	0m0.988s
user	0m1.967s
sys	0m0.002s
 
94.13800000000002 95.84960000000002 106.419 108.286

real	0m1.035s
user	0m2.060s
sys	0m0.002s
 
14.5684 14.5728 16.60140000000001 16.606

real	0m1.436s
user	0m2.862s
sys	0m0.002s
 
10.164 10.2025 11.913 11.9548

real	0m1.866s
user	0m3.721s
sys	0m0.003s
 
955.9242 956.3004 1135.8438 1136.254

real	0m0.414s
user	0m0.818s
sys	0m0.002s
 
86477.05440000001 86480.57660000001 102897.9582 102901.8004

real	0m0.735s
user	0m1.388s
sys	0m0.030s
 
27312.9912 27313.3443 32486.685 32487.07

real	0m0.414s
user	0m0.792s
sys	0m0.012s
 
MAT_MAT
 
8054296.570499997 8377212.617400005 11041896.78059999 11521723.02599998

real	0m0.262s
user	0m0.511s
sys	0m0.002s
 
67005585.50399998 69693523.28640002 92209626.6390001 96222702.65399998

real	0m0.362s
user	0m0.712s
sys	0m0.003s
 
56602.02200000002 58658.48450000003 83130.86099999996 86296.01680000003

real	0m0.436s
user	0m0.859s
sys	0m0.003s
 
297546749.5919997 308581623.7314994 440770097.583 457946307.1219999

real	0m0.327s
user	0m0.644s
sys	0m0.002s
 
8054296.570499997 8144829.910200007 11426434.83180001 11521723.02599998

real	0m0.385s
user	0m0.759s
sys	0m0.002s
 
67005585.50399998 67746880.83150004 95442432.67260008 96222702.65399998

real	0m0.477s
user	0m0.941s
sys	0m0.003s
 
56602.02200000002 56765.4044 86117.12820000002 86296.01680000003

real	0m0.281s
user	0m0.550s
sys	0m0.002s
 
297546749.5919997 299613096.1240003 455678605.3310006 457946307.1219999

real	0m0.289s
user	0m0.568s
sys	0m0.002s
 
301.3441 301.7106 379.168 379.5840000000001

real	0m0.554s
user	0m1.100s
sys	0m0.002s
 
45022.4809 45027.16379999999 57025.89409999999 57031.226

real	0m0.783s
user	0m1.531s
sys	0m0.012s
 
79343.34260000002 79353.49420000002 105856.4262 105868.395

real	0m0.479s
user	0m0.930s
sys	0m0.010s
 
77470.43699999999 77485.73999999999 107948.34 107966.91

real	0m0.287s
user	0m0.554s
sys	0m0.006s
 
109.241 111.7864 142.1856 145.251

real	0m1.471s
user	0m2.931s
sys	0m0.003s
 
1739639.1343 1765026.6362 3156552.835599999 3194056.931000001

real	0m0.447s
user	0m0.881s
sys	0m0.002s
 
40128631.98950006 40455680.77900002 81101463.51099998 81608296.35000008

real	0m0.343s
user	0m0.609s
sys	0m0.014s
 
185145.8628 186726.9552 353878.6176 356259.936

real	0m0.450s
user	0m0.890s
sys	0m0.002s
 
5650057.303000003 5674398.905999999 11835110.684 11873364.25000001

real	0m0.302s
user	0m0.594s
sys	0m0.002s
 
3539227257.462 3543179262.324003 8019509498.519998 8025995052.400001

real	0m0.116s
user	0m0.214s
sys	0m0.004s
 
66219776245.92168 66260257446.05717 151986883006.3699 152053753059.55

real	0m0.138s
user	0m0.246s
sys	0m0.009s
 
166212294937.3991 166288626284.498 382568140639.0098 382694366833.2999

real	0m0.138s
user	0m0.237s
sys	0m0.011s
 
608720333715.4655 608956501509.1871 1405127495482.165 1405518727998.903

real	0m0.283s
user	0m0.509s
sys	0m0.015s
 
TRANS1
 
8054296.570499997 8377212.617400005 11041896.78059999 11521723.02599998

real	0m0.282s
user	0m0.549s
sys	0m0.003s
 
67005585.50399998 69693523.28640002 92209626.6390001 96222702.65399998

real	0m0.559s
user	0m1.085s
sys	0m0.005s
 
56602.02200000002 58658.48450000003 83130.86099999996 86296.01680000003

real	0m0.459s
user	0m0.892s
sys	0m0.004s
 
297546749.5919997 308581623.7314994 440770097.583 457946307.1219999

real	0m0.396s
user	0m0.726s
sys	0m0.014s
 
8054296.570499997 8144829.910200007 11426434.83180001 11521723.02599998

real	0m0.395s
user	0m0.775s
sys	0m0.003s
 
67005585.50399998 67746880.83150004 95442432.67260008 96222702.65399998

real	0m0.498s
user	0m0.983s
sys	0m0.003s
 
56602.02200000002 56765.4044 86117.12820000002 86296.01680000003

real	0m0.458s
user	0m0.903s
sys	0m0.003s
 
297546749.5919997 299613096.1240003 455678605.3310006 457946307.1219999

real	0m0.413s
user	0m0.812s
sys	0m0.003s
 
301.3441 301.7106 379.168 379.5840000000001

real	0m0.463s
user	0m0.915s
sys	0m0.003s
 
45022.4809 45027.16379999999 57025.89409999999 57031.226

real	0m0.742s
user	0m1.432s
sys	0m0.013s
 
79343.34260000002 79353.49420000002 105856.4262 105868.395

real	0m0.476s
user	0m0.882s
sys	0m0.013s
 
77470.43699999999 77485.73999999999 107948.34 107966.91

real	0m0.288s
user	0m0.520s
sys	0m0.010s
 
109.241 111.7864 142.1856 145.251

real	0m1.694s
user	0m3.361s
sys	0m0.005s
 
1739639.1343 1765026.6362 3156552.835599999 3194056.931000001

real	0m0.531s
user	0m1.047s
sys	0m0.003s
 
40128631.98950006 40455680.77900002 81101463.51099998 81608296.35000008

real	0m0.390s
user	0m0.748s
sys	0m0.008s
 
185145.8628 186726.9552 353878.6176 356259.936

real	0m0.453s
user	0m0.895s
sys	0m0.003s
 
5650057.303000003 5674398.905999999 11835110.684 11873364.25000001

real	0m0.386s
user	0m0.759s
sys	0m0.003s
 
3539227257.462 3543179262.324003 8019509498.519998 8025995052.400001

real	0m0.134s
user	0m0.249s
sys	0m0.005s
 
66219776245.92168 66260257446.05717 151986883006.3699 152053753059.55

real	0m0.194s
user	0m0.335s
sys	0m0.010s
 
166212294937.3991 166288626284.498 382568140639.0098 382694366833.2999

real	0m0.151s
user	0m0.253s
sys	0m0.012s
 
608720333715.4655 608956501509.1871 1405127495482.165 1405518727998.903

real	0m0.347s
user	0m0.585s
sys	0m0.020s
 
1512441.733 1524415.266 2968657.650000001 2986772.5

real	0m0.436s
user	0m0.861s
sys	0m0.002s
 
608720333715.4655 608956501509.1871 1405127495482.165 1405518727998.903

real	0m0.476s
user	0m0.889s
sys	0m0.013s
 
TRANS2
 
8054296.570499997 8377212.617400005 11041896.78059999 11521723.02599998

real	0m0.508s
user	0m1.000s
sys	0m0.003s
 
67005585.50399998 69693523.28640002 92209626.6390001 96222702.65399998

real	0m0.821s
user	0m1.516s
sys	0m0.006s
 
56602.02200000002 58658.48450000003 83130.86099999996 86296.01680000003

real	0m0.569s
user	0m1.122s
sys	0m0.003s
 
297546749.5919997 308581623.7314994 440770097.583 457946307.1219999

real	0m0.617s
user	0m1.133s
sys	0m0.020s
 
8054296.570499997 8144829.910200007 11426434.83180001 11521723.02599998

real	0m0.492s
user	0m0.973s
sys	0m0.003s
 
67005585.50399998 67746880.83150004 95442432.67260008 96222702.65399998

real	0m0.658s
user	0m1.298s
sys	0m0.004s
 
56602.02200000002 56765.4044 86117.12820000002 86296.01680000003

real	0m0.374s
user	0m0.737s
sys	0m0.002s
 
297546749.5919997 299613096.1240003 455678605.3310006 457946307.1219999

real	0m0.355s
user	0m0.697s
sys	0m0.002s
 
301.3441 301.7106 379.168 379.5840000000001

real	0m0.544s
user	0m1.071s
sys	0m0.002s
 
45022.4809 45027.16379999999 57025.89409999999 57031.226

real	0m0.791s
user	0m1.501s
sys	0m0.021s
 
79343.34260000002 79353.49420000002 105856.4262 105868.395

real	0m0.543s
user	0m0.998s
sys	0m0.016s
 
77470.43699999999 77485.73999999999 107948.34 107966.91

real	0m0.357s
user	0m0.686s
sys	0m0.006s
 
109.241 111.7864 142.1856 145.251

real	0m1.665s
user	0m3.309s
sys	0m0.003s
 
1739639.1343 1765026.6362 3156552.835599999 3194056.931000001

real	0m0.751s
user	0m1.358s
sys	0m0.061s
 
40128631.98950006 40455680.77900002 81101463.51099998 81608296.35000008

real	0m0.470s
user	0m0.901s
sys	0m0.005s
 
185145.8628 186726.9552 353878.6176 356259.936

real	0m0.561s
user	0m1.086s
sys	0m0.003s
 
5650057.303000003 5674398.905999999 11835110.684 11873364.25000001

real	0m0.481s
user	0m0.825s
sys	0m0.017s
 
3539227257.462 3543179262.324003 8019509498.519998 8025995052.400001

real	0m0.181s
user	0m0.337s
sys	0m0.004s
 
66219776245.92168 66260257446.05717 151986883006.3699 152053753059.55

real	0m0.221s
user	0m0.399s
sys	0m0.011s
 
166212294937.3991 166288626284.498 382568140639.0098 382694366833.2999

real	0m0.182s
user	0m0.314s
sys	0m0.012s
 
608720333715.4655 608956501509.1871 1405127495482.165 1405518727998.903

real	0m0.386s
user	0m0.661s
sys	0m0.018s
 
1512441.733 1524415.266 2968657.650000001 2986772.5

real	0m0.485s
user	0m0.952s
sys	0m0.004s
 
608720333715.4655 608956501509.1871 1405127495482.165 1405518727998.903

real	0m0.332s
user	0m0.599s
sys	0m0.012s
 
TRANS12
 
8054296.570499997 8377212.617400005 11041896.78059999 11521723.02599998

real	0m0.388s
user	0m0.759s
sys	0m0.003s
 
67005585.50399998 69693523.28640002 92209626.6390001 96222702.65399998

real	0m0.495s
user	0m0.969s
sys	0m0.003s
 
56602.02200000002 58658.48450000003 83130.86099999996 86296.01680000003

real	0m0.269s
user	0m0.522s
sys	0m0.002s
 
297546749.5919997 308581623.7314994 440770097.583 457946307.1219999

real	0m0.366s
user	0m0.629s
sys	0m0.031s
 
8054296.570499997 8144829.910200007 11426434.83180001 11521723.02599998

real	0m0.493s
user	0m0.966s
sys	0m0.003s
 
67005585.50399998 67746880.83150004 95442432.67260008 96222702.65399998

real	0m0.565s
user	0m1.117s
sys	0m0.003s
 
56602.02200000002 56765.4044 86117.12820000002 86296.01680000003

real	0m0.700s
user	0m1.386s
sys	0m0.002s
 
297546749.5919997 299613096.1240003 455678605.3310006 457946307.1219999

real	0m0.619s
user	0m1.225s
sys	0m0.002s
 
301.3441 301.7106 379.168 379.5840000000001

real	0m0.999s
user	0m1.980s
sys	0m0.003s
 
45022.4809 45027.16379999999 57025.89409999999 57031.226

real	0m1.232s
user	0m2.311s
sys	0m0.014s
 
79343.34260000002 79353.49420000002 105856.4262 105868.395

real	0m0.794s
user	0m1.479s
sys	0m0.009s
 
77470.43699999999 77485.73999999999 107948.34 107966.91

real	0m0.431s
user	0m0.799s
sys	0m0.008s
 
109.241 111.7864 142.1856 145.251

real	0m1.621s
user	0m3.221s
sys	0m0.004s
 
1739639.1343 1765026.6362 3156552.835599999 3194056.931000001

real	0m0.694s
user	0m1.353s
sys	0m0.012s
 
40128631.98950006 40455680.77900002 81101463.51099998 81608296.35000008

real	0m0.506s
user	0m0.901s
sys	0m0.011s
 
185145.8628 186726.9552 353878.6176 356259.936

real	0m0.599s
user	0m1.183s
sys	0m0.003s
 
5650057.303000003 5674398.905999999 11835110.684 11873364.25000001

real	0m0.486s
user	0m0.917s
sys	0m0.008s
 
3539227257.462 3543179262.324003 8019509498.519998 8025995052.400001

real	0m0.173s
user	0m0.302s
sys	0m0.004s
 
66219776245.92168 66260257446.05717 151986883006.3699 152053753059.55

real	0m0.247s
user	0m0.439s
sys	0m0.010s
 
166212294937.3991 166288626284.498 382568140639.0098 382694366833.2999

real	0m0.257s
user	0m0.411s
sys	0m0.012s
 
608720333715.4655 608956501509.1871 1405127495482.165 1405518727998.903

real	0m0.529s
user	0m0.911s
sys	0m0.020s
 
SPECIAL
 
0.04840000000000001

real	0m11.232s
user	0m22.033s
sys	0m0.133s
 
0.04840000000000001

real	0m11.405s
user	0m22.787s
sys	0m0.012s
 
0.04840000000000001

real	0m11.292s
user	0m22.553s
sys	0m0.015s
 
53.79660000000001 53.79880000000001 58.68060000000001 58.68280000000001

real	0m1.042s
user	0m2.071s
sys	0m0.003s
 
53.79660000000001 53.79880000000001 58.68060000000001 58.68280000000001

real	0m1.101s
user	0m2.184s
sys	0m0.003s
 
9698907.663399996

real	0m0.611s
user	0m1.210s
sys	0m0.003s
 
9698907.663399996

real	0m0.608s
user	0m1.206s
sys	0m0.002s
 
0.04840000000000001

real	0m11.955s
user	0m23.885s
sys	0m0.012s
 
53.79660000000001 53.79880000000001 58.68060000000001 58.68280000000001

real	0m1.070s
user	0m2.126s
sys	0m0.003s
 
53.79660000000001 53.79880000000001 58.68060000000001 58.68280000000001

real	0m1.082s
user	0m2.150s
sys	0m0.003s
 
9698907.663399996

real	0m0.619s
user	0m1.229s
sys	0m0.002s
 
3948765877.809497 3955170852.914604 5863853434.234404 5870258409.339499

real	0m1.077s
user	0m2.087s
sys	0m0.008s
 
3948765877.809497 3955170852.914604 5863853434.234404 5870258409.339499

real	0m0.589s
user	0m1.143s
sys	0m0.013s
 
0.04840000000000001

real	0m12.108s
user	0m24.123s
sys	0m0.014s
 
53.79660000000001 53.79880000000001 58.68060000000001 58.68280000000001

real	0m1.076s
user	0m2.143s
sys	0m0.002s
 
53.79660000000001 53.79880000000001 58.68060000000001 58.68280000000001

real	0m1.076s
user	0m2.143s
sys	0m0.002s
 
9698907.663399996

real	0m0.621s
user	0m1.233s
sys	0m0.002s
 
3948765877.809497 3955170852.914604 5863853434.234404 5870258409.339499

real	0m0.869s
user	0m1.711s
sys	0m0.006s
 
3948765877.809497 3955170852.914604 5863853434.234404 5870258409.339499

real	0m0.543s
user	0m1.066s
sys	0m0.006s
 
0.04840000000000001

real	0m12.026s
user	0m24.025s
sys	0m0.012s
 
53.79660000000001 53.79880000000001 58.68060000000001 58.68280000000001

real	0m1.086s
user	0m2.146s
sys	0m0.003s
 
53.79660000000001 53.79880000000001 58.68060000000001 58.68280000000001

real	0m1.078s
user	0m2.145s
sys	0m0.002s
 
9698907.663399996

real	0m0.619s
user	0m1.229s
sys	0m0.002s
 
3948765877.809497 3955170852.914604 5863853434.234404 5870258409.339499

real	0m1.044s
user	0m2.069s
sys	0m0.006s
 
3948765877.809497 3955170852.914604 5863853434.234404 5870258409.339499

real	0m0.738s
user	0m1.456s
sys	0m0.005s
 
0.04840000000000001

real	0m11.933s
user	0m23.843s
sys	0m0.012s
 
53.79660000000001 53.79880000000001 58.68060000000001 58.68280000000001

real	0m1.075s
user	0m2.140s
sys	0m0.002s
 
53.79660000000001 53.79880000000001 58.68060000000001 58.68280000000001

real	0m1.071s
user	0m2.131s
sys	0m0.003s
 
9698907.663399996

real	0m0.628s
user	0m1.243s
sys	0m0.002s
 
3948765877.809497 3955170852.914604 5863853434.234404 5870258409.339499

real	0m0.869s
user	0m1.716s
sys	0m0.005s
 
3948765877.809497 3955170852.914604 5863853434.234404 5870258409.339499

real	0m0.740s
user	0m1.458s
sys	0m0.005s
 
3037.1121 3037.6632 3611.409 3612.01

real	0m0.287s
user	0m0.562s
sys	0m0.002s
 
3037.1121 3037.6632 3611.409 3612.01

real	0m0.289s
user	0m0.567s
sys	0m0.002s
 
3037.1121 3037.6632 3611.409 3612.01

real	0m0.288s
user	0m0.565s
sys	0m0.002s
 
3037.1121 3037.6632 3611.409 3612.01

real	0m0.275s
user	0m0.535s
sys	0m0.003s
 
SEQUENCE
 
37624.35618 38872.44188 52954.76458 54712.31628

real	0m0.201s
user	0m0.387s
sys	0m0.002s
 
4350478614.186048 4405620767.888449 7321622135.843186 7393481577.214199

real	0m0.262s
user	0m0.514s
sys	0m0.003s
 
18696443068.18007 18840087100.15867 37617583432.7108 37823564976.3486

real	0m0.210s
user	0m0.399s
sys	0m0.008s
 
4.901614166865179e+18 4.912723296455448e+18 1.084442578747924e+19 1.086100449795465e+19

real	0m0.130s
user	0m0.241s
sys	0m0.003s
 
1.647418946230568e+16 1.649160037624473e+16 3.768465979697054e+16 3.771108024027194e+16

real	0m0.188s
user	0m0.347s
sys	0m0.006s
 
4.48881116501821e+17 4.490640601531962e+17 1.03730934601686e+18 1.03758774958278e+18

real	0m0.142s
user	0m0.242s
sys	0m0.011s
 
4.48881116501821e+17 4.490640601531962e+17 1.03730934601686e+18 1.03758774958278e+18

real	0m0.287s
user	0m0.517s
sys	0m0.013s
 
4.48881116501821e+17 4.490640601531962e+17 1.03730934601686e+18 1.03758774958278e+18

real	0m0.279s
user	0m0.499s
sys	0m0.014s
 
8.382424294553979e+29 8.385850640122295e+29 1.937388035390321e+30 1.93790724339292e+30

real	0m0.158s
user	0m0.269s
sys	0m0.013s
 
8.382424294553979e+29 8.385850640122295e+29 1.937388035390321e+30 1.93790724339292e+30

real	0m0.180s
user	0m0.295s
sys	0m0.014s
 
8.382424294553979e+29 8.385850640122295e+29 1.937388035390321e+30 1.93790724339292e+30

real	0m0.176s
user	0m0.288s
sys	0m0.014s
 
8.382424294553979e+29 8.385850640122295e+29 1.937388035390321e+30 1.93790724339292e+30

real	0m0.181s
user	0m0.296s
sys	0m0.014s
 
8.382424294553979e+29 8.385850640122295e+29 1.937388035390321e+30 1.93790724339292e+30

real	0m0.177s
user	0m0.293s
sys	0m0.013s
 
8.382424294553979e+29 8.385850640122295e+29 1.937388035390321e+30 1.93790724339292e+30

real	0m0.175s
user	0m0.289s
sys	0m0.015s
 
374124590164.9393 378323909405.297 483306890414.2386 487506209654.5964

real	0m0.276s
user	0m0.543s
sys	0m0.002s
 
8003498375443.188 8040830216224.574 11400695886549.59 11438027727330.98

real	0m0.206s
user	0m0.403s
sys	0m0.002s
 
467292080353.7709 473215316635.7608 603526514839.5372 609449751121.5272

real	0m2.150s
user	0m2.712s
sys	0m1.195s
 
22856685758006.32 23032721850853.32 32186598678896.97 32362634771743.98

real	0m0.562s
user	0m0.916s
sys	0m0.154s
