 
VEC_VEC
 
174.0387

real	0m9.189s
user	0m9.183s
sys	0m0.005s
 
9698907.663400002

real	0m3.841s
user	0m3.840s
sys	0m0.000s
 
24900423491.092

real	0m9.680s
user	0m9.677s
sys	0m0.002s
 
24900741320632.73

real	0m10.866s
user	0m10.860s
sys	0m0.004s
 
2.490083360868405e+16

real	0m11.420s
user	0m11.376s
sys	0m0.042s
 
VEC_MAT
 
178.7929000000001 178.8030000000001 201.2149000000001 201.2250000000001

real	0m14.233s
user	0m14.227s
sys	0m0.004s
 
992.6821000000002 992.6922000000003 1117.3464 1117.3565

real	0m9.087s
user	0m9.080s
sys	0m0.005s
 
390.3932 390.4204 450.7772000000001 450.8044

real	0m22.746s
user	0m22.742s
sys	0m0.002s
 
2166.9797 2167.0069 2502.7093 2502.7365

real	0m13.427s
user	0m13.421s
sys	0m0.004s
 
157975690.7399 164380665.8450001

real	0m6.338s
user	0m6.334s
sys	0m0.003s
 
27065907086.64691 28163538210.734

real	0m7.989s
user	0m7.985s
sys	0m0.003s
 
128614163.4403001 133441028.6954 138267893.9505

real	0m8.941s
user	0m8.939s
sys	0m0.001s
 
17202407856.502 17848340807.389 18494273758.276

real	0m9.978s
user	0m9.976s
sys	0m0.001s
 
2.2266 2.2836 2.3406 2.397600000000001

real	0m3.984s
user	0m3.983s
sys	0m0.001s
 
73.52180000000001 74.6944 86.4204 87.59300000000002

real	0m12.952s
user	0m12.949s
sys	0m0.002s
 
609.1862 615.0844000000001 774.3358000000001 780.2340000000002

real	0m11.074s
user	0m11.070s
sys	0m0.003s
 
31020069.54 31057579.08 45948866.46000002 45986376

real	0m52.437s
user	0m52.422s
sys	0m0.008s
 
3948765877.809501 3955170852.9146 5863853434.2344 5870258409.3395

real	0m45.512s
user	0m45.498s
sys	0m0.008s
 
629070346650.9373 630167977775.024 934211799147.1233 935309430271.2103

real	0m23.556s
user	0m23.508s
sys	0m0.045s
 
72549439.01660001 72565446.85880002 108086848.7006 108102856.5428

real	0m43.569s
user	0m43.550s
sys	0m0.013s
 
324096005.618 324108897.3360001 483218480.8920001 483231372.6100001

real	0m22.997s
user	0m22.937s
sys	0m0.056s
 
10829665.1294 10829701.4254 15310551.5134 15310587.8094

real	0m16.340s
user	0m16.273s
sys	0m0.064s
 
107135690886253.8 108233331157375 147748380917734.2 148846021188855.3

real	0m16.562s
user	0m16.503s
sys	0m0.057s
 
MAT_VEC
 
178.7929000000001 178.8030000000001 201.2149000000001 201.2250000000001

real	0m15.202s
user	0m15.197s
sys	0m0.002s
 
992.6821000000002 992.6922000000003 1117.3464 1117.3565

real	0m9.839s
user	0m9.832s
sys	0m0.005s
 
390.3932 390.4204 450.7772000000001 450.8044

real	0m22.080s
user	0m22.075s
sys	0m0.001s
 
2166.9797 2167.0069 2502.7093 2502.7365

real	0m14.375s
user	0m14.370s
sys	0m0.003s
 
157975690.7399002 164380665.8450001

real	0m3.967s
user	0m3.962s
sys	0m0.004s
 
27065907086.64726 28163538210.734

real	0m5.344s
user	0m5.339s
sys	0m0.005s
 
128614163.4402999 133441028.6953997 138267893.9505

real	0m5.459s
user	0m5.455s
sys	0m0.003s
 
17202407856.50187 17848340807.38918 18494273758.27599

real	0m6.396s
user	0m6.392s
sys	0m0.003s
 
2.2266 2.2836 2.3406 2.397600000000001

real	0m3.529s
user	0m3.526s
sys	0m0.003s
 
73.52180000000001 74.6944 86.4204 87.59300000000002

real	0m7.652s
user	0m7.648s
sys	0m0.003s
 
609.1862 615.0844000000001 774.3358000000001 780.2340000000002

real	0m23.958s
user	0m23.951s
sys	0m0.005s
 
31020069.53999998 31057579.07999998 45948866.45999996 45986376.00000001

real	0m22.855s
user	0m22.849s
sys	0m0.003s
 
3948765877.809497 3955170852.914604 5863853434.234404 5870258409.339499

real	0m21.016s
user	0m20.997s
sys	0m0.016s
 
629070346650.9426 630167977775.031 934211799147.1235 935309430271.2021

real	0m10.878s
user	0m10.823s
sys	0m0.054s
 
72549439.0166 72565446.85879999 108086848.7006 108102856.5428001

real	0m24.434s
user	0m24.414s
sys	0m0.017s
 
324096005.6180002 324108897.3359997 483218480.892 483231372.6099998

real	0m13.035s
user	0m12.976s
sys	0m0.057s
 
10829665.1294 10829701.4254 15310551.5134 15310587.8094

real	0m9.359s
user	0m9.278s
sys	0m0.080s
 
107135690886248 108233331157370.3 147748380917728.1 148846021188851.3

real	0m13.490s
user	0m13.408s
sys	0m0.080s
 
OUTER
 
101.277 104.346 110.4774 113.8252

real	1m49.422s
user	1m49.407s
sys	0m0.003s
 
96.84840000000001 99.04950000000002 108.045 110.446

real	1m45.794s
user	1m45.779s
sys	0m0.004s
 
94.13800000000002 95.84960000000002 106.419 108.286

real	1m38.139s
user	1m38.123s
sys	0m0.006s
 
10.164 10.2025 11.913 11.9548

real	0m34.055s
user	0m34.048s
sys	0m0.004s
 
955.9242 956.3004 1135.8438 1136.254

real	0m14.753s
user	0m14.749s
sys	0m0.003s
 
78728.21440000001 78731.73660000002 93676.67820000002 93680.52040000001

real	0m23.889s
user	0m23.760s
sys	0m0.124s
 
MAT_MAT
 
8054296.570499997 8377212.617400005 11041896.78059999 11521723.02599998

real	0m11.056s
user	0m11.051s
sys	0m0.002s
 
67005585.50399998 69693523.28640002 92209626.6390001 96222702.65399998

real	0m20.866s
user	0m20.861s
sys	0m0.002s
 
56602.02200000002 58658.48450000003 83130.86099999996 86296.01680000003

real	0m7.275s
user	0m7.269s
sys	0m0.005s
 
297546749.5919997 308581623.7314994 440770097.583 457946307.1219999

real	0m10.743s
user	0m10.738s
sys	0m0.002s
 
301.3441 301.7106 379.168 379.5840000000001

real	0m22.483s
user	0m22.477s
sys	0m0.003s
 
45022.4809 45027.16379999999 57025.89409999999 57031.226

real	0m18.390s
user	0m18.358s
sys	0m0.027s
 
79343.34260000002 79353.49420000002 105856.4262 105868.395

real	0m24.140s
user	0m24.106s
sys	0m0.028s
 
77470.43699999999 77485.73999999999 107948.34 107966.91

real	0m8.683s
user	0m8.659s
sys	0m0.022s
 
109.241 111.7864 142.1856 145.251

real	0m11.456s
user	0m11.451s
sys	0m0.004s
 
1739639.1343 1765026.6362 3156552.835599999 3194056.931000001

real	0m23.396s
user	0m23.391s
sys	0m0.003s
 
40128631.98950006 40455680.77900002 81101463.51099998 81608296.35000008

real	0m20.782s
user	0m20.774s
sys	0m0.006s
 
185145.8628 186726.9552 353878.6176 356259.936

real	0m28.667s
user	0m28.662s
sys	0m0.002s
 
5650057.303000003 5674398.905999999 11835110.684 11873364.25000001

real	0m17.625s
user	0m17.619s
sys	0m0.004s
 
3539227257.462 3543179262.324003 8019509498.519998 8025995052.400001

real	0m3.561s
user	0m3.502s
sys	0m0.059s
 
66219776245.92168 66260257446.05717 151986883006.3699 152053753059.55

real	0m4.137s
user	0m4.079s
sys	0m0.058s
 
166212294937.3991 166288626284.498 382568140639.0098 382694366833.2999

real	0m3.761s
user	0m3.704s
sys	0m0.056s
 
608720333715.4655 608956501509.1871 1405127495482.165 1405518727998.903

real	0m7.995s
user	0m7.877s
sys	0m0.117s
 
TRANS1
 
8054296.570499997 8377212.617400005 11041896.78059999 11521723.02599998

real	0m10.770s
user	0m10.767s
sys	0m0.002s
 
67005585.50399998 69693523.28640002 92209626.6390001 96222702.65399998

real	0m20.753s
user	0m20.746s
sys	0m0.003s
 
56602.02200000002 58658.48450000003 83130.86099999996 86296.01680000003

real	0m7.117s
user	0m7.114s
sys	0m0.002s
 
297546749.5919997 308581623.7314994 440770097.583 457946307.1219999

real	0m10.875s
user	0m10.868s
sys	0m0.005s
 
301.3441 301.7106 379.168 379.5840000000001

real	0m23.020s
user	0m23.014s
sys	0m0.004s
 
45022.4809 45027.16379999999 57025.89409999999 57031.226

real	0m18.392s
user	0m18.355s
sys	0m0.033s
 
79343.34260000002 79353.49420000002 105856.4262 105868.395

real	0m24.087s
user	0m24.057s
sys	0m0.024s
 
77470.43699999999 77485.73999999999 107948.34 107966.91

real	0m8.694s
user	0m8.670s
sys	0m0.022s
 
109.241 111.7864 142.1856 145.251

real	0m11.699s
user	0m11.692s
sys	0m0.006s
 
1739639.1343 1765026.6362 3156552.835599999 3194056.931000001

real	0m23.383s
user	0m23.378s
sys	0m0.003s
 
40128631.98950006 40455680.77900002 81101463.51099998 81608296.35000008

real	0m20.736s
user	0m20.728s
sys	0m0.006s
 
185145.8628 186726.9552 353878.6176 356259.936

real	0m28.660s
user	0m28.654s
sys	0m0.003s
 
5650057.303000003 5674398.905999999 11835110.684 11873364.25000001

real	0m17.661s
user	0m17.657s
sys	0m0.002s
 
3539227257.462 3543179262.324003 8019509498.519998 8025995052.400001

real	0m3.562s
user	0m3.510s
sys	0m0.052s
 
66219776245.92168 66260257446.05717 151986883006.3699 152053753059.55

real	0m4.161s
user	0m4.107s
sys	0m0.053s
 
166212294937.3991 166288626284.498 382568140639.0098 382694366833.2999

real	0m3.803s
user	0m3.732s
sys	0m0.070s
 
608720333715.4655 608956501509.1871 1405127495482.165 1405518727998.903

real	0m8.080s
user	0m7.972s
sys	0m0.107s
 
1512441.733 1524415.266 2968657.650000001 2986772.5

real	0m28.950s
user	0m28.944s
sys	0m0.003s
 
608720333715.4655 608956501509.1866 1405127495482.166 1405518727998.903

real	0m4.433s
user	0m4.342s
sys	0m0.090s
 
TRANS2
 
8054296.570499997 8377212.617400005 11041896.78059999 11521723.02599998

real	0m13.665s
user	0m13.661s
sys	0m0.002s
 
67005585.50399998 69693523.28640002 92209626.6390001 96222702.65399998

real	0m22.557s
user	0m22.550s
sys	0m0.005s
 
56602.02200000002 58658.48450000003 83130.86099999996 86296.01680000003

real	0m9.971s
user	0m9.965s
sys	0m0.005s
 
297546749.5919997 308581623.7314994 440770097.583 457946307.1219999

real	0m11.792s
user	0m11.785s
sys	0m0.005s
 
301.3441 301.7106 379.168 379.5840000000001

real	0m19.049s
user	0m19.043s
sys	0m0.004s
 
45022.4809 45027.16379999999 57025.89409999999 57031.226

real	0m18.381s
user	0m18.351s
sys	0m0.026s
 
79343.34260000002 79353.49420000002 105856.4262 105868.395

real	0m24.078s
user	0m24.046s
sys	0m0.027s
 
77470.43699999999 77485.73999999999 107948.34 107966.91

real	0m8.674s
user	0m8.656s
sys	0m0.017s
 
109.241 111.7864 142.1856 145.251

real	0m11.216s
user	0m11.210s
sys	0m0.004s
 
1739639.1343 1765026.6362 3156552.835599999 3194056.931000001

real	0m25.459s
user	0m25.453s
sys	0m0.005s
 
40128631.98950006 40455680.77900002 81101463.51099998 81608296.35000008

real	0m20.858s
user	0m20.851s
sys	0m0.003s
 
185145.8628 186726.9552 353878.6176 356259.936

real	0m29.023s
user	0m29.017s
sys	0m0.003s
 
5650057.303000003 5674398.905999999 11835110.684 11873364.25000001

real	0m17.640s
user	0m17.632s
sys	0m0.006s
 
3539227257.462 3543179262.324003 8019509498.519998 8025995052.400001

real	0m3.570s
user	0m3.520s
sys	0m0.049s
 
66219776245.92168 66260257446.05717 151986883006.3699 152053753059.55

real	0m4.168s
user	0m4.111s
sys	0m0.056s
 
166212294937.3991 166288626284.498 382568140639.0098 382694366833.2999

real	0m3.804s
user	0m3.732s
sys	0m0.071s
 
608720333715.4655 608956501509.1871 1405127495482.165 1405518727998.903

real	0m8.086s
user	0m7.966s
sys	0m0.118s
 
1512441.733 1524415.266 2968657.650000001 2986772.5

real	0m28.679s
user	0m28.672s
sys	0m0.004s
 
608720333715.4655 608956501509.1866 1405127495482.166 1405518727998.903

real	0m4.416s
user	0m4.337s
sys	0m0.079s
 
SPECIAL
 
0.04840000000000001

real	0m8.974s
user	0m8.969s
sys	0m0.003s
 
0.04840000000000001

real	0m8.904s
user	0m8.899s
sys	0m0.003s
 
0.04840000000000001

real	0m3.847s
user	0m3.841s
sys	0m0.004s
 
53.79660000000001 53.79880000000001 58.68060000000001 58.68280000000001

real	0m20.578s
user	0m20.573s
sys	0m0.003s
 
53.79660000000001 53.79880000000001 58.68060000000001 58.68280000000001

real	0m20.611s
user	0m20.606s
sys	0m0.003s
 
9698907.663399996

real	0m3.109s
user	0m3.105s
sys	0m0.004s
 
9698907.663400002

real	0m3.947s
user	0m3.943s
sys	0m0.004s
 
0.04840000000000001

real	0m23.319s
user	0m23.313s
sys	0m0.004s
 
53.79660000000001 53.79880000000001 58.68060000000001 58.68280000000001

real	0m21.215s
user	0m21.211s
sys	0m0.002s
 
53.79660000000001 53.79880000000001 58.68060000000001 58.68280000000001

real	2m2.891s
user	2m2.875s
sys	0m0.003s
 
9698907.663399996

real	0m5.488s
user	0m5.483s
sys	0m0.004s
 
3948765877.809497 3955170852.914604 5863853434.234404 5870258409.339499

real	0m38.861s
user	0m38.841s
sys	0m0.013s
 
3948765877.809497 3955170852.914604 5863853434.234404 5870258409.339499

real	0m40.276s
user	0m40.256s
sys	0m0.013s
 
0.04840000000000001

real	0m24.999s
user	0m24.993s
sys	0m0.004s
 
53.79660000000001 53.79880000000001 58.68060000000001 58.68280000000001

real	0m32.055s
user	0m32.049s
sys	0m0.002s
 
53.79660000000001 53.79880000000001 58.68060000000001 58.68280000000001

real	2m0.555s
user	2m0.540s
sys	0m0.003s
 
9698907.663399996

real	0m5.508s
user	0m5.505s
sys	0m0.003s
 
3948765877.809497 3955170852.914604 5863853434.234404 5870258409.339499

real	0m39.717s
user	0m39.697s
sys	0m0.014s
 
3948765877.809497 3955170852.914604 5863853434.234404 5870258409.339499

real	0m40.227s
user	0m40.209s
sys	0m0.012s
 
0.04840000000000001

real	0m26.222s
user	0m26.218s
sys	0m0.001s
 
53.79660000000001 53.79880000000001 58.68060000000001 58.68280000000001

real	0m21.644s
user	0m21.640s
sys	0m0.002s
 
53.79660000000001 53.79880000000001 58.68060000000001 58.68280000000001

real	1m43.630s
user	1m43.616s
sys	0m0.004s
 
9698907.663399996

real	0m5.425s
user	0m5.423s
sys	0m0.002s
 
3948765877.809497 3955170852.914604 5863853434.234404 5870258409.339499

real	0m38.636s
user	0m38.619s
sys	0m0.010s
 
3948765877.809497 3955170852.914604 5863853434.234404 5870258409.339499

real	0m39.322s
user	0m39.302s
sys	0m0.015s
 
SEQUENCE
 
37624.35618 38872.44188 52954.76458 54712.31628

real	0m8.182s
user	0m8.176s
sys	0m0.005s
 
4350478614.186048 4405620767.888449 7321622135.843186 7393481577.214199

real	0m13.392s
user	0m13.387s
sys	0m0.004s
 
18696443068.18007 18840087100.15867 37617583432.7108 37823564976.3486

real	0m11.186s
user	0m11.183s
sys	0m0.002s
 
4.901614166865179e+18 4.912723296455448e+18 1.084442578747924e+19 1.086100449795465e+19

real	0m6.195s
user	0m6.174s
sys	0m0.020s
 
1.647418946230568e+16 1.649160037624473e+16 3.768465979697054e+16 3.771108024027194e+16

real	0m6.871s
user	0m6.801s
sys	0m0.069s
 
4.48881116501821e+17 4.490640601531962e+17 1.03730934601686e+18 1.03758774958278e+18

real	0m3.416s
user	0m3.341s
sys	0m0.075s
 
4.48881116501821e+17 4.490640601531962e+17 1.03730934601686e+18 1.03758774958278e+18

real	0m6.704s
user	0m6.602s
sys	0m0.100s
 
374124590164.9393 378323909405.297 483306890414.2386 487506209654.5964

real	0m13.656s
user	0m13.649s
sys	0m0.004s
 
8003498375443.188 8040830216224.577 11400695886549.59 11438027727330.98

real	0m11.202s
user	0m11.194s
sys	0m0.006s
 
467292080353.7709 473215316635.7608 603526514839.5372 609449751121.5272

real	0m12.775s
user	0m12.768s
sys	0m0.004s
 
22856685758006.32 23032721850853.32 32186598678896.97 32362634771743.98

real	0m11.125s
user	0m11.119s
sys	0m0.004s
