 
VEC_VEC
 
174.0387

real	0m18.526s
user	0m18.521s
sys	0m0.003s
 
9698907.663399996

real	0m2.982s
user	0m2.978s
sys	0m0.004s
 
24900423491.09201

real	0m8.614s
user	0m8.610s
sys	0m0.003s
 
24900741320632.71

real	0m9.602s
user	0m9.595s
sys	0m0.006s
 
2.490083360868967e+16

real	0m10.311s
user	0m10.269s
sys	0m0.041s
 
VEC_MAT
 
178.7929000000001 178.8030000000001 201.2149000000001 201.2250000000001

real	0m13.806s
user	0m13.801s
sys	0m0.004s
 
992.6821000000002 992.6922000000003 1117.3464 1117.3565

real	0m11.920s
user	0m11.916s
sys	0m0.002s
 
390.3932 390.4204 450.7772000000001 450.8044

real	0m21.020s
user	0m21.016s
sys	0m0.001s
 
2166.9797 2167.0069 2502.7093 2502.7365

real	0m13.323s
user	0m13.318s
sys	0m0.002s
 
157975690.7399002 164380665.8450001

real	0m3.460s
user	0m3.456s
sys	0m0.003s
 
27065907086.64726 28163538210.734

real	0m3.916s
user	0m3.914s
sys	0m0.002s
 
128614163.4402999 133441028.6953997 138267893.9505

real	0m4.914s
user	0m4.912s
sys	0m0.002s
 
17202407856.50187 17848340807.38918 18494273758.27599

real	0m6.804s
user	0m6.802s
sys	0m0.001s
 
2.2266 2.2836 2.3406 2.397600000000001

real	0m6.275s
user	0m6.274s
sys	0m0.001s
 
73.52180000000001 74.6944 86.4204 87.59300000000002

real	0m12.249s
user	0m12.246s
sys	0m0.002s
 
609.1862 615.0844000000001 774.3358000000001 780.2340000000002

real	0m11.941s
user	0m11.936s
sys	0m0.003s
 
31020069.53999998 31057579.07999998 45948866.45999996 45986376.00000001

real	0m27.428s
user	0m27.419s
sys	0m0.005s
 
3948765877.809497 3955170852.914604 5863853434.234404 5870258409.339499

real	0m26.747s
user	0m26.731s
sys	0m0.012s
 
629070346650.9426 630167977775.031 934211799147.1235 935309430271.2021

real	0m14.326s
user	0m14.265s
sys	0m0.059s
 
72549439.0166 72565446.85879999 108086848.7006 108102856.5428001

real	0m23.783s
user	0m23.763s
sys	0m0.016s
 
324096005.6180002 324108897.3359997 483218480.892 483231372.6099998

real	0m12.931s
user	0m12.873s
sys	0m0.056s
 
10829665.1294 10829701.4254 15310551.5134 15310587.8094

real	0m11.680s
user	0m11.604s
sys	0m0.074s
 
107135690886248 108233331157370.3 147748380917728.1 148846021188851.3

real	0m11.983s
user	0m11.917s
sys	0m0.064s
 
MAT_VEC
 
178.7929000000001 178.8030000000001 201.2149000000001 201.2250000000001

real	0m17.703s
user	0m17.698s
sys	0m0.003s
 
992.6821000000002 992.6922000000003 1117.3464 1117.3565

real	0m9.854s
user	0m9.850s
sys	0m0.002s
 
390.3932 390.4204 450.7772000000001 450.8044

real	0m26.479s
user	0m26.473s
sys	0m0.002s
 
2166.9797 2167.0069 2502.7093 2502.7365

real	0m15.504s
user	0m15.499s
sys	0m0.003s
 
157975690.7399002 164380665.8450001

real	0m3.635s
user	0m3.632s
sys	0m0.003s
 
27065907086.64726 28163538210.734

real	0m5.049s
user	0m5.046s
sys	0m0.003s
 
128614163.4402999 133441028.6953997 138267893.9505

real	0m8.571s
user	0m8.569s
sys	0m0.002s
 
17202407856.50187 17848340807.38918 18494273758.27599

real	0m9.288s
user	0m9.286s
sys	0m0.001s
 
2.2266 2.2836 2.3406 2.397600000000001

real	0m7.169s
user	0m7.166s
sys	0m0.002s
 
73.52180000000001 74.6944 86.4204 87.59300000000002

real	0m21.175s
user	0m21.171s
sys	0m0.002s
 
609.1862 615.0844000000001 774.3358000000001 780.2340000000002

real	0m26.310s
user	0m26.307s
sys	0m0.001s
 
31020069.53999998 31057579.07999998 45948866.45999996 45986376.00000001

real	0m43.285s
user	0m43.273s
sys	0m0.006s
 
3948765877.809497 3955170852.914604 5863853434.234404 5870258409.339499

real	0m35.892s
user	0m35.869s
sys	0m0.014s
 
629070346650.9426 630167977775.031 934211799147.1235 935309430271.2021

real	0m19.474s
user	0m19.410s
sys	0m0.062s
 
72549439.0166 72565446.85879999 108086848.7006 108102856.5428001

real	0m39.582s
user	0m39.565s
sys	0m0.013s
 
324096005.6180002 324108897.3359997 483218480.892 483231372.6099998

real	0m19.981s
user	0m19.923s
sys	0m0.056s
 
10829665.1294 10829701.4254 15310551.5134 15310587.8094

real	0m16.013s
user	0m15.938s
sys	0m0.073s
 
107135690886248 108233331157370.3 147748380917728.1 148846021188851.3

real	0m17.402s
user	0m17.330s
sys	0m0.071s
 
OUTER
 
101.277 104.346 110.4774 113.8252

real	0m19.559s
user	0m19.555s
sys	0m0.002s
 
96.84840000000001 99.04950000000002 108.045 110.446

real	0m38.636s
user	0m38.629s
sys	0m0.003s
 
94.13800000000002 95.84960000000002 106.419 108.286

real	0m36.889s
user	0m36.884s
sys	0m0.001s
 
10.164 10.2025 11.913 11.9548

real	0m16.768s
user	0m16.765s
sys	0m0.001s
 
955.9242 956.3004 1135.8438 1136.254

real	0m14.556s
user	0m14.550s
sys	0m0.003s
 
78728.21440000001 78731.73660000002 93676.67820000002 93680.52040000001

real	0m6.338s
user	0m6.253s
sys	0m0.082s
 
MAT_MAT
 
8054296.570499997 8377212.617400005 11041896.78059999 11521723.02599998

real	0m9.742s
user	0m9.739s
sys	0m0.001s
 
67005585.50399998 69693523.28640002 92209626.6390001 96222702.65399998

real	0m11.639s
user	0m11.635s
sys	0m0.002s
 
56602.02200000002 58658.48450000003 83130.86099999996 86296.01680000003

real	0m12.685s
user	0m12.681s
sys	0m0.002s
 
297546749.5919997 308581623.7314994 440770097.583 457946307.1219999

real	0m15.610s
user	0m15.606s
sys	0m0.002s
 
301.3441 301.7106 379.168 379.5840000000001

real	0m22.059s
user	0m22.054s
sys	0m0.002s
 
45022.4809 45027.16379999999 57025.89409999999 57031.226

real	0m20.118s
user	0m20.083s
sys	0m0.030s
 
79343.34260000002 79353.49420000002 105856.4262 105868.395

real	0m15.573s
user	0m15.545s
sys	0m0.024s
 
77470.43699999999 77485.73999999999 107948.34 107966.91

real	0m14.213s
user	0m14.191s
sys	0m0.019s
 
109.241 111.7864 142.1856 145.251

real	0m15.671s
user	0m15.667s
sys	0m0.002s
 
1739639.1343 1765026.6362 3156552.835599999 3194056.931000001

real	0m34.782s
user	0m34.776s
sys	0m0.002s
 
40128631.98950006 40455680.77900002 81101463.51099998 81608296.35000008

real	0m29.249s
user	0m29.242s
sys	0m0.004s
 
185145.8628 186726.9552 353878.6176 356259.936

real	0m37.167s
user	0m37.160s
sys	0m0.003s
 
5650057.303000003 5674398.905999999 11835110.684 11873364.25000001

real	0m35.069s
user	0m35.061s
sys	0m0.004s
 
3539227257.462 3543179262.324003 8019509498.519998 8025995052.400001

real	0m13.383s
user	0m13.370s
sys	0m0.012s
 
66219776245.92168 66260257446.05717 151986883006.3699 152053753059.55

real	0m15.198s
user	0m15.157s
sys	0m0.039s
 
166212294937.3991 166288626284.498 382568140639.0098 382694366833.2999

real	0m13.794s
user	0m13.734s
sys	0m0.058s
 
608720333715.4655 608956501509.1871 1405127495482.165 1405518727998.903

real	0m28.343s
user	0m28.261s
sys	0m0.079s
 
TRANS1
 
8054296.570499997 8377212.617400005 11041896.78059999 11521723.02599998

real	0m10.519s
user	0m10.515s
sys	0m0.001s
 
67005585.50399998 69693523.28640002 92209626.6390001 96222702.65399998

real	0m12.515s
user	0m12.510s
sys	0m0.003s
 
56602.02200000002 58658.48450000003 83130.86099999996 86296.01680000003

real	0m6.012s
user	0m6.009s
sys	0m0.001s
 
297546749.5919997 308581623.7314994 440770097.583 457946307.1219999

real	0m9.048s
user	0m9.043s
sys	0m0.003s
 
301.3441 301.7106 379.168 379.5840000000001

real	0m9.967s
user	0m9.965s
sys	0m0.000s
 
45022.4809 45027.16379999999 57025.89409999999 57031.226

real	0m15.051s
user	0m15.027s
sys	0m0.021s
 
79343.34260000002 79353.49420000002 105856.4262 105868.395

real	0m9.989s
user	0m9.960s
sys	0m0.027s
 
77470.43699999999 77485.73999999999 107948.34 107966.91

real	0m7.532s
user	0m7.514s
sys	0m0.017s
 
109.241 111.7864 142.1856 145.251

real	0m6.728s
user	0m6.723s
sys	0m0.005s
 
1739639.1343 1765026.6362 3156552.835599999 3194056.931000001

real	0m17.820s
user	0m17.816s
sys	0m0.001s
 
40128631.98950006 40455680.77900002 81101463.51099998 81608296.35000008

real	0m13.783s
user	0m13.781s
sys	0m0.001s
 
185145.8628 186726.9552 353878.6176 356259.936

real	0m13.485s
user	0m13.481s
sys	0m0.003s
 
5650057.303000003 5674398.905999999 11835110.684 11873364.25000001

real	0m19.787s
user	0m19.783s
sys	0m0.002s
 
3539227257.462 3543179262.324003 8019509498.519998 8025995052.400001

real	0m6.582s
user	0m6.561s
sys	0m0.020s
 
66219776245.92168 66260257446.05717 151986883006.3699 152053753059.55

real	0m9.461s
user	0m9.406s
sys	0m0.054s
 
166212294937.3991 166288626284.498 382568140639.0098 382694366833.2999

real	0m7.285s
user	0m7.212s
sys	0m0.072s
 
608720333715.4655 608956501509.1871 1405127495482.165 1405518727998.903

real	0m15.348s
user	0m15.216s
sys	0m0.130s
 
1512441.733 1524415.266 2968657.650000001 2986772.5

real	0m9.106s
user	0m9.105s
sys	0m0.000s
 
608720333715.4655 608956501509.1871 1405127495482.165 1405518727998.903

real	0m7.797s
user	0m7.729s
sys	0m0.067s
 
TRANS2
 
8054296.570499997 8377212.617400005 11041896.78059999 11521723.02599998

real	0m10.447s
user	0m10.444s
sys	0m0.001s
 
67005585.50399998 69693523.28640002 92209626.6390001 96222702.65399998

real	0m16.563s
user	0m16.559s
sys	0m0.002s
 
56602.02200000002 58658.48450000003 83130.86099999996 86296.01680000003

real	0m13.393s
user	0m13.389s
sys	0m0.001s
 
297546749.5919997 308581623.7314994 440770097.583 457946307.1219999

real	0m18.943s
user	0m18.938s
sys	0m0.002s
 
301.3441 301.7106 379.168 379.5840000000001

real	0m22.551s
user	0m22.545s
sys	0m0.003s
 
45022.4809 45027.16379999999 57025.89409999999 57031.226

real	0m28.884s
user	0m28.848s
sys	0m0.030s
 
79343.34260000002 79353.49420000002 105856.4262 105868.395

real	0m18.336s
user	0m18.309s
sys	0m0.024s
 
77470.43699999999 77485.73999999999 107948.34 107966.91

real	0m17.437s
user	0m17.415s
sys	0m0.018s
 
109.241 111.7864 142.1856 145.251

real	0m15.457s
user	0m15.453s
sys	0m0.004s
 
1739639.1343 1765026.6362 3156552.835599999 3194056.931000001

real	0m35.624s
user	0m35.619s
sys	0m0.000s
 
40128631.98950006 40455680.77900002 81101463.51099998 81608296.35000008

real	0m29.483s
user	0m29.476s
sys	0m0.005s
 
185145.8628 186726.9552 353878.6176 356259.936

real	0m37.189s
user	0m37.184s
sys	0m0.000s
 
5650057.303000003 5674398.905999999 11835110.684 11873364.25000001

real	0m35.208s
user	0m35.201s
sys	0m0.004s
 
3539227257.462 3543179262.324003 8019509498.519998 8025995052.400001

real	0m13.503s
user	0m13.487s
sys	0m0.013s
 
66219776245.92168 66260257446.05717 151986883006.3699 152053753059.55

real	0m15.305s
user	0m15.263s
sys	0m0.041s
 
166212294937.3991 166288626284.498 382568140639.0098 382694366833.2999

real	0m13.882s
user	0m13.828s
sys	0m0.051s
 
608720333715.4655 608956501509.1871 1405127495482.165 1405518727998.903

real	0m28.483s
user	0m28.390s
sys	0m0.088s
 
1512441.733 1524415.266 2968657.650000001 2986772.5

real	0m20.128s
user	0m20.124s
sys	0m0.002s
 
608720333715.4655 608956501509.1871 1405127495482.165 1405518727998.903

real	0m14.423s
user	0m14.366s
sys	0m0.055s
 
SPECIAL
 
0.04840000000000001

real	0m15.631s
user	0m15.627s
sys	0m0.003s
 
0.04840000000000001

real	0m15.983s
user	0m15.978s
sys	0m0.003s
 
0.04840000000000001

real	0m14.306s
user	0m14.302s
sys	0m0.002s
 
53.79660000000001 53.79880000000001 58.68060000000001 58.68280000000001

real	0m21.150s
user	0m21.145s
sys	0m0.003s
 
53.79660000000001 53.79880000000001 58.68060000000001 58.68280000000001

real	0m26.518s
user	0m26.512s
sys	0m0.004s
 
9698907.663399996

real	0m4.753s
user	0m4.750s
sys	0m0.002s
 
9698907.663399996

real	0m3.061s
user	0m3.058s
sys	0m0.003s
 
0.04840000000000001

real	0m17.255s
user	0m17.251s
sys	0m0.002s
 
53.79660000000001 53.79880000000001 58.68060000000001 58.68280000000001

real	0m20.912s
user	0m20.907s
sys	0m0.002s
 
53.79660000000001 53.79880000000001 58.68060000000001 58.68280000000001

real	0m46.300s
user	0m46.293s
sys	0m0.001s
 
9698907.663399996

real	0m4.628s
user	0m4.625s
sys	0m0.001s
 
3948765877.809497 3955170852.914604 5863853434.234404 5870258409.339499

real	0m26.932s
user	0m26.915s
sys	0m0.013s
 
3948765877.809497 3955170852.914604 5863853434.234404 5870258409.339499

real	0m30.300s
user	0m30.286s
sys	0m0.010s
 
0.04840000000000001

real	0m17.090s
user	0m17.089s
sys	0m0.000s
 
53.79660000000001 53.79880000000001 58.68060000000001 58.68280000000001

real	0m19.804s
user	0m19.799s
sys	0m0.003s
 
53.79660000000001 53.79880000000001 58.68060000000001 58.68280000000001

real	1m11.001s
user	1m10.992s
sys	0m0.002s
 
9698907.663399996

real	0m3.038s
user	0m3.036s
sys	0m0.002s
 
3948765877.809497 3955170852.914604 5863853434.234404 5870258409.339499

real	0m23.787s
user	0m23.772s
sys	0m0.012s
 
3948765877.809497 3955170852.914604 5863853434.234404 5870258409.339499

real	0m23.667s
user	0m23.650s
sys	0m0.013s
 
0.04840000000000001

real	0m17.315s
user	0m17.312s
sys	0m0.001s
 
53.79660000000001 53.79880000000001 58.68060000000001 58.68280000000001

real	0m20.969s
user	0m20.964s
sys	0m0.003s
 
53.79660000000001 53.79880000000001 58.68060000000001 58.68280000000001

real	0m53.638s
user	0m53.630s
sys	0m0.003s
 
9698907.663399996

real	0m4.632s
user	0m4.630s
sys	0m0.001s
 
3948765877.809497 3955170852.914604 5863853434.234404 5870258409.339499

real	0m26.932s
user	0m26.914s
sys	0m0.013s
 
3948765877.809497 3955170852.914604 5863853434.234404 5870258409.339499

real	0m59.355s
user	0m59.333s
sys	0m0.013s
 
SEQUENCE
 
37624.35618 38872.44188 52954.76458 54712.31628

real	0m6.520s
user	0m6.519s
sys	0m0.001s
 
4350478614.186048 4405620767.888449 7321622135.843186 7393481577.214199

real	0m17.604s
user	0m17.601s
sys	0m0.001s
 
18696443068.18007 18840087100.15867 37617583432.7108 37823564976.3486

real	0m19.040s
user	0m19.036s
sys	0m0.002s
 
4.901614166865179e+18 4.912723296455448e+18 1.084442578747924e+19 1.086100449795465e+19

real	0m14.034s
user	0m14.024s
sys	0m0.008s
 
1.647418946230568e+16 1.649160037624473e+16 3.768465979697054e+16 3.771108024027194e+16

real	0m19.846s
user	0m19.821s
sys	0m0.023s
 
4.48881116501821e+17 4.490640601531962e+17 1.03730934601686e+18 1.03758774958278e+18

real	0m13.392s
user	0m13.325s
sys	0m0.065s
 
4.48881116501821e+17 4.490640601531962e+17 1.03730934601686e+18 1.03758774958278e+18

real	0m18.735s
user	0m18.660s
sys	0m0.072s
 
374124590164.9393 378323909405.297 483306890414.2386 487506209654.5964

real	0m17.685s
user	0m17.680s
sys	0m0.003s
 
8003498375443.188 8040830216224.574 11400695886549.59 11438027727330.98

real	0m19.081s
user	0m19.077s
sys	0m0.002s
 
467292080353.7709 473215316635.7608 603526514839.5372 609449751121.5272

real	0m14.280s
user	0m14.275s
sys	0m0.004s
 
22856685758006.32 23032721850853.32 32186598678896.97 32362634771743.98

real	0m16.839s
user	0m16.834s
sys	0m0.003s
