 
SCALAR_VEC
 
0.5808000000000001 0.5830000000000002 0.6270000000000002 0.6292000000000002

real	0m2.845s
user	0m2.844s
sys	0m0.000s
 
46.0284 46.03060000000001 50.20620000000001 50.2084

real	0m1.353s
user	0m1.352s
sys	0m0.000s
 
29876.5456 29876.5478 32592.58860000001 32592.59080000001

real	0m1.403s
user	0m1.383s
sys	0m0.016s
 
VEC_VEC
 
174.0387

real	0m2.328s
user	0m2.324s
sys	0m0.004s
 
9698907.663399996

real	0m1.003s
user	0m0.999s
sys	0m0.000s
 
24900423491.09201

real	0m1.368s
user	0m1.365s
sys	0m0.001s
 
24900741320632.71

real	0m2.324s
user	0m2.315s
sys	0m0.005s
 
2.490083360868967e+16

real	0m2.449s
user	0m2.414s
sys	0m0.028s
 
VEC_MAT
 
178.7929000000001 178.8030000000001 201.2149000000001 201.2250000000001

real	0m1.963s
user	0m1.961s
sys	0m0.000s
 
992.6821000000002 992.6922000000003 1117.3464 1117.3565

real	0m1.052s
user	0m1.052s
sys	0m0.000s
 
390.3932 390.4204 450.7772000000001 450.8044

real	0m3.685s
user	0m3.680s
sys	0m0.000s
 
2166.9797 2167.0069 2502.7093 2502.7365

real	0m2.026s
user	0m2.013s
sys	0m0.012s
 
157975690.7399002 164380665.8450001

real	0m0.682s
user	0m0.682s
sys	0m0.000s
 
27065907086.64726 28163538210.734

real	0m0.744s
user	0m0.744s
sys	0m0.000s
 
128614163.4402999 133441028.6953997 138267893.9505

real	0m0.906s
user	0m0.901s
sys	0m0.004s
 
17202407856.50187 17848340807.38918 18494273758.27599

real	0m0.929s
user	0m0.925s
sys	0m0.004s
 
2.2266 2.2836 2.3406 2.397600000000001

real	0m1.028s
user	0m1.024s
sys	0m0.004s
 
73.52180000000001 74.6944 86.4204 87.59300000000002

real	0m3.232s
user	0m3.223s
sys	0m0.004s
 
609.1862 615.0844000000001 774.3358000000001 780.2340000000002

real	0m4.095s
user	0m4.090s
sys	0m0.004s
 
31020069.53999998 31057579.07999998 45948866.45999996 45986376.00000001

real	0m7.307s
user	0m7.287s
sys	0m0.004s
 
3948765877.809497 3955170852.914604 5863853434.234404 5870258409.339499

real	0m6.485s
user	0m6.466s
sys	0m0.004s
 
629070346650.9426 630167977775.031 934211799147.1235 935309430271.2021

real	0m3.762s
user	0m3.721s
sys	0m0.028s
 
72549439.0166 72565446.85879999 108086848.7006 108102856.5428001

real	0m6.695s
user	0m6.664s
sys	0m0.012s
 
324096005.6180002 324108897.3359997 483218480.892 483231372.6099998

real	0m3.680s
user	0m3.636s
sys	0m0.036s
 
10829665.1294 10829701.4254 15310551.5134 15310587.8094

real	0m2.816s
user	0m2.763s
sys	0m0.044s
 
107135690886248 108233331157370.3 147748380917728.1 148846021188851.3

real	0m2.296s
user	0m2.247s
sys	0m0.041s
 
MAT_VEC
 
178.7929000000001 178.8030000000001 201.2149000000001 201.2250000000001

real	0m1.601s
user	0m1.596s
sys	0m0.000s
 
992.6821000000002 992.6922000000003 1117.3464 1117.3565

real	0m0.902s
user	0m0.897s
sys	0m0.004s
 
390.3932 390.4204 450.7772000000001 450.8044

real	0m2.620s
user	0m2.619s
sys	0m0.001s
 
2166.9797 2167.0069 2502.7093 2502.7365

real	0m1.511s
user	0m1.510s
sys	0m0.001s
 
157975690.7399002 164380665.8450001

real	0m0.751s
user	0m0.746s
sys	0m0.004s
 
27065907086.64726 28163538210.734

real	0m0.748s
user	0m0.748s
sys	0m0.001s
 
128614163.4402999 133441028.6953997 138267893.9505

real	0m0.912s
user	0m0.907s
sys	0m0.004s
 
17202407856.50187 17848340807.38918 18494273758.27599

real	0m0.932s
user	0m0.927s
sys	0m0.004s
 
2.2266 2.2836 2.3406 2.397600000000001

real	0m0.695s
user	0m0.691s
sys	0m0.004s
 
73.52180000000001 74.6944 86.4204 87.59300000000002

real	0m3.253s
user	0m3.251s
sys	0m0.001s
 
609.1862 615.0844000000001 774.3358000000001 780.2340000000002

real	0m3.609s
user	0m3.609s
sys	0m0.000s
 
31020069.53999998 31057579.07999998 45948866.45999996 45986376.00000001

real	0m6.302s
user	0m6.290s
sys	0m0.000s
 
3948765877.809497 3955170852.914604 5863853434.234404 5870258409.339499

real	0m6.370s
user	0m6.347s
sys	0m0.008s
 
629070346650.9426 630167977775.031 934211799147.1235 935309430271.2021

real	0m3.479s
user	0m3.430s
sys	0m0.036s
 
72549439.0166 72565446.85879999 108086848.7006 108102856.5428001

real	0m5.782s
user	0m5.757s
sys	0m0.012s
 
324096005.6180002 324108897.3359997 483218480.892 483231372.6099998

real	0m3.181s
user	0m3.149s
sys	0m0.024s
 
10829665.1294 10829701.4254 15310551.5134 15310587.8094

real	0m2.085s
user	0m2.039s
sys	0m0.040s
 
107135690886248 108233331157370.3 147748380917728.1 148846021188851.3

real	0m2.273s
user	0m2.215s
sys	0m0.052s
 
OUTER
 
101.277 104.346 110.4774 113.8252

real	0m4.671s
user	0m4.670s
sys	0m0.001s
 
96.84840000000001 99.04950000000002 108.045 110.446

real	0m3.588s
user	0m3.583s
sys	0m0.000s
 
94.13800000000002 95.84960000000002 106.419 108.286

real	0m6.345s
user	0m6.342s
sys	0m0.001s
 
14.5684 14.5728 16.60140000000001 16.606

real	0m2.284s
user	0m2.279s
sys	0m0.005s
 
10.164 10.2025 11.913 11.9548

real	0m2.464s
user	0m2.462s
sys	0m0.001s
 
955.9242 956.3004 1135.8438 1136.254

real	0m1.976s
user	0m1.969s
sys	0m0.005s
 
86477.05440000001 86480.57660000001 102897.9582 102901.8004

real	0m2.459s
user	0m2.384s
sys	0m0.069s
 
27312.9912 27313.3443 32486.685 32487.07

real	0m1.493s
user	0m1.481s
sys	0m0.008s
 
MAT_MAT
 
8054296.570499997 8377212.617400005 11041896.78059999 11521723.02599998

real	0m2.612s
user	0m2.606s
sys	0m0.005s
 
67005585.50399998 69693523.28640002 92209626.6390001 96222702.65399998

real	0m3.284s
user	0m3.274s
sys	0m0.005s
 
56602.02200000002 58658.48450000003 83130.86099999996 86296.01680000003

real	0m2.836s
user	0m2.831s
sys	0m0.001s
 
297546749.5919997 308581623.7314994 440770097.583 457946307.1219999

real	0m2.762s
user	0m2.753s
sys	0m0.000s
 
8054296.570499997 8144829.910200007 11426434.83180001 11521723.02599998

real	0m2.087s
user	0m2.079s
sys	0m0.004s
 
67005585.50399998 67746880.83150004 95442432.67260008 96222702.65399998

real	0m2.696s
user	0m2.691s
sys	0m0.001s
 
56602.02200000002 56765.4044 86117.12820000002 86296.01680000003

real	0m1.478s
user	0m1.471s
sys	0m0.005s
 
297546749.5919997 299613096.1240003 455678605.3310006 457946307.1219999

real	0m1.651s
user	0m1.648s
sys	0m0.000s
 
301.3441 301.7106 379.168 379.5840000000001

real	0m1.822s
user	0m1.819s
sys	0m0.001s
 
45022.4809 45027.16379999999 57025.89409999999 57031.226

real	0m2.535s
user	0m2.510s
sys	0m0.017s
 
79343.34260000002 79353.49420000002 105856.4262 105868.395

real	0m2.091s
user	0m2.075s
sys	0m0.008s
 
77470.43699999999 77485.73999999999 107948.34 107966.91

real	0m1.534s
user	0m1.525s
sys	0m0.004s
 
109.241 111.7864 142.1856 145.251

real	0m2.965s
user	0m2.961s
sys	0m0.001s
 
1739639.1343 1765026.6362 3156552.835599999 3194056.931000001

real	0m4.416s
user	0m4.398s
sys	0m0.009s
 
40128631.98950006 40455680.77900002 81101463.51099998 81608296.35000008

real	0m3.045s
user	0m3.033s
sys	0m0.008s
 
185145.8628 186726.9552 353878.6176 356259.936

real	0m4.418s
user	0m4.413s
sys	0m0.001s
 
5650057.303000003 5674398.905999999 11835110.684 11873364.25000001

real	0m3.740s
user	0m3.732s
sys	0m0.004s
 
3539227257.462 3543179262.324003 8019509498.519998 8025995052.400001

real	0m1.258s
user	0m1.230s
sys	0m0.016s
 
66219776245.92168 66260257446.05717 151986883006.3699 152053753059.55

real	0m1.459s
user	0m1.430s
sys	0m0.024s
 
166212294937.3991 166288626284.498 382568140639.0098 382694366833.2999

real	0m1.319s
user	0m1.286s
sys	0m0.028s
 
608720333715.4655 608956501509.1871 1405127495482.165 1405518727998.903

real	0m2.676s
user	0m2.628s
sys	0m0.040s
 
TRANS1
 
8054296.570499997 8377212.617400005 11041896.78059999 11521723.02599998

real	0m2.950s
user	0m2.944s
sys	0m0.004s
 
67005585.50399998 69693523.28640002 92209626.6390001 96222702.65399998

real	0m3.690s
user	0m3.687s
sys	0m0.000s
 
56602.02200000002 58658.48450000003 83130.86099999996 86296.01680000003

real	0m2.445s
user	0m2.442s
sys	0m0.001s
 
297546749.5919997 308581623.7314994 440770097.583 457946307.1219999

real	0m2.338s
user	0m2.330s
sys	0m0.001s
 
8054296.570499997 8144829.910200007 11426434.83180001 11521723.02599998

real	0m2.672s
user	0m2.665s
sys	0m0.005s
 
67005585.50399998 67746880.83150004 95442432.67260008 96222702.65399998

real	0m3.333s
user	0m3.326s
sys	0m0.004s
 
56602.02200000002 56765.4044 86117.12820000002 86296.01680000003

real	0m2.326s
user	0m2.324s
sys	0m0.000s
 
297546749.5919997 299613096.1240003 455678605.3310006 457946307.1219999

real	0m2.193s
user	0m2.186s
sys	0m0.005s
 
301.3441 301.7106 379.168 379.5840000000001

real	0m2.902s
user	0m2.899s
sys	0m0.001s
 
45022.4809 45027.16379999999 57025.89409999999 57031.226

real	0m2.655s
user	0m2.627s
sys	0m0.020s
 
79343.34260000002 79353.49420000002 105856.4262 105868.395

real	0m2.800s
user	0m2.775s
sys	0m0.012s
 
77470.43699999999 77485.73999999999 107948.34 107966.91

real	0m2.162s
user	0m2.144s
sys	0m0.012s
 
109.241 111.7864 142.1856 145.251

real	0m3.054s
user	0m3.052s
sys	0m0.000s
 
1739639.1343 1765026.6362 3156552.835599999 3194056.931000001

real	0m5.274s
user	0m5.261s
sys	0m0.005s
 
40128631.98950006 40455680.77900002 81101463.51099998 81608296.35000008

real	0m4.062s
user	0m4.058s
sys	0m0.001s
 
185145.8628 186726.9552 353878.6176 356259.936

real	0m6.020s
user	0m6.015s
sys	0m0.001s
 
5650057.303000003 5674398.905999999 11835110.684 11873364.25000001

real	0m5.162s
user	0m5.159s
sys	0m0.001s
 
3539227257.462 3543179262.324003 8019509498.519998 8025995052.400001

real	0m1.854s
user	0m1.837s
sys	0m0.013s
 
66219776245.92168 66260257446.05717 151986883006.3699 152053753059.55

real	0m2.191s
user	0m2.161s
sys	0m0.024s
 
166212294937.3991 166288626284.498 382568140639.0098 382694366833.2999

real	0m1.964s
user	0m1.924s
sys	0m0.036s
 
608720333715.4655 608956501509.1871 1405127495482.165 1405518727998.903

real	0m3.965s
user	0m3.902s
sys	0m0.052s
 
1512441.733 1524415.266 2968657.650000001 2986772.5

real	0m3.048s
user	0m3.042s
sys	0m0.004s
 
608720333715.4655 608956501509.1871 1405127495482.165 1405518727998.903

real	0m2.093s
user	0m2.051s
sys	0m0.036s
 
TRANS2
 
8054296.570499997 8377212.617400005 11041896.78059999 11521723.02599998

real	0m4.208s
user	0m4.201s
sys	0m0.005s
 
67005585.50399998 69693523.28640002 92209626.6390001 96222702.65399998

real	0m7.389s
user	0m7.384s
sys	0m0.000s
 
56602.02200000002 58658.48450000003 83130.86099999996 86296.01680000003

real	0m3.090s
user	0m3.088s
sys	0m0.001s
 
297546749.5919997 308581623.7314994 440770097.583 457946307.1219999

real	0m4.717s
user	0m4.711s
sys	0m0.001s
 
8054296.570499997 8144829.910200007 11426434.83180001 11521723.02599998

real	0m2.066s
user	0m2.059s
sys	0m0.001s
 
67005585.50399998 67746880.83150004 95442432.67260008 96222702.65399998

real	0m2.610s
user	0m2.604s
sys	0m0.005s
 
56602.02200000002 56765.4044 86117.12820000002 86296.01680000003

real	0m1.447s
user	0m1.446s
sys	0m0.000s
 
297546749.5919997 299613096.1240003 455678605.3310006 457946307.1219999

real	0m1.580s
user	0m1.574s
sys	0m0.004s
 
301.3441 301.7106 379.168 379.5840000000001

real	0m1.882s
user	0m1.881s
sys	0m0.000s
 
45022.4809 45027.16379999999 57025.89409999999 57031.226

real	0m2.392s
user	0m2.358s
sys	0m0.024s
 
79343.34260000002 79353.49420000002 105856.4262 105868.395

real	0m2.081s
user	0m2.068s
sys	0m0.008s
 
77470.43699999999 77485.73999999999 107948.34 107966.91

real	0m1.529s
user	0m1.512s
sys	0m0.013s
 
109.241 111.7864 142.1856 145.251

real	0m3.066s
user	0m3.064s
sys	0m0.000s
 
1739639.1343 1765026.6362 3156552.835599999 3194056.931000001

real	0m4.566s
user	0m4.559s
sys	0m0.000s
 
40128631.98950006 40455680.77900002 81101463.51099998 81608296.35000008

real	0m3.043s
user	0m3.041s
sys	0m0.000s
 
185145.8628 186726.9552 353878.6176 356259.936

real	0m4.782s
user	0m4.779s
sys	0m0.001s
 
5650057.303000003 5674398.905999999 11835110.684 11873364.25000001

real	0m3.671s
user	0m3.665s
sys	0m0.005s
 
3539227257.462 3543179262.324003 8019509498.519998 8025995052.400001

real	0m1.221s
user	0m1.205s
sys	0m0.013s
 
66219776245.92168 66260257446.05717 151986883006.3699 152053753059.55

real	0m1.437s
user	0m1.413s
sys	0m0.021s
 
166212294937.3991 166288626284.498 382568140639.0098 382694366833.2999

real	0m1.340s
user	0m1.296s
sys	0m0.041s
 
608720333715.4655 608956501509.1871 1405127495482.165 1405518727998.903

real	0m2.714s
user	0m2.667s
sys	0m0.041s
 
1512441.733 1524415.266 2968657.650000001 2986772.5

real	0m2.544s
user	0m2.535s
sys	0m0.005s
 
608720333715.4655 608956501509.1871 1405127495482.165 1405518727998.903

real	0m1.454s
user	0m1.409s
sys	0m0.040s
 
TRANS12
 
8054296.570499997 8377212.617400005 11041896.78059999 11521723.02599998

real	0m2.095s
user	0m2.090s
sys	0m0.005s
 
67005585.50399998 69693523.28640002 92209626.6390001 96222702.65399998

real	0m2.701s
user	0m2.699s
sys	0m0.000s
 
56602.02200000002 58658.48450000003 83130.86099999996 86296.01680000003

real	0m1.644s
user	0m1.643s
sys	0m0.001s
 
297546749.5919997 308581623.7314994 440770097.583 457946307.1219999

real	0m1.601s
user	0m1.595s
sys	0m0.004s
 
8054296.570499997 8144829.910200007 11426434.83180001 11521723.02599998

real	0m2.616s
user	0m2.610s
sys	0m0.004s
 
67005585.50399998 67746880.83150004 95442432.67260008 96222702.65399998

real	0m3.308s
user	0m3.302s
sys	0m0.005s
 
56602.02200000002 56765.4044 86117.12820000002 86296.01680000003

real	0m2.951s
user	0m2.944s
sys	0m0.005s
 
297546749.5919997 299613096.1240003 455678605.3310006 457946307.1219999

real	0m2.787s
user	0m2.781s
sys	0m0.005s
 
301.3441 301.7106 379.168 379.5840000000001

real	0m5.389s
user	0m5.385s
sys	0m0.001s
 
45022.4809 45027.16379999999 57025.89409999999 57031.226

real	0m6.812s
user	0m6.774s
sys	0m0.017s
 
79343.34260000002 79353.49420000002 105856.4262 105868.395

real	0m4.692s
user	0m4.656s
sys	0m0.025s
 
77470.43699999999 77485.73999999999 107948.34 107966.91

real	0m3.557s
user	0m3.535s
sys	0m0.012s
 
109.241 111.7864 142.1856 145.251

real	0m2.974s
user	0m2.968s
sys	0m0.001s
 
1739639.1343 1765026.6362 3156552.835599999 3194056.931000001

real	0m4.199s
user	0m4.175s
sys	0m0.000s
 
40128631.98950006 40455680.77900002 81101463.51099998 81608296.35000008

real	0m3.011s
user	0m2.997s
sys	0m0.009s
 
185145.8628 186726.9552 353878.6176 356259.936

real	0m4.503s
user	0m4.501s
sys	0m0.000s
 
5650057.303000003 5674398.905999999 11835110.684 11873364.25000001

real	0m3.885s
user	0m3.883s
sys	0m0.001s
 
3539227257.462 3543179262.324003 8019509498.519998 8025995052.400001

real	0m1.423s
user	0m1.411s
sys	0m0.009s
 
66219776245.92168 66260257446.05717 151986883006.3699 152053753059.55

real	0m1.805s
user	0m1.783s
sys	0m0.017s
 
166212294937.3991 166288626284.498 382568140639.0098 382694366833.2999

real	0m1.705s
user	0m1.672s
sys	0m0.029s
 
608720333715.4655 608956501509.1871 1405127495482.165 1405518727998.903

real	0m3.433s
user	0m3.380s
sys	0m0.044s
 
SPECIAL
 
0.04840000000000001

real	0m1.274s
user	0m1.272s
sys	0m0.001s
 
0.04840000000000001

real	0m1.035s
user	0m1.034s
sys	0m0.001s
 
0.04840000000000001

real	0m0.973s
user	0m0.965s
sys	0m0.004s
 
53.79660000000001 53.79880000000001 58.68060000000001 58.68280000000001

real	0m3.499s
user	0m3.476s
sys	0m0.000s
 
53.79660000000001 53.79880000000001 58.68060000000001 58.68280000000001

real	0m3.332s
user	0m3.309s
sys	0m0.004s
 
9698907.663399996

real	0m1.009s
user	0m1.003s
sys	0m0.000s
 
9698907.663399996

real	0m1.003s
user	0m0.993s
sys	0m0.004s
 
0.04840000000000001

real	0m1.440s
user	0m1.432s
sys	0m0.000s
 
53.79660000000001 53.79880000000001 58.68060000000001 58.68280000000001

real	0m3.471s
user	0m3.450s
sys	0m0.004s
 
53.79660000000001 53.79880000000001 58.68060000000001 58.68280000000001

real	0m3.377s
user	0m3.361s
sys	0m0.000s
 
9698907.663399996

real	0m1.017s
user	0m1.011s
sys	0m0.000s
 
3948765877.809497 3955170852.914604 5863853434.234404 5870258409.339499

real	0m4.821s
user	0m4.784s
sys	0m0.008s
 
3948765877.809497 3955170852.914604 5863853434.234404 5870258409.339499

real	0m4.895s
user	0m4.863s
sys	0m0.004s
 
0.04840000000000001

real	0m1.651s
user	0m1.641s
sys	0m0.001s
 
53.79660000000001 53.79880000000001 58.68060000000001 58.68280000000001

real	0m3.450s
user	0m3.435s
sys	0m0.004s
 
53.79660000000001 53.79880000000001 58.68060000000001 58.68280000000001

real	0m3.460s
user	0m3.449s
sys	0m0.000s
 
9698907.663399996

real	0m1.008s
user	0m1.004s
sys	0m0.001s
 
3948765877.809497 3955170852.914604 5863853434.234404 5870258409.339499

real	0m4.941s
user	0m4.905s
sys	0m0.008s
 
3948765877.809497 3955170852.914604 5863853434.234404 5870258409.339499

real	0m4.901s
user	0m4.870s
sys	0m0.009s
 
0.04840000000000001

real	0m1.495s
user	0m1.487s
sys	0m0.004s
 
53.79660000000001 53.79880000000001 58.68060000000001 58.68280000000001

real	0m8.593s
user	0m8.575s
sys	0m0.000s
 
53.79660000000001 53.79880000000001 58.68060000000001 58.68280000000001

real	0m3.435s
user	0m3.424s
sys	0m0.001s
 
9698907.663399996

real	0m1.020s
user	0m1.013s
sys	0m0.005s
 
3948765877.809497 3955170852.914604 5863853434.234404 5870258409.339499

real	0m4.804s
user	0m4.777s
sys	0m0.009s
 
3948765877.809497 3955170852.914604 5863853434.234404 5870258409.339499

real	0m4.826s
user	0m4.796s
sys	0m0.012s
 
0.04840000000000001

real	0m1.506s
user	0m1.503s
sys	0m0.000s
 
53.79660000000001 53.79880000000001 58.68060000000001 58.68280000000001

real	0m3.492s
user	0m3.482s
sys	0m0.004s
 
53.79660000000001 53.79880000000001 58.68060000000001 58.68280000000001

real	0m3.518s
user	0m3.508s
sys	0m0.000s
 
9698907.663399996

real	0m1.021s
user	0m1.019s
sys	0m0.000s
 
3948765877.809497 3955170852.914604 5863853434.234404 5870258409.339499

real	0m4.909s
user	0m4.884s
sys	0m0.008s
 
3948765877.809497 3955170852.914604 5863853434.234404 5870258409.339499

real	0m4.906s
user	0m4.846s
sys	0m0.008s
 
3037.1121 3037.6632 3611.409 3612.01

real	0m3.813s
user	0m3.792s
sys	0m0.008s
 
3037.1121 3037.6632 3611.409 3612.01

real	0m3.892s
user	0m3.868s
sys	0m0.004s
 
3037.1121 3037.6632 3611.409 3612.01

real	0m3.868s
user	0m3.841s
sys	0m0.008s
 
3037.1121 3037.6632 3611.409 3612.01

real	0m3.822s
user	0m3.805s
sys	0m0.004s
 
SEQUENCE
 
37624.35618 38872.44188 52954.76458 54712.31628

real	0m2.041s
user	0m2.030s
sys	0m0.008s
 
4350478614.186048 4405620767.888449 7321622135.843186 7393481577.214199

real	0m2.026s
user	0m2.024s
sys	0m0.000s
 
18696443068.18007 18840087100.15867 37617583432.7108 37823564976.3486

real	0m2.019s
user	0m2.009s
sys	0m0.004s
 
4.901614166865179e+18 4.912723296455448e+18 1.084442578747924e+19 1.086100449795465e+19

real	0m1.360s
user	0m1.356s
sys	0m0.000s
 
1.647418946230568e+16 1.649160037624473e+16 3.768465979697054e+16 3.771108024027194e+16

real	0m1.846s
user	0m1.822s
sys	0m0.016s
 
4.48881116501821e+17 4.490640601531962e+17 1.03730934601686e+18 1.03758774958278e+18

real	0m1.284s
user	0m1.252s
sys	0m0.028s
 
4.48881116501821e+17 4.490640601531962e+17 1.03730934601686e+18 1.03758774958278e+18

real	0m3.303s
user	0m3.248s
sys	0m0.044s
 
4.48881116501821e+17 4.490640601531962e+17 1.03730934601686e+18 1.03758774958278e+18

real	0m3.725s
user	0m3.673s
sys	0m0.040s
 
8.382424294553979e+29 8.385850640122295e+29 1.937388035390321e+30 1.93790724339292e+30

real	0m1.440s
user	0m1.402s
sys	0m0.032s
 
8.382424294553979e+29 8.385850640122295e+29 1.937388035390321e+30 1.93790724339292e+30

real	0m2.087s
user	0m2.032s
sys	0m0.048s
 
8.382424294553979e+29 8.385850640122295e+29 1.937388035390321e+30 1.93790724339292e+30

real	0m2.169s
user	0m2.121s
sys	0m0.044s
 
8.382424294553979e+29 8.385850640122295e+29 1.937388035390321e+30 1.93790724339292e+30

real	0m2.119s
user	0m2.066s
sys	0m0.052s
 
8.382424294553979e+29 8.385850640122295e+29 1.937388035390321e+30 1.93790724339292e+30

real	0m2.007s
user	0m1.948s
sys	0m0.056s
 
8.382424294553979e+29 8.385850640122295e+29 1.937388035390321e+30 1.93790724339292e+30

real	0m2.034s
user	0m1.989s
sys	0m0.044s
 
374124590164.9393 378323909405.297 483306890414.2386 487506209654.5964

real	0m2.012s
user	0m2.015s
sys	0m0.000s
 
8003498375443.188 8040830216224.574 11400695886549.59 11438027727330.98

real	0m2.032s
user	0m2.030s
sys	0m0.004s
 
467292080353.7709 473215316635.7608 603526514839.5372 609449751121.5272

real	0m1.997s
user	0m1.994s
sys	0m0.000s
 
22856685758006.32 23032721850853.32 32186598678896.97 32362634771743.98

real	0m1.898s
user	0m1.900s
sys	0m0.000s
