 
VEC_VEC
 
174.0387

real	0m2.222s
user	0m2.220s
sys	0m0.000s
 
9698907.663399996

real	0m1.002s
user	0m0.993s
sys	0m0.004s
 
24900423491.09201

real	0m1.348s
user	0m1.347s
sys	0m0.000s
 
24900741320632.71

real	0m2.236s
user	0m2.226s
sys	0m0.004s
 
2.490083360868967e+16

real	0m2.323s
user	0m2.281s
sys	0m0.036s
 
VEC_MAT
 
178.7929000000001 178.8030000000001 201.2149000000001 201.2250000000001

real	0m1.619s
user	0m1.618s
sys	0m0.000s
 
992.6821000000002 992.6922000000003 1117.3464 1117.3565

real	0m0.894s
user	0m0.893s
sys	0m0.000s
 
390.3932 390.4204 450.7772000000001 450.8044

real	0m3.664s
user	0m3.657s
sys	0m0.004s
 
2166.9797 2167.0069 2502.7093 2502.7365

real	0m2.023s
user	0m2.017s
sys	0m0.004s
 
157975690.7399002 164380665.8450001

real	0m0.527s
user	0m0.522s
sys	0m0.004s
 
27065907086.64726 28163538210.734

real	0m0.576s
user	0m0.572s
sys	0m0.004s
 
128614163.4402999 133441028.6953997 138267893.9505

real	0m0.636s
user	0m0.635s
sys	0m0.000s
 
17202407856.50187 17848340807.38918 18494273758.27599

real	0m0.673s
user	0m0.672s
sys	0m0.000s
 
2.2266 2.2836 2.3406 2.397600000000001

real	0m0.806s
user	0m0.801s
sys	0m0.004s
 
73.52180000000001 74.6944 86.4204 87.59300000000002

real	0m2.417s
user	0m2.407s
sys	0m0.004s
 
609.1862 615.0844000000001 774.3358000000001 780.2340000000002

real	0m2.889s
user	0m2.883s
sys	0m0.004s
 
31020069.53999998 31057579.07999998 45948866.45999996 45986376.00000001

real	0m6.092s
user	0m6.078s
sys	0m0.000s
 
3948765877.809497 3955170852.914604 5863853434.234404 5870258409.339499

real	0m6.148s
user	0m6.128s
sys	0m0.004s
 
629070346650.9426 630167977775.031 934211799147.1235 935309430271.2021

real	0m3.569s
user	0m3.536s
sys	0m0.024s
 
72549439.0166 72565446.85879999 108086848.7006 108102856.5428001

real	0m6.231s
user	0m6.211s
sys	0m0.000s
 
324096005.6180002 324108897.3359997 483218480.892 483231372.6099998

real	0m3.391s
user	0m3.370s
sys	0m0.012s
 
10829665.1294 10829701.4254 15310551.5134 15310587.8094

real	0m2.528s
user	0m2.473s
sys	0m0.044s
 
107135690886248 108233331157370.3 147748380917728.1 148846021188851.3

real	0m2.159s
user	0m2.117s
sys	0m0.036s
 
MAT_VEC
 
178.7929000000001 178.8030000000001 201.2149000000001 201.2250000000001

real	0m1.561s
user	0m1.560s
sys	0m0.000s
 
992.6821000000002 992.6922000000003 1117.3464 1117.3565

real	0m1.018s
user	0m1.017s
sys	0m0.000s
 
390.3932 390.4204 450.7772000000001 450.8044

real	0m2.399s
user	0m2.392s
sys	0m0.004s
 
2166.9797 2167.0069 2502.7093 2502.7365

real	0m1.492s
user	0m1.486s
sys	0m0.004s
 
157975690.7399002 164380665.8450001

real	0m0.682s
user	0m0.677s
sys	0m0.004s
 
27065907086.64726 28163538210.734

real	0m0.748s
user	0m0.743s
sys	0m0.001s
 
128614163.4402999 133441028.6953997 138267893.9505

real	0m0.690s
user	0m0.689s
sys	0m0.000s
 
17202407856.50187 17848340807.38918 18494273758.27599

real	0m0.723s
user	0m0.719s
sys	0m0.001s
 
2.2266 2.2836 2.3406 2.397600000000001

real	0m0.469s
user	0m0.468s
sys	0m0.000s
 
73.52180000000001 74.6944 86.4204 87.59300000000002

real	0m2.058s
user	0m2.056s
sys	0m0.000s
 
609.1862 615.0844000000001 774.3358000000001 780.2340000000002

real	0m2.372s
user	0m2.360s
sys	0m0.008s
 
31020069.53999998 31057579.07999998 45948866.45999996 45986376.00000001

real	0m5.630s
user	0m5.607s
sys	0m0.009s
 
3948765877.809497 3955170852.914604 5863853434.234404 5870258409.339499

real	0m6.201s
user	0m6.167s
sys	0m0.017s
 
629070346650.9426 630167977775.031 934211799147.1235 935309430271.2021

real	0m3.072s
user	0m3.034s
sys	0m0.029s
 
72549439.0166 72565446.85879999 108086848.7006 108102856.5428001

real	0m5.514s
user	0m5.486s
sys	0m0.013s
 
324096005.6180002 324108897.3359997 483218480.892 483231372.6099998

real	0m3.185s
user	0m3.156s
sys	0m0.020s
 
10829665.1294 10829701.4254 15310551.5134 15310587.8094

real	0m1.970s
user	0m1.931s
sys	0m0.028s
 
107135690886248 108233331157370.3 147748380917728.1 148846021188851.3

real	0m2.157s
user	0m2.096s
sys	0m0.052s
 
OUTER
 
101.277 104.346 110.4774 113.8252

real	0m3.742s
user	0m3.739s
sys	0m0.000s
 
96.84840000000001 99.04950000000002 108.045 110.446

real	0m3.628s
user	0m3.623s
sys	0m0.000s
 
94.13800000000002 95.84960000000002 106.419 108.286

real	0m3.633s
user	0m3.625s
sys	0m0.004s
 
10.164 10.2025 11.913 11.9548

real	0m1.812s
user	0m1.810s
sys	0m0.000s
 
955.9242 956.3004 1135.8438 1136.254

real	0m1.571s
user	0m1.569s
sys	0m0.000s
 
78728.21440000001 78731.73660000002 93676.67820000002 93680.52040000001

real	0m2.027s
user	0m1.971s
sys	0m0.048s
 
MAT_MAT
 
8054296.570499997 8377212.617400005 11041896.78059999 11521723.02599998

real	0m1.517s
user	0m1.511s
sys	0m0.001s
 
67005585.50399998 69693523.28640002 92209626.6390001 96222702.65399998

real	0m1.949s
user	0m1.943s
sys	0m0.005s
 
56602.02200000002 58658.48450000003 83130.86099999996 86296.01680000003

real	0m2.213s
user	0m2.211s
sys	0m0.001s
 
297546749.5919997 308581623.7314994 440770097.583 457946307.1219999

real	0m2.298s
user	0m2.286s
sys	0m0.009s
 
301.3441 301.7106 379.168 379.5840000000001

real	0m1.752s
user	0m1.751s
sys	0m0.000s
 
45022.4809 45027.16379999999 57025.89409999999 57031.226

real	0m2.355s
user	0m2.335s
sys	0m0.009s
 
79343.34260000002 79353.49420000002 105856.4262 105868.395

real	0m1.943s
user	0m1.921s
sys	0m0.017s
 
77470.43699999999 77485.73999999999 107948.34 107966.91

real	0m1.455s
user	0m1.450s
sys	0m0.000s
 
109.241 111.7864 142.1856 145.251

real	0m2.132s
user	0m2.130s
sys	0m0.001s
 
1739639.1343 1765026.6362 3156552.835599999 3194056.931000001

real	0m3.617s
user	0m3.609s
sys	0m0.005s
 
40128631.98950006 40455680.77900002 81101463.51099998 81608296.35000008

real	0m2.570s
user	0m2.567s
sys	0m0.001s
 
185145.8628 186726.9552 353878.6176 356259.936

real	0m3.844s
user	0m3.840s
sys	0m0.001s
 
5650057.303000003 5674398.905999999 11835110.684 11873364.25000001

real	0m3.257s
user	0m3.250s
sys	0m0.004s
 
3539227257.462 3543179262.324003 8019509498.519998 8025995052.400001

real	0m1.119s
user	0m1.115s
sys	0m0.001s
 
66219776245.92168 66260257446.05717 151986883006.3699 152053753059.55

real	0m1.297s
user	0m1.277s
sys	0m0.017s
 
166212294937.3991 166288626284.498 382568140639.0098 382694366833.2999

real	0m1.187s
user	0m1.147s
sys	0m0.036s
 
608720333715.4655 608956501509.1871 1405127495482.165 1405518727998.903

real	0m2.422s
user	0m2.359s
sys	0m0.056s
 
TRANS1
 
8054296.570499997 8377212.617400005 11041896.78059999 11521723.02599998

real	0m1.731s
user	0m1.729s
sys	0m0.000s
 
67005585.50399998 69693523.28640002 92209626.6390001 96222702.65399998

real	0m2.402s
user	0m2.401s
sys	0m0.001s
 
56602.02200000002 58658.48450000003 83130.86099999996 86296.01680000003

real	0m1.951s
user	0m1.967s
sys	0m0.000s
 
297546749.5919997 308581623.7314994 440770097.583 457946307.1219999

real	0m1.831s
user	0m1.841s
sys	0m0.000s
 
301.3441 301.7106 379.168 379.5840000000001

real	0m1.600s
user	0m1.605s
sys	0m0.000s
 
45022.4809 45027.16379999999 57025.89409999999 57031.226

real	0m2.389s
user	0m2.381s
sys	0m0.012s
 
79343.34260000002 79353.49420000002 105856.4262 105868.395

real	0m2.040s
user	0m2.025s
sys	0m0.016s
 
77470.43699999999 77485.73999999999 107948.34 107966.91

real	0m1.625s
user	0m1.625s
sys	0m0.000s
 
109.241 111.7864 142.1856 145.251

real	0m2.399s
user	0m2.403s
sys	0m0.000s
 
1739639.1343 1765026.6362 3156552.835599999 3194056.931000001

real	0m3.522s
user	0m3.522s
sys	0m0.004s
 
40128631.98950006 40455680.77900002 81101463.51099998 81608296.35000008

real	0m2.770s
user	0m2.772s
sys	0m0.000s
 
185145.8628 186726.9552 353878.6176 356259.936

real	0m3.976s
user	0m3.977s
sys	0m0.000s
 
5650057.303000003 5674398.905999999 11835110.684 11873364.25000001

real	0m3.555s
user	0m3.551s
sys	0m0.005s
 
3539227257.462 3543179262.324003 8019509498.519998 8025995052.400001

real	0m1.223s
user	0m1.217s
sys	0m0.004s
 
66219776245.92168 66260257446.05717 151986883006.3699 152053753059.55

real	0m1.583s
user	0m1.542s
sys	0m0.037s
 
166212294937.3991 166288626284.498 382568140639.0098 382694366833.2999

real	0m1.331s
user	0m1.304s
sys	0m0.020s
 
608720333715.4655 608956501509.1871 1405127495482.165 1405518727998.903

real	0m2.878s
user	0m2.811s
sys	0m0.052s
 
1512441.733 1524415.266 2968657.650000001 2986772.5

real	0m2.096s
user	0m2.092s
sys	0m0.000s
 
608720333715.4655 608956501509.1871 1405127495482.165 1405518727998.903

real	0m1.540s
user	0m1.494s
sys	0m0.040s
 
TRANS2
 
8054296.570499997 8377212.617400005 11041896.78059999 11521723.02599998

real	0m3.144s
user	0m3.140s
sys	0m0.000s
 
67005585.50399998 69693523.28640002 92209626.6390001 96222702.65399998

real	0m6.214s
user	0m6.190s
sys	0m0.008s
 
56602.02200000002 58658.48450000003 83130.86099999996 86296.01680000003

real	0m2.524s
user	0m2.522s
sys	0m0.000s
 
297546749.5919997 308581623.7314994 440770097.583 457946307.1219999

real	0m3.618s
user	0m3.606s
sys	0m0.004s
 
301.3441 301.7106 379.168 379.5840000000001

real	0m1.842s
user	0m1.837s
sys	0m0.004s
 
45022.4809 45027.16379999999 57025.89409999999 57031.226

real	0m2.354s
user	0m2.336s
sys	0m0.012s
 
79343.34260000002 79353.49420000002 105856.4262 105868.395

real	0m2.095s
user	0m2.078s
sys	0m0.012s
 
77470.43699999999 77485.73999999999 107948.34 107966.91

real	0m1.431s
user	0m1.419s
sys	0m0.008s
 
109.241 111.7864 142.1856 145.251

real	0m2.193s
user	0m2.187s
sys	0m0.004s
 
1739639.1343 1765026.6362 3156552.835599999 3194056.931000001

real	0m3.683s
user	0m3.681s
sys	0m0.000s
 
40128631.98950006 40455680.77900002 81101463.51099998 81608296.35000008

real	0m2.551s
user	0m2.549s
sys	0m0.000s
 
185145.8628 186726.9552 353878.6176 356259.936

real	0m4.082s
user	0m4.079s
sys	0m0.000s
 
5650057.303000003 5674398.905999999 11835110.684 11873364.25000001

real	0m3.099s
user	0m3.097s
sys	0m0.001s
 
3539227257.462 3543179262.324003 8019509498.519998 8025995052.400001

real	0m1.056s
user	0m1.037s
sys	0m0.016s
 
66219776245.92168 66260257446.05717 151986883006.3699 152053753059.55

real	0m1.228s
user	0m1.213s
sys	0m0.013s
 
166212294937.3991 166288626284.498 382568140639.0098 382694366833.2999

real	0m1.166s
user	0m1.138s
sys	0m0.024s
 
608720333715.4655 608956501509.1871 1405127495482.165 1405518727998.903

real	0m2.374s
user	0m2.324s
sys	0m0.044s
 
1512441.733 1524415.266 2968657.650000001 2986772.5

real	0m2.070s
user	0m2.068s
sys	0m0.001s
 
608720333715.4655 608956501509.1871 1405127495482.165 1405518727998.903

real	0m1.280s
user	0m1.252s
sys	0m0.025s
 
SPECIAL
 
0.04840000000000001

real	0m0.932s
user	0m0.927s
sys	0m0.005s
 
0.04840000000000001

real	0m0.992s
user	0m0.991s
sys	0m0.001s
 
0.04840000000000001

real	0m0.701s
user	0m0.700s
sys	0m0.000s
 
53.79660000000001 53.79880000000001 58.68060000000001 58.68280000000001

real	0m3.300s
user	0m3.299s
sys	0m0.000s
 
53.79660000000001 53.79880000000001 58.68060000000001 58.68280000000001

real	0m3.249s
user	0m3.248s
sys	0m0.000s
 
9698907.663399996

real	0m1.004s
user	0m1.004s
sys	0m0.000s
 
9698907.663399996

real	0m1.000s
user	0m0.996s
sys	0m0.004s
 
0.04840000000000001

real	0m1.147s
user	0m1.146s
sys	0m0.001s
 
53.79660000000001 53.79880000000001 58.68060000000001 58.68280000000001

real	0m3.378s
user	0m3.372s
sys	0m0.004s
 
53.79660000000001 53.79880000000001 58.68060000000001 58.68280000000001

real	0m3.321s
user	0m3.316s
sys	0m0.000s
 
9698907.663399996

real	0m1.008s
user	0m1.003s
sys	0m0.005s
 
3948765877.809497 3955170852.914604 5863853434.234404 5870258409.339499

real	0m4.655s
user	0m4.640s
sys	0m0.004s
 
3948765877.809497 3955170852.914604 5863853434.234404 5870258409.339499

real	0m4.616s
user	0m4.601s
sys	0m0.004s
 
0.04840000000000001

real	0m1.256s
user	0m1.255s
sys	0m0.000s
 
53.79660000000001 53.79880000000001 58.68060000000001 58.68280000000001

real	0m3.344s
user	0m3.338s
sys	0m0.004s
 
53.79660000000001 53.79880000000001 58.68060000000001 58.68280000000001

real	0m3.252s
user	0m3.239s
sys	0m0.008s
 
9698907.663399996

real	0m1.003s
user	0m1.003s
sys	0m0.000s
 
3948765877.809497 3955170852.914604 5863853434.234404 5870258409.339499

real	0m4.653s
user	0m4.627s
sys	0m0.016s
 
3948765877.809497 3955170852.914604 5863853434.234404 5870258409.339499

real	0m4.627s
user	0m4.604s
sys	0m0.012s
 
0.04840000000000001

real	0m1.239s
user	0m1.235s
sys	0m0.004s
 
53.79660000000001 53.79880000000001 58.68060000000001 58.68280000000001

real	0m3.365s
user	0m3.363s
sys	0m0.000s
 
53.79660000000001 53.79880000000001 58.68060000000001 58.68280000000001

real	0m3.367s
user	0m3.361s
sys	0m0.004s
 
9698907.663399996

real	0m1.015s
user	0m1.015s
sys	0m0.000s
 
3948765877.809497 3955170852.914604 5863853434.234404 5870258409.339499

real	0m4.654s
user	0m4.635s
sys	0m0.008s
 
3948765877.809497 3955170852.914604 5863853434.234404 5870258409.339499

real	0m4.682s
user	0m4.666s
sys	0m0.004s
 
SEQUENCE
 
37624.35618 38872.44188 52954.76458 54712.31628

real	0m1.247s
user	0m1.238s
sys	0m0.005s
 
4350478614.186048 4405620767.888449 7321622135.843186 7393481577.214199

real	0m1.735s
user	0m1.730s
sys	0m0.000s
 
18696443068.18007 18840087100.15867 37617583432.7108 37823564976.3486

real	0m1.765s
user	0m1.763s
sys	0m0.000s
 
4.901614166865179e+18 4.912723296455448e+18 1.084442578747924e+19 1.086100449795465e+19

real	0m1.218s
user	0m1.207s
sys	0m0.008s
 
1.647418946230568e+16 1.649160037624473e+16 3.768465979697054e+16 3.771108024027194e+16

real	0m1.668s
user	0m1.643s
sys	0m0.020s
 
4.48881116501821e+17 4.490640601531962e+17 1.03730934601686e+18 1.03758774958278e+18

real	0m1.162s
user	0m1.127s
sys	0m0.032s
 
4.48881116501821e+17 4.490640601531962e+17 1.03730934601686e+18 1.03758774958278e+18

real	0m2.508s
user	0m2.472s
sys	0m0.028s
 
374124590164.9393 378323909405.297 483306890414.2386 487506209654.5964

real	0m1.693s
user	0m1.687s
sys	0m0.005s
 
8003498375443.188 8040830216224.574 11400695886549.59 11438027727330.98

real	0m1.793s
user	0m1.788s
sys	0m0.005s
 
467292080353.7709 473215316635.7608 603526514839.5372 609449751121.5272

real	0m1.507s
user	0m1.499s
sys	0m0.005s
 
22856685758006.32 23032721850853.32 32186598678896.97 32362634771743.98

real	0m1.810s
user	0m1.809s
sys	0m0.001s
