 
SCALAR_VEC
 
0.5808000000000001 0.5830000000000002 0.6270000000000002 0.6292000000000002

real	0m25.397s
user	0m49.689s
sys	0m0.005s
 
46.0284 46.03060000000001 50.20620000000001 50.2084

real	0m1.694s
user	0m3.394s
sys	0m0.004s
 
29876.5456 29876.5478 32592.58860000001 32592.59080000001

real	0m1.345s
user	0m2.607s
sys	0m0.028s
 
VEC_VEC
 
174.0387

real	0m26.628s
user	0m53.140s
sys	0m0.001s
 
9698907.663399996

real	0m1.386s
user	0m2.768s
sys	0m0.000s
 
24900423491.09201

real	0m1.389s
user	0m2.769s
sys	0m0.004s
 
24900741320632.71

real	0m2.326s
user	0m4.599s
sys	0m0.000s
 
2.490083360868967e+16

real	0m2.294s
user	0m4.500s
sys	0m0.024s
 
VEC_MAT
 
178.7929000000001 178.8030000000001 201.2149000000001 201.2250000000001

real	0m2.179s
user	0m4.353s
sys	0m0.001s
 
992.6821000000002 992.6922000000003 1117.3464 1117.3565

real	0m0.607s
user	0m1.209s
sys	0m0.000s
 
390.3932 390.4204 450.7772000000001 450.8044

real	0m5.228s
user	0m10.398s
sys	0m0.004s
 
2166.9797 2167.0069 2502.7093 2502.7365

real	0m2.568s
user	0m5.115s
sys	0m0.000s
 
157975690.7399002 164380665.8450001

real	0m0.735s
user	0m1.462s
sys	0m0.004s
 
27065907086.64726 28163538210.734

real	0m0.729s
user	0m1.454s
sys	0m0.000s
 
128614163.4402999 133441028.6953997 138267893.9505

real	0m0.972s
user	0m1.936s
sys	0m0.004s
 
17202407856.50187 17848340807.38918 18494273758.27599

real	0m0.922s
user	0m1.836s
sys	0m0.004s
 
2.2266 2.2836 2.3406 2.397600000000001

real	0m10.302s
user	0m19.422s
sys	0m0.004s
 
73.52180000000001 74.6944 86.4204 87.59300000000002

real	0m11.751s
user	0m23.434s
sys	0m0.004s
 
609.1862 615.0844000000001 774.3358000000001 780.2340000000002

real	0m7.450s
user	0m14.848s
sys	0m0.004s
 
31020069.53999998 31057579.07999998 45948866.45999996 45986376.00000001

real	0m4.638s
user	0m9.225s
sys	0m0.004s
 
3948765877.809497 3955170852.914604 5863853434.234404 5870258409.339499

real	0m5.817s
user	0m11.531s
sys	0m0.008s
 
629070346650.9426 630167977775.031 934211799147.1235 935309430271.2021

real	0m3.040s
user	0m5.986s
sys	0m0.028s
 
72549439.0166 72565446.85879999 108086848.7006 108102856.5428001

real	0m5.126s
user	0m10.148s
sys	0m0.012s
 
324096005.6180002 324108897.3359997 483218480.892 483231372.6099998

real	0m2.667s
user	0m5.236s
sys	0m0.036s
 
10829665.1294 10829701.4254 15310551.5134 15310587.8094

real	0m2.138s
user	0m4.154s
sys	0m0.044s
 
107135690886248 108233331157370.3 147748380917728.1 148846021188851.3

real	0m2.049s
user	0m3.987s
sys	0m0.036s
 
MAT_VEC
 
178.7929000000001 178.8030000000001 201.2149000000001 201.2250000000001

real	0m1.905s
user	0m3.748s
sys	0m0.008s
 
992.6821000000002 992.6922000000003 1117.3464 1117.3565

real	0m0.572s
user	0m1.141s
sys	0m0.000s
 
390.3932 390.4204 450.7772000000001 450.8044

real	0m2.765s
user	0m5.526s
sys	0m0.000s
 
2166.9797 2167.0069 2502.7093 2502.7365

real	0m0.910s
user	0m1.812s
sys	0m0.004s
 
157975690.7399002 164380665.8450001

real	0m0.668s
user	0m1.333s
sys	0m0.000s
 
27065907086.64726 28163538210.734

real	0m0.665s
user	0m1.312s
sys	0m0.000s
 
128614163.4402999 133441028.6953997 138267893.9505

real	0m0.775s
user	0m1.543s
sys	0m0.004s
 
17202407856.50187 17848340807.38918 18494273758.27599

real	0m0.727s
user	0m1.449s
sys	0m0.000s
 
2.2266 2.2836 2.3406 2.397600000000001

real	0m8.643s
user	0m17.226s
sys	0m0.004s
 
73.52180000000001 74.6944 86.4204 87.59300000000002

real	0m11.289s
user	0m22.615s
sys	0m0.008s
 
609.1862 615.0844000000001 774.3358000000001 780.2340000000002

real	0m6.323s
user	0m12.610s
sys	0m0.000s
 
31020069.53999998 31057579.07999998 45948866.45999996 45986376.00000001

real	0m5.376s
user	0m10.733s
sys	0m0.000s
 
3948765877.809497 3955170852.914604 5863853434.234404 5870258409.339499

real	0m5.467s
user	0m10.848s
sys	0m0.004s
 
629070346650.9426 630167977775.031 934211799147.1235 935309430271.2021

real	0m2.881s
user	0m5.659s
sys	0m0.040s
 
72549439.0166 72565446.85879999 108086848.7006 108102856.5428001

real	0m4.833s
user	0m9.564s
sys	0m0.013s
 
324096005.6180002 324108897.3359997 483218480.892 483231372.6099998

real	0m2.931s
user	0m5.790s
sys	0m0.037s
 
10829665.1294 10829701.4254 15310551.5134 15310587.8094

real	0m2.120s
user	0m4.126s
sys	0m0.061s
 
107135690886248 108233331157370.3 147748380917728.1 148846021188851.3

real	0m2.218s
user	0m4.338s
sys	0m0.037s
 
OUTER
 
101.277 104.346 110.4774 113.8252

real	0m5.175s
user	0m10.333s
sys	0m0.005s
 
96.84840000000001 99.04950000000002 108.045 110.446

real	0m4.431s
user	0m8.521s
sys	0m0.004s
 
94.13800000000002 95.84960000000002 106.419 108.286

real	0m5.316s
user	0m9.930s
sys	0m0.000s
 
14.5684 14.5728 16.60140000000001 16.606

real	0m3.716s
user	0m7.414s
sys	0m0.000s
 
10.164 10.2025 11.913 11.9548

real	0m4.662s
user	0m9.283s
sys	0m0.004s
 
955.9242 956.3004 1135.8438 1136.254

real	0m1.356s
user	0m2.702s
sys	0m0.004s
 
86477.05440000001 86480.57660000001 102897.9582 102901.8004

real	0m2.609s
user	0m5.035s
sys	0m0.068s
 
27312.9912 27313.3443 32486.685 32487.07

real	0m1.577s
user	0m3.069s
sys	0m0.028s
 
MAT_MAT
 
8054296.570499997 8377212.617400005 11041896.78059999 11521723.02599998

real	0m0.969s
user	0m1.934s
sys	0m0.000s
 
67005585.50399998 69693523.28640002 92209626.6390001 96222702.65399998

real	0m1.313s
user	0m2.594s
sys	0m0.012s
 
56602.02200000002 58658.48450000003 83130.86099999996 86296.01680000003

real	0m1.632s
user	0m3.222s
sys	0m0.004s
 
297546749.5919997 308581623.7314994 440770097.583 457946307.1219999

real	0m1.460s
user	0m2.906s
sys	0m0.008s
 
8054296.570499997 8144829.910200007 11426434.83180001 11521723.02599998

real	0m2.015s
user	0m4.022s
sys	0m0.004s
 
67005585.50399998 67746880.83150004 95442432.67260008 96222702.65399998

real	0m2.518s
user	0m5.032s
sys	0m0.000s
 
56602.02200000002 56765.4044 86117.12820000002 86296.01680000003

real	0m1.377s
user	0m2.747s
sys	0m0.004s
 
297546749.5919997 299613096.1240003 455678605.3310006 457946307.1219999

real	0m1.578s
user	0m3.148s
sys	0m0.000s
 
301.3441 301.7106 379.168 379.5840000000001

real	0m1.491s
user	0m2.931s
sys	0m0.000s
 
45022.4809 45027.16379999999 57025.89409999999 57031.226

real	0m2.619s
user	0m5.166s
sys	0m0.020s
 
79343.34260000002 79353.49420000002 105856.4262 105868.395

real	0m1.637s
user	0m3.221s
sys	0m0.016s
 
77470.43699999999 77485.73999999999 107948.34 107966.91

real	0m1.022s
user	0m2.010s
sys	0m0.012s
 
109.241 111.7864 142.1856 145.251

real	0m4.244s
user	0m8.448s
sys	0m0.000s
 
1739639.1343 1765026.6362 3156552.835599999 3194056.931000001

real	0m2.276s
user	0m4.547s
sys	0m0.000s
 
40128631.98950006 40455680.77900002 81101463.51099998 81608296.35000008

real	0m1.591s
user	0m3.173s
sys	0m0.004s
 
185145.8628 186726.9552 353878.6176 356259.936

real	0m2.184s
user	0m4.363s
sys	0m0.000s
 
5650057.303000003 5674398.905999999 11835110.684 11873364.25000001

real	0m1.559s
user	0m3.099s
sys	0m0.000s
 
3539227257.462 3543179262.324003 8019509498.519998 8025995052.400001

real	0m0.589s
user	0m1.155s
sys	0m0.008s
 
66219776245.92168 66260257446.05717 151986883006.3699 152053753059.55

real	0m0.630s
user	0m1.194s
sys	0m0.032s
 
166212294937.3991 166288626284.498 382568140639.0098 382694366833.2999

real	0m0.719s
user	0m1.320s
sys	0m0.036s
 
608720333715.4655 608956501509.1871 1405127495482.165 1405518727998.903

real	0m1.392s
user	0m2.659s
sys	0m0.040s
 
TRANS1
 
8054296.570499997 8377212.617400005 11041896.78059999 11521723.02599998

real	0m1.368s
user	0m2.728s
sys	0m0.004s
 
67005585.50399998 69693523.28640002 92209626.6390001 96222702.65399998

real	0m1.763s
user	0m3.507s
sys	0m0.000s
 
56602.02200000002 58658.48450000003 83130.86099999996 86296.01680000003

real	0m1.213s
user	0m2.413s
sys	0m0.008s
 
297546749.5919997 308581623.7314994 440770097.583 457946307.1219999

real	0m1.147s
user	0m2.287s
sys	0m0.000s
 
8054296.570499997 8144829.910200007 11426434.83180001 11521723.02599998

real	0m2.475s
user	0m4.941s
sys	0m0.004s
 
67005585.50399998 67746880.83150004 95442432.67260008 96222702.65399998

real	0m3.256s
user	0m6.455s
sys	0m0.004s
 
56602.02200000002 56765.4044 86117.12820000002 86296.01680000003

real	0m2.264s
user	0m4.518s
sys	0m0.004s
 
297546749.5919997 299613096.1240003 455678605.3310006 457946307.1219999

real	0m2.033s
user	0m4.037s
sys	0m0.008s
 
301.3441 301.7106 379.168 379.5840000000001

real	0m1.395s
user	0m2.785s
sys	0m0.000s
 
45022.4809 45027.16379999999 57025.89409999999 57031.226

real	0m2.361s
user	0m4.634s
sys	0m0.012s
 
79343.34260000002 79353.49420000002 105856.4262 105868.395

real	0m2.672s
user	0m5.278s
sys	0m0.012s
 
77470.43699999999 77485.73999999999 107948.34 107966.91

real	0m1.937s
user	0m3.839s
sys	0m0.008s
 
109.241 111.7864 142.1856 145.251

real	0m4.942s
user	0m9.856s
sys	0m0.000s
 
1739639.1343 1765026.6362 3156552.835599999 3194056.931000001

real	0m2.827s
user	0m5.605s
sys	0m0.004s
 
40128631.98950006 40455680.77900002 81101463.51099998 81608296.35000008

real	0m2.220s
user	0m4.409s
sys	0m0.008s
 
185145.8628 186726.9552 353878.6176 356259.936

real	0m3.110s
user	0m6.209s
sys	0m0.000s
 
5650057.303000003 5674398.905999999 11835110.684 11873364.25000001

real	0m2.707s
user	0m5.368s
sys	0m0.000s
 
3539227257.462 3543179262.324003 8019509498.519998 8025995052.400001

real	0m0.859s
user	0m1.692s
sys	0m0.008s
 
66219776245.92168 66260257446.05717 151986883006.3699 152053753059.55

real	0m1.076s
user	0m2.074s
sys	0m0.028s
 
166212294937.3991 166288626284.498 382568140639.0098 382694366833.2999

real	0m0.938s
user	0m1.768s
sys	0m0.032s
 
608720333715.4655 608956501509.1871 1405127495482.165 1405518727998.903

real	0m2.003s
user	0m3.768s
sys	0m0.056s
 
1512441.733 1524415.266 2968657.650000001 2986772.5

real	0m1.855s
user	0m3.703s
sys	0m0.000s
 
608720333715.4655 608956501509.1871 1405127495482.165 1405518727998.903

real	0m1.048s
user	0m1.942s
sys	0m0.041s
 
TRANS2
 
8054296.570499997 8377212.617400005 11041896.78059999 11521723.02599998

real	0m7.057s
user	0m14.038s
sys	0m0.005s
 
67005585.50399998 69693523.28640002 92209626.6390001 96222702.65399998

real	0m4.324s
user	0m7.820s
sys	0m0.013s
 
56602.02200000002 58658.48450000003 83130.86099999996 86296.01680000003

real	0m1.523s
user	0m3.004s
sys	0m0.004s
 
297546749.5919997 308581623.7314994 440770097.583 457946307.1219999

real	0m2.578s
user	0m5.142s
sys	0m0.000s
 
8054296.570499997 8144829.910200007 11426434.83180001 11521723.02599998

real	0m2.179s
user	0m4.209s
sys	0m0.000s
 
67005585.50399998 67746880.83150004 95442432.67260008 96222702.65399998

real	0m3.466s
user	0m6.034s
sys	0m0.008s
 
56602.02200000002 56765.4044 86117.12820000002 86296.01680000003

real	0m1.716s
user	0m3.394s
sys	0m0.000s
 
297546749.5919997 299613096.1240003 455678605.3310006 457946307.1219999

real	0m1.747s
user	0m3.482s
sys	0m0.004s
 
301.3441 301.7106 379.168 379.5840000000001

real	0m1.439s
user	0m2.872s
sys	0m0.000s
 
45022.4809 45027.16379999999 57025.89409999999 57031.226

real	0m2.562s
user	0m5.054s
sys	0m0.016s
 
79343.34260000002 79353.49420000002 105856.4262 105868.395

real	0m1.642s
user	0m3.222s
sys	0m0.024s
 
77470.43699999999 77485.73999999999 107948.34 107966.91

real	0m1.032s
user	0m2.023s
sys	0m0.016s
 
109.241 111.7864 142.1856 145.251

real	0m4.377s
user	0m8.711s
sys	0m0.000s
 
1739639.1343 1765026.6362 3156552.835599999 3194056.931000001

real	0m2.734s
user	0m5.454s
sys	0m0.004s
 
40128631.98950006 40455680.77900002 81101463.51099998 81608296.35000008

real	0m1.841s
user	0m3.669s
sys	0m0.004s
 
185145.8628 186726.9552 353878.6176 356259.936

real	0m2.660s
user	0m5.307s
sys	0m0.008s
 
5650057.303000003 5674398.905999999 11835110.684 11873364.25000001

real	0m1.905s
user	0m3.770s
sys	0m0.000s
 
3539227257.462 3543179262.324003 8019509498.519998 8025995052.400001

real	0m0.643s
user	0m1.262s
sys	0m0.008s
 
66219776245.92168 66260257446.05717 151986883006.3699 152053753059.55

real	0m0.756s
user	0m1.454s
sys	0m0.013s
 
166212294937.3991 166288626284.498 382568140639.0098 382694366833.2999

real	0m0.770s
user	0m1.446s
sys	0m0.025s
 
608720333715.4655 608956501509.1871 1405127495482.165 1405518727998.903

real	0m1.516s
user	0m2.852s
sys	0m0.052s
 
1512441.733 1524415.266 2968657.650000001 2986772.5

real	0m1.825s
user	0m3.644s
sys	0m0.008s
 
608720333715.4655 608956501509.1871 1405127495482.165 1405518727998.903

real	0m0.814s
user	0m1.483s
sys	0m0.032s
 
TRANS12
 
8054296.570499997 8377212.617400005 11041896.78059999 11521723.02599998

real	0m1.737s
user	0m3.477s
sys	0m0.001s
 
67005585.50399998 69693523.28640002 92209626.6390001 96222702.65399998

real	0m1.985s
user	0m3.932s
sys	0m0.008s
 
56602.02200000002 58658.48450000003 83130.86099999996 86296.01680000003

real	0m1.035s
user	0m2.068s
sys	0m0.000s
 
297546749.5919997 308581623.7314994 440770097.583 457946307.1219999

real	0m1.088s
user	0m2.151s
sys	0m0.008s
 
8054296.570499997 8144829.910200007 11426434.83180001 11521723.02599998

real	0m1.559s
user	0m3.115s
sys	0m0.004s
 
67005585.50399998 67746880.83150004 95442432.67260008 96222702.65399998

real	0m2.171s
user	0m4.340s
sys	0m0.004s
 
56602.02200000002 56765.4044 86117.12820000002 86296.01680000003

real	0m2.744s
user	0m5.489s
sys	0m0.000s
 
297546749.5919997 299613096.1240003 455678605.3310006 457946307.1219999

real	0m2.687s
user	0m5.333s
sys	0m0.004s
 
301.3441 301.7106 379.168 379.5840000000001

real	0m2.670s
user	0m5.340s
sys	0m0.000s
 
45022.4809 45027.16379999999 57025.89409999999 57031.226

real	0m3.907s
user	0m7.764s
sys	0m0.012s
 
79343.34260000002 79353.49420000002 105856.4262 105868.395

real	0m2.460s
user	0m4.836s
sys	0m0.016s
 
77470.43699999999 77485.73999999999 107948.34 107966.91

real	0m1.696s
user	0m3.357s
sys	0m0.012s
 
109.241 111.7864 142.1856 145.251

real	0m4.513s
user	0m9.010s
sys	0m0.000s
 
1739639.1343 1765026.6362 3156552.835599999 3194056.931000001

real	0m2.921s
user	0m5.805s
sys	0m0.000s
 
40128631.98950006 40455680.77900002 81101463.51099998 81608296.35000008

real	0m1.863s
user	0m3.717s
sys	0m0.004s
 
185145.8628 186726.9552 353878.6176 356259.936

real	0m2.523s
user	0m5.041s
sys	0m0.000s
 
5650057.303000003 5674398.905999999 11835110.684 11873364.25000001

real	0m1.832s
user	0m3.655s
sys	0m0.004s
 
3539227257.462 3543179262.324003 8019509498.519998 8025995052.400001

real	0m0.773s
user	0m1.516s
sys	0m0.012s
 
66219776245.92168 66260257446.05717 151986883006.3699 152053753059.55

real	0m0.991s
user	0m1.897s
sys	0m0.020s
 
166212294937.3991 166288626284.498 382568140639.0098 382694366833.2999

real	0m0.973s
user	0m1.778s
sys	0m0.036s
 
608720333715.4655 608956501509.1871 1405127495482.165 1405518727998.903

real	0m1.946s
user	0m3.592s
sys	0m0.048s
 
SPECIAL
 
0.04840000000000001

real	0m26.361s
user	0m52.572s
sys	0m0.004s
 
0.04840000000000001

real	0m24.581s
user	0m48.160s
sys	0m0.012s
 
0.04840000000000001

real	0m22.979s
user	0m45.606s
sys	0m0.004s
 
53.79660000000001 53.79880000000001 58.68060000000001 58.68280000000001

real	0m4.188s
user	0m8.351s
sys	0m0.004s
 
53.79660000000001 53.79880000000001 58.68060000000001 58.68280000000001

real	0m4.240s
user	0m8.425s
sys	0m0.000s
 
9698907.663399996

real	0m1.401s
user	0m2.798s
sys	0m0.000s
 
9698907.663399996

real	0m1.399s
user	0m2.791s
sys	0m0.004s
 
0.04840000000000001

real	0m26.543s
user	0m52.945s
sys	0m0.008s
 
53.79660000000001 53.79880000000001 58.68060000000001 58.68280000000001

real	0m4.232s
user	0m8.419s
sys	0m0.004s
 
53.79660000000001 53.79880000000001 58.68060000000001 58.68280000000001

real	0m4.186s
user	0m8.362s
sys	0m0.004s
 
9698907.663399996

real	0m1.430s
user	0m2.856s
sys	0m0.000s
 
3948765877.809497 3955170852.914604 5863853434.234404 5870258409.339499

real	0m4.784s
user	0m9.472s
sys	0m0.008s
 
3948765877.809497 3955170852.914604 5863853434.234404 5870258409.339499

real	0m4.330s
user	0m8.614s
sys	0m0.008s
 
0.04840000000000001

real	0m26.421s
user	0m52.603s
sys	0m0.004s
 
53.79660000000001 53.79880000000001 58.68060000000001 58.68280000000001

real	0m4.098s
user	0m8.169s
sys	0m0.005s
 
53.79660000000001 53.79880000000001 58.68060000000001 58.68280000000001

real	0m5.161s
user	0m9.247s
sys	0m0.020s
 
9698907.663399996

real	0m1.424s
user	0m2.835s
sys	0m0.004s
 
3948765877.809497 3955170852.914604 5863853434.234404 5870258409.339499

real	0m4.740s
user	0m9.402s
sys	0m0.008s
 
3948765877.809497 3955170852.914604 5863853434.234404 5870258409.339499

real	0m4.369s
user	0m8.644s
sys	0m0.012s
 
0.04840000000000001

real	0m24.011s
user	0m47.865s
sys	0m0.000s
 
53.79660000000001 53.79880000000001 58.68060000000001 58.68280000000001

real	0m4.293s
user	0m8.538s
sys	0m0.001s
 
53.79660000000001 53.79880000000001 58.68060000000001 58.68280000000001

real	0m4.122s
user	0m8.215s
sys	0m0.004s
 
9698907.663399996

real	0m1.401s
user	0m2.797s
sys	0m0.000s
 
3948765877.809497 3955170852.914604 5863853434.234404 5870258409.339499

real	0m5.498s
user	0m10.133s
sys	0m0.012s
 
3948765877.809497 3955170852.914604 5863853434.234404 5870258409.339499

real	0m4.348s
user	0m8.354s
sys	0m0.004s
 
0.04840000000000001

real	0m26.961s
user	0m53.726s
sys	0m0.001s
 
53.79660000000001 53.79880000000001 58.68060000000001 58.68280000000001

real	0m4.124s
user	0m8.219s
sys	0m0.005s
 
53.79660000000001 53.79880000000001 58.68060000000001 58.68280000000001

real	0m4.215s
user	0m8.382s
sys	0m0.004s
 
9698907.663399996

real	0m1.396s
user	0m2.782s
sys	0m0.004s
 
3948765877.809497 3955170852.914604 5863853434.234404 5870258409.339499

real	0m4.739s
user	0m9.418s
sys	0m0.000s
 
3948765877.809497 3955170852.914604 5863853434.234404 5870258409.339499

real	0m4.123s
user	0m8.146s
sys	0m0.012s
 
3037.1121 3037.6632 3611.409 3612.01

real	0m4.128s
user	0m8.187s
sys	0m0.008s
 
3037.1121 3037.6632 3611.409 3612.01

real	0m4.109s
user	0m8.138s
sys	0m0.005s
 
3037.1121 3037.6632 3611.409 3612.01

real	0m4.182s
user	0m8.185s
sys	0m0.016s
 
3037.1121 3037.6632 3611.409 3612.01

real	0m4.405s
user	0m8.374s
sys	0m0.032s
 
SEQUENCE
 
37624.35618 38872.44188 52954.76458 54712.31628

real	0m1.017s
user	0m1.858s
sys	0m0.004s
 
4350478614.186048 4405620767.888449 7321622135.843186 7393481577.214199

real	0m1.594s
user	0m2.817s
sys	0m0.008s
 
48832437279.8918 49241016265.74157 88512227219.28583 89040617812.03206

real	0m3.805s
user	0m7.437s
sys	0m0.004s
 
18696443068.18007 18840087100.15867 37617583432.7108 37823564976.3486

real	0m1.063s
user	0m2.112s
sys	0m0.000s
 
4.901614166865179e+18 4.912723296455448e+18 1.084442578747924e+19 1.086100449795465e+19

real	0m0.642s
user	0m1.259s
sys	0m0.008s
 
1.647418946230568e+16 1.649160037624473e+16 3.768465979697054e+16 3.771108024027194e+16

real	0m0.914s
user	0m1.767s
sys	0m0.012s
 
4.48881116501821e+17 4.490640601531962e+17 1.03730934601686e+18 1.03758774958278e+18

real	0m0.673s
user	0m1.262s
sys	0m0.024s
 
4.48881116501821e+17 4.490640601531962e+17 1.03730934601686e+18 1.03758774958278e+18

real	0m1.712s
user	0m3.259s
sys	0m0.040s
 
4.48881116501821e+17 4.490640601531962e+17 1.03730934601686e+18 1.03758774958278e+18

real	0m1.891s
user	0m3.543s
sys	0m0.036s
 
8.382424294553979e+29 8.385850640122295e+29 1.937388035390321e+30 1.93790724339292e+30

real	0m0.740s
user	0m1.371s
sys	0m0.040s
 
8.382424294553979e+29 8.385850640122295e+29 1.937388035390321e+30 1.93790724339292e+30

real	0m1.075s
user	0m1.916s
sys	0m0.068s
 
8.382424294553979e+29 8.385850640122295e+29 1.937388035390321e+30 1.93790724339292e+30

real	0m1.080s
user	0m1.985s
sys	0m0.048s
 
8.382424294553979e+29 8.385850640122295e+29 1.937388035390321e+30 1.93790724339292e+30

real	0m1.084s
user	0m1.970s
sys	0m0.060s
 
8.382424294553979e+29 8.385850640122295e+29 1.937388035390321e+30 1.93790724339292e+30

real	0m1.007s
user	0m1.850s
sys	0m0.036s
 
8.382424294553979e+29 8.385850640122295e+29 1.937388035390321e+30 1.93790724339292e+30

real	0m1.021s
user	0m1.873s
sys	0m0.036s
 
374124590164.9393 378323909405.297 483306890414.2386 487506209654.5964

real	0m1.295s
user	0m2.574s
sys	0m0.004s
 
8003498375443.188 8040830216224.574 11400695886549.59 11438027727330.98

real	0m1.071s
user	0m2.122s
sys	0m0.008s
 
467292080353.7709 473215316635.7608 603526514839.5372 609449751121.5272

real	0m2.365s
user	0m4.677s
sys	0m0.004s
 
22856685758006.32 23032721850853.32 32186598678896.97 32362634771743.98

real	0m1.769s
user	0m3.527s
sys	0m0.000s
