 
SCALAR_VEC
 
0.5808000000000001 0.5830000000000002 0.6270000000000002 0.6292000000000002

real	0m4.257s
user	0m4.260s
sys	0m0.000s
 
46.0284 46.03060000000001 50.20620000000001 50.2084

real	0m1.255s
user	0m1.262s
sys	0m0.004s
 
29876.5456 29876.5478 32592.58860000001 32592.59080000001

real	0m1.355s
user	0m2.600s
sys	0m0.036s
 
VEC_VEC
 
174.0387

real	0m3.903s
user	0m3.906s
sys	0m0.004s
 
9698907.663399996

real	0m1.021s
user	0m1.031s
sys	0m0.000s
 
24900423491.09201

real	0m1.354s
user	0m1.363s
sys	0m0.000s
 
24900741320632.71

real	0m2.334s
user	0m4.589s
sys	0m0.020s
 
2.490083360868967e+16

real	0m2.300s
user	0m4.508s
sys	0m0.024s
 
VEC_MAT
 
178.7929000000001 178.8030000000001 201.2149000000001 201.2250000000001

real	0m1.679s
user	0m1.688s
sys	0m0.000s
 
992.6821000000002 992.6922000000003 1117.3464 1117.3565

real	0m0.560s
user	0m1.109s
sys	0m0.004s
 
390.3932 390.4204 450.7772000000001 450.8044

real	0m4.050s
user	0m4.052s
sys	0m0.004s
 
2166.9797 2167.0069 2502.7093 2502.7365

real	0m2.806s
user	0m5.562s
sys	0m0.004s
 
157975690.7399002 164380665.8450001

real	0m0.658s
user	0m0.667s
sys	0m0.000s
 
27065907086.64726 28163538210.734

real	0m0.732s
user	0m1.457s
sys	0m0.001s
 
128614163.4402999 133441028.6953997 138267893.9505

real	0m0.895s
user	0m0.900s
sys	0m0.004s
 
17202407856.50187 17848340807.38918 18494273758.27599

real	0m0.921s
user	0m1.828s
sys	0m0.008s
 
2.2266 2.2836 2.3406 2.397600000000001

real	0m1.923s
user	0m1.927s
sys	0m0.004s
 
73.52180000000001 74.6944 86.4204 87.59300000000002

real	0m3.995s
user	0m3.999s
sys	0m0.000s
 
609.1862 615.0844000000001 774.3358000000001 780.2340000000002

real	0m4.298s
user	0m4.295s
sys	0m0.009s
 
31020069.53999998 31057579.07999998 45948866.45999996 45986376.00000001

real	0m4.950s
user	0m9.824s
sys	0m0.004s
 
3948765877.809497 3955170852.914604 5863853434.234404 5870258409.339499

real	0m5.693s
user	0m11.316s
sys	0m0.012s
 
629070346650.9426 630167977775.031 934211799147.1235 935309430271.2021

real	0m3.049s
user	0m5.991s
sys	0m0.040s
 
72549439.0166 72565446.85879999 108086848.7006 108102856.5428001

real	0m4.767s
user	0m10.240s
sys	0m0.004s
 
324096005.6180002 324108897.3359997 483218480.892 483231372.6099998

real	0m2.673s
user	0m5.255s
sys	0m0.028s
 
10829665.1294 10829701.4254 15310551.5134 15310587.8094

real	0m2.207s
user	0m4.267s
sys	0m0.060s
 
107135690886248 108233331157370.3 147748380917728.1 148846021188851.3

real	0m2.078s
user	0m4.007s
sys	0m0.032s
 
MAT_VEC
 
178.7929000000001 178.8030000000001 201.2149000000001 201.2250000000001

real	0m1.611s
user	0m1.616s
sys	0m0.005s
 
992.6821000000002 992.6922000000003 1117.3464 1117.3565

real	0m0.570s
user	0m1.131s
sys	0m0.004s
 
390.3932 390.4204 450.7772000000001 450.8044

real	0m2.531s
user	0m2.538s
sys	0m0.000s
 
2166.9797 2167.0069 2502.7093 2502.7365

real	0m0.929s
user	0m1.837s
sys	0m0.008s
 
157975690.7399002 164380665.8450001

real	0m0.636s
user	0m0.646s
sys	0m0.000s
 
27065907086.64726 28163538210.734

real	0m0.645s
user	0m1.284s
sys	0m0.000s
 
128614163.4402999 133441028.6953997 138267893.9505

real	0m0.766s
user	0m0.776s
sys	0m0.000s
 
17202407856.50187 17848340807.38918 18494273758.27599

real	0m0.795s
user	0m1.583s
sys	0m0.000s
 
2.2266 2.2836 2.3406 2.397600000000001

real	0m1.005s
user	0m1.006s
sys	0m0.004s
 
73.52180000000001 74.6944 86.4204 87.59300000000002

real	0m3.248s
user	0m3.254s
sys	0m0.001s
 
609.1862 615.0844000000001 774.3358000000001 780.2340000000002

real	0m3.321s
user	0m3.324s
sys	0m0.004s
 
31020069.53999998 31057579.07999998 45948866.45999996 45986376.00000001

real	0m5.060s
user	0m10.042s
sys	0m0.004s
 
3948765877.809497 3955170852.914604 5863853434.234404 5870258409.339499

real	0m5.403s
user	0m10.739s
sys	0m0.004s
 
629070346650.9426 630167977775.031 934211799147.1235 935309430271.2021

real	0m3.456s
user	0m6.195s
sys	0m0.048s
 
72549439.0166 72565446.85879999 108086848.7006 108102856.5428001

real	0m5.215s
user	0m9.915s
sys	0m0.024s
 
324096005.6180002 324108897.3359997 483218480.892 483231372.6099998

real	0m3.310s
user	0m6.062s
sys	0m0.064s
 
10829665.1294 10829701.4254 15310551.5134 15310587.8094

real	0m2.732s
user	0m4.518s
sys	0m0.068s
 
107135690886248 108233331157370.3 147748380917728.1 148846021188851.3

real	0m2.302s
user	0m4.482s
sys	0m0.040s
 
OUTER
 
101.277 104.346 110.4774 113.8252

real	0m3.885s
user	0m3.890s
sys	0m0.005s
 
96.84840000000001 99.04950000000002 108.045 110.446

real	0m3.717s
user	0m3.722s
sys	0m0.004s
 
94.13800000000002 95.84960000000002 106.419 108.286

real	0m3.621s
user	0m3.628s
sys	0m0.000s
 
14.5684 14.5728 16.60140000000001 16.606

real	0m1.960s
user	0m1.966s
sys	0m0.004s
 
10.164 10.2025 11.913 11.9548

real	0m2.133s
user	0m2.138s
sys	0m0.004s
 
955.9242 956.3004 1135.8438 1136.254

real	0m1.536s
user	0m3.059s
sys	0m0.004s
 
86477.05440000001 86480.57660000001 102897.9582 102901.8004

real	0m2.634s
user	0m5.048s
sys	0m0.060s
 
27312.9912 27313.3443 32486.685 32487.07

real	0m1.597s
user	0m3.093s
sys	0m0.024s
 
MAT_MAT
 
8054296.570499997 8377212.617400005 11041896.78059999 11521723.02599998

real	0m0.963s
user	0m1.913s
sys	0m0.004s
 
67005585.50399998 69693523.28640002 92209626.6390001 96222702.65399998

real	0m1.214s
user	0m2.421s
sys	0m0.000s
 
56602.02200000002 58658.48450000003 83130.86099999996 86296.01680000003

real	0m1.545s
user	0m3.080s
sys	0m0.004s
 
297546749.5919997 308581623.7314994 440770097.583 457946307.1219999

real	0m1.392s
user	0m2.771s
sys	0m0.004s
 
8054296.570499997 8144829.910200007 11426434.83180001 11521723.02599998

real	0m1.971s
user	0m3.896s
sys	0m0.004s
 
67005585.50399998 67746880.83150004 95442432.67260008 96222702.65399998

real	0m2.510s
user	0m5.007s
sys	0m0.004s
 
56602.02200000002 56765.4044 86117.12820000002 86296.01680000003

real	0m1.371s
user	0m2.731s
sys	0m0.004s
 
297546749.5919997 299613096.1240003 455678605.3310006 457946307.1219999

real	0m1.538s
user	0m3.064s
sys	0m0.000s
 
301.3441 301.7106 379.168 379.5840000000001

real	0m1.527s
user	0m3.043s
sys	0m0.004s
 
45022.4809 45027.16379999999 57025.89409999999 57031.226

real	0m2.632s
user	0m5.150s
sys	0m0.024s
 
79343.34260000002 79353.49420000002 105856.4262 105868.395

real	0m1.639s
user	0m3.218s
sys	0m0.016s
 
77470.43699999999 77485.73999999999 107948.34 107966.91

real	0m1.025s
user	0m2.008s
sys	0m0.016s
 
109.241 111.7864 142.1856 145.251

real	0m2.848s
user	0m2.856s
sys	0m0.000s
 
1739639.1343 1765026.6362 3156552.835599999 3194056.931000001

real	0m2.349s
user	0m4.683s
sys	0m0.004s
 
40128631.98950006 40455680.77900002 81101463.51099998 81608296.35000008

real	0m1.544s
user	0m3.082s
sys	0m0.000s
 
185145.8628 186726.9552 353878.6176 356259.936

real	0m2.128s
user	0m4.291s
sys	0m0.004s
 
5650057.303000003 5674398.905999999 11835110.684 11873364.25000001

real	0m1.550s
user	0m3.144s
sys	0m0.000s
 
3539227257.462 3543179262.324003 8019509498.519998 8025995052.400001

real	0m0.597s
user	0m1.166s
sys	0m0.005s
 
66219776245.92168 66260257446.05717 151986883006.3699 152053753059.55

real	0m0.624s
user	0m1.200s
sys	0m0.029s
 
166212294937.3991 166288626284.498 382568140639.0098 382694366833.2999

real	0m0.707s
user	0m1.343s
sys	0m0.036s
 
608720333715.4655 608956501509.1871 1405127495482.165 1405518727998.903

real	0m1.350s
user	0m2.597s
sys	0m0.048s
 
TRANS1
 
8054296.570499997 8377212.617400005 11041896.78059999 11521723.02599998

real	0m1.393s
user	0m2.802s
sys	0m0.004s
 
67005585.50399998 69693523.28640002 92209626.6390001 96222702.65399998

real	0m1.837s
user	0m3.688s
sys	0m0.004s
 
56602.02200000002 58658.48450000003 83130.86099999996 86296.01680000003

real	0m1.260s
user	0m2.497s
sys	0m0.000s
 
297546749.5919997 308581623.7314994 440770097.583 457946307.1219999

real	0m1.244s
user	0m2.490s
sys	0m0.004s
 
8054296.570499997 8144829.910200007 11426434.83180001 11521723.02599998

real	0m2.505s
user	0m5.022s
sys	0m0.000s
 
67005585.50399998 67746880.83150004 95442432.67260008 96222702.65399998

real	0m3.263s
user	0m6.533s
sys	0m0.004s
 
56602.02200000002 56765.4044 86117.12820000002 86296.01680000003

real	0m2.273s
user	0m4.549s
sys	0m0.000s
 
297546749.5919997 299613096.1240003 455678605.3310006 457946307.1219999

real	0m2.151s
user	0m4.255s
sys	0m0.008s
 
301.3441 301.7106 379.168 379.5840000000001

real	0m1.172s
user	0m2.339s
sys	0m0.004s
 
45022.4809 45027.16379999999 57025.89409999999 57031.226

real	0m2.340s
user	0m4.619s
sys	0m0.016s
 
79343.34260000002 79353.49420000002 105856.4262 105868.395

real	0m2.688s
user	0m5.317s
sys	0m0.020s
 
77470.43699999999 77485.73999999999 107948.34 107966.91

real	0m2.146s
user	0m4.256s
sys	0m0.008s
 
109.241 111.7864 142.1856 145.251

real	0m3.297s
user	0m3.232s
sys	0m0.000s
 
1739639.1343 1765026.6362 3156552.835599999 3194056.931000001

real	0m2.935s
user	0m5.722s
sys	0m0.000s
 
40128631.98950006 40455680.77900002 81101463.51099998 81608296.35000008

real	0m2.290s
user	0m4.498s
sys	0m0.000s
 
185145.8628 186726.9552 353878.6176 356259.936

real	0m3.395s
user	0m6.653s
sys	0m0.004s
 
5650057.303000003 5674398.905999999 11835110.684 11873364.25000001

real	0m2.809s
user	0m5.547s
sys	0m0.004s
 
3539227257.462 3543179262.324003 8019509498.519998 8025995052.400001

real	0m0.892s
user	0m1.744s
sys	0m0.012s
 
66219776245.92168 66260257446.05717 151986883006.3699 152053753059.55

real	0m1.098s
user	0m2.111s
sys	0m0.024s
 
166212294937.3991 166288626284.498 382568140639.0098 382694366833.2999

real	0m0.970s
user	0m1.835s
sys	0m0.020s
 
608720333715.4655 608956501509.1871 1405127495482.165 1405518727998.903

real	0m2.018s
user	0m3.808s
sys	0m0.060s
 
1512441.733 1524415.266 2968657.650000001 2986772.5

real	0m1.950s
user	0m3.827s
sys	0m0.004s
 
608720333715.4655 608956501509.1871 1405127495482.165 1405518727998.903

real	0m1.076s
user	0m1.983s
sys	0m0.040s
 
TRANS2
 
8054296.570499997 8377212.617400005 11041896.78059999 11521723.02599998

real	0m1.923s
user	0m3.827s
sys	0m0.005s
 
67005585.50399998 69693523.28640002 92209626.6390001 96222702.65399998

real	0m7.753s
user	0m15.403s
sys	0m0.000s
 
56602.02200000002 58658.48450000003 83130.86099999996 86296.01680000003

real	0m1.447s
user	0m2.884s
sys	0m0.000s
 
297546749.5919997 308581623.7314994 440770097.583 457946307.1219999

real	0m2.852s
user	0m5.307s
sys	0m0.008s
 
8054296.570499997 8144829.910200007 11426434.83180001 11521723.02599998

real	0m2.421s
user	0m4.448s
sys	0m0.008s
 
67005585.50399998 67746880.83150004 95442432.67260008 96222702.65399998

real	0m2.636s
user	0m5.253s
sys	0m0.004s
 
56602.02200000002 56765.4044 86117.12820000002 86296.01680000003

real	0m1.517s
user	0m3.041s
sys	0m0.000s
 
297546749.5919997 299613096.1240003 455678605.3310006 457946307.1219999

real	0m1.630s
user	0m3.240s
sys	0m0.004s
 
301.3441 301.7106 379.168 379.5840000000001

real	0m1.540s
user	0m3.083s
sys	0m0.000s
 
45022.4809 45027.16379999999 57025.89409999999 57031.226

real	0m2.587s
user	0m5.122s
sys	0m0.008s
 
79343.34260000002 79353.49420000002 105856.4262 105868.395

real	0m1.666s
user	0m3.256s
sys	0m0.024s
 
77470.43699999999 77485.73999999999 107948.34 107966.91

real	0m1.064s
user	0m2.057s
sys	0m0.016s
 
109.241 111.7864 142.1856 145.251

real	0m2.715s
user	0m2.723s
sys	0m0.004s
 
1739639.1343 1765026.6362 3156552.835599999 3194056.931000001

real	0m2.514s
user	0m5.003s
sys	0m0.004s
 
40128631.98950006 40455680.77900002 81101463.51099998 81608296.35000008

real	0m1.668s
user	0m3.328s
sys	0m0.004s
 
185145.8628 186726.9552 353878.6176 356259.936

real	0m2.421s
user	0m4.841s
sys	0m0.000s
 
5650057.303000003 5674398.905999999 11835110.684 11873364.25000001

real	0m1.965s
user	0m3.879s
sys	0m0.000s
 
3539227257.462 3543179262.324003 8019509498.519998 8025995052.400001

real	0m0.650s
user	0m1.278s
sys	0m0.004s
 
66219776245.92168 66260257446.05717 151986883006.3699 152053753059.55

real	0m0.769s
user	0m1.464s
sys	0m0.024s
 
166212294937.3991 166288626284.498 382568140639.0098 382694366833.2999

real	0m0.960s
user	0m1.463s
sys	0m0.028s
 
608720333715.4655 608956501509.1871 1405127495482.165 1405518727998.903

real	0m1.161s
user	0m2.938s
sys	0m0.052s
 
1512441.733 1524415.266 2968657.650000001 2986772.5

real	0m1.718s
user	0m3.412s
sys	0m0.004s
 
608720333715.4655 608956501509.1871 1405127495482.165 1405518727998.903

real	0m0.810s
user	0m1.487s
sys	0m0.024s
 
TRANS12
 
8054296.570499997 8377212.617400005 11041896.78059999 11521723.02599998

real	0m1.654s
user	0m3.300s
sys	0m0.004s
 
67005585.50399998 69693523.28640002 92209626.6390001 96222702.65399998

real	0m1.951s
user	0m3.859s
sys	0m0.004s
 
56602.02200000002 58658.48450000003 83130.86099999996 86296.01680000003

real	0m1.023s
user	0m2.037s
sys	0m0.004s
 
297546749.5919997 308581623.7314994 440770097.583 457946307.1219999

real	0m1.070s
user	0m2.126s
sys	0m0.004s
 
8054296.570499997 8144829.910200007 11426434.83180001 11521723.02599998

real	0m1.556s
user	0m3.109s
sys	0m0.000s
 
67005585.50399998 67746880.83150004 95442432.67260008 96222702.65399998

real	0m1.960s
user	0m3.915s
sys	0m0.000s
 
56602.02200000002 56765.4044 86117.12820000002 86296.01680000003

real	0m2.578s
user	0m5.149s
sys	0m0.000s
 
297546749.5919997 299613096.1240003 455678605.3310006 457946307.1219999

real	0m2.485s
user	0m4.918s
sys	0m0.012s
 
301.3441 301.7106 379.168 379.5840000000001

real	0m2.659s
user	0m5.314s
sys	0m0.000s
 
45022.4809 45027.16379999999 57025.89409999999 57031.226

real	0m3.889s
user	0m7.689s
sys	0m0.024s
 
79343.34260000002 79353.49420000002 105856.4262 105868.395

real	0m2.454s
user	0m4.814s
sys	0m0.020s
 
77470.43699999999 77485.73999999999 107948.34 107966.91

real	0m1.686s
user	0m3.328s
sys	0m0.020s
 
109.241 111.7864 142.1856 145.251

real	0m2.917s
user	0m2.927s
sys	0m0.000s
 
1739639.1343 1765026.6362 3156552.835599999 3194056.931000001

real	0m2.731s
user	0m5.439s
sys	0m0.000s
 
40128631.98950006 40455680.77900002 81101463.51099998 81608296.35000008

real	0m1.916s
user	0m3.696s
sys	0m0.004s
 
185145.8628 186726.9552 353878.6176 356259.936

real	0m2.602s
user	0m4.993s
sys	0m0.000s
 
5650057.303000003 5674398.905999999 11835110.684 11873364.25000001

real	0m1.804s
user	0m3.517s
sys	0m0.000s
 
3539227257.462 3543179262.324003 8019509498.519998 8025995052.400001

real	0m0.773s
user	0m1.490s
sys	0m0.008s
 
66219776245.92168 66260257446.05717 151986883006.3699 152053753059.55

real	0m1.041s
user	0m1.947s
sys	0m0.024s
 
166212294937.3991 166288626284.498 382568140639.0098 382694366833.2999

real	0m0.987s
user	0m1.790s
sys	0m0.044s
 
608720333715.4655 608956501509.1871 1405127495482.165 1405518727998.903

real	0m1.935s
user	0m3.528s
sys	0m0.079s
 
SPECIAL
 
0.04840000000000001

real	0m2.743s
user	0m2.726s
sys	0m0.000s
 
0.04840000000000001

real	0m2.996s
user	0m2.988s
sys	0m0.001s
 
0.04840000000000001

real	0m2.317s
user	0m2.318s
sys	0m0.000s
 
53.79660000000001 53.79880000000001 58.68060000000001 58.68280000000001

real	0m3.408s
user	0m3.407s
sys	0m0.000s
 
53.79660000000001 53.79880000000001 58.68060000000001 58.68280000000001

real	0m3.562s
user	0m3.565s
sys	0m0.000s
 
9698907.663399996

real	0m1.026s
user	0m1.035s
sys	0m0.000s
 
9698907.663399996

real	0m1.031s
user	0m1.040s
sys	0m0.000s
 
0.04840000000000001

real	0m3.943s
user	0m3.950s
sys	0m0.000s
 
53.79660000000001 53.79880000000001 58.68060000000001 58.68280000000001

real	0m3.359s
user	0m3.412s
sys	0m0.000s
 
53.79660000000001 53.79880000000001 58.68060000000001 58.68280000000001

real	0m3.283s
user	0m3.393s
sys	0m0.001s
 
9698907.663399996

real	0m1.023s
user	0m1.057s
sys	0m0.001s
 
3948765877.809497 3955170852.914604 5863853434.234404 5870258409.339499

real	0m4.662s
user	0m9.372s
sys	0m0.012s
 
3948765877.809497 3955170852.914604 5863853434.234404 5870258409.339499

real	0m4.235s
user	0m8.500s
sys	0m0.004s
 
0.04840000000000001

real	0m3.602s
user	0m3.626s
sys	0m0.004s
 
53.79660000000001 53.79880000000001 58.68060000000001 58.68280000000001

real	0m3.359s
user	0m3.367s
sys	0m0.004s
 
53.79660000000001 53.79880000000001 58.68060000000001 58.68280000000001

real	0m3.426s
user	0m3.430s
sys	0m0.000s
 
9698907.663399996

real	0m1.037s
user	0m1.045s
sys	0m0.004s
 
3948765877.809497 3955170852.914604 5863853434.234404 5870258409.339499

real	0m4.678s
user	0m9.269s
sys	0m0.012s
 
3948765877.809497 3955170852.914604 5863853434.234404 5870258409.339499

real	0m4.921s
user	0m8.487s
sys	0m0.012s
 
0.04840000000000001

real	0m3.750s
user	0m3.759s
sys	0m0.000s
 
53.79660000000001 53.79880000000001 58.68060000000001 58.68280000000001

real	0m3.383s
user	0m3.389s
sys	0m0.001s
 
53.79660000000001 53.79880000000001 58.68060000000001 58.68280000000001

real	0m3.440s
user	0m3.446s
sys	0m0.004s
 
9698907.663399996

real	0m1.037s
user	0m1.039s
sys	0m0.008s
 
3948765877.809497 3955170852.914604 5863853434.234404 5870258409.339499

real	0m4.714s
user	0m9.339s
sys	0m0.009s
 
3948765877.809497 3955170852.914604 5863853434.234404 5870258409.339499

real	0m4.065s
user	0m8.073s
sys	0m0.008s
 
0.04840000000000001

real	0m3.726s
user	0m3.736s
sys	0m0.001s
 
53.79660000000001 53.79880000000001 58.68060000000001 58.68280000000001

real	0m3.489s
user	0m3.489s
sys	0m0.004s
 
53.79660000000001 53.79880000000001 58.68060000000001 58.68280000000001

real	0m3.406s
user	0m3.412s
sys	0m0.005s
 
9698907.663399996

real	0m1.042s
user	0m1.050s
sys	0m0.004s
 
3948765877.809497 3955170852.914604 5863853434.234404 5870258409.339499

real	0m4.955s
user	0m9.544s
sys	0m0.016s
 
3948765877.809497 3955170852.914604 5863853434.234404 5870258409.339499

real	0m4.367s
user	0m8.338s
sys	0m0.008s
 
3037.1121 3037.6632 3611.409 3612.01

real	0m4.160s
user	0m8.251s
sys	0m0.008s
 
3037.1121 3037.6632 3611.409 3612.01

real	0m4.186s
user	0m8.285s
sys	0m0.005s
 
3037.1121 3037.6632 3611.409 3612.01

real	0m4.152s
user	0m8.247s
sys	0m0.013s
 
3037.1121 3037.6632 3611.409 3612.01

real	0m4.160s
user	0m8.201s
sys	0m0.017s
 
SEQUENCE
 
37624.35618 38872.44188 52954.76458 54712.31628

real	0m0.809s
user	0m1.608s
sys	0m0.004s
 
4350478614.186048 4405620767.888449 7321622135.843186 7393481577.214199

real	0m1.196s
user	0m2.388s
sys	0m0.000s
 
48832437279.8918 49241016265.74157 88512227219.28583 89040617812.03206

real	0m3.529s
user	0m7.029s
sys	0m0.004s
 
18696443068.18007 18840087100.15867 37617583432.7108 37823564976.3486

real	0m1.040s
user	0m2.077s
sys	0m0.000s
 
4.901614166865179e+18 4.912723296455448e+18 1.084442578747924e+19 1.086100449795465e+19

real	0m0.634s
user	0m1.252s
sys	0m0.004s
 
1.647418946230568e+16 1.649160037624473e+16 3.768465979697054e+16 3.771108024027194e+16

real	0m0.890s
user	0m1.732s
sys	0m0.020s
 
4.48881116501821e+17 4.490640601531962e+17 1.03730934601686e+18 1.03758774958278e+18

real	0m0.711s
user	0m1.277s
sys	0m0.028s
 
4.48881116501821e+17 4.490640601531962e+17 1.03730934601686e+18 1.03758774958278e+18

real	0m1.731s
user	0m3.275s
sys	0m0.052s
 
4.48881116501821e+17 4.490640601531962e+17 1.03730934601686e+18 1.03758774958278e+18

real	0m1.866s
user	0m3.563s
sys	0m0.044s
 
8.382424294553979e+29 8.385850640122295e+29 1.937388035390321e+30 1.93790724339292e+30

real	0m0.743s
user	0m1.382s
sys	0m0.036s
 
8.382424294553979e+29 8.385850640122295e+29 1.937388035390321e+30 1.93790724339292e+30

real	0m1.059s
user	0m1.951s
sys	0m0.044s
 
8.382424294553979e+29 8.385850640122295e+29 1.937388035390321e+30 1.93790724339292e+30

real	0m1.102s
user	0m2.034s
sys	0m0.040s
 
8.382424294553979e+29 8.385850640122295e+29 1.937388035390321e+30 1.93790724339292e+30

real	0m1.094s
user	0m1.993s
sys	0m0.060s
 
8.382424294553979e+29 8.385850640122295e+29 1.937388035390321e+30 1.93790724339292e+30

real	0m1.027s
user	0m1.879s
sys	0m0.044s
 
8.382424294553979e+29 8.385850640122295e+29 1.937388035390321e+30 1.93790724339292e+30

real	0m1.034s
user	0m1.918s
sys	0m0.028s
 
374124590164.9393 378323909405.297 483306890414.2386 487506209654.5964

real	0m1.242s
user	0m2.443s
sys	0m0.004s
 
8003498375443.188 8040830216224.574 11400695886549.59 11438027727330.98

real	0m1.053s
user	0m2.098s
sys	0m0.004s
 
467292080353.7709 473215316635.7608 603526514839.5372 609449751121.5272

real	0m1.854s
user	0m1.856s
sys	0m0.008s
 
22856685758006.32 23032721850853.32 32186598678896.97 32362634771743.98

real	0m1.702s
user	0m1.714s
sys	0m0.000s
