 
VEC_VEC
 
174.0387

real	0m16.647s
user	0m16.499s
sys	0m0.000s
 
9698907.663399996

real	0m1.243s
user	0m1.227s
sys	0m0.001s
 
24900423491.09201

real	0m1.396s
user	0m1.377s
sys	0m0.005s
 
24900741320632.71

real	0m2.278s
user	0m2.253s
sys	0m0.001s
 
2.490083360868967e+16

real	0m2.332s
user	0m2.298s
sys	0m0.012s
 
VEC_MAT
 
178.7929000000001 178.8030000000001 201.2149000000001 201.2250000000001

real	0m2.130s
user	0m2.114s
sys	0m0.005s
 
992.6821000000002 992.6922000000003 1117.3464 1117.3565

real	0m1.091s
user	0m1.085s
sys	0m0.000s
 
390.3932 390.4204 450.7772000000001 450.8044

real	0m5.133s
user	0m5.107s
sys	0m0.005s
 
2166.9797 2167.0069 2502.7093 2502.7365

real	0m2.769s
user	0m2.762s
sys	0m0.000s
 
157975690.7399002 164380665.8450001

real	0m0.714s
user	0m0.704s
sys	0m0.008s
 
27065907086.64726 28163538210.734

real	0m0.731s
user	0m0.725s
sys	0m0.005s
 
128614163.4402999 133441028.6953997 138267893.9505

real	0m0.953s
user	0m0.950s
sys	0m0.001s
 
17202407856.50187 17848340807.38918 18494273758.27599

real	0m0.919s
user	0m0.917s
sys	0m0.000s
 
2.2266 2.2836 2.3406 2.397600000000001

real	0m6.239s
user	0m6.231s
sys	0m0.001s
 
73.52180000000001 74.6944 86.4204 87.59300000000002

real	0m8.520s
user	0m8.520s
sys	0m0.001s
 
609.1862 615.0844000000001 774.3358000000001 780.2340000000002

real	0m6.119s
user	0m6.121s
sys	0m0.000s
 
31020069.53999998 31057579.07999998 45948866.45999996 45986376.00000001

real	0m7.314s
user	0m7.300s
sys	0m0.000s
 
3948765877.809497 3955170852.914604 5863853434.234404 5870258409.339499

real	0m6.617s
user	0m6.594s
sys	0m0.004s
 
629070346650.9426 630167977775.031 934211799147.1235 935309430271.2021

real	0m3.712s
user	0m3.682s
sys	0m0.020s
 
72549439.0166 72565446.85879999 108086848.7006 108102856.5428001

real	0m6.831s
user	0m6.806s
sys	0m0.008s
 
324096005.6180002 324108897.3359997 483218480.892 483231372.6099998

real	0m3.684s
user	0m3.646s
sys	0m0.028s
 
10829665.1294 10829701.4254 15310551.5134 15310587.8094

real	0m2.910s
user	0m2.858s
sys	0m0.040s
 
107135690886248 108233331157370.3 147748380917728.1 148846021188851.3

real	0m2.252s
user	0m2.202s
sys	0m0.044s
 
MAT_VEC
 
178.7929000000001 178.8030000000001 201.2149000000001 201.2250000000001

real	0m1.795s
user	0m1.794s
sys	0m0.001s
 
992.6821000000002 992.6922000000003 1117.3464 1117.3565

real	0m1.045s
user	0m1.039s
sys	0m0.004s
 
390.3932 390.4204 450.7772000000001 450.8044

real	0m2.636s
user	0m2.634s
sys	0m0.000s
 
2166.9797 2167.0069 2502.7093 2502.7365

real	0m1.470s
user	0m1.469s
sys	0m0.001s
 
157975690.7399002 164380665.8450001

real	0m0.649s
user	0m0.644s
sys	0m0.004s
 
27065907086.64726 28163538210.734

real	0m0.637s
user	0m0.632s
sys	0m0.000s
 
128614163.4402999 133441028.6953997 138267893.9505

real	0m0.756s
user	0m0.755s
sys	0m0.000s
 
17202407856.50187 17848340807.38918 18494273758.27599

real	0m0.721s
user	0m0.716s
sys	0m0.005s
 
2.2266 2.2836 2.3406 2.397600000000001

real	0m5.435s
user	0m5.437s
sys	0m0.000s
 
73.52180000000001 74.6944 86.4204 87.59300000000002

real	0m7.950s
user	0m8.119s
sys	0m0.001s
 
609.1862 615.0844000000001 774.3358000000001 780.2340000000002

real	0m5.299s
user	0m5.340s
sys	0m0.005s
 
31020069.53999998 31057579.07999998 45948866.45999996 45986376.00000001

real	0m6.346s
user	0m6.352s
sys	0m0.008s
 
3948765877.809497 3955170852.914604 5863853434.234404 5870258409.339499

real	0m6.276s
user	0m6.261s
sys	0m0.012s
 
629070346650.9426 630167977775.031 934211799147.1235 935309430271.2021

real	0m3.353s
user	0m3.317s
sys	0m0.032s
 
72549439.0166 72565446.85879999 108086848.7006 108102856.5428001

real	0m5.780s
user	0m5.717s
sys	0m0.005s
 
324096005.6180002 324108897.3359997 483218480.892 483231372.6099998

real	0m3.155s
user	0m3.067s
sys	0m0.036s
 
10829665.1294 10829701.4254 15310551.5134 15310587.8094

real	0m2.047s
user	0m1.977s
sys	0m0.044s
 
107135690886248 108233331157370.3 147748380917728.1 148846021188851.3

real	0m2.234s
user	0m2.167s
sys	0m0.044s
 
OUTER
 
101.277 104.346 110.4774 113.8252

real	0m4.446s
user	0m4.415s
sys	0m0.005s
 
96.84840000000001 99.04950000000002 108.045 110.446

real	0m3.991s
user	0m3.975s
sys	0m0.001s
 
94.13800000000002 95.84960000000002 106.419 108.286

real	0m4.551s
user	0m4.535s
sys	0m0.000s
 
14.5684 14.5728 16.60140000000001 16.606

real	0m2.883s
user	0m2.877s
sys	0m0.000s
 
10.164 10.2025 11.913 11.9548

real	0m4.254s
user	0m4.241s
sys	0m0.004s
 
955.9242 956.3004 1135.8438 1136.254

real	0m2.039s
user	0m2.034s
sys	0m0.001s
 
86477.05440000001 86480.57660000001 102897.9582 102901.8004

real	0m3.063s
user	0m2.544s
sys	0m0.064s
 
27312.9912 27313.3443 32486.685 32487.07

real	0m1.544s
user	0m1.521s
sys	0m0.016s
 
MAT_MAT
 
8054296.570499997 8377212.617400005 11041896.78059999 11521723.02599998

real	0m1.570s
user	0m1.563s
sys	0m0.005s
 
67005585.50399998 69693523.28640002 92209626.6390001 96222702.65399998

real	0m2.152s
user	0m2.144s
sys	0m0.004s
 
56602.02200000002 58658.48450000003 83130.86099999996 86296.01680000003

real	0m2.717s
user	0m2.701s
sys	0m0.009s
 
297546749.5919997 308581623.7314994 440770097.583 457946307.1219999

real	0m2.671s
user	0m2.661s
sys	0m0.005s
 
301.3441 301.7106 379.168 379.5840000000001

real	0m2.077s
user	0m2.070s
sys	0m0.005s
 
45022.4809 45027.16379999999 57025.89409999999 57031.226

real	0m2.444s
user	0m2.415s
sys	0m0.020s
 
79343.34260000002 79353.49420000002 105856.4262 105868.395

real	0m2.054s
user	0m2.019s
sys	0m0.024s
 
77470.43699999999 77485.73999999999 107948.34 107966.91

real	0m1.495s
user	0m1.481s
sys	0m0.005s
 
109.241 111.7864 142.1856 145.251

real	0m3.648s
user	0m3.643s
sys	0m0.000s
 
1739639.1343 1765026.6362 3156552.835599999 3194056.931000001

real	0m3.890s
user	0m3.886s
sys	0m0.000s
 
40128631.98950006 40455680.77900002 81101463.51099998 81608296.35000008

real	0m2.834s
user	0m2.823s
sys	0m0.004s
 
185145.8628 186726.9552 353878.6176 356259.936

real	0m4.155s
user	0m4.150s
sys	0m0.000s
 
5650057.303000003 5674398.905999999 11835110.684 11873364.25000001

real	0m2.985s
user	0m2.981s
sys	0m0.000s
 
3539227257.462 3543179262.324003 8019509498.519998 8025995052.400001

real	0m1.148s
user	0m1.125s
sys	0m0.016s
 
66219776245.92168 66260257446.05717 151986883006.3699 152053753059.55

real	0m1.209s
user	0m1.177s
sys	0m0.024s
 
166212294937.3991 166288626284.498 382568140639.0098 382694366833.2999

real	0m1.205s
user	0m1.165s
sys	0m0.036s
 
608720333715.4655 608956501509.1871 1405127495482.165 1405518727998.903

real	0m2.445s
user	0m2.393s
sys	0m0.044s
 
TRANS1
 
8054296.570499997 8377212.617400005 11041896.78059999 11521723.02599998

real	0m2.450s
user	0m2.447s
sys	0m0.001s
 
67005585.50399998 69693523.28640002 92209626.6390001 96222702.65399998

real	0m3.098s
user	0m3.089s
sys	0m0.005s
 
56602.02200000002 58658.48450000003 83130.86099999996 86296.01680000003

real	0m2.251s
user	0m2.234s
sys	0m0.009s
 
297546749.5919997 308581623.7314994 440770097.583 457946307.1219999

real	0m2.087s
user	0m2.083s
sys	0m0.001s
 
301.3441 301.7106 379.168 379.5840000000001

real	0m2.439s
user	0m2.427s
sys	0m0.005s
 
45022.4809 45027.16379999999 57025.89409999999 57031.226

real	0m2.492s
user	0m2.467s
sys	0m0.017s
 
79343.34260000002 79353.49420000002 105856.4262 105868.395

real	0m2.489s
user	0m2.452s
sys	0m0.025s
 
77470.43699999999 77485.73999999999 107948.34 107966.91

real	0m1.931s
user	0m1.912s
sys	0m0.013s
 
109.241 111.7864 142.1856 145.251

real	0m4.074s
user	0m4.063s
sys	0m0.004s
 
1739639.1343 1765026.6362 3156552.835599999 3194056.931000001

real	0m4.900s
user	0m4.889s
sys	0m0.004s
 
40128631.98950006 40455680.77900002 81101463.51099998 81608296.35000008

real	0m3.921s
user	0m3.911s
sys	0m0.005s
 
185145.8628 186726.9552 353878.6176 356259.936

real	0m5.465s
user	0m5.454s
sys	0m0.000s
 
5650057.303000003 5674398.905999999 11835110.684 11873364.25000001

real	0m5.023s
user	0m5.013s
sys	0m0.004s
 
3539227257.462 3543179262.324003 8019509498.519998 8025995052.400001

real	0m1.711s
user	0m1.702s
sys	0m0.004s
 
66219776245.92168 66260257446.05717 151986883006.3699 152053753059.55

real	0m2.086s
user	0m2.057s
sys	0m0.024s
 
166212294937.3991 166288626284.498 382568140639.0098 382694366833.2999

real	0m1.794s
user	0m1.749s
sys	0m0.036s
 
608720333715.4655 608956501509.1871 1405127495482.165 1405518727998.903

real	0m3.806s
user	0m3.739s
sys	0m0.056s
 
1512441.733 1524415.266 2968657.650000001 2986772.5

real	0m2.941s
user	0m2.930s
sys	0m0.008s
 
608720333715.4655 608956501509.1871 1405127495482.165 1405518727998.903

real	0m1.959s
user	0m1.921s
sys	0m0.032s
 
TRANS2
 
8054296.570499997 8377212.617400005 11041896.78059999 11521723.02599998

real	0m5.663s
user	0m5.650s
sys	0m0.004s
 
67005585.50399998 69693523.28640002 92209626.6390001 96222702.65399998

real	0m5.235s
user	0m5.225s
sys	0m0.004s
 
56602.02200000002 58658.48450000003 83130.86099999996 86296.01680000003

real	0m2.721s
user	0m2.718s
sys	0m0.000s
 
297546749.5919997 308581623.7314994 440770097.583 457946307.1219999

real	0m4.279s
user	0m4.268s
sys	0m0.005s
 
301.3441 301.7106 379.168 379.5840000000001

real	0m1.954s
user	0m1.944s
sys	0m0.005s
 
45022.4809 45027.16379999999 57025.89409999999 57031.226

real	0m2.445s
user	0m2.420s
sys	0m0.016s
 
79343.34260000002 79353.49420000002 105856.4262 105868.395

real	0m2.141s
user	0m2.122s
sys	0m0.013s
 
77470.43699999999 77485.73999999999 107948.34 107966.91

real	0m1.539s
user	0m1.521s
sys	0m0.013s
 
109.241 111.7864 142.1856 145.251

real	0m3.718s
user	0m3.714s
sys	0m0.001s
 
1739639.1343 1765026.6362 3156552.835599999 3194056.931000001

real	0m4.525s
user	0m4.507s
sys	0m0.009s
 
40128631.98950006 40455680.77900002 81101463.51099998 81608296.35000008

real	0m3.290s
user	0m3.281s
sys	0m0.004s
 
185145.8628 186726.9552 353878.6176 356259.936

real	0m4.986s
user	0m4.972s
sys	0m0.009s
 
5650057.303000003 5674398.905999999 11835110.684 11873364.25000001

real	0m3.653s
user	0m3.649s
sys	0m0.000s
 
3539227257.462 3543179262.324003 8019509498.519998 8025995052.400001

real	0m1.250s
user	0m1.242s
sys	0m0.004s
 
66219776245.92168 66260257446.05717 151986883006.3699 152053753059.55

real	0m1.449s
user	0m1.420s
sys	0m0.025s
 
166212294937.3991 166288626284.498 382568140639.0098 382694366833.2999

real	0m1.340s
user	0m1.304s
sys	0m0.032s
 
608720333715.4655 608956501509.1871 1405127495482.165 1405518727998.903

real	0m2.755s
user	0m2.681s
sys	0m0.064s
 
1512441.733 1524415.266 2968657.650000001 2986772.5

real	0m2.697s
user	0m2.690s
sys	0m0.004s
 
608720333715.4655 608956501509.1871 1405127495482.165 1405518727998.903

real	0m1.430s
user	0m1.393s
sys	0m0.032s
 
TRANS12
 
8054296.570499997 8377212.617400005 11041896.78059999 11521723.02599998

real	0m2.047s
user	0m2.044s
sys	0m0.001s
 
67005585.50399998 69693523.28640002 92209626.6390001 96222702.65399998

real	0m2.498s
user	0m2.495s
sys	0m0.001s
 
56602.02200000002 58658.48450000003 83130.86099999996 86296.01680000003

real	0m1.541s
user	0m1.535s
sys	0m0.004s
 
297546749.5919997 308581623.7314994 440770097.583 457946307.1219999

real	0m1.535s
user	0m1.532s
sys	0m0.000s
 
301.3441 301.7106 379.168 379.5840000000001

real	0m5.127s
user	0m5.114s
sys	0m0.004s
 
45022.4809 45027.16379999999 57025.89409999999 57031.226

real	0m6.796s
user	0m6.761s
sys	0m0.013s
 
79343.34260000002 79353.49420000002 105856.4262 105868.395

real	0m4.973s
user	0m4.944s
sys	0m0.013s
 
77470.43699999999 77485.73999999999 107948.34 107966.91

real	0m3.275s
user	0m3.252s
sys	0m0.012s
 
109.241 111.7864 142.1856 145.251

real	0m4.075s
user	0m4.070s
sys	0m0.001s
 
1739639.1343 1765026.6362 3156552.835599999 3194056.931000001

real	0m4.024s
user	0m4.015s
sys	0m0.005s
 
40128631.98950006 40455680.77900002 81101463.51099998 81608296.35000008

real	0m2.776s
user	0m2.764s
sys	0m0.009s
 
185145.8628 186726.9552 353878.6176 356259.936

real	0m3.791s
user	0m3.782s
sys	0m0.005s
 
5650057.303000003 5674398.905999999 11835110.684 11873364.25000001

real	0m3.088s
user	0m3.079s
sys	0m0.005s
 
3539227257.462 3543179262.324003 8019509498.519998 8025995052.400001

real	0m1.233s
user	0m1.216s
sys	0m0.012s
 
66219776245.92168 66260257446.05717 151986883006.3699 152053753059.55

real	0m1.581s
user	0m1.548s
sys	0m0.029s
 
166212294937.3991 166288626284.498 382568140639.0098 382694366833.2999

real	0m1.522s
user	0m1.481s
sys	0m0.036s
 
608720333715.4655 608956501509.1871 1405127495482.165 1405518727998.903

real	0m3.155s
user	0m3.065s
sys	0m0.080s
 
SPECIAL
 
0.04840000000000001

real	0m15.335s
user	0m15.316s
sys	0m0.001s
 
0.04840000000000001

real	0m16.061s
user	0m15.999s
sys	0m0.008s
 
0.04840000000000001

real	0m14.904s
user	0m14.882s
sys	0m0.001s
 
53.79660000000001 53.79880000000001 58.68060000000001 58.68280000000001

real	0m3.937s
user	0m3.933s
sys	0m0.001s
 
53.79660000000001 53.79880000000001 58.68060000000001 58.68280000000001

real	0m4.149s
user	0m4.136s
sys	0m0.004s
 
9698907.663399996

real	0m1.254s
user	0m1.248s
sys	0m0.005s
 
9698907.663399996

real	0m1.247s
user	0m1.245s
sys	0m0.000s
 
0.04840000000000001

real	0m16.389s
user	0m16.370s
sys	0m0.001s
 
53.79660000000001 53.79880000000001 58.68060000000001 58.68280000000001

real	0m3.980s
user	0m3.975s
sys	0m0.000s
 
53.79660000000001 53.79880000000001 58.68060000000001 58.68280000000001

real	0m3.886s
user	0m3.877s
sys	0m0.005s
 
9698907.663399996

real	0m1.266s
user	0m1.260s
sys	0m0.005s
 
3948765877.809497 3955170852.914604 5863853434.234404 5870258409.339499

real	0m4.726s
user	0m4.699s
sys	0m0.012s
 
3948765877.809497 3955170852.914604 5863853434.234404 5870258409.339499

real	0m4.981s
user	0m4.952s
sys	0m0.012s
 
0.04840000000000001

real	0m16.625s
user	0m16.606s
sys	0m0.000s
 
53.79660000000001 53.79880000000001 58.68060000000001 58.68280000000001

real	0m4.005s
user	0m3.996s
sys	0m0.004s
 
53.79660000000001 53.79880000000001 58.68060000000001 58.68280000000001

real	0m4.280s
user	0m4.271s
sys	0m0.004s
 
9698907.663399996

real	0m1.273s
user	0m1.263s
sys	0m0.008s
 
3948765877.809497 3955170852.914604 5863853434.234404 5870258409.339499

real	0m4.957s
user	0m4.929s
sys	0m0.012s
 
3948765877.809497 3955170852.914604 5863853434.234404 5870258409.339499

real	0m4.983s
user	0m4.950s
sys	0m0.012s
 
0.04840000000000001

real	0m16.823s
user	0m16.782s
sys	0m0.004s
 
53.79660000000001 53.79880000000001 58.68060000000001 58.68280000000001

real	0m3.920s
user	0m3.912s
sys	0m0.000s
 
53.79660000000001 53.79880000000001 58.68060000000001 58.68280000000001

real	0m4.047s
user	0m4.072s
sys	0m0.000s
 
9698907.663399996

real	0m1.229s
user	0m1.263s
sys	0m0.000s
 
3948765877.809497 3955170852.914604 5863853434.234404 5870258409.339499

real	0m4.640s
user	0m4.707s
sys	0m0.009s
 
3948765877.809497 3955170852.914604 5863853434.234404 5870258409.339499

real	0m4.676s
user	0m4.703s
sys	0m0.009s
 
0.04840000000000001

real	0m16.472s
user	0m16.494s
sys	0m0.005s
 
53.79660000000001 53.79880000000001 58.68060000000001 58.68280000000001

real	0m4.115s
user	0m4.108s
sys	0m0.005s
 
53.79660000000001 53.79880000000001 58.68060000000001 58.68280000000001

real	0m4.110s
user	0m4.107s
sys	0m0.000s
 
9698907.663399996

real	0m1.279s
user	0m1.273s
sys	0m0.004s
 
3948765877.809497 3955170852.914604 5863853434.234404 5870258409.339499

real	0m4.986s
user	0m4.963s
sys	0m0.008s
 
3948765877.809497 3955170852.914604 5863853434.234404 5870258409.339499

real	0m4.733s
user	0m4.714s
sys	0m0.005s
 
3037.1121 3037.6632 3611.409 3612.01

real	0m3.918s
user	0m3.885s
sys	0m0.016s
 
3037.1121 3037.6632 3611.409 3612.01

real	0m3.899s
user	0m3.881s
sys	0m0.001s
 
3037.1121 3037.6632 3611.409 3612.01

real	0m3.930s
user	0m3.907s
sys	0m0.000s
 
3037.1121 3037.6632 3611.409 3612.01

real	0m3.898s
user	0m3.872s
sys	0m0.008s
 
SEQUENCE
 
37624.35618 38872.44188 52954.76458 54712.31628

real	0m1.424s
user	0m1.419s
sys	0m0.004s
 
4350478614.186048 4405620767.888449 7321622135.843186 7393481577.214199

real	0m1.912s
user	0m1.920s
sys	0m0.000s
 
18696443068.18007 18840087100.15867 37617583432.7108 37823564976.3486

real	0m1.832s
user	0m1.880s
sys	0m0.000s
 
4.901614166865179e+18 4.912723296455448e+18 1.084442578747924e+19 1.086100449795465e+19

real	0m1.192s
user	0m1.211s
sys	0m0.004s
 
1.647418946230568e+16 1.649160037624473e+16 3.768465979697054e+16 3.771108024027194e+16

real	0m1.672s
user	0m1.674s
sys	0m0.024s
 
4.48881116501821e+17 4.490640601531962e+17 1.03730934601686e+18 1.03758774958278e+18

real	0m1.156s
user	0m1.138s
sys	0m0.032s
 
4.48881116501821e+17 4.490640601531962e+17 1.03730934601686e+18 1.03758774958278e+18

real	0m3.171s
user	0m3.171s
sys	0m0.028s
 
4.48881116501821e+17 4.490640601531962e+17 1.03730934601686e+18 1.03758774958278e+18

real	0m3.478s
user	0m3.463s
sys	0m0.032s
 
8.382424294553979e+29 8.385850640122295e+29 1.937388035390321e+30 1.93790724339292e+30

real	0m1.299s
user	0m1.266s
sys	0m0.036s
 
8.382424294553979e+29 8.385850640122295e+29 1.937388035390321e+30 1.93790724339292e+30

real	0m1.941s
user	0m1.897s
sys	0m0.048s
 
8.382424294553979e+29 8.385850640122295e+29 1.937388035390321e+30 1.93790724339292e+30

real	0m2.009s
user	0m1.963s
sys	0m0.048s
 
8.382424294553979e+29 8.385850640122295e+29 1.937388035390321e+30 1.93790724339292e+30

real	0m1.962s
user	0m1.922s
sys	0m0.041s
 
8.382424294553979e+29 8.385850640122295e+29 1.937388035390321e+30 1.93790724339292e+30

real	0m1.872s
user	0m1.819s
sys	0m0.049s
 
8.382424294553979e+29 8.385850640122295e+29 1.937388035390321e+30 1.93790724339292e+30

real	0m1.894s
user	0m1.837s
sys	0m0.056s
 
374124590164.9393 378323909405.297 483306890414.2386 487506209654.5964

real	0m1.918s
user	0m1.919s
sys	0m0.001s
 
8003498375443.188 8040830216224.574 11400695886549.59 11438027727330.98

real	0m1.913s
user	0m1.906s
sys	0m0.009s
 
467292080353.7709 473215316635.7608 603526514839.5372 609449751121.5272

real	0m2.601s
user	0m2.601s
sys	0m0.000s
 
22856685758006.32 23032721850853.32 32186598678896.97 32362634771743.98

real	0m1.842s
user	0m1.841s
sys	0m0.001s
