 
VEC_VEC
 
174.0387

real	0m2.998s
user	0m2.995s
sys	0m0.000s
 
9698907.663399996

real	0m1.007s
user	0m1.006s
sys	0m0.000s
 
24900423491.09201

real	0m1.360s
user	0m1.350s
sys	0m0.004s
 
24900741320632.71

real	0m2.235s
user	0m2.220s
sys	0m0.008s
 
2.490083360868967e+16

real	0m2.367s
user	0m2.332s
sys	0m0.028s
 
VEC_MAT
 
178.7929000000001 178.8030000000001 201.2149000000001 201.2250000000001

real	0m1.689s
user	0m1.683s
sys	0m0.004s
 
992.6821000000002 992.6922000000003 1117.3464 1117.3565

real	0m0.904s
user	0m0.899s
sys	0m0.004s
 
390.3932 390.4204 450.7772000000001 450.8044

real	0m3.899s
user	0m3.882s
sys	0m0.008s
 
2166.9797 2167.0069 2502.7093 2502.7365

real	0m2.159s
user	0m2.152s
sys	0m0.004s
 
157975690.7399002 164380665.8450001

real	0m0.657s
user	0m0.656s
sys	0m0.000s
 
27065907086.64726 28163538210.734

real	0m0.711s
user	0m0.710s
sys	0m0.000s
 
128614163.4402999 133441028.6953997 138267893.9505

real	0m0.888s
user	0m0.887s
sys	0m0.000s
 
17202407856.50187 17848340807.38918 18494273758.27599

real	0m0.904s
user	0m0.903s
sys	0m0.000s
 
2.2266 2.2836 2.3406 2.397600000000001

real	0m1.743s
user	0m1.738s
sys	0m0.000s
 
73.52180000000001 74.6944 86.4204 87.59300000000002

real	0m3.817s
user	0m3.809s
sys	0m0.000s
 
609.1862 615.0844000000001 774.3358000000001 780.2340000000002

real	0m4.268s
user	0m4.255s
sys	0m0.008s
 
31020069.53999998 31057579.07999998 45948866.45999996 45986376.00000001

real	0m6.992s
user	0m6.964s
sys	0m0.004s
 
3948765877.809497 3955170852.914604 5863853434.234404 5870258409.339499

real	0m6.460s
user	0m6.429s
sys	0m0.012s
 
629070346650.9426 630167977775.031 934211799147.1235 935309430271.2021

real	0m3.877s
user	0m3.829s
sys	0m0.032s
 
72549439.0166 72565446.85879999 108086848.7006 108102856.5428001

real	0m6.971s
user	0m6.931s
sys	0m0.004s
 
324096005.6180002 324108897.3359997 483218480.892 483231372.6099998

real	0m3.670s
user	0m3.659s
sys	0m0.032s
 
10829665.1294 10829701.4254 15310551.5134 15310587.8094

real	0m2.880s
user	0m2.856s
sys	0m0.032s
 
107135690886248 108233331157370.3 147748380917728.1 148846021188851.3

real	0m2.260s
user	0m2.230s
sys	0m0.032s
 
MAT_VEC
 
178.7929000000001 178.8030000000001 201.2149000000001 201.2250000000001

real	0m1.603s
user	0m1.607s
sys	0m0.000s
 
992.6821000000002 992.6922000000003 1117.3464 1117.3565

real	0m0.970s
user	0m0.968s
sys	0m0.004s
 
390.3932 390.4204 450.7772000000001 450.8044

real	0m2.442s
user	0m2.442s
sys	0m0.004s
 
2166.9797 2167.0069 2502.7093 2502.7365

real	0m1.472s
user	0m1.474s
sys	0m0.000s
 
157975690.7399002 164380665.8450001

real	0m0.577s
user	0m0.578s
sys	0m0.000s
 
27065907086.64726 28163538210.734

real	0m0.643s
user	0m0.639s
sys	0m0.005s
 
128614163.4402999 133441028.6953997 138267893.9505

real	0m0.765s
user	0m0.762s
sys	0m0.004s
 
17202407856.50187 17848340807.38918 18494273758.27599

real	0m0.779s
user	0m0.780s
sys	0m0.000s
 
2.2266 2.2836 2.3406 2.397600000000001

real	0m0.798s
user	0m0.798s
sys	0m0.001s
 
73.52180000000001 74.6944 86.4204 87.59300000000002

real	0m3.438s
user	0m3.435s
sys	0m0.005s
 
609.1862 615.0844000000001 774.3358000000001 780.2340000000002

real	0m3.218s
user	0m3.218s
sys	0m0.001s
 
31020069.53999998 31057579.07999998 45948866.45999996 45986376.00000001

real	0m6.488s
user	0m6.461s
sys	0m0.012s
 
3948765877.809497 3955170852.914604 5863853434.234404 5870258409.339499

real	0m6.189s
user	0m6.162s
sys	0m0.012s
 
629070346650.9426 630167977775.031 934211799147.1235 935309430271.2021

real	0m3.378s
user	0m3.344s
sys	0m0.020s
 
72549439.0166 72565446.85879999 108086848.7006 108102856.5428001

real	0m5.710s
user	0m5.686s
sys	0m0.012s
 
324096005.6180002 324108897.3359997 483218480.892 483231372.6099998

real	0m3.177s
user	0m3.135s
sys	0m0.032s
 
10829665.1294 10829701.4254 15310551.5134 15310587.8094

real	0m2.010s
user	0m1.966s
sys	0m0.040s
 
107135690886248 108233331157370.3 147748380917728.1 148846021188851.3

real	0m2.138s
user	0m2.089s
sys	0m0.044s
 
OUTER
 
101.277 104.346 110.4774 113.8252

real	0m3.856s
user	0m3.852s
sys	0m0.004s
 
96.84840000000001 99.04950000000002 108.045 110.446

real	0m3.682s
user	0m3.681s
sys	0m0.000s
 
94.13800000000002 95.84960000000002 106.419 108.286

real	0m3.601s
user	0m3.601s
sys	0m0.000s
 
14.5684 14.5728 16.60140000000001 16.606

real	0m1.691s
user	0m1.690s
sys	0m0.000s
 
10.164 10.2025 11.913 11.9548

real	0m2.049s
user	0m2.049s
sys	0m0.000s
 
955.9242 956.3004 1135.8438 1136.254

real	0m1.746s
user	0m1.736s
sys	0m0.004s
 
86477.05440000001 86480.57660000001 102897.9582 102901.8004

real	0m2.531s
user	0m2.473s
sys	0m0.048s
 
27312.9912 27313.3443 32486.685 32487.07

real	0m1.529s
user	0m1.519s
sys	0m0.004s
 
MAT_MAT
 
8054296.570499997 8377212.617400005 11041896.78059999 11521723.02599998

real	0m1.518s
user	0m1.518s
sys	0m0.000s
 
67005585.50399998 69693523.28640002 92209626.6390001 96222702.65399998

real	0m1.932s
user	0m1.928s
sys	0m0.004s
 
56602.02200000002 58658.48450000003 83130.86099999996 86296.01680000003

real	0m2.494s
user	0m2.493s
sys	0m0.001s
 
297546749.5919997 308581623.7314994 440770097.583 457946307.1219999

real	0m2.581s
user	0m2.574s
sys	0m0.004s
 
301.3441 301.7106 379.168 379.5840000000001

real	0m1.796s
user	0m1.791s
sys	0m0.004s
 
45022.4809 45027.16379999999 57025.89409999999 57031.226

real	0m2.376s
user	0m2.350s
sys	0m0.020s
 
79343.34260000002 79353.49420000002 105856.4262 105868.395

real	0m1.948s
user	0m1.935s
sys	0m0.009s
 
77470.43699999999 77485.73999999999 107948.34 107966.91

real	0m1.482s
user	0m1.466s
sys	0m0.013s
 
109.241 111.7864 142.1856 145.251

real	0m2.679s
user	0m2.674s
sys	0m0.005s
 
1739639.1343 1765026.6362 3156552.835599999 3194056.931000001

real	0m4.037s
user	0m4.036s
sys	0m0.000s
 
40128631.98950006 40455680.77900002 81101463.51099998 81608296.35000008

real	0m2.758s
user	0m2.753s
sys	0m0.004s
 
185145.8628 186726.9552 353878.6176 356259.936

real	0m4.002s
user	0m3.997s
sys	0m0.000s
 
5650057.303000003 5674398.905999999 11835110.684 11873364.25000001

real	0m3.119s
user	0m3.118s
sys	0m0.000s
 
3539227257.462 3543179262.324003 8019509498.519998 8025995052.400001

real	0m1.134s
user	0m1.123s
sys	0m0.008s
 
66219776245.92168 66260257446.05717 151986883006.3699 152053753059.55

real	0m1.198s
user	0m1.187s
sys	0m0.008s
 
166212294937.3991 166288626284.498 382568140639.0098 382694366833.2999

real	0m1.190s
user	0m1.163s
sys	0m0.024s
 
608720333715.4655 608956501509.1871 1405127495482.165 1405518727998.903

real	0m2.442s
user	0m2.388s
sys	0m0.048s
 
TRANS1
 
8054296.570499997 8377212.617400005 11041896.78059999 11521723.02599998

real	0m2.484s
user	0m2.483s
sys	0m0.001s
 
67005585.50399998 69693523.28640002 92209626.6390001 96222702.65399998

real	0m3.241s
user	0m3.241s
sys	0m0.000s
 
56602.02200000002 58658.48450000003 83130.86099999996 86296.01680000003

real	0m2.276s
user	0m2.275s
sys	0m0.001s
 
297546749.5919997 308581623.7314994 440770097.583 457946307.1219999

real	0m2.102s
user	0m2.100s
sys	0m0.000s
 
301.3441 301.7106 379.168 379.5840000000001

real	0m1.897s
user	0m1.896s
sys	0m0.000s
 
45022.4809 45027.16379999999 57025.89409999999 57031.226

real	0m2.423s
user	0m2.397s
sys	0m0.021s
 
79343.34260000002 79353.49420000002 105856.4262 105868.395

real	0m2.350s
user	0m2.340s
sys	0m0.005s
 
77470.43699999999 77485.73999999999 107948.34 107966.91

real	0m2.065s
user	0m2.044s
sys	0m0.013s
 
109.241 111.7864 142.1856 145.251

real	0m3.037s
user	0m3.036s
sys	0m0.000s
 
1739639.1343 1765026.6362 3156552.835599999 3194056.931000001

real	0m4.987s
user	0m4.983s
sys	0m0.001s
 
40128631.98950006 40455680.77900002 81101463.51099998 81608296.35000008

real	0m3.973s
user	0m3.968s
sys	0m0.001s
 
185145.8628 186726.9552 353878.6176 356259.936

real	0m5.586s
user	0m5.585s
sys	0m0.000s
 
5650057.303000003 5674398.905999999 11835110.684 11873364.25000001

real	0m5.102s
user	0m5.101s
sys	0m0.001s
 
3539227257.462 3543179262.324003 8019509498.519998 8025995052.400001

real	0m1.770s
user	0m1.766s
sys	0m0.001s
 
66219776245.92168 66260257446.05717 151986883006.3699 152053753059.55

real	0m2.115s
user	0m2.090s
sys	0m0.021s
 
166212294937.3991 166288626284.498 382568140639.0098 382694366833.2999

real	0m1.854s
user	0m1.814s
sys	0m0.032s
 
608720333715.4655 608956501509.1871 1405127495482.165 1405518727998.903

real	0m3.846s
user	0m3.778s
sys	0m0.052s
 
1512441.733 1524415.266 2968657.650000001 2986772.5

real	0m2.988s
user	0m2.978s
sys	0m0.009s
 
608720333715.4655 608956501509.1871 1405127495482.165 1405518727998.903

real	0m1.989s
user	0m1.930s
sys	0m0.045s
 
TRANS2
 
8054296.570499997 8377212.617400005 11041896.78059999 11521723.02599998

real	0m3.176s
user	0m3.172s
sys	0m0.004s
 
67005585.50399998 69693523.28640002 92209626.6390001 96222702.65399998

real	0m6.097s
user	0m6.096s
sys	0m0.000s
 
56602.02200000002 58658.48450000003 83130.86099999996 86296.01680000003

real	0m2.522s
user	0m2.516s
sys	0m0.004s
 
297546749.5919997 308581623.7314994 440770097.583 457946307.1219999

real	0m4.258s
user	0m4.250s
sys	0m0.004s
 
301.3441 301.7106 379.168 379.5840000000001

real	0m1.854s
user	0m1.853s
sys	0m0.000s
 
45022.4809 45027.16379999999 57025.89409999999 57031.226

real	0m2.380s
user	0m2.359s
sys	0m0.016s
 
79343.34260000002 79353.49420000002 105856.4262 105868.395

real	0m2.065s
user	0m2.052s
sys	0m0.008s
 
77470.43699999999 77485.73999999999 107948.34 107966.91

real	0m1.534s
user	0m1.523s
sys	0m0.008s
 
109.241 111.7864 142.1856 145.251

real	0m2.571s
user	0m2.566s
sys	0m0.004s
 
1739639.1343 1765026.6362 3156552.835599999 3194056.931000001

real	0m4.132s
user	0m4.131s
sys	0m0.000s
 
40128631.98950006 40455680.77900002 81101463.51099998 81608296.35000008

real	0m2.964s
user	0m2.960s
sys	0m0.000s
 
185145.8628 186726.9552 353878.6176 356259.936

real	0m4.634s
user	0m4.626s
sys	0m0.004s
 
5650057.303000003 5674398.905999999 11835110.684 11873364.25000001

real	0m3.736s
user	0m3.734s
sys	0m0.001s
 
3539227257.462 3543179262.324003 8019509498.519998 8025995052.400001

real	0m1.253s
user	0m1.238s
sys	0m0.013s
 
66219776245.92168 66260257446.05717 151986883006.3699 152053753059.55

real	0m1.468s
user	0m1.435s
sys	0m0.025s
 
166212294937.3991 166288626284.498 382568140639.0098 382694366833.2999

real	0m1.338s
user	0m1.298s
sys	0m0.036s
 
608720333715.4655 608956501509.1871 1405127495482.165 1405518727998.903

real	0m2.729s
user	0m2.667s
sys	0m0.053s
 
1512441.733 1524415.266 2968657.650000001 2986772.5

real	0m2.391s
user	0m2.390s
sys	0m0.001s
 
608720333715.4655 608956501509.1871 1405127495482.165 1405518727998.903

real	0m1.425s
user	0m1.397s
sys	0m0.024s
 
TRANS12
 
8054296.570499997 8377212.617400005 11041896.78059999 11521723.02599998

real	0m1.908s
user	0m1.904s
sys	0m0.004s
 
67005585.50399998 69693523.28640002 92209626.6390001 96222702.65399998

real	0m2.481s
user	0m2.476s
sys	0m0.000s
 
56602.02200000002 58658.48450000003 83130.86099999996 86296.01680000003

real	0m1.479s
user	0m1.475s
sys	0m0.004s
 
297546749.5919997 308581623.7314994 440770097.583 457946307.1219999

real	0m1.499s
user	0m1.494s
sys	0m0.004s
 
301.3441 301.7106 379.168 379.5840000000001

real	0m4.348s
user	0m4.347s
sys	0m0.000s
 
45022.4809 45027.16379999999 57025.89409999999 57031.226

real	0m6.160s
user	0m6.134s
sys	0m0.013s
 
79343.34260000002 79353.49420000002 105856.4262 105868.395

real	0m4.291s
user	0m4.269s
sys	0m0.013s
 
77470.43699999999 77485.73999999999 107948.34 107966.91

real	0m3.100s
user	0m3.076s
sys	0m0.012s
 
109.241 111.7864 142.1856 145.251

real	0m2.894s
user	0m2.889s
sys	0m0.005s
 
1739639.1343 1765026.6362 3156552.835599999 3194056.931000001

real	0m3.793s
user	0m3.792s
sys	0m0.000s
 
40128631.98950006 40455680.77900002 81101463.51099998 81608296.35000008

real	0m2.741s
user	0m2.740s
sys	0m0.001s
 
185145.8628 186726.9552 353878.6176 356259.936

real	0m3.736s
user	0m3.731s
sys	0m0.005s
 
5650057.303000003 5674398.905999999 11835110.684 11873364.25000001

real	0m3.000s
user	0m2.999s
sys	0m0.001s
 
3539227257.462 3543179262.324003 8019509498.519998 8025995052.400001

real	0m1.193s
user	0m1.198s
sys	0m0.013s
 
66219776245.92168 66260257446.05717 151986883006.3699 152053753059.55

real	0m1.518s
user	0m1.546s
sys	0m0.029s
 
166212294937.3991 166288626284.498 382568140639.0098 382694366833.2999

real	0m1.463s
user	0m1.484s
sys	0m0.025s
 
608720333715.4655 608956501509.1871 1405127495482.165 1405518727998.903

real	0m3.040s
user	0m3.040s
sys	0m0.066s
 
SPECIAL
 
0.04840000000000001

real	0m2.035s
user	0m2.067s
sys	0m0.004s
 
0.04840000000000001

real	0m2.259s
user	0m2.288s
sys	0m0.000s
 
0.04840000000000001

real	0m1.605s
user	0m1.621s
sys	0m0.000s
 
53.79660000000001 53.79880000000001 58.68060000000001 58.68280000000001

real	0m3.383s
user	0m3.403s
sys	0m0.004s
 
53.79660000000001 53.79880000000001 58.68060000000001 58.68280000000001

real	0m3.505s
user	0m3.520s
sys	0m0.000s
 
9698907.663399996

real	0m1.018s
user	0m1.017s
sys	0m0.004s
 
9698907.663399996

real	0m1.021s
user	0m1.023s
sys	0m0.000s
 
0.04840000000000001

real	0m3.315s
user	0m3.318s
sys	0m0.000s
 
53.79660000000001 53.79880000000001 58.68060000000001 58.68280000000001

real	0m3.433s
user	0m3.437s
sys	0m0.000s
 
53.79660000000001 53.79880000000001 58.68060000000001 58.68280000000001

real	0m3.431s
user	0m3.433s
sys	0m0.000s
 
9698907.663399996

real	0m1.040s
user	0m1.040s
sys	0m0.000s
 
3948765877.809497 3955170852.914604 5863853434.234404 5870258409.339499

real	0m4.753s
user	0m4.636s
sys	0m0.000s
 
3948765877.809497 3955170852.914604 5863853434.234404 5870258409.339499

real	0m4.925s
user	0m4.827s
sys	0m0.012s
 
0.04840000000000001

real	0m3.605s
user	0m3.573s
sys	0m0.001s
 
53.79660000000001 53.79880000000001 58.68060000000001 58.68280000000001

real	0m3.504s
user	0m3.483s
sys	0m0.001s
 
53.79660000000001 53.79880000000001 58.68060000000001 58.68280000000001

real	0m3.445s
user	0m3.430s
sys	0m0.001s
 
9698907.663399996

real	0m1.046s
user	0m1.038s
sys	0m0.005s
 
3948765877.809497 3955170852.914604 5863853434.234404 5870258409.339499

real	0m4.871s
user	0m4.837s
sys	0m0.012s
 
3948765877.809497 3955170852.914604 5863853434.234404 5870258409.339499

real	0m4.841s
user	0m4.818s
sys	0m0.005s
 
0.04840000000000001

real	0m3.507s
user	0m3.531s
sys	0m0.004s
 
53.79660000000001 53.79880000000001 58.68060000000001 58.68280000000001

real	0m3.398s
user	0m3.475s
sys	0m0.000s
 
53.79660000000001 53.79880000000001 58.68060000000001 58.68280000000001

real	0m3.349s
user	0m3.387s
sys	0m0.008s
 
9698907.663399996

real	0m1.026s
user	0m1.038s
sys	0m0.000s
 
3948765877.809497 3955170852.914604 5863853434.234404 5870258409.339499

real	0m4.611s
user	0m4.634s
sys	0m0.004s
 
3948765877.809497 3955170852.914604 5863853434.234404 5870258409.339499

real	0m4.656s
user	0m4.654s
sys	0m0.008s
 
0.04840000000000001

real	0m3.351s
user	0m3.359s
sys	0m0.000s
 
53.79660000000001 53.79880000000001 58.68060000000001 58.68280000000001

real	0m3.424s
user	0m3.429s
sys	0m0.000s
 
53.79660000000001 53.79880000000001 58.68060000000001 58.68280000000001

real	0m3.420s
user	0m3.423s
sys	0m0.000s
 
9698907.663399996

real	0m1.040s
user	0m1.036s
sys	0m0.004s
 
3948765877.809497 3955170852.914604 5863853434.234404 5870258409.339499

real	0m4.862s
user	0m4.835s
sys	0m0.016s
 
3948765877.809497 3955170852.914604 5863853434.234404 5870258409.339499

real	0m4.673s
user	0m4.642s
sys	0m0.008s
 
3037.1121 3037.6632 3611.409 3612.01

real	0m3.929s
user	0m3.900s
sys	0m0.008s
 
3037.1121 3037.6632 3611.409 3612.01

real	0m3.936s
user	0m3.909s
sys	0m0.008s
 
3037.1121 3037.6632 3611.409 3612.01

real	0m3.928s
user	0m3.909s
sys	0m0.000s
 
3037.1121 3037.6632 3611.409 3612.01

real	0m3.934s
user	0m3.915s
sys	0m0.001s
 
SEQUENCE
 
37624.35618 38872.44188 52954.76458 54712.31628

real	0m1.256s
user	0m1.250s
sys	0m0.005s
 
4350478614.186048 4405620767.888449 7321622135.843186 7393481577.214199

real	0m1.786s
user	0m1.780s
sys	0m0.005s
 
18696443068.18007 18840087100.15867 37617583432.7108 37823564976.3486

real	0m1.879s
user	0m1.873s
sys	0m0.004s
 
4.901614166865179e+18 4.912723296455448e+18 1.084442578747924e+19 1.086100449795465e+19

real	0m1.208s
user	0m1.205s
sys	0m0.000s
 
1.647418946230568e+16 1.649160037624473e+16 3.768465979697054e+16 3.771108024027194e+16

real	0m1.695s
user	0m1.670s
sys	0m0.021s
 
4.48881116501821e+17 4.490640601531962e+17 1.03730934601686e+18 1.03758774958278e+18

real	0m1.170s
user	0m1.122s
sys	0m0.045s
 
4.48881116501821e+17 4.490640601531962e+17 1.03730934601686e+18 1.03758774958278e+18

real	0m3.222s
user	0m3.178s
sys	0m0.037s
 
4.48881116501821e+17 4.490640601531962e+17 1.03730934601686e+18 1.03758774958278e+18

real	0m3.555s
user	0m3.501s
sys	0m0.044s
 
8.382424294553979e+29 8.385850640122295e+29 1.937388035390321e+30 1.93790724339292e+30

real	0m1.300s
user	0m1.253s
sys	0m0.044s
 
8.382424294553979e+29 8.385850640122295e+29 1.937388035390321e+30 1.93790724339292e+30

real	0m1.978s
user	0m1.905s
sys	0m0.068s
 
8.382424294553979e+29 8.385850640122295e+29 1.937388035390321e+30 1.93790724339292e+30

real	0m2.052s
user	0m1.986s
sys	0m0.060s
 
8.382424294553979e+29 8.385850640122295e+29 1.937388035390321e+30 1.93790724339292e+30

real	0m1.996s
user	0m1.943s
sys	0m0.048s
 
8.382424294553979e+29 8.385850640122295e+29 1.937388035390321e+30 1.93790724339292e+30

real	0m1.885s
user	0m1.836s
sys	0m0.044s
 
8.382424294553979e+29 8.385850640122295e+29 1.937388035390321e+30 1.93790724339292e+30

real	0m1.924s
user	0m1.882s
sys	0m0.036s
 
374124590164.9393 378323909405.297 483306890414.2386 487506209654.5964

real	0m1.782s
user	0m1.775s
sys	0m0.005s
 
8003498375443.188 8040830216224.574 11400695886549.59 11438027727330.98

real	0m1.891s
user	0m1.890s
sys	0m0.000s
 
467292080353.7709 473215316635.7608 603526514839.5372 609449751121.5272

real	0m1.872s
user	0m1.870s
sys	0m0.000s
 
22856685758006.32 23032721850853.32 32186598678896.97 32362634771743.98

real	0m1.713s
user	0m1.707s
sys	0m0.001s
