 
VEC_VEC
 
174.0387

real	0m24.672s
user	0m49.384s
sys	0m0.004s
 
9698907.663399996

real	0m1.371s
user	0m2.741s
sys	0m0.000s
 
24900423491.09201

real	0m1.392s
user	0m2.779s
sys	0m0.004s
 
24900741320632.71

real	0m2.295s
user	0m4.572s
sys	0m0.004s
 
2.490083360868967e+16

real	0m2.295s
user	0m4.520s
sys	0m0.012s
 
VEC_MAT
 
178.7929000000001 178.8030000000001 201.2149000000001 201.2250000000001

real	0m1.946s
user	0m3.857s
sys	0m0.000s
 
992.6821000000002 992.6922000000003 1117.3464 1117.3565

real	0m0.918s
user	0m1.828s
sys	0m0.004s
 
390.3932 390.4204 450.7772000000001 450.8044

real	0m5.263s
user	0m10.502s
sys	0m0.004s
 
2166.9797 2167.0069 2502.7093 2502.7365

real	0m2.802s
user	0m5.592s
sys	0m0.000s
 
157975690.7399002 164380665.8450001

real	0m0.779s
user	0m1.506s
sys	0m0.000s
 
27065907086.64726 28163538210.734

real	0m0.734s
user	0m1.456s
sys	0m0.004s
 
128614163.4402999 133441028.6953997 138267893.9505

real	0m0.969s
user	0m1.927s
sys	0m0.004s
 
17202407856.50187 17848340807.38918 18494273758.27599

real	0m0.923s
user	0m1.837s
sys	0m0.004s
 
2.2266 2.2836 2.3406 2.397600000000001

real	0m9.388s
user	0m18.713s
sys	0m0.008s
 
73.52180000000001 74.6944 86.4204 87.59300000000002

real	0m11.938s
user	0m23.816s
sys	0m0.008s
 
609.1862 615.0844000000001 774.3358000000001 780.2340000000002

real	0m7.299s
user	0m14.529s
sys	0m0.000s
 
31020069.53999998 31057579.07999998 45948866.45999996 45986376.00000001

real	0m6.979s
user	0m13.923s
sys	0m0.000s
 
3948765877.809497 3955170852.914604 5863853434.234404 5870258409.339499

real	0m6.626s
user	0m13.088s
sys	0m0.008s
 
629070346650.9426 630167977775.031 934211799147.1235 935309430271.2021

real	0m4.356s
user	0m7.838s
sys	0m0.040s
 
72549439.0166 72565446.85879999 108086848.7006 108102856.5428001

real	0m6.853s
user	0m13.606s
sys	0m0.008s
 
324096005.6180002 324108897.3359997 483218480.892 483231372.6099998

real	0m3.705s
user	0m7.299s
sys	0m0.036s
 
10829665.1294 10829701.4254 15310551.5134 15310587.8094

real	0m2.929s
user	0m5.725s
sys	0m0.040s
 
107135690886248 108233331157370.3 147748380917728.1 148846021188851.3

real	0m2.252s
user	0m4.420s
sys	0m0.040s
 
MAT_VEC
 
178.7929000000001 178.8030000000001 201.2149000000001 201.2250000000001

real	0m1.862s
user	0m3.716s
sys	0m0.005s
 
992.6821000000002 992.6922000000003 1117.3464 1117.3565

real	0m1.047s
user	0m2.095s
sys	0m0.004s
 
390.3932 390.4204 450.7772000000001 450.8044

real	0m2.696s
user	0m5.407s
sys	0m0.004s
 
2166.9797 2167.0069 2502.7093 2502.7365

real	0m1.544s
user	0m3.044s
sys	0m0.004s
 
157975690.7399002 164380665.8450001

real	0m0.698s
user	0m1.397s
sys	0m0.000s
 
27065907086.64726 28163538210.734

real	0m0.693s
user	0m1.385s
sys	0m0.000s
 
128614163.4402999 133441028.6953997 138267893.9505

real	0m0.838s
user	0m1.674s
sys	0m0.004s
 
17202407856.50187 17848340807.38918 18494273758.27599

real	0m0.790s
user	0m1.581s
sys	0m0.000s
 
2.2266 2.2836 2.3406 2.397600000000001

real	0m8.219s
user	0m16.428s
sys	0m0.004s
 
73.52180000000001 74.6944 86.4204 87.59300000000002

real	0m10.665s
user	0m21.278s
sys	0m0.004s
 
609.1862 615.0844000000001 774.3358000000001 780.2340000000002

real	0m6.222s
user	0m12.442s
sys	0m0.004s
 
31020069.53999998 31057579.07999998 45948866.45999996 45986376.00000001

real	0m6.153s
user	0m12.247s
sys	0m0.004s
 
3948765877.809497 3955170852.914604 5863853434.234404 5870258409.339499

real	0m6.228s
user	0m12.369s
sys	0m0.016s
 
629070346650.9426 630167977775.031 934211799147.1235 935309430271.2021

real	0m3.331s
user	0m6.580s
sys	0m0.028s
 
72549439.0166 72565446.85879999 108086848.7006 108102856.5428001

real	0m5.696s
user	0m11.349s
sys	0m0.008s
 
324096005.6180002 324108897.3359997 483218480.892 483231372.6099998

real	0m3.144s
user	0m6.173s
sys	0m0.024s
 
10829665.1294 10829701.4254 15310551.5134 15310587.8094

real	0m2.036s
user	0m3.948s
sys	0m0.036s
 
107135690886248 108233331157370.3 147748380917728.1 148846021188851.3

real	0m2.133s
user	0m4.147s
sys	0m0.048s
 
OUTER
 
101.277 104.346 110.4774 113.8252

real	0m4.306s
user	0m8.559s
sys	0m0.013s
 
96.84840000000001 99.04950000000002 108.045 110.446

real	0m4.024s
user	0m8.043s
sys	0m0.000s
 
94.13800000000002 95.84960000000002 106.419 108.286

real	0m4.034s
user	0m8.061s
sys	0m0.000s
 
14.5684 14.5728 16.60140000000001 16.606

real	0m3.867s
user	0m7.678s
sys	0m0.004s
 
10.164 10.2025 11.913 11.9548

real	0m5.757s
user	0m11.491s
sys	0m0.008s
 
955.9242 956.3004 1135.8438 1136.254

real	0m2.421s
user	0m4.803s
sys	0m0.000s
 
86477.05440000001 86480.57660000001 102897.9582 102901.8004

real	0m2.542s
user	0m4.905s
sys	0m0.052s
 
27312.9912 27313.3443 32486.685 32487.07

real	0m1.526s
user	0m2.990s
sys	0m0.020s
 
MAT_MAT
 
8054296.570499997 8377212.617400005 11041896.78059999 11521723.02599998

real	0m1.567s
user	0m3.126s
sys	0m0.004s
 
67005585.50399998 69693523.28640002 92209626.6390001 96222702.65399998

real	0m1.966s
user	0m3.927s
sys	0m0.000s
 
56602.02200000002 58658.48450000003 83130.86099999996 86296.01680000003

real	0m2.620s
user	0m5.163s
sys	0m0.008s
 
297546749.5919997 308581623.7314994 440770097.583 457946307.1219999

real	0m2.909s
user	0m5.313s
sys	0m0.012s
 
301.3441 301.7106 379.168 379.5840000000001

real	0m2.956s
user	0m5.184s
sys	0m0.016s
 
45022.4809 45027.16379999999 57025.89409999999 57031.226

real	0m2.494s
user	0m4.890s
sys	0m0.008s
 
79343.34260000002 79353.49420000002 105856.4262 105868.395

real	0m2.099s
user	0m4.083s
sys	0m0.012s
 
77470.43699999999 77485.73999999999 107948.34 107966.91

real	0m1.520s
user	0m2.988s
sys	0m0.008s
 
109.241 111.7864 142.1856 145.251

real	0m4.229s
user	0m8.393s
sys	0m0.004s
 
1739639.1343 1765026.6362 3156552.835599999 3194056.931000001

real	0m4.076s
user	0m8.088s
sys	0m0.000s
 
40128631.98950006 40455680.77900002 81101463.51099998 81608296.35000008

real	0m2.756s
user	0m5.493s
sys	0m0.000s
 
185145.8628 186726.9552 353878.6176 356259.936

real	0m4.123s
user	0m8.219s
sys	0m0.004s
 
5650057.303000003 5674398.905999999 11835110.684 11873364.25000001

real	0m3.071s
user	0m6.122s
sys	0m0.004s
 
3539227257.462 3543179262.324003 8019509498.519998 8025995052.400001

real	0m1.134s
user	0m2.211s
sys	0m0.004s
 
66219776245.92168 66260257446.05717 151986883006.3699 152053753059.55

real	0m0.778s
user	0m2.336s
sys	0m0.024s
 
166212294937.3991 166288626284.498 382568140639.0098 382694366833.2999

real	0m1.190s
user	0m2.298s
sys	0m0.028s
 
608720333715.4655 608956501509.1871 1405127495482.165 1405518727998.903

real	0m2.443s
user	0m4.754s
sys	0m0.048s
 
TRANS1
 
8054296.570499997 8377212.617400005 11041896.78059999 11521723.02599998

real	0m2.539s
user	0m5.065s
sys	0m0.000s
 
67005585.50399998 69693523.28640002 92209626.6390001 96222702.65399998

real	0m3.324s
user	0m6.582s
sys	0m0.004s
 
56602.02200000002 58658.48450000003 83130.86099999996 86296.01680000003

real	0m2.320s
user	0m4.630s
sys	0m0.000s
 
297546749.5919997 308581623.7314994 440770097.583 457946307.1219999

real	0m2.360s
user	0m4.478s
sys	0m0.004s
 
301.3441 301.7106 379.168 379.5840000000001

real	0m1.972s
user	0m3.936s
sys	0m0.000s
 
45022.4809 45027.16379999999 57025.89409999999 57031.226

real	0m2.469s
user	0m4.853s
sys	0m0.012s
 
79343.34260000002 79353.49420000002 105856.4262 105868.395

real	0m2.373s
user	0m4.678s
sys	0m0.012s
 
77470.43699999999 77485.73999999999 107948.34 107966.91

real	0m2.072s
user	0m4.103s
sys	0m0.012s
 
109.241 111.7864 142.1856 145.251

real	0m5.668s
user	0m10.206s
sys	0m0.000s
 
1739639.1343 1765026.6362 3156552.835599999 3194056.931000001

real	0m5.005s
user	0m9.976s
sys	0m0.004s
 
40128631.98950006 40455680.77900002 81101463.51099998 81608296.35000008

real	0m4.058s
user	0m7.930s
sys	0m0.000s
 
185145.8628 186726.9552 353878.6176 356259.936

real	0m5.708s
user	0m11.230s
sys	0m0.008s
 
5650057.303000003 5674398.905999999 11835110.684 11873364.25000001

real	0m5.150s
user	0m10.208s
sys	0m0.004s
 
3539227257.462 3543179262.324003 8019509498.519998 8025995052.400001

real	0m1.814s
user	0m3.541s
sys	0m0.004s
 
66219776245.92168 66260257446.05717 151986883006.3699 152053753059.55

real	0m2.121s
user	0m4.150s
sys	0m0.028s
 
166212294937.3991 166288626284.498 382568140639.0098 382694366833.2999

real	0m1.854s
user	0m3.582s
sys	0m0.036s
 
608720333715.4655 608956501509.1871 1405127495482.165 1405518727998.903

real	0m3.846s
user	0m7.464s
sys	0m0.060s
 
1512441.733 1524415.266 2968657.650000001 2986772.5

real	0m3.025s
user	0m6.000s
sys	0m0.000s
 
608720333715.4655 608956501509.1871 1405127495482.165 1405518727998.903

real	0m1.979s
user	0m3.783s
sys	0m0.048s
 
TRANS2
 
8054296.570499997 8377212.617400005 11041896.78059999 11521723.02599998

real	0m3.214s
user	0m6.399s
sys	0m0.013s
 
67005585.50399998 69693523.28640002 92209626.6390001 96222702.65399998

real	0m6.234s
user	0m12.436s
sys	0m0.000s
 
56602.02200000002 58658.48450000003 83130.86099999996 86296.01680000003

real	0m2.590s
user	0m5.144s
sys	0m0.004s
 
297546749.5919997 308581623.7314994 440770097.583 457946307.1219999

real	0m3.854s
user	0m7.700s
sys	0m0.000s
 
301.3441 301.7106 379.168 379.5840000000001

real	0m1.966s
user	0m3.889s
sys	0m0.004s
 
45022.4809 45027.16379999999 57025.89409999999 57031.226

real	0m2.445s
user	0m4.843s
sys	0m0.012s
 
79343.34260000002 79353.49420000002 105856.4262 105868.395

real	0m2.138s
user	0m4.225s
sys	0m0.016s
 
77470.43699999999 77485.73999999999 107948.34 107966.91

real	0m1.542s
user	0m3.056s
sys	0m0.004s
 
109.241 111.7864 142.1856 145.251

real	0m4.832s
user	0m8.916s
sys	0m0.004s
 
1739639.1343 1765026.6362 3156552.835599999 3194056.931000001

real	0m4.256s
user	0m8.383s
sys	0m0.004s
 
40128631.98950006 40455680.77900002 81101463.51099998 81608296.35000008

real	0m2.962s
user	0m5.902s
sys	0m0.000s
 
185145.8628 186726.9552 353878.6176 356259.936

real	0m4.693s
user	0m9.328s
sys	0m0.000s
 
5650057.303000003 5674398.905999999 11835110.684 11873364.25000001

real	0m3.717s
user	0m7.420s
sys	0m0.004s
 
3539227257.462 3543179262.324003 8019509498.519998 8025995052.400001

real	0m1.254s
user	0m2.484s
sys	0m0.004s
 
66219776245.92168 66260257446.05717 151986883006.3699 152053753059.55

real	0m1.464s
user	0m2.856s
sys	0m0.020s
 
166212294937.3991 166288626284.498 382568140639.0098 382694366833.2999

real	0m1.342s
user	0m2.561s
sys	0m0.036s
 
608720333715.4655 608956501509.1871 1405127495482.165 1405518727998.903

real	0m2.729s
user	0m5.266s
sys	0m0.056s
 
1512441.733 1524415.266 2968657.650000001 2986772.5

real	0m2.396s
user	0m4.783s
sys	0m0.000s
 
608720333715.4655 608956501509.1871 1405127495482.165 1405518727998.903

real	0m1.424s
user	0m2.713s
sys	0m0.032s
 
TRANS12
 
8054296.570499997 8377212.617400005 11041896.78059999 11521723.02599998

real	0m1.953s
user	0m3.896s
sys	0m0.005s
 
67005585.50399998 69693523.28640002 92209626.6390001 96222702.65399998

real	0m2.548s
user	0m5.050s
sys	0m0.004s
 
56602.02200000002 58658.48450000003 83130.86099999996 86296.01680000003

real	0m1.505s
user	0m3.004s
sys	0m0.000s
 
297546749.5919997 308581623.7314994 440770097.583 457946307.1219999

real	0m1.555s
user	0m3.098s
sys	0m0.005s
 
301.3441 301.7106 379.168 379.5840000000001

real	0m4.515s
user	0m9.004s
sys	0m0.000s
 
45022.4809 45027.16379999999 57025.89409999999 57031.226

real	0m6.163s
user	0m12.125s
sys	0m0.020s
 
79343.34260000002 79353.49420000002 105856.4262 105868.395

real	0m4.275s
user	0m8.439s
sys	0m0.016s
 
77470.43699999999 77485.73999999999 107948.34 107966.91

real	0m3.120s
user	0m6.132s
sys	0m0.016s
 
109.241 111.7864 142.1856 145.251

real	0m4.497s
user	0m8.955s
sys	0m0.000s
 
1739639.1343 1765026.6362 3156552.835599999 3194056.931000001

real	0m3.854s
user	0m7.631s
sys	0m0.000s
 
40128631.98950006 40455680.77900002 81101463.51099998 81608296.35000008

real	0m2.744s
user	0m5.463s
sys	0m0.004s
 
185145.8628 186726.9552 353878.6176 356259.936

real	0m3.674s
user	0m7.324s
sys	0m0.000s
 
5650057.303000003 5674398.905999999 11835110.684 11873364.25000001

real	0m3.042s
user	0m6.028s
sys	0m0.004s
 
3539227257.462 3543179262.324003 8019509498.519998 8025995052.400001

real	0m1.207s
user	0m2.383s
sys	0m0.008s
 
66219776245.92168 66260257446.05717 151986883006.3699 152053753059.55

real	0m1.570s
user	0m3.053s
sys	0m0.016s
 
166212294937.3991 166288626284.498 382568140639.0098 382694366833.2999

real	0m1.524s
user	0m2.881s
sys	0m0.048s
 
608720333715.4655 608956501509.1871 1405127495482.165 1405518727998.903

real	0m3.111s
user	0m5.978s
sys	0m0.040s
 
SPECIAL
 
0.04840000000000001

real	0m24.616s
user	0m49.014s
sys	0m0.005s
 
0.04840000000000001

real	0m25.309s
user	0m49.456s
sys	0m0.020s
 
0.04840000000000001

real	0m24.392s
user	0m48.617s
sys	0m0.008s
 
53.79660000000001 53.79880000000001 58.68060000000001 58.68280000000001

real	0m4.163s
user	0m8.275s
sys	0m0.005s
 
53.79660000000001 53.79880000000001 58.68060000000001 58.68280000000001

real	0m4.190s
user	0m8.356s
sys	0m0.004s
 
9698907.663399996

real	0m1.386s
user	0m2.764s
sys	0m0.000s
 
9698907.663399996

real	0m1.429s
user	0m2.814s
sys	0m0.004s
 
0.04840000000000001

real	0m24.894s
user	0m49.621s
sys	0m0.008s
 
53.79660000000001 53.79880000000001 58.68060000000001 58.68280000000001

real	0m4.185s
user	0m8.356s
sys	0m0.000s
 
53.79660000000001 53.79880000000001 58.68060000000001 58.68280000000001

real	0m4.252s
user	0m8.453s
sys	0m0.004s
 
9698907.663399996

real	0m1.424s
user	0m2.842s
sys	0m0.000s
 
3948765877.809497 3955170852.914604 5863853434.234404 5870258409.339499

real	0m4.666s
user	0m9.266s
sys	0m0.024s
 
3948765877.809497 3955170852.914604 5863853434.234404 5870258409.339499

real	0m4.914s
user	0m9.728s
sys	0m0.008s
 
0.04840000000000001

real	0m25.689s
user	0m51.068s
sys	0m0.000s
 
53.79660000000001 53.79880000000001 58.68060000000001 58.68280000000001

real	0m5.570s
user	0m9.597s
sys	0m0.008s
 
53.79660000000001 53.79880000000001 58.68060000000001 58.68280000000001

real	0m4.877s
user	0m8.959s
sys	0m0.012s
 
9698907.663399996

real	0m1.460s
user	0m2.852s
sys	0m0.000s
 
3948765877.809497 3955170852.914604 5863853434.234404 5870258409.339499

real	0m4.913s
user	0m9.701s
sys	0m0.008s
 
3948765877.809497 3955170852.914604 5863853434.234404 5870258409.339499

real	0m4.923s
user	0m9.708s
sys	0m0.012s
 
0.04840000000000001

real	0m25.153s
user	0m50.075s
sys	0m0.000s
 
53.79660000000001 53.79880000000001 58.68060000000001 58.68280000000001

real	0m4.229s
user	0m8.421s
sys	0m0.004s
 
53.79660000000001 53.79880000000001 58.68060000000001 58.68280000000001

real	0m4.280s
user	0m8.509s
sys	0m0.004s
 
9698907.663399996

real	0m1.447s
user	0m2.887s
sys	0m0.000s
 
3948765877.809497 3955170852.914604 5863853434.234404 5870258409.339499

real	0m4.661s
user	0m9.267s
sys	0m0.012s
 
3948765877.809497 3955170852.914604 5863853434.234404 5870258409.339499

real	0m4.702s
user	0m9.316s
sys	0m0.004s
 
0.04840000000000001

real	0m24.712s
user	0m49.242s
sys	0m0.004s
 
53.79660000000001 53.79880000000001 58.68060000000001 58.68280000000001

real	0m4.228s
user	0m8.405s
sys	0m0.004s
 
53.79660000000001 53.79880000000001 58.68060000000001 58.68280000000001

real	0m4.213s
user	0m8.389s
sys	0m0.008s
 
9698907.663399996

real	0m1.434s
user	0m2.862s
sys	0m0.000s
 
3948765877.809497 3955170852.914604 5863853434.234404 5870258409.339499

real	0m4.904s
user	0m9.712s
sys	0m0.008s
 
3948765877.809497 3955170852.914604 5863853434.234404 5870258409.339499

real	0m4.674s
user	0m9.281s
sys	0m0.004s
 
3037.1121 3037.6632 3611.409 3612.01

real	0m4.183s
user	0m8.289s
sys	0m0.008s
 
3037.1121 3037.6632 3611.409 3612.01

real	0m4.144s
user	0m8.223s
sys	0m0.012s
 
3037.1121 3037.6632 3611.409 3612.01

real	0m4.162s
user	0m8.262s
sys	0m0.009s
 
3037.1121 3037.6632 3611.409 3612.01

real	0m4.596s
user	0m8.391s
sys	0m0.017s
 
SEQUENCE
 
37624.35618 38872.44188 52954.76458 54712.31628

real	0m1.684s
user	0m3.053s
sys	0m0.004s
 
4350478614.186048 4405620767.888449 7321622135.843186 7393481577.214199

real	0m1.211s
user	0m2.415s
sys	0m0.000s
 
18696443068.18007 18840087100.15867 37617583432.7108 37823564976.3486

real	0m1.151s
user	0m2.295s
sys	0m0.000s
 
4.901614166865179e+18 4.912723296455448e+18 1.084442578747924e+19 1.086100449795465e+19

real	0m0.848s
user	0m1.674s
sys	0m0.008s
 
1.647418946230568e+16 1.649160037624473e+16 3.768465979697054e+16 3.771108024027194e+16

real	0m1.654s
user	0m2.604s
sys	0m0.012s
 
4.48881116501821e+17 4.490640601531962e+17 1.03730934601686e+18 1.03758774958278e+18

real	0m0.859s
user	0m1.233s
sys	0m0.036s
 
4.48881116501821e+17 4.490640601531962e+17 1.03730934601686e+18 1.03758774958278e+18

real	0m3.222s
user	0m4.031s
sys	0m0.040s
 
4.48881116501821e+17 4.490640601531962e+17 1.03730934601686e+18 1.03758774958278e+18

real	0m3.551s
user	0m4.695s
sys	0m0.020s
 
8.382424294553979e+29 8.385850640122295e+29 1.937388035390321e+30 1.93790724339292e+30

real	0m1.047s
user	0m1.453s
sys	0m0.037s
 
8.382424294553979e+29 8.385850640122295e+29 1.937388035390321e+30 1.93790724339292e+30

real	0m1.978s
user	0m2.636s
sys	0m0.060s
 
8.382424294553979e+29 8.385850640122295e+29 1.937388035390321e+30 1.93790724339292e+30

real	0m2.059s
user	0m2.816s
sys	0m0.028s
 
8.382424294553979e+29 8.385850640122295e+29 1.937388035390321e+30 1.93790724339292e+30

real	0m1.995s
user	0m2.681s
sys	0m0.044s
 
8.382424294553979e+29 8.385850640122295e+29 1.937388035390321e+30 1.93790724339292e+30

real	0m1.904s
user	0m2.481s
sys	0m0.060s
 
8.382424294553979e+29 8.385850640122295e+29 1.937388035390321e+30 1.93790724339292e+30

real	0m1.924s
user	0m2.533s
sys	0m0.040s
 
374124590164.9393 378323909405.297 483306890414.2386 487506209654.5964

real	0m1.192s
user	0m2.374s
sys	0m0.004s
 
8003498375443.188 8040830216224.574 11400695886549.59 11438027727330.98

real	0m1.179s
user	0m2.314s
sys	0m0.004s
 
467292080353.7709 473215316635.7608 603526514839.5372 609449751121.5272

real	0m2.388s
user	0m4.758s
sys	0m0.004s
 
22856685758006.32 23032721850853.32 32186598678896.97 32362634771743.98

real	0m1.789s
user	0m3.571s
sys	0m0.000s
