 
VEC_VEC
 
174.0387

real	0m6.087s
user	0m5.244s
sys	0m0.008s
 
9698907.663399996

real	0m2.269s
user	0m2.240s
sys	0m0.004s
 
24900423491.09201

real	0m3.765s
user	0m3.708s
sys	0m0.016s
 
24900741320632.71

real	0m22.391s
user	0m22.076s
sys	0m0.012s
 
2.490083360868967e+16

real	0m23.246s
user	0m22.816s
sys	0m0.124s
 
VEC_MAT
 
178.7929000000001 178.8030000000001 201.2149000000001 201.2250000000001

real	0m21.467s
user	0m21.220s
sys	0m0.004s
 
992.6821000000002 992.6922000000003 1117.3464 1117.3565

real	0m12.401s
user	0m12.208s
sys	0m0.028s
 
390.3932 390.4204 450.7772000000001 450.8044

real	0m25.679s
user	0m25.372s
sys	0m0.004s
 
2166.9797 2167.0069 2502.7093 2502.7365

real	0m21.157s
user	0m20.144s
sys	0m0.008s
 
157975690.7399002 164380665.8450001

real	0m2.762s
user	0m2.724s
sys	0m0.000s
 
27065907086.64726 28163538210.734

real	0m4.790s
user	0m4.720s
sys	0m0.012s
 
128614163.4402999 133441028.6953997 138267893.9505

real	0m3.655s
user	0m3.616s
sys	0m0.000s
 
17202407856.50187 17848340807.38918 18494273758.27599

real	0m7.480s
user	0m7.392s
sys	0m0.008s
 
2.2266 2.2836 2.3406 2.397600000000001

real	0m3.198s
user	0m3.160s
sys	0m0.000s
 
73.52180000000001 74.6944 86.4204 87.59300000000002

real	0m12.951s
user	0m12.792s
sys	0m0.020s
 
609.1862 615.0844000000001 774.3358000000001 780.2340000000002

real	0m17.301s
user	0m17.032s
sys	0m0.004s
 
31020069.53999998 31057579.07999998 45948866.45999996 45986376.00000001

real	1m20.202s
user	1m18.160s
sys	0m0.072s
 
3948765877.809497 3955170852.914604 5863853434.234404 5870258409.339499

real	1m14.855s
user	1m13.280s
sys	0m0.128s
 
629070346650.9426 630167977775.031 934211799147.1235 935309430271.2021

real	0m44.192s
user	0m42.616s
sys	0m0.148s
 
72549439.0166 72565446.85879999 108086848.7006 108102856.5428001

real	1m12.871s
user	1m11.768s
sys	0m0.092s
 
324096005.6180002 324108897.3359997 483218480.892 483231372.6099998

real	0m39.016s
user	0m37.380s
sys	0m0.228s
 
10829665.1294 10829701.4254 15310551.5134 15310587.8094

real	0m27.620s
user	0m26.988s
sys	0m0.252s
 
107135690886248 108233331157370.3 147748380917728.1 148846021188851.3

real	0m38.900s
user	0m38.112s
sys	0m0.272s
 
MAT_VEC
 
178.7929000000001 178.8030000000001 201.2149000000001 201.2250000000001

real	0m9.987s
user	0m9.844s
sys	0m0.004s
 
992.6821000000002 992.6922000000003 1117.3464 1117.3565

real	0m6.673s
user	0m6.572s
sys	0m0.024s
 
390.3932 390.4204 450.7772000000001 450.8044

real	0m14.766s
user	0m14.584s
sys	0m0.012s
 
2166.9797 2167.0069 2502.7093 2502.7365

real	0m10.795s
user	0m9.796s
sys	0m0.012s
 
157975690.7399002 164380665.8450001

real	0m5.337s
user	0m5.268s
sys	0m0.000s
 
27065907086.64726 28163538210.734

real	0m5.971s
user	0m5.896s
sys	0m0.008s
 
128614163.4402999 133441028.6953997 138267893.9505

real	0m6.240s
user	0m6.168s
sys	0m0.004s
 
17202407856.50187 17848340807.38918 18494273758.27599

real	0m6.548s
user	0m6.468s
sys	0m0.000s
 
2.2266 2.2836 2.3406 2.397600000000001

real	0m2.786s
user	0m2.752s
sys	0m0.004s
 
73.52180000000001 74.6944 86.4204 87.59300000000002

real	0m11.647s
user	0m11.516s
sys	0m0.004s
 
609.1862 615.0844000000001 774.3358000000001 780.2340000000002

real	0m15.898s
user	0m15.672s
sys	0m0.028s
 
31020069.53999998 31057579.07999998 45948866.45999996 45986376.00000001

real	1m22.978s
user	1m21.500s
sys	0m0.072s
 
3948765877.809497 3955170852.914604 5863853434.234404 5870258409.339499

real	1m14.900s
user	1m13.800s
sys	0m0.048s
 
629070346650.9426 630167977775.031 934211799147.1235 935309430271.2021

real	0m39.374s
user	0m38.412s
sys	0m0.168s
 
72549439.0166 72565446.85879999 108086848.7006 108102856.5428001

real	1m17.571s
user	1m15.916s
sys	0m0.084s
 
324096005.6180002 324108897.3359997 483218480.892 483231372.6099998

real	0m46.896s
user	0m45.200s
sys	0m0.184s
 
10829665.1294 10829701.4254 15310551.5134 15310587.8094

real	0m44.239s
user	0m43.304s
sys	0m0.276s
 
107135690886248 108233331157370.3 147748380917728.1 148846021188851.3

real	0m28.378s
user	0m27.760s
sys	0m0.200s
 
OUTER
 
101.277 104.346 110.4774 113.8252

real	1m34.032s
user	1m32.176s
sys	0m0.032s
 
96.84840000000001 99.04950000000002 108.045 110.446

real	1m21.726s
user	1m19.812s
sys	0m0.020s
 
94.13800000000002 95.84960000000002 106.419 108.286

real	1m2.258s
user	1m1.476s
sys	0m0.052s
 
14.5684 14.5728 16.60140000000001 16.606

real	0m11.518s
user	0m11.392s
sys	0m0.000s
 
10.164 10.2025 11.913 11.9548

real	0m14.601s
user	0m14.408s
sys	0m0.008s
 
955.9242 956.3004 1135.8438 1136.254

real	0m22.928s
user	0m21.664s
sys	0m0.020s
 
86477.05440000001 86480.57660000001 102897.9582 102901.8004

real	0m17.229s
user	0m16.684s
sys	0m0.268s
 
27312.9912 27313.3443 32486.685 32487.07

real	0m12.426s
user	0m12.144s
sys	0m0.112s
 
MAT_MAT
 
8054296.570499997 8377212.617400005 11041896.78059999 11521723.02599998

real	0m19.504s
user	0m19.252s
sys	0m0.024s
 
67005585.50399998 69693523.28640002 92209626.6390001 96222702.65399998

real	0m24.600s
user	0m24.200s
sys	0m0.012s
 
56602.02200000002 58658.48450000003 83130.86099999996 86296.01680000003

real	0m19.498s
user	0m12.580s
sys	0m0.016s
 
297546749.5919997 308581623.7314994 440770097.583 457946307.1219999

real	0m32.154s
user	0m20.148s
sys	0m0.060s
 
301.3441 301.7106 379.168 379.5840000000001

real	0m14.765s
user	0m14.592s
sys	0m0.004s
 
45022.4809 45027.16379999999 57025.89409999999 57031.226

real	0m23.216s
user	0m22.744s
sys	0m0.104s
 
79343.34260000002 79353.49420000002 105856.4262 105868.395

real	0m18.262s
user	0m17.428s
sys	0m0.088s
 
77470.43699999999 77485.73999999999 107948.34 107966.91

real	0m13.227s
user	0m12.924s
sys	0m0.068s
 
109.241 111.7864 142.1856 145.251

real	0m12.202s
user	0m12.024s
sys	0m0.008s
 
1739639.1343 1765026.6362 3156552.835599999 3194056.931000001

real	0m26.899s
user	0m25.900s
sys	0m0.000s
 
40128631.98950006 40455680.77900002 81101463.51099998 81608296.35000008

real	0m21.194s
user	0m20.912s
sys	0m0.016s
 
185145.8628 186726.9552 353878.6176 356259.936

real	0m23.866s
user	0m23.576s
sys	0m0.012s
 
5650057.303000003 5674398.905999999 11835110.684 11873364.25000001

real	0m25.818s
user	0m25.444s
sys	0m0.024s
 
3539227257.462 3543179262.324003 8019509498.519998 8025995052.400001

real	0m33.455s
user	0m32.456s
sys	0m0.088s
 
66219776245.92168 66260257446.05717 151986883006.3699 152053753059.55

real	0m39.718s
user	0m38.680s
sys	0m0.156s
 
166212294937.3991 166288626284.498 382568140639.0098 382694366833.2999

real	0m34.914s
user	0m34.200s
sys	0m0.208s
 
608720333715.4655 608956501509.1871 1405127495482.165 1405518727998.903

real	1m11.198s
user	1m9.056s
sys	0m0.340s
 
TRANS1
 
8054296.570499997 8377212.617400005 11041896.78059999 11521723.02599998

real	0m10.681s
user	0m10.560s
sys	0m0.004s
 
67005585.50399998 69693523.28640002 92209626.6390001 96222702.65399998

real	0m13.489s
user	0m13.308s
sys	0m0.020s
 
56602.02200000002 58658.48450000003 83130.86099999996 86296.01680000003

real	0m8.135s
user	0m8.028s
sys	0m0.008s
 
297546749.5919997 308581623.7314994 440770097.583 457946307.1219999

real	0m14.389s
user	0m14.164s
sys	0m0.020s
 
301.3441 301.7106 379.168 379.5840000000001

real	0m23.838s
user	0m23.516s
sys	0m0.008s
 
45022.4809 45027.16379999999 57025.89409999999 57031.226

real	0m19.844s
user	0m19.448s
sys	0m0.076s
 
79343.34260000002 79353.49420000002 105856.4262 105868.395

real	0m16.498s
user	0m15.300s
sys	0m0.088s
 
77470.43699999999 77485.73999999999 107948.34 107966.91

real	0m11.258s
user	0m11.036s
sys	0m0.060s
 
109.241 111.7864 142.1856 145.251

real	0m10.688s
user	0m10.560s
sys	0m0.000s
 
1739639.1343 1765026.6362 3156552.835599999 3194056.931000001

real	0m20.867s
user	0m20.640s
sys	0m0.000s
 
40128631.98950006 40455680.77900002 81101463.51099998 81608296.35000008

real	0m17.324s
user	0m17.084s
sys	0m0.004s
 
185145.8628 186726.9552 353878.6176 356259.936

real	0m23.439s
user	0m23.120s
sys	0m0.012s
 
5650057.303000003 5674398.905999999 11835110.684 11873364.25000001

real	0m21.435s
user	0m21.148s
sys	0m0.012s
 
3539227257.462 3543179262.324003 8019509498.519998 8025995052.400001

real	0m32.096s
user	0m31.388s
sys	0m0.052s
 
66219776245.92168 66260257446.05717 151986883006.3699 152053753059.55

real	0m38.390s
user	0m37.692s
sys	0m0.172s
 
166212294937.3991 166288626284.498 382568140639.0098 382694366833.2999

real	0m34.506s
user	0m33.376s
sys	0m0.212s
 
608720333715.4655 608956501509.1871 1405127495482.165 1405518727998.903

real	1m10.231s
user	1m7.396s
sys	0m0.392s
 
1512441.733 1524415.266 2968657.650000001 2986772.5

real	0m14.166s
user	0m14.004s
sys	0m0.000s
 
608720333715.4655 608956501509.1871 1405127495482.165 1405518727998.903

real	0m35.687s
user	0m34.888s
sys	0m0.280s
 
TRANS2
 
8054296.570499997 8377212.617400005 11041896.78059999 11521723.02599998

real	0m21.407s
user	0m20.300s
sys	0m0.012s
 
67005585.50399998 69693523.28640002 92209626.6390001 96222702.65399998

real	0m28.430s
user	0m28.088s
sys	0m0.012s
 
56602.02200000002 58658.48450000003 83130.86099999996 86296.01680000003

real	0m13.155s
user	0m12.964s
sys	0m0.016s
 
297546749.5919997 308581623.7314994 440770097.583 457946307.1219999

real	0m23.572s
user	0m23.228s
sys	0m0.020s
 
301.3441 301.7106 379.168 379.5840000000001

real	0m14.739s
user	0m14.560s
sys	0m0.008s
 
45022.4809 45027.16379999999 57025.89409999999 57031.226

real	0m23.190s
user	0m22.740s
sys	0m0.084s
 
79343.34260000002 79353.49420000002 105856.4262 105868.395

real	0m18.059s
user	0m17.356s
sys	0m0.140s
 
77470.43699999999 77485.73999999999 107948.34 107966.91

real	0m13.163s
user	0m12.912s
sys	0m0.060s
 
109.241 111.7864 142.1856 145.251

real	0m12.704s
user	0m12.560s
sys	0m0.008s
 
1739639.1343 1765026.6362 3156552.835599999 3194056.931000001

real	0m26.468s
user	0m26.136s
sys	0m0.004s
 
40128631.98950006 40455680.77900002 81101463.51099998 81608296.35000008

real	0m22.493s
user	0m22.156s
sys	0m0.032s
 
185145.8628 186726.9552 353878.6176 356259.936

real	0m24.450s
user	0m24.148s
sys	0m0.004s
 
5650057.303000003 5674398.905999999 11835110.684 11873364.25000001

real	0m26.649s
user	0m25.540s
sys	0m0.012s
 
3539227257.462 3543179262.324003 8019509498.519998 8025995052.400001

real	0m34.064s
user	0m33.512s
sys	0m0.104s
 
66219776245.92168 66260257446.05717 151986883006.3699 152053753059.55

real	0m40.126s
user	0m39.356s
sys	0m0.148s
 
166212294937.3991 166288626284.498 382568140639.0098 382694366833.2999

real	0m36.210s
user	0m34.732s
sys	0m0.176s
 
608720333715.4655 608956501509.1871 1405127495482.165 1405518727998.903

real	1m11.125s
user	1m9.808s
sys	0m0.368s
 
1512441.733 1524415.266 2968657.650000001 2986772.5

real	0m14.689s
user	0m14.096s
sys	0m0.000s
 
608720333715.4655 608956501509.1871 1405127495482.165 1405518727998.903

real	0m36.985s
user	0m35.372s
sys	0m0.244s
 
SPECIAL
 
0.04840000000000001

real	0m4.273s
user	0m4.220s
sys	0m0.004s
 
0.04840000000000001

real	0m4.870s
user	0m4.820s
sys	0m0.004s
 
0.04840000000000001

real	0m1.592s
user	0m1.560s
sys	0m0.004s
 
53.79660000000001 53.79880000000001 58.68060000000001 58.68280000000001

real	0m15.972s
user	0m15.792s
sys	0m0.016s
 
53.79660000000001 53.79880000000001 58.68060000000001 58.68280000000001

real	0m53.742s
user	0m53.088s
sys	0m0.016s
 
9698907.663399996

real	0m8.225s
user	0m8.144s
sys	0m0.004s
 
9698907.663399996

real	0m2.666s
user	0m2.628s
sys	0m0.000s
 
0.04840000000000001

real	0m6.054s
user	0m6.000s
sys	0m0.000s
 
53.79660000000001 53.79880000000001 58.68060000000001 58.68280000000001

real	0m15.893s
user	0m15.688s
sys	0m0.012s
 
53.79660000000001 53.79880000000001 58.68060000000001 58.68280000000001

real	2m7.871s
user	2m4.772s
sys	0m0.040s
 
9698907.663399996

real	0m8.267s
user	0m8.176s
sys	0m0.000s
 
3948765877.809497 3955170852.914604 5863853434.234404 5870258409.339499

real	0m56.199s
user	0m55.340s
sys	0m0.076s
 
3948765877.809497 3955170852.914604 5863853434.234404 5870258409.339499

real	1m15.253s
user	1m13.324s
sys	0m0.096s
 
0.04840000000000001

real	0m5.497s
user	0m5.440s
sys	0m0.000s
 
53.79660000000001 53.79880000000001 58.68060000000001 58.68280000000001

real	0m42.523s
user	0m42.032s
sys	0m0.028s
 
53.79660000000001 53.79880000000001 58.68060000000001 58.68280000000001

real	0m58.633s
user	0m57.144s
sys	0m0.004s
 
9698907.663399996

real	0m2.685s
user	0m2.636s
sys	0m0.004s
 
3948765877.809497 3955170852.914604 5863853434.234404 5870258409.339499

real	0m55.810s
user	0m54.916s
sys	0m0.068s
 
3948765877.809497 3955170852.914604 5863853434.234404 5870258409.339499

real	1m13.579s
user	0m55.328s
sys	0m0.084s
 
0.04840000000000001

real	0m6.690s
user	0m6.580s
sys	0m0.004s
 
53.79660000000001 53.79880000000001 58.68060000000001 58.68280000000001

real	0m16.032s
user	0m15.864s
sys	0m0.004s
 
53.79660000000001 53.79880000000001 58.68060000000001 58.68280000000001

real	2m18.789s
user	2m16.956s
sys	0m0.064s
 
9698907.663399996

real	0m8.259s
user	0m8.180s
sys	0m0.004s
 
3948765877.809497 3955170852.914604 5863853434.234404 5870258409.339499

real	0m57.112s
user	0m55.380s
sys	0m0.080s
 
3948765877.809497 3955170852.914604 5863853434.234404 5870258409.339499

real	2m31.645s
user	2m28.604s
sys	0m0.156s
 
SEQUENCE
 
37624.35618 38872.44188 52954.76458 54712.31628

real	0m15.613s
user	0m15.424s
sys	0m0.016s
 
4350478614.186048 4405620767.888449 7321622135.843186 7393481577.214199

real	0m11.679s
user	0m11.504s
sys	0m0.004s
 
18696443068.18007 18840087100.15867 37617583432.7108 37823564976.3486

real	0m13.488s
user	0m13.320s
sys	0m0.012s
 
4.901614166865179e+18 4.912723296455448e+18 1.084442578747924e+19 1.086100449795465e+19

real	0m18.352s
user	0m17.980s
sys	0m0.072s
 
1.647418946230568e+16 1.649160037624473e+16 3.768465979697054e+16 3.771108024027194e+16

real	0m49.130s
user	0m48.124s
sys	0m0.112s
 
4.48881116501821e+17 4.490640601531962e+17 1.03730934601686e+18 1.03758774958278e+18

real	0m33.330s
user	0m32.632s
sys	0m0.232s
 
4.48881116501821e+17 4.490640601531962e+17 1.03730934601686e+18 1.03758774958278e+18

real	1m6.595s
user	1m4.200s
sys	0m0.184s
 
374124590164.9393 378323909405.297 483306890414.2386 487506209654.5964

real	0m11.717s
user	0m11.568s
sys	0m0.024s
 
8003498375443.188 8040830216224.574 11400695886549.59 11438027727330.98

real	0m13.751s
user	0m13.580s
sys	0m0.004s
 
467292080353.7709 473215316635.7608 603526514839.5372 609449751121.5272

real	0m8.635s
user	0m8.552s
sys	0m0.004s
 
22856685758006.32 23032721850853.32 32186598678896.97 32362634771743.98

real	0m9.995s
user	0m9.876s
sys	0m0.000s
