 
VEC_VEC
 
174.0387000000001

real	0m6.274s
user	0m6.044s
sys	0m0.024s
 
9698907.663400002

real	0m1.172s
user	0m1.140s
sys	0m0.004s
 
24900423491.092

real	0m2.921s
user	0m2.096s
sys	0m0.012s
 
24900741320632.72

real	0m11.954s
user	0m11.692s
sys	0m0.020s
 
2.490083360868286e+16

real	0m12.505s
user	0m12.156s
sys	0m0.124s
 
VEC_MAT
 
178.7929000000001 178.8030000000001 201.2149000000001 201.2250000000001

real	0m13.424s
user	0m13.220s
sys	0m0.016s
 
992.6821000000002 992.6922000000003 1117.3464 1117.3565

real	0m9.456s
user	0m9.332s
sys	0m0.004s
 
390.3932 390.4204 450.7772 450.8044

real	0m14.345s
user	0m14.124s
sys	0m0.016s
 
2166.9797 2167.0069 2502.7093 2502.7365

real	0m10.748s
user	0m10.524s
sys	0m0.036s
 
157975690.7399 164380665.845

real	0m1.564s
user	0m1.524s
sys	0m0.020s
 
27065907086.64701 28163538210.734

real	0m2.591s
user	0m2.104s
sys	0m0.016s
 
128614163.4403001 133441028.6954 138267893.9505

real	0m2.465s
user	0m2.428s
sys	0m0.000s
 
17202407856.50201 17848340807.389 18494273758.276

real	0m4.820s
user	0m4.660s
sys	0m0.012s
 
2.2266 2.283600000000001 2.3406 2.397600000000001

real	0m4.214s
user	0m4.152s
sys	0m0.004s
 
73.52180000000001 74.6944 86.42040000000001 87.593

real	0m7.576s
user	0m7.448s
sys	0m0.012s
 
609.1862000000001 615.0844 774.3358000000001 780.2340000000002

real	0m6.587s
user	0m6.508s
sys	0m0.000s
 
31020069.53999999 31057579.08 45948866.46000002 45986376

real	1m9.458s
user	0m47.720s
sys	0m0.128s
 
3948765877.809502 3955170852.9146 5863853434.234399 5870258409.3395

real	0m53.511s
user	0m52.588s
sys	0m0.068s
 
629070346650.9368 630167977775.0238 934211799147.1238 935309430271.2106

real	0m25.534s
user	0m24.188s
sys	0m0.228s
 
72549439.01660001 72565446.85880002 108086848.7006 108102856.5428

real	0m45.662s
user	0m44.832s
sys	0m0.052s
 
324096005.6180001 324108897.3359999 483218480.8920001 483231372.6100001

real	0m19.724s
user	0m19.200s
sys	0m0.176s
 
10829665.1294 10829701.4254 15310551.5134 15310587.8094

real	0m20.138s
user	0m19.496s
sys	0m0.244s
 
107135690886253.8 108233331157375 147748380917734.3 148846021188855.1

real	0m16.312s
user	0m15.892s
sys	0m0.216s
 
MAT_VEC
 
178.7929000000001 178.8030000000001 201.2149000000001 201.2250000000001

real	0m8.405s
user	0m7.536s
sys	0m0.020s
 
992.6821000000003 992.6922000000003 1117.3464 1117.3565

real	0m5.002s
user	0m4.932s
sys	0m0.000s
 
390.3932 390.4204 450.7772000000001 450.8044

real	0m13.400s
user	0m13.208s
sys	0m0.012s
 
2166.9797 2167.0069 2502.7093 2502.7365

real	0m7.942s
user	0m7.796s
sys	0m0.020s
 
157975690.7399002 164380665.8450001

real	0m2.982s
user	0m2.924s
sys	0m0.020s
 
27065907086.64726 28163538210.734

real	0m3.586s
user	0m3.532s
sys	0m0.008s
 
128614163.4402999 133441028.6953997 138267893.9505

real	0m3.853s
user	0m3.804s
sys	0m0.004s
 
17202407856.50187 17848340807.38918 18494273758.27599

real	0m4.242s
user	0m4.140s
sys	0m0.016s
 
2.2266 2.2836 2.3406 2.3976

real	0m3.857s
user	0m3.800s
sys	0m0.008s
 
73.52180000000001 74.6944 86.42040000000001 87.59300000000002

real	0m7.092s
user	0m6.960s
sys	0m0.000s
 
609.1862 615.0844000000001 774.3358000000001 780.2340000000002

real	0m7.318s
user	0m7.212s
sys	0m0.004s
 
31020069.53999998 31057579.07999999 45948866.45999996 45986376.00000001

real	1m2.624s
user	1m0.544s
sys	0m0.088s
 
3948765877.809497 3955170852.914604 5863853434.234403 5870258409.339499

real	0m59.816s
user	0m58.792s
sys	0m0.064s
 
629070346650.9426 630167977775.031 934211799147.1235 935309430271.2021

real	0m27.250s
user	0m26.612s
sys	0m0.172s
 
72549439.0166 72565446.85879999 108086848.7006 108102856.5428001

real	1m8.472s
user	1m6.516s
sys	0m0.080s
 
324096005.6180001 324108897.3359997 483218480.892 483231372.6099998

real	0m38.499s
user	0m37.216s
sys	0m0.176s
 
10829665.1294 10829701.4254 15310551.5134 15310587.8094

real	0m25.361s
user	0m24.716s
sys	0m0.204s
 
107135690886248 108233331157370.3 147748380917728.1 148846021188851.3

real	0m24.632s
user	0m23.708s
sys	0m0.220s
 
OUTER
 
101.277 104.346 110.4774 113.8252

real	1m23.870s
user	1m22.628s
sys	0m0.060s
 
96.84840000000001 99.04950000000002 108.045 110.446

real	1m16.089s
user	1m14.312s
sys	0m0.036s
 
94.13800000000002 95.84960000000002 106.419 108.286

real	0m56.053s
user	0m55.316s
sys	0m0.016s
 
14.5684 14.5728 16.60140000000001 16.606

real	0m44.179s
user	0m42.840s
sys	0m0.020s
 
10.164 10.2025 11.913 11.9548

real	0m30.218s
user	0m29.704s
sys	0m0.036s
 
955.9242 956.3004 1135.8438 1136.254

real	0m57.332s
user	0m56.200s
sys	0m0.052s
 
86477.05440000001 86480.57660000001 102897.9582 102901.8004

real	0m40.808s
user	0m39.412s
sys	0m0.420s
 
27312.9912 27313.3443 32486.685 32487.07

real	0m24.061s
user	0m23.448s
sys	0m0.132s
 
MAT_MAT
 
8054296.570499999 8377212.617399998 11041896.7806 11521723.026

real	0m7.221s
user	0m7.136s
sys	0m0.004s
 
67005585.50400002 69693523.28639999 92209626.63900001 96222702.65400004

real	0m9.302s
user	0m9.172s
sys	0m0.008s
 
56602.022 58658.48450000001 83130.86100000002 86296.0168

real	0m4.155s
user	0m4.100s
sys	0m0.012s
 
297546749.5919999 308581623.7315 440770097.5829998 457946307.1220001

real	0m7.343s
user	0m7.156s
sys	0m0.020s
 
301.3441 301.7106 379.168 379.584

real	0m19.291s
user	0m19.056s
sys	0m0.024s
 
45022.4809 45027.16379999999 57025.89409999999 57031.22599999999

real	0m44.322s
user	0m42.636s
sys	0m0.104s
 
79343.34260000002 79353.49420000002 105856.4262 105868.395

real	0m26.221s
user	0m25.624s
sys	0m0.120s
 
77470.43700000001 77485.73999999999 107948.34 107966.91

real	0m15.885s
user	0m15.508s
sys	0m0.056s
 
109.241 111.7864 142.1856 145.251

real	0m7.310s
user	0m6.784s
sys	0m0.012s
 
1739639.1343 1765026.6362 3156552.8356 3194056.931000001

real	0m5.795s
user	0m5.692s
sys	0m0.000s
 
40128631.9895 40455680.77900001 81101463.51100001 81608296.34999999

real	0m4.430s
user	0m4.312s
sys	0m0.016s
 
185145.8628 186726.9552000001 353878.6176000001 356259.936

real	0m6.272s
user	0m6.188s
sys	0m0.008s
 
5650057.303000003 5674398.905999999 11835110.684 11873364.25000001

real	0m5.269s
user	0m5.200s
sys	0m0.008s
 
3539227257.462001 3543179262.324001 8019509498.520001 8025995052.400001

real	0m1.981s
user	0m1.888s
sys	0m0.056s
 
66219776245.92162 66260257446.0572 151986883006.37 152053753059.55

real	0m2.358s
user	0m2.176s
sys	0m0.120s
 
166212294937.399 166288626284.4981 382568140639.0101 382694366833.3

real	0m2.227s
user	0m2.032s
sys	0m0.148s
 
608720333715.4655 608956501509.1869 1405127495482.165 1405518727998.904

real	0m4.295s
user	0m3.924s
sys	0m0.260s
 
TRANS1
 
8054296.570499999 8377212.617399998 11041896.7806 11521723.026

real	0m7.742s
user	0m6.812s
sys	0m0.016s
 
67005585.50400002 69693523.28639999 92209626.63900001 96222702.65400004

real	0m10.224s
user	0m10.056s
sys	0m0.016s
 
56602.022 58658.48450000001 83130.86100000002 86296.0168

real	0m4.158s
user	0m4.104s
sys	0m0.012s
 
297546749.5919999 308581623.7315 440770097.5829998 457946307.1220001

real	0m7.085s
user	0m6.956s
sys	0m0.024s
 
301.3441 301.7106 379.168 379.584

real	0m19.310s
user	0m19.076s
sys	0m0.012s
 
45022.4809 45027.16379999999 57025.89409999999 57031.22599999999

real	0m43.566s
user	0m42.572s
sys	0m0.132s
 
79343.34260000002 79353.49420000002 105856.4262 105868.395

real	0m26.196s
user	0m25.660s
sys	0m0.120s
 
77470.43700000001 77485.73999999999 107948.34 107966.91

real	0m16.207s
user	0m15.528s
sys	0m0.052s
 
109.241 111.7864 142.1856 145.251

real	0m6.880s
user	0m6.764s
sys	0m0.008s
 
1739639.1343 1765026.6362 3156552.8356 3194056.931000001

real	0m5.745s
user	0m5.668s
sys	0m0.004s
 
40128631.9895 40455680.77900001 81101463.51100001 81608296.34999999

real	0m4.278s
user	0m4.204s
sys	0m0.012s
 
185145.8628 186726.9552000001 353878.6176000001 356259.936

real	0m6.310s
user	0m6.184s
sys	0m0.008s
 
5650057.303000003 5674398.905999999 11835110.684 11873364.25000001

real	0m5.328s
user	0m5.200s
sys	0m0.020s
 
3539227257.462001 3543179262.324001 8019509498.520001 8025995052.400001

real	0m1.966s
user	0m1.884s
sys	0m0.048s
 
66219776245.92162 66260257446.0572 151986883006.37 152053753059.55

real	0m2.425s
user	0m2.224s
sys	0m0.124s
 
166212294937.399 166288626284.4981 382568140639.0101 382694366833.3

real	0m2.289s
user	0m2.124s
sys	0m0.136s
 
608720333715.4655 608956501509.1869 1405127495482.165 1405518727998.904

real	0m4.436s
user	0m4.076s
sys	0m0.256s
 
1512441.733 1524415.266 2968657.65 2986772.5

real	0m3.243s
user	0m3.196s
sys	0m0.004s
 
608720333715.4656 608956501509.1868 1405127495482.165 1405518727998.904

real	0m2.608s
user	0m2.368s
sys	0m0.204s
 
TRANS2
 
8054296.570499999 8377212.617399998 11041896.7806 11521723.026

real	0m8.398s
user	0m8.268s
sys	0m0.016s
 
67005585.50400002 69693523.28639999 92209626.63900001 96222702.65400004

real	0m14.844s
user	0m14.656s
sys	0m0.000s
 
56602.022 58658.48450000001 83130.86100000002 86296.0168

real	0m4.145s
user	0m4.048s
sys	0m0.008s
 
297546749.5919999 308581623.7315 440770097.5829998 457946307.1220001

real	0m9.108s
user	0m8.868s
sys	0m0.008s
 
301.3441 301.7106 379.168 379.584

real	0m19.672s
user	0m19.400s
sys	0m0.008s
 
45022.4809 45027.16379999999 57025.89409999999 57031.22599999999

real	0m45.178s
user	0m42.504s
sys	0m0.156s
 
79343.34260000002 79353.49420000002 105856.4262 105868.395

real	0m26.200s
user	0m25.652s
sys	0m0.080s
 
77470.43700000001 77485.73999999999 107948.34 107966.91

real	0m15.930s
user	0m15.520s
sys	0m0.052s
 
109.241 111.7864 142.1856 145.251

real	0m7.192s
user	0m7.064s
sys	0m0.012s
 
1739639.1343 1765026.6362 3156552.8356 3194056.931000001

real	0m6.068s
user	0m5.960s
sys	0m0.016s
 
40128631.9895 40455680.77900001 81101463.51100001 81608296.34999999

real	0m4.835s
user	0m4.696s
sys	0m0.020s
 
185145.8628 186726.9552000001 353878.6176000001 356259.936

real	0m6.494s
user	0m6.408s
sys	0m0.004s
 
5650057.303000003 5674398.905999999 11835110.684 11873364.25000001

real	0m5.421s
user	0m5.348s
sys	0m0.004s
 
3539227257.462001 3543179262.324001 8019509498.520001 8025995052.400001

real	0m2.030s
user	0m1.952s
sys	0m0.040s
 
66219776245.92162 66260257446.0572 151986883006.37 152053753059.55

real	0m2.425s
user	0m2.264s
sys	0m0.128s
 
166212294937.399 166288626284.4981 382568140639.0101 382694366833.3

real	0m2.397s
user	0m2.156s
sys	0m0.144s
 
608720333715.4655 608956501509.1869 1405127495482.165 1405518727998.904

real	0m5.007s
user	0m4.144s
sys	0m0.272s
 
1512441.733 1524415.266 2968657.65 2986772.5

real	0m3.617s
user	0m3.372s
sys	0m0.004s
 
608720333715.4656 608956501509.1868 1405127495482.165 1405518727998.904

real	0m2.674s
user	0m2.468s
sys	0m0.164s
 
SPECIAL
 
0.04840000000000001

real	0m10.306s
user	0m10.192s
sys	0m0.004s
 
0.04840000000000001

real	0m11.415s
user	0m11.280s
sys	0m0.012s
 
0.04840000000000001

real	0m4.246s
user	0m4.192s
sys	0m0.008s
 
53.79660000000001 53.79880000000001 58.68060000000001 58.68280000000001

real	0m19.561s
user	0m19.352s
sys	0m0.008s
 
53.79660000000001 53.79880000000001 58.68060000000001 58.68280000000001

real	0m35.775s
user	0m35.304s
sys	0m0.012s
 
9698907.663399998

real	0m4.528s
user	0m4.444s
sys	0m0.000s
 
9698907.663400002

real	0m1.344s
user	0m1.324s
sys	0m0.000s
 
0.04840000000000001

real	0m26.548s
user	0m25.680s
sys	0m0.012s
 
53.79660000000001 53.79880000000001 58.68060000000001 58.68280000000001

real	1m8.328s
user	1m7.292s
sys	0m0.032s
 
53.79660000000001 53.79880000000001 58.68060000000001 58.68280000000001

real	2m16.029s
user	1m49.352s
sys	0m0.112s
 
9698907.663400002

real	0m5.276s
user	0m5.164s
sys	0m0.008s
 
3948765877.809501 3955170852.9146 5863853434.234398 5870258409.339501

real	1m5.456s
user	1m3.796s
sys	0m0.088s
 
3948765877.809501 3955170852.9146 5863853434.2344 5870258409.339501

real	0m34.544s
user	0m33.912s
sys	0m0.036s
 
0.04840000000000001

real	0m25.450s
user	0m25.112s
sys	0m0.012s
 
53.79660000000001 53.79880000000001 58.68060000000001 58.68280000000001

real	1m13.774s
user	1m12.580s
sys	0m0.040s
 
53.79660000000001 53.79880000000001 58.68060000000001 58.68280000000001

real	1m48.075s
user	1m45.872s
sys	0m0.032s
 
9698907.663400002

real	0m4.388s
user	0m4.324s
sys	0m0.008s
 
3948765877.809501 3955170852.9146 5863853434.234398 5870258409.339501

real	1m2.030s
user	1m0.856s
sys	0m0.100s
 
3948765877.809501 3955170852.9146 5863853434.2344 5870258409.339501

real	0m36.024s
user	0m34.588s
sys	0m0.072s
 
0.04840000000000001

real	0m26.812s
user	0m26.404s
sys	0m0.016s
 
53.79660000000001 53.79880000000001 58.68060000000001 58.68280000000001

real	1m13.834s
user	1m12.304s
sys	0m0.020s
 
53.79660000000001 53.79880000000001 58.68060000000001 58.68280000000001

real	1m43.000s
user	1m41.552s
sys	0m0.064s
 
9698907.663400002

real	0m6.232s
user	0m6.128s
sys	0m0.004s
 
3948765877.809501 3955170852.9146 5863853434.234398 5870258409.339501

real	1m9.309s
user	1m7.768s
sys	0m0.080s
 
3948765877.809501 3955170852.9146 5863853434.2344 5870258409.339501

real	0m44.919s
user	0m43.976s
sys	0m0.092s
 
SEQUENCE
 
37624.35618 38872.44188 52954.76458 54712.31628

real	0m6.135s
user	0m6.032s
sys	0m0.008s
 
4350478614.186048 4405620767.88845 7321622135.843185 7393481577.214197

real	0m3.713s
user	0m3.656s
sys	0m0.004s
 
18696443068.18007 18840087100.15867 37617583432.71078 37823564976.34861

real	0m3.084s
user	0m3.016s
sys	0m0.008s
 
4.901614166865181e+18 4.912723296455449e+18 1.084442578747925e+19 1.086100449795466e+19

real	0m2.253s
user	0m2.172s
sys	0m0.028s
 
1.647418946230568e+16 1.649160037624474e+16 3.76846597969705e+16 3.771108024027194e+16

real	0m3.066s
user	0m2.752s
sys	0m0.064s
 
4.488811165018216e+17 4.490640601531965e+17 1.037309346016861e+18 1.03758774958278e+18

real	0m2.242s
user	0m2.004s
sys	0m0.196s
 
4.488811165018216e+17 4.490640601531965e+17 1.037309346016861e+18 1.03758774958278e+18

real	0m4.115s
user	0m3.888s
sys	0m0.160s
 
374124590164.9392 378323909405.2969 483306890414.2386 487506209654.5963

real	0m3.727s
user	0m3.692s
sys	0m0.008s
 
8003498375443.188 8040830216224.576 11400695886549.59 11438027727330.98

real	0m3.084s
user	0m3.028s
sys	0m0.008s
 
467292080353.771 473215316635.7609 603526514839.5372 609449751121.5272

real	0m4.118s
user	0m4.060s
sys	0m0.004s
 
22856685758006.32 23032721850853.32 32186598678896.97 32362634771743.98

real	0m4.485s
user	0m4.424s
sys	0m0.000s
