 
VEC_VEC
 
174.0387

real	0m3.480s
user	0m3.476s
sys	0m0.000s
 
9698907.663399996

real	0m1.141s
user	0m1.136s
sys	0m0.000s
 
24900423491.09201

real	0m2.366s
user	0m2.360s
sys	0m0.004s
 
24900741320632.71

real	0m4.449s
user	0m4.440s
sys	0m0.004s
 
2.490083360868967e+16

real	0m4.357s
user	0m4.308s
sys	0m0.044s
 
VEC_MAT
 
178.7929000000001 178.8030000000001 201.2149000000001 201.2250000000001

real	0m7.085s
user	0m7.080s
sys	0m0.000s
 
992.6821000000002 992.6922000000003 1117.3464 1117.3565

real	0m6.112s
user	0m6.104s
sys	0m0.004s
 
390.3932 390.4204 450.7772000000001 450.8044

real	0m8.633s
user	0m8.624s
sys	0m0.000s
 
2166.9797 2167.0069 2502.7093 2502.7365

real	0m8.735s
user	0m8.728s
sys	0m0.004s
 
157975690.7399002 164380665.8450001

real	0m1.134s
user	0m1.128s
sys	0m0.004s
 
27065907086.64726 28163538210.734

real	0m2.881s
user	0m2.880s
sys	0m0.000s
 
128614163.4402999 133441028.6953997 138267893.9505

real	0m1.574s
user	0m1.568s
sys	0m0.004s
 
17202407856.50187 17848340807.38918 18494273758.27599

real	0m3.231s
user	0m3.228s
sys	0m0.000s
 
2.2266 2.2836 2.3406 2.397600000000001

real	0m2.754s
user	0m2.752s
sys	0m0.000s
 
73.52180000000001 74.6944 86.4204 87.59300000000002

real	0m5.853s
user	0m5.848s
sys	0m0.000s
 
609.1862 615.0844000000001 774.3358000000001 780.2340000000002

real	0m8.498s
user	0m8.492s
sys	0m0.000s
 
31020069.53999998 31057579.07999998 45948866.45999996 45986376.00000001

real	0m18.114s
user	0m18.100s
sys	0m0.008s
 
3948765877.809497 3955170852.914604 5863853434.234404 5870258409.339499

real	0m15.021s
user	0m15.004s
sys	0m0.008s
 
629070346650.9426 630167977775.031 934211799147.1235 935309430271.2021

real	0m7.953s
user	0m7.912s
sys	0m0.036s
 
72549439.0166 72565446.85879999 108086848.7006 108102856.5428001

real	0m15.143s
user	0m15.120s
sys	0m0.012s
 
324096005.6180002 324108897.3359997 483218480.892 483231372.6099998

real	0m7.910s
user	0m7.864s
sys	0m0.044s
 
10829665.1294 10829701.4254 15310551.5134 15310587.8094

real	0m5.814s
user	0m5.748s
sys	0m0.060s
 
107135690886248 108233331157370.3 147748380917728.1 148846021188851.3

real	0m7.542s
user	0m7.464s
sys	0m0.068s
 
MAT_VEC
 
178.7929000000001 178.8030000000001 201.2149000000001 201.2250000000001

real	0m4.779s
user	0m4.776s
sys	0m0.000s
 
992.6821000000002 992.6922000000003 1117.3464 1117.3565

real	0m4.105s
user	0m4.100s
sys	0m0.000s
 
390.3932 390.4204 450.7772000000001 450.8044

real	0m6.640s
user	0m6.636s
sys	0m0.000s
 
2166.9797 2167.0069 2502.7093 2502.7365

real	0m7.500s
user	0m7.492s
sys	0m0.004s
 
157975690.7399002 164380665.8450001

real	0m3.104s
user	0m3.100s
sys	0m0.000s
 
27065907086.64726 28163538210.734

real	0m3.956s
user	0m3.952s
sys	0m0.000s
 
128614163.4402999 133441028.6953997 138267893.9505

real	0m3.542s
user	0m3.536s
sys	0m0.004s
 
17202407856.50187 17848340807.38918 18494273758.27599

real	0m4.535s
user	0m4.532s
sys	0m0.004s
 
2.2266 2.2836 2.3406 2.397600000000001

real	0m2.431s
user	0m2.428s
sys	0m0.000s
 
73.52180000000001 74.6944 86.4204 87.59300000000002

real	0m7.147s
user	0m7.144s
sys	0m0.000s
 
609.1862 615.0844000000001 774.3358000000001 780.2340000000002

real	0m8.831s
user	0m8.828s
sys	0m0.000s
 
31020069.53999998 31057579.07999998 45948866.45999996 45986376.00000001

real	0m18.519s
user	0m18.512s
sys	0m0.000s
 
3948765877.809497 3955170852.914604 5863853434.234404 5870258409.339499

real	0m15.185s
user	0m15.172s
sys	0m0.008s
 
629070346650.9426 630167977775.031 934211799147.1235 935309430271.2021

real	0m8.044s
user	0m8.000s
sys	0m0.040s
 
72549439.0166 72565446.85879999 108086848.7006 108102856.5428001

real	0m15.421s
user	0m15.408s
sys	0m0.008s
 
324096005.6180002 324108897.3359997 483218480.892 483231372.6099998

real	0m8.155s
user	0m8.100s
sys	0m0.052s
 
10829665.1294 10829701.4254 15310551.5134 15310587.8094

real	0m11.012s
user	0m10.940s
sys	0m0.064s
 
107135690886248 108233331157370.3 147748380917728.1 148846021188851.3

real	0m5.795s
user	0m5.732s
sys	0m0.060s
 
MAT_MAT
 
8054296.570499997 8377212.617400005 11041896.78059999 11521723.02599998

real	0m12.407s
user	0m12.400s
sys	0m0.004s
 
67005585.50399998 69693523.28640002 92209626.6390001 96222702.65399998

real	0m15.920s
user	0m15.916s
sys	0m0.000s
 
297546749.5919997 308581623.7314994 440770097.583 457946307.1219999

real	0m8.454s
user	0m8.448s
sys	0m0.004s
 
301.3441 301.7106 379.168 379.5840000000001

real	0m7.689s
user	0m7.688s
sys	0m0.000s
 
45022.4809 45027.16379999999 57025.89409999999 57031.226

real	0m12.974s
user	0m12.948s
sys	0m0.020s
 
79343.34260000002 79353.49420000002 105856.4262 105868.395

real	0m9.249s
user	0m9.224s
sys	0m0.020s
 
109.241 111.7864 142.1856 145.251

real	0m7.623s
user	0m7.620s
sys	0m0.000s
 
1739639.1343 1765026.6362 3156552.835599999 3194056.931000001

real	0m11.570s
user	0m11.568s
sys	0m0.004s
 
40128631.98950006 40455680.77900002 81101463.51099998 81608296.35000008

real	0m9.288s
user	0m9.284s
sys	0m0.000s
 
185145.8628 186726.9552 353878.6176 356259.936

real	0m13.044s
user	0m13.036s
sys	0m0.004s
 
5650057.303000003 5674398.905999999 11835110.684 11873364.25000001

real	0m10.655s
user	0m10.652s
sys	0m0.000s
 
3539227257.462 3543179262.324003 8019509498.519998 8025995052.400001

real	0m7.004s
user	0m6.996s
sys	0m0.008s
 
116679065033.4775 116750506858.205 268105200357.9501 268223292440

real	0m9.912s
user	0m9.868s
sys	0m0.040s
 
486162319134.2704 486350943715.8364 1121330656696.773 1121642844663.925

real	0m11.464s
user	0m11.388s
sys	0m0.072s
 
608720333715.4655 608956501509.1871 1405127495482.165 1405518727998.903

real	0m14.348s
user	0m14.256s
sys	0m0.088s
 
OUTER
 
101.277 104.346 110.4774 113.8252

real	1m17.163s
user	1m17.152s
sys	0m0.000s
 
96.84840000000001 99.04950000000002 108.045 110.446

real	1m5.281s
user	1m5.272s
sys	0m0.000s
 
94.13800000000002 95.84960000000002 106.419 108.286

real	0m51.864s
user	0m51.856s
sys	0m0.000s
 
10.164 10.2025 11.913 11.9548

real	0m10.506s
user	0m10.504s
sys	0m0.000s
 
955.9242 956.3004 1135.8438 1136.254

real	0m14.024s
user	0m14.016s
sys	0m0.004s
 
78728.21440000001 78731.73660000002 93676.67820000002 93680.52040000001

real	0m9.229s
user	0m9.132s
sys	0m0.092s
 
TRANS1
 
8054296.570499997 8377212.617400005 11041896.78059999 11521723.02599998

real	0m5.539s
user	0m5.536s
sys	0m0.000s
 
67005585.50399998 69693523.28640002 92209626.6390001 96222702.65399998

real	0m8.007s
user	0m8.004s
sys	0m0.000s
 
297546749.5919997 308581623.7314994 440770097.583 457946307.1219999

real	0m4.846s
user	0m4.836s
sys	0m0.008s
 
301.3441 301.7106 379.168 379.5840000000001

real	0m11.748s
user	0m11.744s
sys	0m0.000s
 
45022.4809 45027.16379999999 57025.89409999999 57031.226

real	0m9.685s
user	0m9.660s
sys	0m0.024s
 
79343.34260000002 79353.49420000002 105856.4262 105868.395

real	0m9.178s
user	0m9.148s
sys	0m0.028s
 
109.241 111.7864 142.1856 145.251

real	0m6.193s
user	0m6.192s
sys	0m0.000s
 
1739639.1343 1765026.6362 3156552.835599999 3194056.931000001

real	0m9.420s
user	0m9.416s
sys	0m0.000s
 
40128631.98950006 40455680.77900002 81101463.51099998 81608296.35000008

real	0m7.617s
user	0m7.612s
sys	0m0.004s
 
185145.8628 186726.9552 353878.6176 356259.936

real	0m11.191s
user	0m11.184s
sys	0m0.000s
 
5650057.303000003 5674398.905999999 11835110.684 11873364.25000001

real	0m9.462s
user	0m9.460s
sys	0m0.000s
 
3539227257.462 3543179262.324003 8019509498.519998 8025995052.400001

real	0m6.845s
user	0m6.820s
sys	0m0.024s
 
116679065033.4775 116750506858.205 268105200357.9501 268223292440

real	0m9.595s
user	0m9.540s
sys	0m0.052s
 
486162319134.2704 486350943715.8364 1121330656696.773 1121642844663.925

real	0m11.285s
user	0m11.228s
sys	0m0.056s
 
608720333715.4655 608956501509.1871 1405127495482.165 1405518727998.903

real	0m14.130s
user	0m14.036s
sys	0m0.092s
 
608720333715.4655 608956501509.1871 1405127495482.165 1405518727998.903

real	0m7.176s
user	0m7.108s
sys	0m0.064s
 
TRANS2
 
8054296.570499997 8377212.617400005 11041896.78059999 11521723.02599998

real	0m12.988s
user	0m12.984s
sys	0m0.000s
 
67005585.50399998 69693523.28640002 92209626.6390001 96222702.65399998

real	0m30.872s
user	0m30.868s
sys	0m0.000s
 
297546749.5919997 308581623.7314994 440770097.583 457946307.1219999

real	0m28.062s
user	0m28.056s
sys	0m0.000s
 
301.3441 301.7106 379.168 379.5840000000001

real	0m7.467s
user	0m7.464s
sys	0m0.000s
 
45022.4809 45027.16379999999 57025.89409999999 57031.226

real	0m12.930s
user	0m12.896s
sys	0m0.032s
 
79343.34260000002 79353.49420000002 105856.4262 105868.395

real	0m9.213s
user	0m9.192s
sys	0m0.016s
 
109.241 111.7864 142.1856 145.251

real	0m7.476s
user	0m7.472s
sys	0m0.000s
 
1739639.1343 1765026.6362 3156552.835599999 3194056.931000001

real	0m11.394s
user	0m11.384s
sys	0m0.004s
 
40128631.98950006 40455680.77900002 81101463.51099998 81608296.35000008

real	0m15.050s
user	0m15.048s
sys	0m0.000s
 
185145.8628 186726.9552 353878.6176 356259.936

real	0m13.200s
user	0m13.196s
sys	0m0.000s
 
5650057.303000003 5674398.905999999 11835110.684 11873364.25000001

real	0m12.312s
user	0m12.308s
sys	0m0.000s
 
3539227257.462 3543179262.324003 8019509498.519998 8025995052.400001

real	0m7.430s
user	0m7.404s
sys	0m0.028s
 
116679065033.4775 116750506858.205 268105200357.9501 268223292440

real	0m10.225s
user	0m10.172s
sys	0m0.048s
 
486162319134.2704 486350943715.8364 1121330656696.773 1121642844663.925

real	0m11.883s
user	0m11.812s
sys	0m0.068s
 
608720333715.4655 608956501509.1871 1405127495482.165 1405518727998.903

real	0m14.701s
user	0m14.604s
sys	0m0.092s
 
608720333715.4655 608956501509.1871 1405127495482.165 1405518727998.903

real	0m8.065s
user	0m8.008s
sys	0m0.060s
 
SPECIAL
 
0.04840000000000001

real	0m4.415s
user	0m4.412s
sys	0m0.000s
 
0.04840000000000001

real	0m4.575s
user	0m4.564s
sys	0m0.008s
 
0.04840000000000001

real	0m1.356s
user	0m1.352s
sys	0m0.000s
 
53.79660000000001 53.79880000000001 58.68060000000001 58.68280000000001

real	0m9.169s
user	0m9.168s
sys	0m0.000s
 
53.79660000000001 53.79880000000001 58.68060000000001 58.68280000000001

real	0m19.638s
user	0m19.632s
sys	0m0.000s
 
9698907.663399996

real	0m6.347s
user	0m6.344s
sys	0m0.000s
 
9698907.663399996

real	0m1.235s
user	0m1.232s
sys	0m0.000s
 
0.04840000000000001

real	0m5.840s
user	0m5.836s
sys	0m0.004s
 
53.79660000000001 53.79880000000001 58.68060000000001 58.68280000000001

real	0m8.818s
user	0m8.808s
sys	0m0.008s
 
53.79660000000001 53.79880000000001 58.68060000000001 58.68280000000001

real	1m54.869s
user	1m54.856s
sys	0m0.000s
 
9698907.663399996

real	0m6.698s
user	0m6.696s
sys	0m0.000s
 
3948765877.809497 3955170852.914604 5863853434.234404 5870258409.339499

real	0m11.491s
user	0m11.484s
sys	0m0.012s
 
3948765877.809497 3955170852.914604 5863853434.234404 5870258409.339499

real	0m33.340s
user	0m33.324s
sys	0m0.008s
 
0.04840000000000001

real	0m4.580s
user	0m4.576s
sys	0m0.000s
 
53.79660000000001 53.79880000000001 58.68060000000001 58.68280000000001

real	0m20.905s
user	0m20.904s
sys	0m0.000s
 
53.79660000000001 53.79880000000001 58.68060000000001 58.68280000000001

real	0m25.795s
user	0m25.788s
sys	0m0.000s
 
9698907.663399996

real	0m1.520s
user	0m1.516s
sys	0m0.000s
 
3948765877.809497 3955170852.914604 5863853434.234404 5870258409.339499

real	0m11.284s
user	0m11.268s
sys	0m0.012s
 
3948765877.809497 3955170852.914604 5863853434.234404 5870258409.339499

real	0m11.283s
user	0m11.268s
sys	0m0.012s
 
0.04840000000000001

real	0m6.840s
user	0m6.836s
sys	0m0.000s
 
53.79660000000001 53.79880000000001 58.68060000000001 58.68280000000001

real	0m8.725s
user	0m8.720s
sys	0m0.004s
 
53.79660000000001 53.79880000000001 58.68060000000001 58.68280000000001

real	2m0.866s
user	2m0.856s
sys	0m0.000s
 
9698907.663399996

real	0m6.601s
user	0m6.592s
sys	0m0.004s
 
3948765877.809497 3955170852.914604 5863853434.234404 5870258409.339499

real	0m11.495s
user	0m11.484s
sys	0m0.008s
 
3948765877.809497 3955170852.914604 5863853434.234404 5870258409.339499

real	1m59.074s
user	1m59.052s
sys	0m0.012s
 
SEQUENCE
 
37624.35618 38872.44188 52954.76458 54712.31628

real	0m10.584s
user	0m10.580s
sys	0m0.000s
 
4350478614.186048 4405620767.888449 7321622135.843186 7393481577.214199

real	0m6.399s
user	0m6.396s
sys	0m0.000s
 
18696443068.18007 18840087100.15867 37617583432.7108 37823564976.3486

real	0m5.516s
user	0m5.512s
sys	0m0.000s
 
4.901614166865179e+18 4.912723296455448e+18 1.084442578747924e+19 1.086100449795465e+19

real	0m7.412s
user	0m7.400s
sys	0m0.008s
 
1.647418946230568e+16 1.649160037624473e+16 3.768465979697054e+16 3.771108024027194e+16

real	0m10.120s
user	0m10.076s
sys	0m0.040s
 
4.48881116501821e+17 4.490640601531962e+17 1.03730934601686e+18 1.03758774958278e+18

real	0m6.828s
user	0m6.772s
sys	0m0.052s
 
4.48881116501821e+17 4.490640601531962e+17 1.03730934601686e+18 1.03758774958278e+18

real	0m13.487s
user	0m13.432s
sys	0m0.052s
 
374124590164.9393 378323909405.297 483306890414.2386 487506209654.5964

real	0m6.376s
user	0m6.372s
sys	0m0.000s
 
8003498375443.188 8040830216224.574 11400695886549.59 11438027727330.98

real	0m5.550s
user	0m5.548s
sys	0m0.000s
 
467292080353.7709 473215316635.7608 603526514839.5372 609449751121.5272

real	0m4.366s
user	0m4.364s
sys	0m0.000s
 
22856685758006.32 23032721850853.32 32186598678896.97 32362634771743.98

real	0m5.413s
user	0m5.408s
sys	0m0.000s
