 
SCALAR_VEC
 
0.5808000000000001 0.5830000000000002 0.6270000000000002 0.6292000000000002

real	2m11.094s
user	1m52.656s
sys	2m29.220s
 
46.0284 46.03060000000001 50.20620000000001 50.2084

real	0m14.652s
user	0m22.300s
sys	0m6.944s
 
29876.5456 29876.5478 32592.58860000001 32592.59080000001

real	0m6.295s
user	0m9.836s
sys	0m2.688s
 
VEC_VEC
 
174.0387000000001

real	0m3.035s
user	0m3.036s
sys	0m0.152s
 
9698907.663400002

real	0m0.676s
user	0m0.676s
sys	0m0.156s
 
24900423491.092

real	0m1.426s
user	0m1.436s
sys	0m0.144s
 
24900741320632.72

real	0m4.123s
user	0m4.136s
sys	0m0.144s
 
2.490083360868286e+16

real	0m3.873s
user	0m3.844s
sys	0m0.180s
 
VEC_MAT
 
178.7929000000001 178.8030000000001 201.2149000000001 201.2250000000001

real	0m7.133s
user	0m10.868s
sys	0m3.368s
 
992.6821000000002 992.6922000000003 1117.3464 1117.3565

real	0m4.016s
user	0m6.412s
sys	0m1.588s
 
390.3932 390.4204 450.7772 450.8044

real	0m7.519s
user	0m11.840s
sys	0m3.168s
 
2166.9797 2167.0069 2502.7093 2502.7365

real	0m4.804s
user	0m8.020s
sys	0m1.552s
 
157975690.7399002 164380665.845

real	0m1.134s
user	0m1.140s
sys	0m0.148s
 
27065907086.64689 28163538210.734

real	0m4.522s
user	0m4.528s
sys	0m0.144s
 
128614163.4403001 133441028.6954 138267893.9505

real	0m1.280s
user	0m1.284s
sys	0m0.148s
 
17202407856.50204 17848340807.38907 18494273758.276

real	0m4.398s
user	0m4.400s
sys	0m0.152s
 
2.2266 2.2836 2.3406 2.397600000000001

real	0m10.313s
user	0m10.320s
sys	0m0.152s
 
73.52180000000001 74.6944 86.42040000000001 87.59300000000002

real	0m40.066s
user	0m32.936s
sys	0m47.092s
 
609.1862000000001 615.0844 774.3358000000001 780.2339999999999

real	0m18.563s
user	0m17.716s
sys	0m19.356s
 
31020069.53999999 31057579.08 45948866.46000002 45986376

real	0m10.788s
user	0m21.152s
sys	0m0.348s
 
3948765877.809501 3955170852.9146 5863853434.234401 5870258409.339502

real	0m8.584s
user	0m16.952s
sys	0m0.160s
 
629070346650.9368 630167977775.0244 934211799147.1187 935309430271.2014

real	0m7.359s
user	0m14.260s
sys	0m0.396s
 
72549439.01660001 72565446.85880002 108086848.7006 108102856.5428

real	0m8.350s
user	0m16.488s
sys	0m0.152s
 
324096005.6180001 324108897.3359999 483218480.8920001 483231372.6100001

real	0m4.669s
user	0m9.036s
sys	0m0.256s
 
10829665.1294 10829701.4254 15310551.5134 15310587.8094

real	0m3.899s
user	0m7.252s
sys	0m0.508s
 
107135690886257.8 108233331157377.8 147748380917738.6 148846021188854.1

real	0m5.703s
user	0m10.984s
sys	0m0.364s
 
MAT_VEC
 
178.7929000000001 178.8030000000001 201.2149000000001 201.2250000000001

real	0m6.511s
user	0m8.664s
sys	0m4.328s
 
992.6821000000002 992.6922000000003 1117.3464 1117.3565

real	0m5.417s
user	0m9.652s
sys	0m1.144s
 
390.3932 390.4204 450.7772000000001 450.8044

real	0m7.552s
user	0m10.312s
sys	0m4.760s
 
2166.9797 2167.0069 2502.7093 2502.7365

real	0m6.146s
user	0m10.440s
sys	0m1.808s
 
157975690.7399002 164380665.8450001

real	0m1.835s
user	0m1.844s
sys	0m0.144s
 
27065907086.64726 28163538210.734

real	0m4.024s
user	0m4.036s
sys	0m0.144s
 
128614163.4402999 133441028.6953997 138267893.9505

real	0m1.844s
user	0m1.856s
sys	0m0.144s
 
17202407856.50187 17848340807.38918 18494273758.27599

real	0m3.307s
user	0m3.304s
sys	0m0.156s
 
2.2266 2.2836 2.3406 2.397600000000001

real	0m8.728s
user	0m8.732s
sys	0m0.148s
 
73.52180000000001 74.6944 86.4204 87.59300000000002

real	0m45.825s
user	0m40.276s
sys	0m51.272s
 
609.1862 615.0844000000001 774.3358000000001 780.2340000000002

real	0m18.717s
user	0m17.208s
sys	0m20.176s
 
31020069.53999998 31057579.07999998 45948866.45999996 45986376.00000001

real	0m13.514s
user	0m26.356s
sys	0m0.584s
 
3948765877.809497 3955170852.914604 5863853434.234404 5870258409.339499

real	0m10.305s
user	0m20.396s
sys	0m0.140s
 
629070346650.9426 630167977775.031 934211799147.1235 935309430271.2021

real	0m5.768s
user	0m11.068s
sys	0m0.420s
 
72549439.0166 72565446.85879999 108086848.7006 108102856.5428001

real	0m8.623s
user	0m17.040s
sys	0m0.144s
 
324096005.6180002 324108897.3359997 483218480.892 483231372.6099998

real	0m5.402s
user	0m10.488s
sys	0m0.256s
 
10829665.1294 10829701.4254 15310551.5134 15310587.8094

real	0m9.504s
user	0m18.476s
sys	0m0.440s
 
107135690886248 108233331157370.3 147748380917728.1 148846021188851.3

real	0m6.617s
user	0m12.916s
sys	0m0.264s
 
OUTER
 
101.277 104.346 110.4774 113.8252

real	1m43.023s
user	1m42.888s
sys	0m0.152s
 
96.84840000000001 99.04950000000002 108.045 110.446

real	2m5.139s
user	2m4.920s
sys	0m0.144s
 
94.13800000000002 95.84960000000002 106.419 108.286

real	0m58.849s
user	0m58.840s
sys	0m0.136s
 
14.5684 14.5728 16.60140000000001 16.606

real	0m16.332s
user	0m16.328s
sys	0m0.156s
 
10.164 10.2025 11.913 11.9548

real	0m17.015s
user	0m17.012s
sys	0m0.152s
 
955.9242 956.3004 1135.8438 1136.254

real	0m32.960s
user	0m32.948s
sys	0m0.152s
 
86477.05440000001 86480.57660000001 102897.9582 102901.8004

real	0m15.818s
user	0m15.700s
sys	0m0.264s
 
27312.9912 27313.3443 32486.685 32487.07

real	0m10.371s
user	0m10.356s
sys	0m0.172s
 
MAT_MAT
 
8054296.5705 8377212.6174 11041896.7806 11521723.026

real	0m6.269s
user	0m6.260s
sys	0m0.164s
 
67005585.504 69693523.28640001 92209626.63900001 96222702.65400001

real	0m9.882s
user	0m9.880s
sys	0m0.156s
 
56602.022 58658.48450000001 83130.86100000002 86296.01680000003

real	0m3.767s
user	0m3.780s
sys	0m0.140s
 
297546749.5919999 308581623.7315 440770097.5830001 457946307.122

real	0m4.995s
user	0m5.004s
sys	0m0.148s
 
8054296.5705 8144829.910200002 11426434.8318 11521723.026

real	0m5.222s
user	0m5.240s
sys	0m0.136s
 
67005585.50399999 67746880.83149999 95442432.67260002 96222702.65400001

real	0m8.606s
user	0m8.612s
sys	0m0.148s
 
56602.02200000002 56765.4044 86117.12820000002 86296.01680000001

real	0m2.345s
user	0m2.352s
sys	0m0.148s
 
297546749.5919999 299613096.124 455678605.331 457946307.122

real	0m3.391s
user	0m3.400s
sys	0m0.144s
 
301.3441 301.7106 379.168 379.5840000000001

real	0m8.124s
user	0m8.124s
sys	0m0.152s
 
45022.4809 45027.16379999999 57025.89409999999 57031.226

real	0m18.625s
user	0m18.596s
sys	0m0.172s
 
79343.34260000002 79353.49420000002 105856.4262 105868.395

real	0m11.252s
user	0m11.240s
sys	0m0.164s
 
77470.43699999999 77485.73999999999 107948.34 107966.91

real	0m7.403s
user	0m7.384s
sys	0m0.168s
 
109.241 111.7864 142.1856 145.251

real	0m21.775s
user	0m26.452s
sys	0m17.044s
 
1739639.1343 1765026.6362 3156552.8356 3194056.931000001

real	0m2.934s
user	0m5.632s
sys	0m0.212s
 
40128631.9895 40455680.779 81101463.51100001 81608296.34999999

real	0m1.899s
user	0m3.696s
sys	0m0.076s
 
185145.8628 186726.9552 353878.6176 356259.936

real	0m2.845s
user	0m5.520s
sys	0m0.144s
 
5650057.303000001 5674398.906000001 11835110.684 11873364.25

real	0m1.899s
user	0m3.688s
sys	0m0.088s
 
3539227257.462 3543179262.324 8019509498.52 8025995052.4

real	0m0.552s
user	0m1.036s
sys	0m0.048s
 
66219776245.92161 66260257446.05721 151986883006.3701 152053753059.55

real	0m0.639s
user	0m1.156s
sys	0m0.100s
 
166212294937.399 166288626284.498 382568140639.0101 382694366833.3

real	0m0.606s
user	0m0.996s
sys	0m0.192s
 
608720333715.4655 608956501509.1866 1405127495482.166 1405518727998.904

real	0m1.148s
user	0m1.992s
sys	0m0.276s
 
TRANS1
 
8054296.5705 8377212.6174 11041896.7806 11521723.026

real	0m6.010s
user	0m5.996s
sys	0m0.168s
 
67005585.504 69693523.28640001 92209626.63900001 96222702.65400001

real	0m10.179s
user	0m10.196s
sys	0m0.132s
 
56602.022 58658.48450000001 83130.86100000002 86296.01680000003

real	0m3.706s
user	0m3.712s
sys	0m0.148s
 
297546749.5919999 308581623.7315 440770097.5830001 457946307.122

real	0m4.829s
user	0m4.828s
sys	0m0.156s
 
8054296.5705 8144829.910200002 11426434.8318 11521723.026

real	0m4.342s
user	0m4.356s
sys	0m0.140s
 
67005585.50399999 67746880.83149999 95442432.67260002 96222702.65400001

real	0m6.318s
user	0m6.316s
sys	0m0.156s
 
56602.02200000002 56765.4044 86117.12820000002 86296.01680000001

real	0m2.346s
user	0m2.348s
sys	0m0.152s
 
297546749.5919999 299613096.124 455678605.331 457946307.122

real	0m3.362s
user	0m3.360s
sys	0m0.160s
 
301.3441 301.7106 379.168 379.5840000000001

real	0m8.080s
user	0m8.084s
sys	0m0.148s
 
45022.4809 45027.16379999999 57025.89409999999 57031.226

real	0m18.754s
user	0m18.724s
sys	0m0.172s
 
79343.34260000002 79353.49420000002 105856.4262 105868.395

real	0m11.540s
user	0m11.516s
sys	0m0.172s
 
77470.43699999999 77485.73999999999 107948.34 107966.91

real	0m7.086s
user	0m7.064s
sys	0m0.180s
 
109.241 111.7864 142.1856 145.251

real	0m21.450s
user	0m27.444s
sys	0m15.384s
 
1739639.1343 1765026.6362 3156552.8356 3194056.931000001

real	0m2.863s
user	0m5.568s
sys	0m0.136s
 
40128631.9895 40455680.779 81101463.51100001 81608296.34999999

real	0m1.934s
user	0m3.668s
sys	0m0.172s
 
185145.8628 186726.9552 353878.6176 356259.936

real	0m2.813s
user	0m5.376s
sys	0m0.228s
 
5650057.303000001 5674398.906000001 11835110.684 11873364.25

real	0m1.890s
user	0m3.680s
sys	0m0.076s
 
3539227257.462 3543179262.324 8019509498.52 8025995052.4

real	0m0.553s
user	0m1.024s
sys	0m0.064s
 
66219776245.92161 66260257446.05721 151986883006.3701 152053753059.55

real	0m0.646s
user	0m1.140s
sys	0m0.132s
 
166212294937.399 166288626284.498 382568140639.0101 382694366833.3

real	0m0.627s
user	0m1.048s
sys	0m0.184s
 
608720333715.4655 608956501509.1866 1405127495482.166 1405518727998.904

real	0m1.175s
user	0m2.020s
sys	0m0.304s
 
1512441.733 1524415.266 2968657.65 2986772.5

real	0m2.254s
user	0m3.332s
sys	0m1.152s
 
608720333715.4655 608956501509.1866 1405127495482.166 1405518727998.904

real	0m0.731s
user	0m1.156s
sys	0m0.284s
 
TRANS2
 
8054296.5705 8377212.6174 11041896.7806 11521723.026

real	0m7.521s
user	0m7.520s
sys	0m0.152s
 
67005585.504 69693523.28640001 92209626.63900001 96222702.65400001

real	0m12.653s
user	0m12.668s
sys	0m0.136s
 
56602.022 58658.48450000001 83130.86100000002 86296.01680000003

real	0m4.381s
user	0m4.396s
sys	0m0.136s
 
297546749.5919999 308581623.7315 440770097.5830001 457946307.122

real	0m7.366s
user	0m7.336s
sys	0m0.160s
 
8054296.5705 8144829.910200002 11426434.8318 11521723.026

real	0m4.927s
user	0m4.912s
sys	0m0.152s
 
67005585.50399999 67746880.83149999 95442432.67260002 96222702.65400001

real	0m8.580s
user	0m8.552s
sys	0m0.152s
 
56602.02200000002 56765.4044 86117.12820000002 86296.01680000001

real	0m2.318s
user	0m2.312s
sys	0m0.156s
 
297546749.5919999 299613096.124 455678605.331 457946307.122

real	0m3.494s
user	0m3.480s
sys	0m0.156s
 
301.3441 301.7106 379.168 379.5840000000001

real	0m7.712s
user	0m7.720s
sys	0m0.140s
 
45022.4809 45027.16379999999 57025.89409999999 57031.226

real	0m18.937s
user	0m18.840s
sys	0m0.160s
 
79343.34260000002 79353.49420000002 105856.4262 105868.395

real	0m11.291s
user	0m11.200s
sys	0m0.188s
 
77470.43699999999 77485.73999999999 107948.34 107966.91

real	0m6.950s
user	0m6.924s
sys	0m0.152s
 
109.241 111.7864 142.1856 145.251

real	0m24.117s
user	0m30.316s
sys	0m17.852s
 
1739639.1343 1765026.6362 3156552.8356 3194056.931000001

real	0m3.178s
user	0m6.100s
sys	0m0.228s
 
40128631.9895 40455680.779 81101463.51100001 81608296.34999999

real	0m2.168s
user	0m4.232s
sys	0m0.072s
 
185145.8628 186726.9552 353878.6176 356259.936

real	0m2.853s
user	0m5.532s
sys	0m0.152s
 
5650057.303000001 5674398.906000001 11835110.684 11873364.25

real	0m1.977s
user	0m3.852s
sys	0m0.076s
 
3539227257.462 3543179262.324 8019509498.52 8025995052.4

real	0m0.582s
user	0m1.080s
sys	0m0.060s
 
66219776245.92161 66260257446.05721 151986883006.3701 152053753059.55

real	0m0.660s
user	0m1.148s
sys	0m0.144s
 
166212294937.399 166288626284.498 382568140639.0101 382694366833.3

real	0m0.679s
user	0m1.120s
sys	0m0.220s
 
608720333715.4655 608956501509.1866 1405127495482.166 1405518727998.904

real	0m1.272s
user	0m2.132s
sys	0m0.332s
 
1512441.733 1524415.266 2968657.65 2986772.5

real	0m2.599s
user	0m3.560s
sys	0m1.616s
 
608720333715.4655 608956501509.1866 1405127495482.166 1405518727998.904

real	0m0.735s
user	0m1.148s
sys	0m0.300s
 
TRANS12
 
8054296.5705 8377212.6174 11041896.7806 11521723.026

real	0m7.890s
user	0m7.892s
sys	0m0.148s
 
67005585.504 69693523.28640001 92209626.63900001 96222702.65400001

real	0m12.658s
user	0m12.648s
sys	0m0.160s
 
56602.022 58658.48450000001 83130.86100000002 86296.01680000003

real	0m4.187s
user	0m4.192s
sys	0m0.148s
 
297546749.5919999 308581623.7315 440770097.5830001 457946307.122

real	0m7.261s
user	0m7.272s
sys	0m0.148s
 
8054296.5705 8144829.910200002 11426434.8318 11521723.026

real	0m4.414s
user	0m4.420s
sys	0m0.148s
 
67005585.50399999 67746880.83149999 95442432.67260002 96222702.65400001

real	0m6.300s
user	0m6.312s
sys	0m0.140s
 
56602.02200000002 56765.4044 86117.12820000002 86296.01680000001

real	0m3.212s
user	0m3.204s
sys	0m0.144s
 
297546749.5919999 299613096.124 455678605.331 457946307.122

real	0m3.507s
user	0m3.504s
sys	0m0.156s
 
301.3441 301.7106 379.168 379.5840000000001

real	0m7.754s
user	0m7.772s
sys	0m0.136s
 
45022.4809 45027.16379999999 57025.89409999999 57031.226

real	0m18.583s
user	0m18.552s
sys	0m0.180s
 
79343.34260000002 79353.49420000002 105856.4262 105868.395

real	0m11.193s
user	0m11.176s
sys	0m0.172s
 
77470.43699999999 77485.73999999999 107948.34 107966.91

real	0m7.069s
user	0m7.064s
sys	0m0.160s
 
109.241 111.7864 142.1856 145.251

real	0m21.530s
user	0m26.636s
sys	0m16.368s
 
1739639.1343 1765026.6362 3156552.8356 3194056.931000001

real	0m3.049s
user	0m5.872s
sys	0m0.204s
 
40128631.9895 40455680.779 81101463.51100001 81608296.34999999

real	0m1.994s
user	0m3.860s
sys	0m0.096s
 
185145.8628 186726.9552 353878.6176 356259.936

real	0m2.885s
user	0m5.488s
sys	0m0.260s
 
5650057.303000001 5674398.906000001 11835110.684 11873364.25

real	0m1.936s
user	0m3.760s
sys	0m0.092s
 
3539227257.462 3543179262.324 8019509498.52 8025995052.4

real	0m0.572s
user	0m1.072s
sys	0m0.052s
 
66219776245.92161 66260257446.05721 151986883006.3701 152053753059.55

real	0m0.660s
user	0m1.172s
sys	0m0.128s
 
166212294937.399 166288626284.498 382568140639.0101 382694366833.3

real	0m0.685s
user	0m1.116s
sys	0m0.232s
 
608720333715.4655 608956501509.1866 1405127495482.166 1405518727998.904

real	0m1.251s
user	0m2.140s
sys	0m0.296s
 
SPECIAL
 
0.04840000000000001

real	0m24.469s
user	0m24.480s
sys	0m0.136s
 
0.04840000000000001

real	0m25.651s
user	0m25.652s
sys	0m0.144s
 
0.04840000000000001

real	0m2.498s
user	0m2.504s
sys	0m0.148s
 
53.79660000000001 53.79880000000001 58.68060000000001 58.68280000000001

real	0m21.756s
user	0m29.268s
sys	0m14.184s
 
53.79660000000001 53.79880000000001 58.68060000000001 58.68280000000001

real	0m29.909s
user	0m44.284s
sys	0m15.456s
 
9698907.663399996

real	0m3.756s
user	0m3.764s
sys	0m0.144s
 
9698907.663400004

real	0m2.023s
user	0m2.028s
sys	0m0.152s
 
0.04840000000000001

real	0m26.057s
user	0m26.064s
sys	0m0.148s
 
53.79660000000001 53.79880000000001 58.68060000000001 58.68280000000001

real	0m23.688s
user	0m23.684s
sys	0m0.156s
 
53.79660000000001 53.79880000000001 58.68060000000001 58.68280000000001

real	2m26.868s
user	2m26.840s
sys	0m0.160s
 
9698907.663400004

real	0m5.109s
user	0m5.108s
sys	0m0.156s
 
3948765877.809501 3955170852.914601 5863853434.234401 5870258409.339501

real	0m14.720s
user	0m14.712s
sys	0m0.160s
 
3948765877.8095 3955170852.914601 5863853434.234401 5870258409.339501

real	0m18.656s
user	0m18.644s
sys	0m0.160s
 
0.04840000000000001

real	0m41.351s
user	0m41.296s
sys	0m0.144s
 
53.79660000000001 53.79880000000001 58.68060000000001 58.68280000000001

real	0m24.478s
user	0m24.440s
sys	0m0.152s
 
53.79660000000001 53.79880000000001 58.68060000000001 58.68280000000001

real	2m27.388s
user	2m27.188s
sys	0m0.160s
 
9698907.663400004

real	0m6.010s
user	0m6.024s
sys	0m0.140s
 
3948765877.809501 3955170852.914601 5863853434.234401 5870258409.339501

real	0m15.286s
user	0m15.252s
sys	0m0.164s
 
3948765877.8095 3955170852.914601 5863853434.234401 5870258409.339501

real	0m19.002s
user	0m18.932s
sys	0m0.160s
 
0.04840000000000001

real	0m41.913s
user	0m41.868s
sys	0m0.152s
 
53.79660000000001 53.79880000000001 58.68060000000001 58.68280000000001

real	0m24.648s
user	0m24.624s
sys	0m0.160s
 
53.79660000000001 53.79880000000001 58.68060000000001 58.68280000000001

real	2m25.712s
user	2m25.556s
sys	0m0.148s
 
9698907.663400004

real	0m6.476s
user	0m6.468s
sys	0m0.156s
 
3948765877.809501 3955170852.914601 5863853434.234401 5870258409.339501

real	0m16.979s
user	0m16.924s
sys	0m0.148s
 
3948765877.8095 3955170852.914601 5863853434.234401 5870258409.339501

real	0m26.476s
user	0m26.392s
sys	0m0.152s
 
0.04840000000000001

real	0m41.401s
user	0m41.352s
sys	0m0.156s
 
53.79660000000001 53.79880000000001 58.68060000000001 58.68280000000001

real	0m27.528s
user	0m27.516s
sys	0m0.136s
 
53.79660000000001 53.79880000000001 58.68060000000001 58.68280000000001

real	2m33.988s
user	2m33.812s
sys	0m0.156s
 
9698907.663400004

real	0m6.891s
user	0m6.908s
sys	0m0.132s
 
3948765877.809501 3955170852.914601 5863853434.234401 5870258409.339501

real	0m16.050s
user	0m15.996s
sys	0m0.152s
 
3948765877.8095 3955170852.914601 5863853434.234401 5870258409.339501

real	0m26.603s
user	0m26.504s
sys	0m0.164s
 
3037.1121 3037.6632 3611.409 3612.01

real	0m30.557s
user	0m30.428s
sys	0m0.152s
 
3037.1121 3037.6632 3611.409 3612.01

real	0m22.744s
user	0m22.668s
sys	0m0.140s
 
3037.1121 3037.6632 3611.409 3612.01

real	0m23.727s
user	0m23.632s
sys	0m0.152s
 
3037.1121 3037.6632 3611.409 3612.01

real	0m29.590s
user	0m29.464s
sys	0m0.152s
 
SEQUENCE
 
37624.35618 38872.44188 52954.76458 54712.31628

real	0m6.003s
user	0m6.012s
sys	0m0.144s
 
4350478614.186048 4405620767.888449 7321622135.843185 7393481577.214198

real	0m2.547s
user	0m4.660s
sys	0m0.412s
 
48832437279.89181 49241016265.74161 88512227219.28577 89040617812.032

real	0m6.425s
user	0m12.616s
sys	0m0.168s
 
18696443068.18009 18840087100.15866 37617583432.71078 37823564976.34861

real	0m1.251s
user	0m2.404s
sys	0m0.076s
 
4.90161416686518e+18 4.912723296455451e+18 1.084442578747925e+19 1.086100449795466e+19

real	0m0.659s
user	0m1.260s
sys	0m0.036s
 
1.647418946230568e+16 1.649160037624474e+16 3.76846597969705e+16 3.771108024027194e+16

real	0m0.780s
user	0m1.460s
sys	0m0.076s
 
4.488811165018215e+17 4.490640601531965e+17 1.037309346016861e+18 1.03758774958278e+18

real	0m0.606s
user	0m1.008s
sys	0m0.184s
 
4.488811165018215e+17 4.490640601531965e+17 1.037309346016861e+18 1.03758774958278e+18

real	0m1.081s
user	0m1.940s
sys	0m0.196s
 
4.488811165018215e+17 4.490640601531965e+17 1.037309346016861e+18 1.03758774958278e+18

real	0m1.097s
user	0m1.940s
sys	0m0.232s
 
8.38242429455398e+29 8.385850640122294e+29 1.937388035390321e+30 1.937907243392919e+30

real	0m0.694s
user	0m1.140s
sys	0m0.224s
 
8.38242429455398e+29 8.385850640122294e+29 1.937388035390321e+30 1.937907243392919e+30

real	0m0.727s
user	0m1.176s
sys	0m0.252s
 
8.38242429455398e+29 8.385850640122294e+29 1.937388035390321e+30 1.937907243392919e+30

real	0m0.735s
user	0m1.164s
sys	0m0.276s
 
8.38242429455398e+29 8.385850640122294e+29 1.937388035390321e+30 1.937907243392919e+30

real	0m0.732s
user	0m1.180s
sys	0m0.264s
 
8.38242429455398e+29 8.385850640122294e+29 1.937388035390321e+30 1.937907243392919e+30

real	0m0.693s
user	0m1.112s
sys	0m0.248s
 
8.38242429455398e+29 8.385850640122294e+29 1.937388035390321e+30 1.937907243392919e+30

real	0m0.696s
user	0m1.128s
sys	0m0.240s
 
374124590164.9392 378323909405.2969 483306890414.2386 487506209654.5963

real	0m2.742s
user	0m4.936s
sys	0m0.524s
 
8003498375443.188 8040830216224.577 11400695886549.59 11438027727330.98

real	0m1.271s
user	0m2.444s
sys	0m0.076s
 
467292080353.7709 473215316635.7608 603526514839.5372 609449751121.5272

real	0m6.438s
user	0m6.892s
sys	0m5.956s
 
22856685758006.32 23032721850853.32 32186598678896.97 32362634771743.98

real	0m3.045s
user	0m5.272s
sys	0m0.792s
