 
VEC_VEC
 
174.0387

real	0m2.668s
user	0m2.664s
sys	0m0.000s
 
9698907.663399996

real	0m1.170s
user	0m1.168s
sys	0m0.000s
 
24900423491.09201

real	0m2.876s
user	0m2.872s
sys	0m0.000s
 
24900741320632.71

real	0m4.434s
user	0m4.428s
sys	0m0.000s
 
2.490083360868967e+16

real	0m4.250s
user	0m4.204s
sys	0m0.040s
 
VEC_MAT
 
178.7929000000001 178.8030000000001 201.2149000000001 201.2250000000001

real	0m1.928s
user	0m1.924s
sys	0m0.000s
 
992.6821000000002 992.6922000000003 1117.3464 1117.3565

real	0m3.995s
user	0m3.992s
sys	0m0.000s
 
390.3932 390.4204 450.7772000000001 450.8044

real	0m4.489s
user	0m4.484s
sys	0m0.004s
 
2166.9797 2167.0069 2502.7093 2502.7365

real	0m7.002s
user	0m7.000s
sys	0m0.000s
 
157975690.7399002 164380665.8450001

real	0m0.724s
user	0m0.720s
sys	0m0.000s
 
27065907086.64726 28163538210.734

real	0m1.918s
user	0m1.912s
sys	0m0.004s
 
128614163.4402999 133441028.6953997 138267893.9505

real	0m0.884s
user	0m0.880s
sys	0m0.000s
 
17202407856.50187 17848340807.38918 18494273758.27599

real	0m2.208s
user	0m2.200s
sys	0m0.008s
 
2.2266 2.2836 2.3406 2.397600000000001

real	0m1.009s
user	0m1.008s
sys	0m0.000s
 
73.52180000000001 74.6944 86.4204 87.59300000000002

real	0m3.588s
user	0m3.584s
sys	0m0.000s
 
609.1862 615.0844000000001 774.3358000000001 780.2340000000002

real	0m4.137s
user	0m4.136s
sys	0m0.000s
 
31020069.53999998 31057579.07999998 45948866.45999996 45986376.00000001

real	0m13.599s
user	0m13.596s
sys	0m0.004s
 
3948765877.809497 3955170852.914604 5863853434.234404 5870258409.339499

real	0m10.149s
user	0m10.140s
sys	0m0.004s
 
629070346650.9426 630167977775.031 934211799147.1235 935309430271.2021

real	0m7.716s
user	0m7.664s
sys	0m0.048s
 
72549439.0166 72565446.85879999 108086848.7006 108102856.5428001

real	0m14.038s
user	0m14.028s
sys	0m0.008s
 
324096005.6180002 324108897.3359997 483218480.892 483231372.6099998

real	0m7.908s
user	0m7.856s
sys	0m0.052s
 
10829665.1294 10829701.4254 15310551.5134 15310587.8094

real	0m6.783s
user	0m6.716s
sys	0m0.064s
 
107135690886248 108233331157370.3 147748380917728.1 148846021188851.3

real	0m3.746s
user	0m3.668s
sys	0m0.072s
 
MAT_VEC
 
178.7929000000001 178.8030000000001 201.2149000000001 201.2250000000001

real	0m1.847s
user	0m1.844s
sys	0m0.000s
 
992.6821000000002 992.6922000000003 1117.3464 1117.3565

real	0m3.812s
user	0m3.808s
sys	0m0.000s
 
390.3932 390.4204 450.7772000000001 450.8044

real	0m3.477s
user	0m3.472s
sys	0m0.004s
 
2166.9797 2167.0069 2502.7093 2502.7365

real	0m6.979s
user	0m6.976s
sys	0m0.000s
 
157975690.7399002 164380665.8450001

real	0m0.765s
user	0m0.760s
sys	0m0.004s
 
27065907086.64726 28163538210.734

real	0m2.263s
user	0m2.260s
sys	0m0.000s
 
128614163.4402999 133441028.6953997 138267893.9505

real	0m0.937s
user	0m0.932s
sys	0m0.004s
 
17202407856.50187 17848340807.38918 18494273758.27599

real	0m3.085s
user	0m3.088s
sys	0m0.000s
 
2.2266 2.2836 2.3406 2.397600000000001

real	0m1.012s
user	0m1.008s
sys	0m0.000s
 
73.52180000000001 74.6944 86.4204 87.59300000000002

real	0m3.686s
user	0m3.684s
sys	0m0.000s
 
609.1862 615.0844000000001 774.3358000000001 780.2340000000002

real	0m5.304s
user	0m5.300s
sys	0m0.000s
 
31020069.53999998 31057579.07999998 45948866.45999996 45986376.00000001

real	0m15.210s
user	0m15.208s
sys	0m0.000s
 
3948765877.809497 3955170852.914604 5863853434.234404 5870258409.339499

real	0m14.807s
user	0m14.788s
sys	0m0.016s
 
629070346650.9426 630167977775.031 934211799147.1235 935309430271.2021

real	0m7.409s
user	0m7.360s
sys	0m0.048s
 
72549439.0166 72565446.85879999 108086848.7006 108102856.5428001

real	0m10.795s
user	0m10.788s
sys	0m0.004s
 
324096005.6180002 324108897.3359997 483218480.892 483231372.6099998

real	0m8.242s
user	0m8.196s
sys	0m0.044s
 
10829665.1294 10829701.4254 15310551.5134 15310587.8094

real	0m3.978s
user	0m3.904s
sys	0m0.072s
 
107135690886248 108233331157370.3 147748380917728.1 148846021188851.3

real	0m5.802s
user	0m5.732s
sys	0m0.068s
 
MAT_MAT
 
8054296.570499997 8377212.617400005 11041896.78059999 11521723.02599998

real	0m3.128s
user	0m3.124s
sys	0m0.000s
 
67005585.50399998 69693523.28640002 92209626.6390001 96222702.65399998

real	0m4.101s
user	0m4.096s
sys	0m0.004s
 
297546749.5919997 308581623.7314994 440770097.583 457946307.1219999

real	0m3.503s
user	0m3.500s
sys	0m0.000s
 
301.3441 301.7106 379.168 379.5840000000001

real	0m2.540s
user	0m2.536s
sys	0m0.000s
 
45022.4809 45027.16379999999 57025.89409999999 57031.226

real	0m7.355s
user	0m7.324s
sys	0m0.028s
 
79343.34260000002 79353.49420000002 105856.4262 105868.395

real	0m5.887s
user	0m5.856s
sys	0m0.028s
 
109.241 111.7864 142.1856 145.251

real	0m3.406s
user	0m3.404s
sys	0m0.000s
 
1739639.1343 1765026.6362 3156552.835599999 3194056.931000001

real	0m6.057s
user	0m6.060s
sys	0m0.000s
 
40128631.98950006 40455680.77900002 81101463.51099998 81608296.35000008

real	0m5.384s
user	0m5.380s
sys	0m0.000s
 
185145.8628 186726.9552 353878.6176 356259.936

real	0m7.240s
user	0m7.232s
sys	0m0.000s
 
5650057.303000003 5674398.905999999 11835110.684 11873364.25000001

real	0m6.157s
user	0m6.152s
sys	0m0.000s
 
3539227257.462 3543179262.324003 8019509498.519998 8025995052.400001

real	0m3.199s
user	0m3.188s
sys	0m0.012s
 
116679065033.4775 116750506858.205 268105200357.9501 268223292440

real	0m3.835s
user	0m3.796s
sys	0m0.036s
 
486162319134.2704 486350943715.8364 1121330656696.773 1121642844663.925

real	0m4.383s
user	0m4.304s
sys	0m0.076s
 
608720333715.4655 608956501509.1871 1405127495482.165 1405518727998.903

real	0m5.471s
user	0m5.384s
sys	0m0.084s
 
OUTER
 
101.277 104.346 110.4774 113.8252

real	0m5.302s
user	0m5.296s
sys	0m0.004s
 
96.84840000000001 99.04950000000002 108.045 110.446

real	0m5.044s
user	0m5.040s
sys	0m0.000s
 
94.13800000000002 95.84960000000002 106.419 108.286

real	0m5.600s
user	0m5.596s
sys	0m0.004s
 
10.164 10.2025 11.913 11.9548

real	0m3.261s
user	0m3.256s
sys	0m0.004s
 
955.9242 956.3004 1135.8438 1136.254

real	0m11.692s
user	0m11.684s
sys	0m0.004s
 
78728.21440000001 78731.73660000002 93676.67820000002 93680.52040000001

real	0m7.689s
user	0m7.600s
sys	0m0.080s
 
TRANS1
 
8054296.570499997 8377212.617400005 11041896.78059999 11521723.02599998

real	0m3.013s
user	0m3.012s
sys	0m0.000s
 
67005585.50399998 69693523.28640002 92209626.6390001 96222702.65399998

real	0m4.274s
user	0m4.268s
sys	0m0.004s
 
297546749.5919997 308581623.7314994 440770097.583 457946307.1219999

real	0m2.764s
user	0m2.760s
sys	0m0.004s
 
301.3441 301.7106 379.168 379.5840000000001

real	0m3.948s
user	0m3.944s
sys	0m0.000s
 
45022.4809 45027.16379999999 57025.89409999999 57031.226

real	0m8.784s
user	0m8.760s
sys	0m0.020s
 
79343.34260000002 79353.49420000002 105856.4262 105868.395

real	0m5.933s
user	0m5.904s
sys	0m0.024s
 
109.241 111.7864 142.1856 145.251

real	0m3.052s
user	0m3.048s
sys	0m0.000s
 
1739639.1343 1765026.6362 3156552.835599999 3194056.931000001

real	0m6.179s
user	0m6.176s
sys	0m0.000s
 
40128631.98950006 40455680.77900002 81101463.51099998 81608296.35000008

real	0m6.157s
user	0m6.152s
sys	0m0.004s
 
185145.8628 186726.9552 353878.6176 356259.936

real	0m7.282s
user	0m7.280s
sys	0m0.000s
 
5650057.303000003 5674398.905999999 11835110.684 11873364.25000001

real	0m7.205s
user	0m7.196s
sys	0m0.000s
 
3539227257.462 3543179262.324003 8019509498.519998 8025995052.400001

real	0m2.573s
user	0m2.560s
sys	0m0.016s
 
116679065033.4775 116750506858.205 268105200357.9501 268223292440

real	0m3.885s
user	0m3.824s
sys	0m0.060s
 
486162319134.2704 486350943715.8364 1121330656696.773 1121642844663.925

real	0m4.483s
user	0m4.400s
sys	0m0.080s
 
608720333715.4655 608956501509.1871 1405127495482.165 1405518727998.903

real	0m5.592s
user	0m5.512s
sys	0m0.076s
 
608720333715.4655 608956501509.1871 1405127495482.165 1405518727998.903

real	0m2.942s
user	0m2.892s
sys	0m0.052s
 
TRANS2
 
8054296.570499997 8377212.617400005 11041896.78059999 11521723.02599998

real	0m7.164s
user	0m7.160s
sys	0m0.000s
 
67005585.50399998 69693523.28640002 92209626.6390001 96222702.65399998

real	0m15.666s
user	0m15.664s
sys	0m0.000s
 
297546749.5919997 308581623.7314994 440770097.583 457946307.1219999

real	0m15.937s
user	0m15.928s
sys	0m0.000s
 
301.3441 301.7106 379.168 379.5840000000001

real	0m6.383s
user	0m6.380s
sys	0m0.000s
 
45022.4809 45027.16379999999 57025.89409999999 57031.226

real	0m10.530s
user	0m10.500s
sys	0m0.024s
 
79343.34260000002 79353.49420000002 105856.4262 105868.395

real	0m6.297s
user	0m6.268s
sys	0m0.024s
 
109.241 111.7864 142.1856 145.251

real	0m4.137s
user	0m4.136s
sys	0m0.000s
 
1739639.1343 1765026.6362 3156552.835599999 3194056.931000001

real	0m6.349s
user	0m6.348s
sys	0m0.004s
 
40128631.98950006 40455680.77900002 81101463.51099998 81608296.35000008

real	0m9.876s
user	0m9.872s
sys	0m0.000s
 
185145.8628 186726.9552 353878.6176 356259.936

real	0m7.725s
user	0m7.724s
sys	0m0.000s
 
5650057.303000003 5674398.905999999 11835110.684 11873364.25000001

real	0m8.747s
user	0m8.736s
sys	0m0.004s
 
3539227257.462 3543179262.324003 8019509498.519998 8025995052.400001

real	0m3.404s
user	0m3.392s
sys	0m0.016s
 
116679065033.4775 116750506858.205 268105200357.9501 268223292440

real	0m4.139s
user	0m4.080s
sys	0m0.056s
 
486162319134.2704 486350943715.8364 1121330656696.773 1121642844663.925

real	0m4.652s
user	0m4.592s
sys	0m0.056s
 
608720333715.4655 608956501509.1871 1405127495482.165 1405518727998.903

real	0m5.718s
user	0m5.640s
sys	0m0.076s
 
608720333715.4655 608956501509.1871 1405127495482.165 1405518727998.903

real	0m3.231s
user	0m3.172s
sys	0m0.056s
 
SPECIAL
 
0.04840000000000001

real	0m1.559s
user	0m1.556s
sys	0m0.000s
 
0.04840000000000001

real	0m1.538s
user	0m1.536s
sys	0m0.000s
 
0.04840000000000001

real	0m0.958s
user	0m0.960s
sys	0m0.000s
 
53.79660000000001 53.79880000000001 58.68060000000001 58.68280000000001

real	0m4.725s
user	0m4.720s
sys	0m0.000s
 
53.79660000000001 53.79880000000001 58.68060000000001 58.68280000000001

real	0m4.543s
user	0m4.540s
sys	0m0.000s
 
9698907.663399996

real	0m1.195s
user	0m1.192s
sys	0m0.000s
 
9698907.663399996

real	0m1.253s
user	0m1.252s
sys	0m0.000s
 
0.04840000000000001

real	0m2.354s
user	0m2.352s
sys	0m0.000s
 
53.79660000000001 53.79880000000001 58.68060000000001 58.68280000000001

real	0m4.851s
user	0m4.848s
sys	0m0.000s
 
53.79660000000001 53.79880000000001 58.68060000000001 58.68280000000001

real	0m4.652s
user	0m4.648s
sys	0m0.000s
 
9698907.663399996

real	0m1.217s
user	0m1.216s
sys	0m0.000s
 
3948765877.809497 3955170852.914604 5863853434.234404 5870258409.339499

real	0m11.123s
user	0m11.100s
sys	0m0.016s
 
3948765877.809497 3955170852.914604 5863853434.234404 5870258409.339499

real	0m7.629s
user	0m7.612s
sys	0m0.016s
 
0.04840000000000001

real	0m2.333s
user	0m2.332s
sys	0m0.000s
 
53.79660000000001 53.79880000000001 58.68060000000001 58.68280000000001

real	0m4.717s
user	0m4.712s
sys	0m0.004s
 
53.79660000000001 53.79880000000001 58.68060000000001 58.68280000000001

real	0m4.583s
user	0m4.580s
sys	0m0.004s
 
9698907.663399996

real	0m1.223s
user	0m1.220s
sys	0m0.000s
 
3948765877.809497 3955170852.914604 5863853434.234404 5870258409.339499

real	0m7.591s
user	0m7.588s
sys	0m0.000s
 
3948765877.809497 3955170852.914604 5863853434.234404 5870258409.339499

real	0m7.586s
user	0m7.572s
sys	0m0.012s
 
0.04840000000000001

real	0m2.307s
user	0m2.304s
sys	0m0.004s
 
53.79660000000001 53.79880000000001 58.68060000000001 58.68280000000001

real	0m4.766s
user	0m4.764s
sys	0m0.000s
 
53.79660000000001 53.79880000000001 58.68060000000001 58.68280000000001

real	0m4.581s
user	0m4.576s
sys	0m0.004s
 
9698907.663399996

real	0m1.250s
user	0m1.248s
sys	0m0.000s
 
3948765877.809497 3955170852.914604 5863853434.234404 5870258409.339499

real	0m11.120s
user	0m11.104s
sys	0m0.012s
 
3948765877.809497 3955170852.914604 5863853434.234404 5870258409.339499

real	0m11.189s
user	0m11.180s
sys	0m0.004s
 
SEQUENCE
 
37624.35618 38872.44188 52954.76458 54712.31628

real	0m2.017s
user	0m2.012s
sys	0m0.004s
 
4350478614.186048 4405620767.888449 7321622135.843186 7393481577.214199

real	0m3.439s
user	0m3.436s
sys	0m0.000s
 
18696443068.18007 18840087100.15867 37617583432.7108 37823564976.3486

real	0m3.432s
user	0m3.428s
sys	0m0.000s
 
4.901614166865179e+18 4.912723296455448e+18 1.084442578747924e+19 1.086100449795465e+19

real	0m4.442s
user	0m4.424s
sys	0m0.016s
 
1.647418946230568e+16 1.649160037624473e+16 3.768465979697054e+16 3.771108024027194e+16

real	0m4.010s
user	0m3.964s
sys	0m0.044s
 
4.48881116501821e+17 4.490640601531962e+17 1.03730934601686e+18 1.03758774958278e+18

real	0m2.650s
user	0m2.588s
sys	0m0.060s
 
4.48881116501821e+17 4.490640601531962e+17 1.03730934601686e+18 1.03758774958278e+18

real	0m5.412s
user	0m5.360s
sys	0m0.048s
 
374124590164.9393 378323909405.297 483306890414.2386 487506209654.5964

real	0m3.493s
user	0m3.488s
sys	0m0.008s
 
8003498375443.188 8040830216224.574 11400695886549.59 11438027727330.98

real	0m3.487s
user	0m3.484s
sys	0m0.000s
 
467292080353.7709 473215316635.7608 603526514839.5372 609449751121.5272

real	0m2.578s
user	0m2.576s
sys	0m0.000s
 
22856685758006.32 23032721850853.32 32186598678896.97 32362634771743.98

real	0m4.199s
user	0m4.192s
sys	0m0.004s
