 
VEC_VEC
 
174.0387

real	0m2.643s
user	0m2.640s
sys	0m0.000s
 
9698907.663399996

real	0m1.107s
user	0m1.104s
sys	0m0.000s
 
24900423491.09201

real	0m2.617s
user	0m2.612s
sys	0m0.004s
 
24900741320632.71

real	0m4.406s
user	0m4.400s
sys	0m0.004s
 
2.490083360868967e+16

real	0m4.206s
user	0m4.164s
sys	0m0.040s
 
VEC_MAT
 
178.7929000000001 178.8030000000001 201.2149000000001 201.2250000000001

real	0m1.986s
user	0m1.980s
sys	0m0.004s
 
992.6821000000002 992.6922000000003 1117.3464 1117.3565

real	0m4.370s
user	0m4.368s
sys	0m0.000s
 
390.3932 390.4204 450.7772000000001 450.8044

real	0m5.066s
user	0m5.064s
sys	0m0.000s
 
2166.9797 2167.0069 2502.7093 2502.7365

real	0m6.896s
user	0m6.888s
sys	0m0.004s
 
157975690.7399002 164380665.8450001

real	0m0.725s
user	0m0.720s
sys	0m0.004s
 
27065907086.64726 28163538210.734

real	0m2.292s
user	0m2.284s
sys	0m0.004s
 
128614163.4402999 133441028.6953997 138267893.9505

real	0m0.922s
user	0m0.920s
sys	0m0.000s
 
17202407856.50187 17848340807.38918 18494273758.27599

real	0m2.848s
user	0m2.844s
sys	0m0.004s
 
2.2266 2.2836 2.3406 2.397600000000001

real	0m1.045s
user	0m1.044s
sys	0m0.000s
 
73.52180000000001 74.6944 86.4204 87.59300000000002

real	0m3.665s
user	0m3.660s
sys	0m0.004s
 
609.1862 615.0844000000001 774.3358000000001 780.2340000000002

real	0m4.108s
user	0m4.104s
sys	0m0.000s
 
31020069.53999998 31057579.07999998 45948866.45999996 45986376.00000001

real	0m13.562s
user	0m13.552s
sys	0m0.012s
 
3948765877.809497 3955170852.914604 5863853434.234404 5870258409.339499

real	0m10.133s
user	0m10.128s
sys	0m0.000s
 
629070346650.9426 630167977775.031 934211799147.1235 935309430271.2021

real	0m7.762s
user	0m7.700s
sys	0m0.056s
 
72549439.0166 72565446.85879999 108086848.7006 108102856.5428001

real	0m13.848s
user	0m13.824s
sys	0m0.016s
 
324096005.6180002 324108897.3359997 483218480.892 483231372.6099998

real	0m7.932s
user	0m7.884s
sys	0m0.044s
 
10829665.1294 10829701.4254 15310551.5134 15310587.8094

real	0m6.663s
user	0m6.584s
sys	0m0.072s
 
107135690886248 108233331157370.3 147748380917728.1 148846021188851.3

real	0m3.827s
user	0m3.760s
sys	0m0.064s
 
MAT_VEC
 
178.7929000000001 178.8030000000001 201.2149000000001 201.2250000000001

real	0m1.423s
user	0m1.412s
sys	0m0.008s
 
992.6821000000002 992.6922000000003 1117.3464 1117.3565

real	0m3.892s
user	0m3.888s
sys	0m0.000s
 
390.3932 390.4204 450.7772000000001 450.8044

real	0m3.411s
user	0m3.404s
sys	0m0.000s
 
2166.9797 2167.0069 2502.7093 2502.7365

real	0m6.274s
user	0m6.268s
sys	0m0.000s
 
157975690.7399002 164380665.8450001

real	0m0.915s
user	0m0.912s
sys	0m0.000s
 
27065907086.64726 28163538210.734

real	0m2.382s
user	0m2.376s
sys	0m0.004s
 
128614163.4402999 133441028.6953997 138267893.9505

real	0m0.966s
user	0m0.964s
sys	0m0.000s
 
17202407856.50187 17848340807.38918 18494273758.27599

real	0m3.032s
user	0m3.032s
sys	0m0.000s
 
2.2266 2.2836 2.3406 2.397600000000001

real	0m0.879s
user	0m0.876s
sys	0m0.000s
 
73.52180000000001 74.6944 86.4204 87.59300000000002

real	0m3.720s
user	0m3.716s
sys	0m0.000s
 
609.1862 615.0844000000001 774.3358000000001 780.2340000000002

real	0m3.234s
user	0m3.232s
sys	0m0.000s
 
31020069.53999998 31057579.07999998 45948866.45999996 45986376.00000001

real	0m14.567s
user	0m14.564s
sys	0m0.000s
 
3948765877.809497 3955170852.914604 5863853434.234404 5870258409.339499

real	0m13.866s
user	0m13.844s
sys	0m0.012s
 
629070346650.9426 630167977775.031 934211799147.1235 935309430271.2021

real	0m6.952s
user	0m6.900s
sys	0m0.048s
 
72549439.0166 72565446.85879999 108086848.7006 108102856.5428001

real	0m10.418s
user	0m10.396s
sys	0m0.012s
 
324096005.6180002 324108897.3359997 483218480.892 483231372.6099998

real	0m8.108s
user	0m8.044s
sys	0m0.060s
 
10829665.1294 10829701.4254 15310551.5134 15310587.8094

real	0m3.851s
user	0m3.776s
sys	0m0.068s
 
107135690886248 108233331157370.3 147748380917728.1 148846021188851.3

real	0m6.325s
user	0m6.248s
sys	0m0.072s
 
MAT_MAT
 
8054296.570499997 8377212.617400005 11041896.78059999 11521723.02599998

real	0m2.685s
user	0m2.680s
sys	0m0.000s
 
67005585.50399998 69693523.28640002 92209626.6390001 96222702.65399998

real	0m4.393s
user	0m4.388s
sys	0m0.000s
 
297546749.5919997 308581623.7314994 440770097.583 457946307.1219999

real	0m3.529s
user	0m3.516s
sys	0m0.012s
 
301.3441 301.7106 379.168 379.5840000000001

real	0m2.293s
user	0m2.288s
sys	0m0.000s
 
45022.4809 45027.16379999999 57025.89409999999 57031.226

real	0m7.758s
user	0m7.704s
sys	0m0.048s
 
79343.34260000002 79353.49420000002 105856.4262 105868.395

real	0m5.474s
user	0m5.424s
sys	0m0.044s
 
109.241 111.7864 142.1856 145.251

real	0m3.435s
user	0m3.428s
sys	0m0.004s
 
1739639.1343 1765026.6362 3156552.835599999 3194056.931000001

real	0m5.844s
user	0m5.836s
sys	0m0.000s
 
40128631.98950006 40455680.77900002 81101463.51099998 81608296.35000008

real	0m6.707s
user	0m6.692s
sys	0m0.008s
 
185145.8628 186726.9552 353878.6176 356259.936

real	0m6.831s
user	0m6.824s
sys	0m0.000s
 
5650057.303000003 5674398.905999999 11835110.684 11873364.25000001

real	0m5.930s
user	0m5.924s
sys	0m0.000s
 
3539227257.462 3543179262.324003 8019509498.519998 8025995052.400001

real	0m3.067s
user	0m3.052s
sys	0m0.016s
 
116679065033.4775 116750506858.205 268105200357.9501 268223292440

real	0m3.676s
user	0m3.628s
sys	0m0.044s
 
486162319134.2704 486350943715.8364 1121330656696.773 1121642844663.925

real	0m4.138s
user	0m4.056s
sys	0m0.076s
 
608720333715.4655 608956501509.1871 1405127495482.165 1405518727998.903

real	0m5.159s
user	0m5.096s
sys	0m0.056s
 
OUTER
 
101.277 104.346 110.4774 113.8252

real	0m3.966s
user	0m3.960s
sys	0m0.000s
 
96.84840000000001 99.04950000000002 108.045 110.446

real	0m4.934s
user	0m4.932s
sys	0m0.000s
 
94.13800000000002 95.84960000000002 106.419 108.286

real	0m6.081s
user	0m6.076s
sys	0m0.000s
 
10.164 10.2025 11.913 11.9548

real	0m2.783s
user	0m2.772s
sys	0m0.008s
 
955.9242 956.3004 1135.8438 1136.254

real	0m11.666s
user	0m11.632s
sys	0m0.020s
 
78728.21440000001 78731.73660000002 93676.67820000002 93680.52040000001

real	0m7.564s
user	0m7.456s
sys	0m0.100s
 
TRANS1
 
8054296.570499997 8377212.617400005 11041896.78059999 11521723.02599998

real	0m2.844s
user	0m2.840s
sys	0m0.000s
 
67005585.50399998 69693523.28640002 92209626.6390001 96222702.65399998

real	0m4.337s
user	0m4.328s
sys	0m0.004s
 
297546749.5919997 308581623.7314994 440770097.583 457946307.1219999

real	0m3.072s
user	0m3.064s
sys	0m0.008s
 
301.3441 301.7106 379.168 379.5840000000001

real	0m2.733s
user	0m2.728s
sys	0m0.000s
 
45022.4809 45027.16379999999 57025.89409999999 57031.226

real	0m8.097s
user	0m8.064s
sys	0m0.028s
 
79343.34260000002 79353.49420000002 105856.4262 105868.395

real	0m5.466s
user	0m5.424s
sys	0m0.036s
 
109.241 111.7864 142.1856 145.251

real	0m2.995s
user	0m2.992s
sys	0m0.000s
 
1739639.1343 1765026.6362 3156552.835599999 3194056.931000001

real	0m6.083s
user	0m6.076s
sys	0m0.000s
 
40128631.98950006 40455680.77900002 81101463.51099998 81608296.35000008

real	0m5.718s
user	0m5.712s
sys	0m0.000s
 
185145.8628 186726.9552 353878.6176 356259.936

real	0m7.186s
user	0m7.176s
sys	0m0.000s
 
5650057.303000003 5674398.905999999 11835110.684 11873364.25000001

real	0m7.522s
user	0m7.516s
sys	0m0.000s
 
3539227257.462 3543179262.324003 8019509498.519998 8025995052.400001

real	0m2.573s
user	0m2.552s
sys	0m0.016s
 
116679065033.4775 116750506858.205 268105200357.9501 268223292440

real	0m3.881s
user	0m3.824s
sys	0m0.052s
 
486162319134.2704 486350943715.8364 1121330656696.773 1121642844663.925

real	0m4.509s
user	0m4.436s
sys	0m0.068s
 
608720333715.4655 608956501509.1871 1405127495482.165 1405518727998.903

real	0m5.625s
user	0m5.536s
sys	0m0.084s
 
608720333715.4655 608956501509.1871 1405127495482.165 1405518727998.903

real	0m2.963s
user	0m2.908s
sys	0m0.048s
 
TRANS2
 
8054296.570499997 8377212.617400005 11041896.78059999 11521723.02599998

real	0m7.400s
user	0m7.392s
sys	0m0.000s
 
67005585.50399998 69693523.28640002 92209626.6390001 96222702.65399998

real	0m13.083s
user	0m13.072s
sys	0m0.004s
 
297546749.5919997 308581623.7314994 440770097.583 457946307.1219999

real	0m14.276s
user	0m14.264s
sys	0m0.004s
 
301.3441 301.7106 379.168 379.5840000000001

real	0m6.454s
user	0m6.444s
sys	0m0.004s
 
45022.4809 45027.16379999999 57025.89409999999 57031.226

real	0m10.241s
user	0m10.184s
sys	0m0.048s
 
79343.34260000002 79353.49420000002 105856.4262 105868.395

real	0m6.040s
user	0m5.980s
sys	0m0.052s
 
109.241 111.7864 142.1856 145.251

real	0m4.095s
user	0m4.092s
sys	0m0.000s
 
1739639.1343 1765026.6362 3156552.835599999 3194056.931000001

real	0m6.394s
user	0m6.388s
sys	0m0.000s
 
40128631.98950006 40455680.77900002 81101463.51099998 81608296.35000008

real	0m10.412s
user	0m10.404s
sys	0m0.000s
 
185145.8628 186726.9552 353878.6176 356259.936

real	0m8.074s
user	0m8.068s
sys	0m0.000s
 
5650057.303000003 5674398.905999999 11835110.684 11873364.25000001

real	0m9.099s
user	0m9.088s
sys	0m0.004s
 
3539227257.462 3543179262.324003 8019509498.519998 8025995052.400001

real	0m3.365s
user	0m3.352s
sys	0m0.012s
 
116679065033.4775 116750506858.205 268105200357.9501 268223292440

real	0m3.928s
user	0m3.876s
sys	0m0.048s
 
486162319134.2704 486350943715.8364 1121330656696.773 1121642844663.925

real	0m4.661s
user	0m4.600s
sys	0m0.056s
 
608720333715.4655 608956501509.1871 1405127495482.165 1405518727998.903

real	0m5.690s
user	0m5.608s
sys	0m0.076s
 
608720333715.4655 608956501509.1871 1405127495482.165 1405518727998.903

real	0m3.245s
user	0m3.180s
sys	0m0.064s
 
SPECIAL
 
0.04840000000000001

real	0m1.201s
user	0m1.196s
sys	0m0.000s
 
0.04840000000000001

real	0m1.269s
user	0m1.264s
sys	0m0.000s
 
0.04840000000000001

real	0m0.878s
user	0m0.876s
sys	0m0.004s
 
53.79660000000001 53.79880000000001 58.68060000000001 58.68280000000001

real	0m4.000s
user	0m3.996s
sys	0m0.000s
 
53.79660000000001 53.79880000000001 58.68060000000001 58.68280000000001

real	0m4.002s
user	0m3.996s
sys	0m0.000s
 
9698907.663399996

real	0m1.118s
user	0m1.116s
sys	0m0.000s
 
9698907.663399996

real	0m1.107s
user	0m1.104s
sys	0m0.000s
 
0.04840000000000001

real	0m2.090s
user	0m2.084s
sys	0m0.004s
 
53.79660000000001 53.79880000000001 58.68060000000001 58.68280000000001

real	0m4.033s
user	0m4.028s
sys	0m0.000s
 
53.79660000000001 53.79880000000001 58.68060000000001 58.68280000000001

real	0m4.024s
user	0m4.020s
sys	0m0.000s
 
9698907.663399996

real	0m1.121s
user	0m1.120s
sys	0m0.000s
 
3948765877.809497 3955170852.914604 5863853434.234404 5870258409.339499

real	0m10.431s
user	0m10.412s
sys	0m0.012s
 
3948765877.809497 3955170852.914604 5863853434.234404 5870258409.339499

real	0m7.622s
user	0m7.612s
sys	0m0.004s
 
0.04840000000000001

real	0m2.191s
user	0m2.184s
sys	0m0.004s
 
53.79660000000001 53.79880000000001 58.68060000000001 58.68280000000001

real	0m4.028s
user	0m4.024s
sys	0m0.000s
 
53.79660000000001 53.79880000000001 58.68060000000001 58.68280000000001

real	0m4.017s
user	0m4.016s
sys	0m0.000s
 
9698907.663399996

real	0m1.135s
user	0m1.132s
sys	0m0.000s
 
3948765877.809497 3955170852.914604 5863853434.234404 5870258409.339499

real	0m7.616s
user	0m7.600s
sys	0m0.012s
 
3948765877.809497 3955170852.914604 5863853434.234404 5870258409.339499

real	0m7.611s
user	0m7.592s
sys	0m0.016s
 
0.04840000000000001

real	0m2.150s
user	0m2.148s
sys	0m0.008s
 
53.79660000000001 53.79880000000001 58.68060000000001 58.68280000000001

real	0m3.976s
user	0m3.972s
sys	0m0.000s
 
53.79660000000001 53.79880000000001 58.68060000000001 58.68280000000001

real	0m4.024s
user	0m4.020s
sys	0m0.000s
 
9698907.663399996

real	0m1.119s
user	0m1.116s
sys	0m0.000s
 
3948765877.809497 3955170852.914604 5863853434.234404 5870258409.339499

real	0m10.445s
user	0m10.428s
sys	0m0.008s
 
3948765877.809497 3955170852.914604 5863853434.234404 5870258409.339499

real	0m10.505s
user	0m10.492s
sys	0m0.004s
 
SEQUENCE
 
37624.35618 38872.44188 52954.76458 54712.31628

real	0m2.010s
user	0m2.004s
sys	0m0.000s
 
4350478614.186048 4405620767.888449 7321622135.843186 7393481577.214199

real	0m3.223s
user	0m3.216s
sys	0m0.000s
 
18696443068.18007 18840087100.15867 37617583432.7108 37823564976.3486

real	0m3.232s
user	0m3.228s
sys	0m0.004s
 
4.901614166865179e+18 4.912723296455448e+18 1.084442578747924e+19 1.086100449795465e+19

real	0m4.512s
user	0m4.492s
sys	0m0.016s
 
1.647418946230568e+16 1.649160037624473e+16 3.768465979697054e+16 3.771108024027194e+16

real	0m3.793s
user	0m3.760s
sys	0m0.028s
 
4.48881116501821e+17 4.490640601531962e+17 1.03730934601686e+18 1.03758774958278e+18

real	0m2.519s
user	0m2.444s
sys	0m0.068s
 
4.48881116501821e+17 4.490640601531962e+17 1.03730934601686e+18 1.03758774958278e+18

real	0m5.427s
user	0m5.364s
sys	0m0.060s
 
374124590164.9393 378323909405.297 483306890414.2386 487506209654.5964

real	0m3.244s
user	0m3.240s
sys	0m0.000s
 
8003498375443.188 8040830216224.574 11400695886549.59 11438027727330.98

real	0m3.556s
user	0m3.552s
sys	0m0.000s
 
467292080353.7709 473215316635.7608 603526514839.5372 609449751121.5272

real	0m1.726s
user	0m1.724s
sys	0m0.000s
 
22856685758006.32 23032721850853.32 32186598678896.97 32362634771743.98

real	0m5.510s
user	0m5.504s
sys	0m0.000s
