 
SCALAR_VEC
 
0.5808000000000001 0.5830000000000002 0.6270000000000002 0.6292000000000002

real	1m12.913s
user	2m25.648s
sys	0m0.000s
 
46.0284 46.03060000000001 50.20620000000001 50.2084

real	0m4.321s
user	0m8.628s
sys	0m0.000s
 
29876.5456 29876.5478 32592.58860000001 32592.59080000001

real	0m3.277s
user	0m6.420s
sys	0m0.032s
 
VEC_VEC
 
174.0387

real	1m13.616s
user	2m27.076s
sys	0m0.008s
 
9698907.663399996

real	0m2.371s
user	0m4.728s
sys	0m0.000s
 
24900423491.09201

real	0m2.214s
user	0m4.404s
sys	0m0.008s
 
24900741320632.71

real	0m4.317s
user	0m8.592s
sys	0m0.004s
 
2.490083360868967e+16

real	0m4.036s
user	0m7.936s
sys	0m0.040s
 
VEC_MAT
 
178.7929000000001 178.8030000000001 201.2149000000001 201.2250000000001

real	0m2.753s
user	0m5.492s
sys	0m0.000s
 
992.6821000000002 992.6922000000003 1117.3464 1117.3565

real	0m0.671s
user	0m1.332s
sys	0m0.000s
 
390.3932 390.4204 450.7772000000001 450.8044

real	0m10.588s
user	0m21.148s
sys	0m0.000s
 
2166.9797 2167.0069 2502.7093 2502.7365

real	0m5.530s
user	0m11.024s
sys	0m0.008s
 
157975690.7399002 164380665.8450001

real	0m0.879s
user	0m1.752s
sys	0m0.000s
 
27065907086.64726 28163538210.734

real	0m2.251s
user	0m4.488s
sys	0m0.000s
 
128614163.4402999 133441028.6953997 138267893.9505

real	0m1.115s
user	0m2.220s
sys	0m0.000s
 
17202407856.50187 17848340807.38918 18494273758.27599

real	0m2.719s
user	0m5.420s
sys	0m0.000s
 
2.2266 2.2836 2.3406 2.397600000000001

real	0m25.343s
user	0m50.624s
sys	0m0.000s
 
73.52180000000001 74.6944 86.4204 87.59300000000002

real	0m27.842s
user	0m55.624s
sys	0m0.004s
 
609.1862 615.0844000000001 774.3358000000001 780.2340000000002

real	0m15.470s
user	0m30.896s
sys	0m0.000s
 
31020069.53999998 31057579.07999998 45948866.45999996 45986376.00000001

real	0m11.495s
user	0m22.912s
sys	0m0.004s
 
3948765877.809497 3955170852.914604 5863853434.234404 5870258409.339499

real	0m10.091s
user	0m20.080s
sys	0m0.024s
 
629070346650.9426 630167977775.031 934211799147.1235 935309430271.2021

real	0m6.487s
user	0m12.792s
sys	0m0.048s
 
72549439.0166 72565446.85879999 108086848.7006 108102856.5428001

real	0m10.670s
user	0m21.256s
sys	0m0.008s
 
324096005.6180002 324108897.3359997 483218480.892 483231372.6099998

real	0m5.196s
user	0m10.232s
sys	0m0.040s
 
10829665.1294 10829701.4254 15310551.5134 15310587.8094

real	0m4.685s
user	0m9.156s
sys	0m0.068s
 
107135690886248 108233331157370.3 147748380917728.1 148846021188851.3

real	0m3.394s
user	0m6.580s
sys	0m0.060s
 
MAT_VEC
 
178.7929000000001 178.8030000000001 201.2149000000001 201.2250000000001

real	0m2.202s
user	0m4.392s
sys	0m0.000s
 
992.6821000000002 992.6922000000003 1117.3464 1117.3565

real	0m0.869s
user	0m1.728s
sys	0m0.000s
 
390.3932 390.4204 450.7772000000001 450.8044

real	0m3.664s
user	0m7.312s
sys	0m0.000s
 
2166.9797 2167.0069 2502.7093 2502.7365

real	0m1.906s
user	0m3.796s
sys	0m0.004s
 
157975690.7399002 164380665.8450001

real	0m0.902s
user	0m1.796s
sys	0m0.000s
 
27065907086.64726 28163538210.734

real	0m1.846s
user	0m3.676s
sys	0m0.000s
 
128614163.4402999 133441028.6953997 138267893.9505

real	0m1.254s
user	0m2.496s
sys	0m0.004s
 
17202407856.50187 17848340807.38918 18494273758.27599

real	0m2.901s
user	0m5.784s
sys	0m0.000s
 
2.2266 2.2836 2.3406 2.397600000000001

real	0m24.446s
user	0m48.828s
sys	0m0.008s
 
73.52180000000001 74.6944 86.4204 87.59300000000002

real	0m27.056s
user	0m54.048s
sys	0m0.008s
 
609.1862 615.0844000000001 774.3358000000001 780.2340000000002

real	0m13.272s
user	0m26.508s
sys	0m0.004s
 
31020069.53999998 31057579.07999998 45948866.45999996 45986376.00000001

real	0m13.227s
user	0m26.372s
sys	0m0.000s
 
3948765877.809497 3955170852.914604 5863853434.234404 5870258409.339499

real	0m11.796s
user	0m23.508s
sys	0m0.004s
 
629070346650.9426 630167977775.031 934211799147.1235 935309430271.2021

real	0m5.984s
user	0m11.800s
sys	0m0.044s
 
72549439.0166 72565446.85879999 108086848.7006 108102856.5428001

real	0m9.108s
user	0m18.136s
sys	0m0.008s
 
324096005.6180002 324108897.3359997 483218480.892 483231372.6099998

real	0m5.501s
user	0m10.836s
sys	0m0.040s
 
10829665.1294 10829701.4254 15310551.5134 15310587.8094

real	0m3.822s
user	0m7.436s
sys	0m0.064s
 
107135690886248 108233331157370.3 147748380917728.1 148846021188851.3

real	0m6.626s
user	0m13.028s
sys	0m0.064s
 
OUTER
 
101.277 104.346 110.4774 113.8252

real	0m5.250s
user	0m10.484s
sys	0m0.000s
 
96.84840000000001 99.04950000000002 108.045 110.446

real	0m5.166s
user	0m10.312s
sys	0m0.000s
 
94.13800000000002 95.84960000000002 106.419 108.286

real	0m4.746s
user	0m9.476s
sys	0m0.000s
 
14.5684 14.5728 16.60140000000001 16.606

real	0m8.294s
user	0m16.572s
sys	0m0.000s
 
10.164 10.2025 11.913 11.9548

real	0m14.220s
user	0m28.408s
sys	0m0.000s
 
955.9242 956.3004 1135.8438 1136.254

real	0m8.846s
user	0m17.608s
sys	0m0.004s
 
86477.05440000001 86480.57660000001 102897.9582 102901.8004

real	0m7.142s
user	0m13.920s
sys	0m0.116s
 
27312.9912 27313.3443 32486.685 32487.07

real	0m4.404s
user	0m8.680s
sys	0m0.024s
 
MAT_MAT
 
8054296.570499997 8377212.617400005 11041896.78059999 11521723.02599998

real	0m1.288s
user	0m2.568s
sys	0m0.000s
 
67005585.50399998 69693523.28640002 92209626.6390001 96222702.65399998

real	0m1.924s
user	0m3.836s
sys	0m0.000s
 
56602.02200000002 58658.48450000003 83130.86099999996 86296.01680000003

real	0m2.571s
user	0m5.132s
sys	0m0.000s
 
297546749.5919997 308581623.7314994 440770097.583 457946307.1219999

real	0m2.638s
user	0m5.248s
sys	0m0.012s
 
8054296.570499997 8144829.910200007 11426434.83180001 11521723.02599998

real	0m2.158s
user	0m4.300s
sys	0m0.000s
 
67005585.50399998 67746880.83150004 95442432.67260008 96222702.65399998

real	0m6.883s
user	0m13.720s
sys	0m0.008s
 
56602.02200000002 56765.4044 86117.12820000002 86296.01680000003

real	0m1.566s
user	0m3.124s
sys	0m0.000s
 
297546749.5919997 299613096.1240003 455678605.3310006 457946307.1219999

real	0m5.172s
user	0m10.312s
sys	0m0.000s
 
301.3441 301.7106 379.168 379.5840000000001

real	0m2.590s
user	0m5.168s
sys	0m0.000s
 
45022.4809 45027.16379999999 57025.89409999999 57031.226

real	0m7.424s
user	0m14.700s
sys	0m0.028s
 
79343.34260000002 79353.49420000002 105856.4262 105868.395

real	0m4.580s
user	0m9.060s
sys	0m0.016s
 
77470.43699999999 77485.73999999999 107948.34 107966.91

real	0m2.926s
user	0m5.784s
sys	0m0.016s
 
109.241 111.7864 142.1856 145.251

real	0m9.995s
user	0m19.972s
sys	0m0.000s
 
1739639.1343 1765026.6362 3156552.835599999 3194056.931000001

real	0m3.552s
user	0m7.092s
sys	0m0.000s
 
40128631.98950006 40455680.77900002 81101463.51099998 81608296.35000008

real	0m2.530s
user	0m5.040s
sys	0m0.000s
 
185145.8628 186726.9552 353878.6176 356259.936

real	0m3.746s
user	0m7.480s
sys	0m0.000s
 
5650057.303000003 5674398.905999999 11835110.684 11873364.25000001

real	0m2.785s
user	0m5.552s
sys	0m0.000s
 
3539227257.462 3543179262.324003 8019509498.519998 8025995052.400001

real	0m1.159s
user	0m2.268s
sys	0m0.020s
 
66219776245.92168 66260257446.05717 151986883006.3699 152053753059.55

real	0m1.146s
user	0m2.188s
sys	0m0.036s
 
166212294937.3991 166288626284.498 382568140639.0098 382694366833.2999

real	0m1.701s
user	0m3.252s
sys	0m0.052s
 
608720333715.4655 608956501509.1871 1405127495482.165 1405518727998.903

real	0m3.799s
user	0m7.360s
sys	0m0.068s
 
TRANS1
 
8054296.570499997 8377212.617400005 11041896.78059999 11521723.02599998

real	0m1.949s
user	0m3.884s
sys	0m0.000s
 
67005585.50399998 69693523.28640002 92209626.6390001 96222702.65399998

real	0m2.499s
user	0m4.984s
sys	0m0.000s
 
56602.02200000002 58658.48450000003 83130.86099999996 86296.01680000003

real	0m1.730s
user	0m3.452s
sys	0m0.000s
 
297546749.5919997 308581623.7314994 440770097.583 457946307.1219999

real	0m2.093s
user	0m4.172s
sys	0m0.000s
 
8054296.570499997 8144829.910200007 11426434.83180001 11521723.02599998

real	0m3.830s
user	0m7.632s
sys	0m0.008s
 
67005585.50399998 67746880.83150004 95442432.67260008 96222702.65399998

real	0m4.994s
user	0m9.952s
sys	0m0.000s
 
56602.02200000002 56765.4044 86117.12820000002 86296.01680000003

real	0m2.506s
user	0m5.000s
sys	0m0.000s
 
297546749.5919997 299613096.1240003 455678605.3310006 457946307.1219999

real	0m3.652s
user	0m7.276s
sys	0m0.000s
 
301.3441 301.7106 379.168 379.5840000000001

real	0m1.986s
user	0m3.964s
sys	0m0.000s
 
45022.4809 45027.16379999999 57025.89409999999 57031.226

real	0m7.444s
user	0m14.760s
sys	0m0.016s
 
79343.34260000002 79353.49420000002 105856.4262 105868.395

real	0m4.445s
user	0m8.788s
sys	0m0.020s
 
77470.43699999999 77485.73999999999 107948.34 107966.91

real	0m2.798s
user	0m5.536s
sys	0m0.008s
 
109.241 111.7864 142.1856 145.251

real	0m8.710s
user	0m17.396s
sys	0m0.004s
 
1739639.1343 1765026.6362 3156552.835599999 3194056.931000001

real	0m3.351s
user	0m6.684s
sys	0m0.004s
 
40128631.98950006 40455680.77900002 81101463.51099998 81608296.35000008

real	0m2.911s
user	0m5.804s
sys	0m0.000s
 
185145.8628 186726.9552 353878.6176 356259.936

real	0m3.765s
user	0m7.512s
sys	0m0.000s
 
5650057.303000003 5674398.905999999 11835110.684 11873364.25000001

real	0m3.225s
user	0m6.420s
sys	0m0.000s
 
3539227257.462 3543179262.324003 8019509498.519998 8025995052.400001

real	0m1.364s
user	0m2.676s
sys	0m0.016s
 
66219776245.92168 66260257446.05717 151986883006.3699 152053753059.55

real	0m1.954s
user	0m3.796s
sys	0m0.036s
 
166212294937.3991 166288626284.498 382568140639.0098 382694366833.2999

real	0m1.511s
user	0m2.860s
sys	0m0.052s
 
608720333715.4655 608956501509.1871 1405127495482.165 1405518727998.903

real	0m3.408s
user	0m6.560s
sys	0m0.080s
 
1512441.733 1524415.266 2968657.650000001 2986772.5

real	0m2.203s
user	0m4.396s
sys	0m0.000s
 
608720333715.4655 608956501509.1871 1405127495482.165 1405518727998.903

real	0m1.749s
user	0m3.316s
sys	0m0.044s
 
TRANS2
 
8054296.570499997 8377212.617400005 11041896.78059999 11521723.02599998

real	0m1.648s
user	0m3.284s
sys	0m0.000s
 
67005585.50399998 69693523.28640002 92209626.6390001 96222702.65399998

real	0m10.838s
user	0m21.608s
sys	0m0.008s
 
56602.02200000002 58658.48450000003 83130.86099999996 86296.01680000003

real	0m2.298s
user	0m4.584s
sys	0m0.000s
 
297546749.5919997 308581623.7314994 440770097.583 457946307.1219999

real	0m8.775s
user	0m17.492s
sys	0m0.004s
 
8054296.570499997 8144829.910200007 11426434.83180001 11521723.02599998

real	0m3.940s
user	0m7.864s
sys	0m0.000s
 
67005585.50399998 67746880.83150004 95442432.67260008 96222702.65399998

real	0m7.319s
user	0m14.588s
sys	0m0.008s
 
56602.02200000002 56765.4044 86117.12820000002 86296.01680000003

real	0m2.656s
user	0m5.300s
sys	0m0.000s
 
297546749.5919997 299613096.1240003 455678605.3310006 457946307.1219999

real	0m6.370s
user	0m12.696s
sys	0m0.004s
 
301.3441 301.7106 379.168 379.5840000000001

real	0m2.439s
user	0m4.876s
sys	0m0.000s
 
45022.4809 45027.16379999999 57025.89409999999 57031.226

real	0m7.688s
user	0m15.236s
sys	0m0.020s
 
79343.34260000002 79353.49420000002 105856.4262 105868.395

real	0m4.684s
user	0m9.268s
sys	0m0.012s
 
77470.43699999999 77485.73999999999 107948.34 107966.91

real	0m2.892s
user	0m5.716s
sys	0m0.016s
 
109.241 111.7864 142.1856 145.251

real	0m8.835s
user	0m17.644s
sys	0m0.000s
 
1739639.1343 1765026.6362 3156552.835599999 3194056.931000001

real	0m3.766s
user	0m7.516s
sys	0m0.000s
 
40128631.98950006 40455680.77900002 81101463.51099998 81608296.35000008

real	0m6.024s
user	0m12.000s
sys	0m0.004s
 
185145.8628 186726.9552 353878.6176 356259.936

real	0m4.179s
user	0m8.340s
sys	0m0.000s
 
5650057.303000003 5674398.905999999 11835110.684 11873364.25000001

real	0m5.576s
user	0m11.120s
sys	0m0.000s
 
3539227257.462 3543179262.324003 8019509498.519998 8025995052.400001

real	0m1.637s
user	0m3.228s
sys	0m0.008s
 
66219776245.92168 66260257446.05717 151986883006.3699 152053753059.55

real	0m1.701s
user	0m3.284s
sys	0m0.036s
 
166212294937.3991 166288626284.498 382568140639.0098 382694366833.2999

real	0m2.053s
user	0m3.920s
sys	0m0.052s
 
608720333715.4655 608956501509.1871 1405127495482.165 1405518727998.903

real	0m4.129s
user	0m8.004s
sys	0m0.068s
 
1512441.733 1524415.266 2968657.650000001 2986772.5

real	0m2.514s
user	0m5.020s
sys	0m0.000s
 
608720333715.4655 608956501509.1871 1405127495482.165 1405518727998.903

real	0m1.896s
user	0m3.588s
sys	0m0.056s
 
TRANS12
 
8054296.570499997 8377212.617400005 11041896.78059999 11521723.02599998

real	0m1.405s
user	0m2.796s
sys	0m0.000s
 
67005585.50399998 69693523.28640002 92209626.6390001 96222702.65399998

real	0m7.745s
user	0m15.436s
sys	0m0.004s
 
56602.02200000002 58658.48450000003 83130.86099999996 86296.01680000003

real	0m1.001s
user	0m1.992s
sys	0m0.000s
 
297546749.5919997 308581623.7314994 440770097.583 457946307.1219999

real	0m5.159s
user	0m10.280s
sys	0m0.004s
 
8054296.570499997 8144829.910200007 11426434.83180001 11521723.02599998

real	0m2.811s
user	0m5.604s
sys	0m0.004s
 
67005585.50399998 67746880.83150004 95442432.67260008 96222702.65399998

real	0m3.947s
user	0m7.872s
sys	0m0.000s
 
56602.02200000002 56765.4044 86117.12820000002 86296.01680000003

real	0m4.228s
user	0m8.440s
sys	0m0.000s
 
297546749.5919997 299613096.1240003 455678605.3310006 457946307.1219999

real	0m4.670s
user	0m9.304s
sys	0m0.004s
 
301.3441 301.7106 379.168 379.5840000000001

real	0m5.380s
user	0m10.740s
sys	0m0.000s
 
45022.4809 45027.16379999999 57025.89409999999 57031.226

real	0m9.501s
user	0m18.868s
sys	0m0.020s
 
79343.34260000002 79353.49420000002 105856.4262 105868.395

real	0m6.442s
user	0m12.772s
sys	0m0.024s
 
77470.43699999999 77485.73999999999 107948.34 107966.91

real	0m3.701s
user	0m7.336s
sys	0m0.012s
 
109.241 111.7864 142.1856 145.251

real	0m9.092s
user	0m18.160s
sys	0m0.004s
 
1739639.1343 1765026.6362 3156552.835599999 3194056.931000001

real	0m2.619s
user	0m5.224s
sys	0m0.000s
 
40128631.98950006 40455680.77900002 81101463.51099998 81608296.35000008

real	0m3.409s
user	0m6.792s
sys	0m0.004s
 
185145.8628 186726.9552 353878.6176 356259.936

real	0m2.844s
user	0m5.672s
sys	0m0.000s
 
5650057.303000003 5674398.905999999 11835110.684 11873364.25000001

real	0m2.310s
user	0m4.608s
sys	0m0.000s
 
3539227257.462 3543179262.324003 8019509498.519998 8025995052.400001

real	0m1.791s
user	0m3.524s
sys	0m0.016s
 
66219776245.92168 66260257446.05717 151986883006.3699 152053753059.55

real	0m3.275s
user	0m6.348s
sys	0m0.032s
 
166212294937.3991 166288626284.498 382568140639.0098 382694366833.2999

real	0m2.706s
user	0m5.204s
sys	0m0.056s
 
608720333715.4655 608956501509.1871 1405127495482.165 1405518727998.903

real	0m5.471s
user	0m10.664s
sys	0m0.080s
 
SPECIAL
 
0.04840000000000001

real	1m13.190s
user	2m26.224s
sys	0m0.012s
 
0.04840000000000001

real	1m12.700s
user	2m25.260s
sys	0m0.000s
 
0.04840000000000001

real	1m10.461s
user	2m20.772s
sys	0m0.008s
 
53.79660000000001 53.79880000000001 58.68060000000001 58.68280000000001

real	0m6.564s
user	0m13.108s
sys	0m0.004s
 
53.79660000000001 53.79880000000001 58.68060000000001 58.68280000000001

real	0m6.921s
user	0m13.804s
sys	0m0.008s
 
9698907.663399996

real	0m2.387s
user	0m4.760s
sys	0m0.004s
 
9698907.663399996

real	0m2.415s
user	0m4.816s
sys	0m0.000s
 
0.04840000000000001

real	1m14.846s
user	2m29.524s
sys	0m0.016s
 
53.79660000000001 53.79880000000001 58.68060000000001 58.68280000000001

real	0m6.969s
user	0m13.916s
sys	0m0.004s
 
53.79660000000001 53.79880000000001 58.68060000000001 58.68280000000001

real	0m6.956s
user	0m13.884s
sys	0m0.008s
 
9698907.663399996

real	0m2.457s
user	0m4.904s
sys	0m0.000s
 
3948765877.809497 3955170852.914604 5863853434.234404 5870258409.339499

real	0m10.150s
user	0m20.232s
sys	0m0.000s
 
3948765877.809497 3955170852.914604 5863853434.234404 5870258409.339499

real	0m7.242s
user	0m14.412s
sys	0m0.016s
 
0.04840000000000001

real	1m15.206s
user	2m30.244s
sys	0m0.004s
 
53.79660000000001 53.79880000000001 58.68060000000001 58.68280000000001

real	0m6.977s
user	0m13.932s
sys	0m0.000s
 
53.79660000000001 53.79880000000001 58.68060000000001 58.68280000000001

real	0m6.989s
user	0m13.960s
sys	0m0.000s
 
9698907.663399996

real	0m2.433s
user	0m4.856s
sys	0m0.000s
 
3948765877.809497 3955170852.914604 5863853434.234404 5870258409.339499

real	0m8.084s
user	0m16.092s
sys	0m0.020s
 
3948765877.809497 3955170852.914604 5863853434.234404 5870258409.339499

real	0m7.628s
user	0m15.148s
sys	0m0.028s
 
0.04840000000000001

real	1m14.253s
user	2m28.360s
sys	0m0.000s
 
53.79660000000001 53.79880000000001 58.68060000000001 58.68280000000001

real	0m6.998s
user	0m13.976s
sys	0m0.000s
 
53.79660000000001 53.79880000000001 58.68060000000001 58.68280000000001

real	0m6.934s
user	0m13.848s
sys	0m0.000s
 
9698907.663399996

real	0m2.406s
user	0m4.800s
sys	0m0.000s
 
3948765877.809497 3955170852.914604 5863853434.234404 5870258409.339499

real	0m9.971s
user	0m19.860s
sys	0m0.016s
 
3948765877.809497 3955170852.914604 5863853434.234404 5870258409.339499

real	0m8.593s
user	0m17.080s
sys	0m0.008s
 
0.04840000000000001

real	1m15.397s
user	2m30.652s
sys	0m0.000s
 
53.79660000000001 53.79880000000001 58.68060000000001 58.68280000000001

real	0m6.585s
user	0m13.152s
sys	0m0.004s
 
53.79660000000001 53.79880000000001 58.68060000000001 58.68280000000001

real	0m6.593s
user	0m13.168s
sys	0m0.000s
 
9698907.663399996

real	0m2.408s
user	0m4.804s
sys	0m0.000s
 
3948765877.809497 3955170852.914604 5863853434.234404 5870258409.339499

real	0m8.097s
user	0m16.116s
sys	0m0.012s
 
3948765877.809497 3955170852.914604 5863853434.234404 5870258409.339499

real	0m8.924s
user	0m17.748s
sys	0m0.004s
 
3037.1121 3037.6632 3611.409 3612.01

real	0m10.078s
user	0m20.032s
sys	0m0.020s
 
3037.1121 3037.6632 3611.409 3612.01

real	0m10.055s
user	0m19.996s
sys	0m0.008s
 
3037.1121 3037.6632 3611.409 3612.01

real	0m10.016s
user	0m19.920s
sys	0m0.008s
 
3037.1121 3037.6632 3611.409 3612.01

real	0m10.041s
user	0m19.948s
sys	0m0.016s
 
SEQUENCE
 
37624.35618 38872.44188 52954.76458 54712.31628

real	0m1.140s
user	0m2.268s
sys	0m0.004s
 
4350478614.186048 4405620767.888449 7321622135.843186 7393481577.214199

real	0m1.868s
user	0m3.720s
sys	0m0.004s
 
48832437279.8918 49241016265.74157 88512227219.28583 89040617812.03206

real	0m5.257s
user	0m10.476s
sys	0m0.000s
 
18696443068.18007 18840087100.15867 37617583432.7108 37823564976.3486

real	0m1.775s
user	0m3.540s
sys	0m0.000s
 
4.901614166865179e+18 4.912723296455448e+18 1.084442578747924e+19 1.086100449795465e+19

real	0m1.554s
user	0m3.080s
sys	0m0.004s
 
1.647418946230568e+16 1.649160037624473e+16 3.768465979697054e+16 3.771108024027194e+16

real	0m1.875s
user	0m3.676s
sys	0m0.020s
 
4.48881116501821e+17 4.490640601531962e+17 1.03730934601686e+18 1.03758774958278e+18

real	0m1.540s
user	0m2.912s
sys	0m0.060s
 
4.48881116501821e+17 4.490640601531962e+17 1.03730934601686e+18 1.03758774958278e+18

real	0m3.136s
user	0m6.084s
sys	0m0.052s
 
4.48881116501821e+17 4.490640601531962e+17 1.03730934601686e+18 1.03758774958278e+18

real	0m3.064s
user	0m5.876s
sys	0m0.056s
 
8.382424294553979e+29 8.385850640122295e+29 1.937388035390321e+30 1.93790724339292e+30

real	0m1.567s
user	0m2.952s
sys	0m0.060s
 
8.382424294553979e+29 8.385850640122295e+29 1.937388035390321e+30 1.93790724339292e+30

real	0m1.613s
user	0m3.004s
sys	0m0.076s
 
8.382424294553979e+29 8.385850640122295e+29 1.937388035390321e+30 1.93790724339292e+30

real	0m1.619s
user	0m3.008s
sys	0m0.080s
 
8.382424294553979e+29 8.385850640122295e+29 1.937388035390321e+30 1.93790724339292e+30

real	0m1.765s
user	0m3.296s
sys	0m0.084s
 
8.382424294553979e+29 8.385850640122295e+29 1.937388035390321e+30 1.93790724339292e+30

real	0m1.502s
user	0m2.780s
sys	0m0.060s
 
8.382424294553979e+29 8.385850640122295e+29 1.937388035390321e+30 1.93790724339292e+30

real	0m1.520s
user	0m2.812s
sys	0m0.084s
 
374124590164.9393 378323909405.297 483306890414.2386 487506209654.5964

real	0m1.905s
user	0m3.800s
sys	0m0.000s
 
8003498375443.188 8040830216224.574 11400695886549.59 11438027727330.98

real	0m1.793s
user	0m3.572s
sys	0m0.000s
 
467292080353.7709 473215316635.7608 603526514839.5372 609449751121.5272

real	0m3.975s
user	0m7.936s
sys	0m0.000s
 
22856685758006.32 23032721850853.32 32186598678896.97 32362634771743.98

real	0m3.876s
user	0m7.728s
sys	0m0.000s
