 
SCALAR_VEC
 
0.5808000000000001 0.5830000000000002 0.6270000000000002 0.6292000000000002

real	1m14.119s
user	2m28.064s
sys	0m0.012s
 
46.0284 46.03060000000001 50.20620000000001 50.2084

real	0m4.266s
user	0m8.516s
sys	0m0.000s
 
29876.5456 29876.5478 32592.58860000001 32592.59080000001

real	0m3.409s
user	0m6.680s
sys	0m0.028s
 
VEC_VEC
 
174.0387

real	1m12.841s
user	2m25.492s
sys	0m0.012s
 
9698907.663399996

real	0m2.387s
user	0m4.764s
sys	0m0.000s
 
24900423491.09201

real	0m3.008s
user	0m6.000s
sys	0m0.000s
 
24900741320632.71

real	0m4.289s
user	0m8.544s
sys	0m0.008s
 
2.490083360868967e+16

real	0m4.079s
user	0m8.028s
sys	0m0.032s
 
VEC_MAT
 
178.7929000000001 178.8030000000001 201.2149000000001 201.2250000000001

real	0m2.278s
user	0m4.544s
sys	0m0.000s
 
992.6821000000002 992.6922000000003 1117.3464 1117.3565

real	0m0.559s
user	0m1.108s
sys	0m0.000s
 
390.3932 390.4204 450.7772000000001 450.8044

real	0m10.099s
user	0m20.164s
sys	0m0.004s
 
2166.9797 2167.0069 2502.7093 2502.7365

real	0m5.345s
user	0m10.652s
sys	0m0.008s
 
157975690.7399002 164380665.8450001

real	0m0.882s
user	0m1.748s
sys	0m0.008s
 
27065907086.64726 28163538210.734

real	0m2.356s
user	0m4.692s
sys	0m0.004s
 
128614163.4402999 133441028.6953997 138267893.9505

real	0m1.111s
user	0m2.212s
sys	0m0.004s
 
17202407856.50187 17848340807.38918 18494273758.27599

real	0m2.717s
user	0m5.412s
sys	0m0.004s
 
2.2266 2.2836 2.3406 2.397600000000001

real	0m25.298s
user	0m50.512s
sys	0m0.012s
 
73.52180000000001 74.6944 86.4204 87.59300000000002

real	0m27.633s
user	0m55.208s
sys	0m0.000s
 
609.1862 615.0844000000001 774.3358000000001 780.2340000000002

real	0m15.159s
user	0m30.284s
sys	0m0.000s
 
31020069.53999998 31057579.07999998 45948866.45999996 45986376.00000001

real	0m11.477s
user	0m22.884s
sys	0m0.000s
 
3948765877.809497 3955170852.914604 5863853434.234404 5870258409.339499

real	0m10.138s
user	0m20.180s
sys	0m0.016s
 
629070346650.9426 630167977775.031 934211799147.1235 935309430271.2021

real	0m6.698s
user	0m13.212s
sys	0m0.044s
 
72549439.0166 72565446.85879999 108086848.7006 108102856.5428001

real	0m10.198s
user	0m20.308s
sys	0m0.016s
 
324096005.6180002 324108897.3359997 483218480.892 483231372.6099998

real	0m5.179s
user	0m10.196s
sys	0m0.044s
 
10829665.1294 10829701.4254 15310551.5134 15310587.8094

real	0m4.730s
user	0m9.248s
sys	0m0.064s
 
107135690886248 108233331157370.3 147748380917728.1 148846021188851.3

real	0m3.510s
user	0m6.804s
sys	0m0.068s
 
MAT_VEC
 
178.7929000000001 178.8030000000001 201.2149000000001 201.2250000000001

real	0m2.199s
user	0m4.380s
sys	0m0.004s
 
992.6821000000002 992.6922000000003 1117.3464 1117.3565

real	0m1.157s
user	0m2.304s
sys	0m0.000s
 
390.3932 390.4204 450.7772000000001 450.8044

real	0m3.426s
user	0m6.836s
sys	0m0.000s
 
2166.9797 2167.0069 2502.7093 2502.7365

real	0m2.211s
user	0m4.408s
sys	0m0.000s
 
157975690.7399002 164380665.8450001

real	0m0.866s
user	0m1.724s
sys	0m0.000s
 
27065907086.64726 28163538210.734

real	0m2.057s
user	0m4.100s
sys	0m0.000s
 
128614163.4402999 133441028.6953997 138267893.9505

real	0m1.172s
user	0m2.336s
sys	0m0.000s
 
17202407856.50187 17848340807.38918 18494273758.27599

real	0m3.014s
user	0m6.004s
sys	0m0.004s
 
2.2266 2.2836 2.3406 2.397600000000001

real	0m24.671s
user	0m49.292s
sys	0m0.004s
 
73.52180000000001 74.6944 86.4204 87.59300000000002

real	0m27.060s
user	0m54.068s
sys	0m0.000s
 
609.1862 615.0844000000001 774.3358000000001 780.2340000000002

real	0m13.373s
user	0m26.708s
sys	0m0.000s
 
31020069.53999998 31057579.07999998 45948866.45999996 45986376.00000001

real	0m14.328s
user	0m28.568s
sys	0m0.000s
 
3948765877.809497 3955170852.914604 5863853434.234404 5870258409.339499

real	0m12.889s
user	0m25.668s
sys	0m0.020s
 
629070346650.9426 630167977775.031 934211799147.1235 935309430271.2021

real	0m6.679s
user	0m13.184s
sys	0m0.048s
 
72549439.0166 72565446.85879999 108086848.7006 108102856.5428001

real	0m10.078s
user	0m20.060s
sys	0m0.008s
 
324096005.6180002 324108897.3359997 483218480.892 483231372.6099998

real	0m5.480s
user	0m10.776s
sys	0m0.052s
 
10829665.1294 10829701.4254 15310551.5134 15310587.8094

real	0m3.710s
user	0m7.208s
sys	0m0.068s
 
107135690886248 108233331157370.3 147748380917728.1 148846021188851.3

real	0m6.081s
user	0m11.952s
sys	0m0.060s
 
OUTER
 
101.277 104.346 110.4774 113.8252

real	0m10.556s
user	0m21.080s
sys	0m0.004s
 
96.84840000000001 99.04950000000002 108.045 110.446

real	0m6.644s
user	0m13.268s
sys	0m0.000s
 
94.13800000000002 95.84960000000002 106.419 108.286

real	0m6.503s
user	0m12.988s
sys	0m0.000s
 
14.5684 14.5728 16.60140000000001 16.606

real	0m8.319s
user	0m16.600s
sys	0m0.008s
 
10.164 10.2025 11.913 11.9548

real	0m15.610s
user	0m31.184s
sys	0m0.000s
 
955.9242 956.3004 1135.8438 1136.254

real	0m9.675s
user	0m19.264s
sys	0m0.000s
 
86477.05440000001 86480.57660000001 102897.9582 102901.8004

real	0m7.217s
user	0m14.056s
sys	0m0.124s
 
27312.9912 27313.3443 32486.685 32487.07

real	0m4.340s
user	0m8.544s
sys	0m0.032s
 
MAT_MAT
 
8054296.570499997 8377212.617400005 11041896.78059999 11521723.02599998

real	0m1.558s
user	0m3.104s
sys	0m0.000s
 
67005585.50399998 69693523.28640002 92209626.6390001 96222702.65399998

real	0m2.251s
user	0m4.484s
sys	0m0.000s
 
56602.02200000002 58658.48450000003 83130.86099999996 86296.01680000003

real	0m2.583s
user	0m5.148s
sys	0m0.004s
 
297546749.5919997 308581623.7314994 440770097.583 457946307.1219999

real	0m2.653s
user	0m5.284s
sys	0m0.004s
 
8054296.570499997 8144829.910200007 11426434.83180001 11521723.02599998

real	0m2.174s
user	0m4.336s
sys	0m0.000s
 
67005585.50399998 67746880.83150004 95442432.67260008 96222702.65399998

real	0m7.223s
user	0m14.412s
sys	0m0.000s
 
56602.02200000002 56765.4044 86117.12820000002 86296.01680000003

real	0m1.688s
user	0m3.360s
sys	0m0.004s
 
297546749.5919997 299613096.1240003 455678605.3310006 457946307.1219999

real	0m5.255s
user	0m10.476s
sys	0m0.004s
 
301.3441 301.7106 379.168 379.5840000000001

real	0m2.564s
user	0m5.116s
sys	0m0.000s
 
45022.4809 45027.16379999999 57025.89409999999 57031.226

real	0m7.732s
user	0m15.324s
sys	0m0.016s
 
79343.34260000002 79353.49420000002 105856.4262 105868.395

real	0m4.690s
user	0m9.268s
sys	0m0.028s
 
77470.43699999999 77485.73999999999 107948.34 107966.91

real	0m2.802s
user	0m5.544s
sys	0m0.008s
 
109.241 111.7864 142.1856 145.251

real	0m9.348s
user	0m18.668s
sys	0m0.000s
 
1739639.1343 1765026.6362 3156552.835599999 3194056.931000001

real	0m3.558s
user	0m7.104s
sys	0m0.000s
 
40128631.98950006 40455680.77900002 81101463.51099998 81608296.35000008

real	0m1.996s
user	0m3.972s
sys	0m0.000s
 
185145.8628 186726.9552 353878.6176 356259.936

real	0m3.879s
user	0m7.744s
sys	0m0.000s
 
5650057.303000003 5674398.905999999 11835110.684 11873364.25000001

real	0m2.546s
user	0m5.072s
sys	0m0.004s
 
3539227257.462 3543179262.324003 8019509498.519998 8025995052.400001

real	0m1.283s
user	0m2.520s
sys	0m0.016s
 
66219776245.92168 66260257446.05717 151986883006.3699 152053753059.55

real	0m1.185s
user	0m2.272s
sys	0m0.028s
 
166212294937.3991 166288626284.498 382568140639.0098 382694366833.2999

real	0m1.717s
user	0m3.292s
sys	0m0.044s
 
608720333715.4655 608956501509.1871 1405127495482.165 1405518727998.903

real	0m3.860s
user	0m7.480s
sys	0m0.068s
 
TRANS1
 
8054296.570499997 8377212.617400005 11041896.78059999 11521723.02599998

real	0m1.982s
user	0m3.948s
sys	0m0.004s
 
67005585.50399998 69693523.28640002 92209626.6390001 96222702.65399998

real	0m2.417s
user	0m4.820s
sys	0m0.000s
 
56602.02200000002 58658.48450000003 83130.86099999996 86296.01680000003

real	0m1.714s
user	0m3.420s
sys	0m0.000s
 
297546749.5919997 308581623.7314994 440770097.583 457946307.1219999

real	0m2.046s
user	0m4.072s
sys	0m0.004s
 
8054296.570499997 8144829.910200007 11426434.83180001 11521723.02599998

real	0m3.333s
user	0m6.648s
sys	0m0.000s
 
67005585.50399998 67746880.83150004 95442432.67260008 96222702.65399998

real	0m5.006s
user	0m9.988s
sys	0m0.000s
 
56602.02200000002 56765.4044 86117.12820000002 86296.01680000003

real	0m2.510s
user	0m5.008s
sys	0m0.000s
 
297546749.5919997 299613096.1240003 455678605.3310006 457946307.1219999

real	0m3.678s
user	0m7.332s
sys	0m0.000s
 
301.3441 301.7106 379.168 379.5840000000001

real	0m1.888s
user	0m3.768s
sys	0m0.004s
 
45022.4809 45027.16379999999 57025.89409999999 57031.226

real	0m7.331s
user	0m14.516s
sys	0m0.028s
 
79343.34260000002 79353.49420000002 105856.4262 105868.395

real	0m4.246s
user	0m8.388s
sys	0m0.024s
 
77470.43699999999 77485.73999999999 107948.34 107966.91

real	0m2.741s
user	0m5.396s
sys	0m0.028s
 
109.241 111.7864 142.1856 145.251

real	0m8.627s
user	0m17.224s
sys	0m0.012s
 
1739639.1343 1765026.6362 3156552.835599999 3194056.931000001

real	0m3.303s
user	0m6.592s
sys	0m0.000s
 
40128631.98950006 40455680.77900002 81101463.51099998 81608296.35000008

real	0m2.965s
user	0m5.912s
sys	0m0.000s
 
185145.8628 186726.9552 353878.6176 356259.936

real	0m3.682s
user	0m7.348s
sys	0m0.004s
 
5650057.303000003 5674398.905999999 11835110.684 11873364.25000001

real	0m3.277s
user	0m6.532s
sys	0m0.004s
 
3539227257.462 3543179262.324003 8019509498.519998 8025995052.400001

real	0m1.370s
user	0m2.696s
sys	0m0.008s
 
66219776245.92168 66260257446.05717 151986883006.3699 152053753059.55

real	0m1.933s
user	0m3.752s
sys	0m0.036s
 
166212294937.3991 166288626284.498 382568140639.0098 382694366833.2999

real	0m1.511s
user	0m2.860s
sys	0m0.052s
 
608720333715.4655 608956501509.1871 1405127495482.165 1405518727998.903

real	0m3.420s
user	0m6.592s
sys	0m0.072s
 
1512441.733 1524415.266 2968657.650000001 2986772.5

real	0m2.229s
user	0m4.448s
sys	0m0.000s
 
608720333715.4655 608956501509.1871 1405127495482.165 1405518727998.903

real	0m1.735s
user	0m3.272s
sys	0m0.056s
 
TRANS2
 
8054296.570499997 8377212.617400005 11041896.78059999 11521723.02599998

real	0m1.912s
user	0m3.812s
sys	0m0.000s
 
67005585.50399998 69693523.28640002 92209626.6390001 96222702.65399998

real	0m8.316s
user	0m16.584s
sys	0m0.000s
 
56602.02200000002 58658.48450000003 83130.86099999996 86296.01680000003

real	0m2.413s
user	0m4.816s
sys	0m0.000s
 
297546749.5919997 308581623.7314994 440770097.583 457946307.1219999

real	0m10.592s
user	0m21.116s
sys	0m0.004s
 
8054296.570499997 8144829.910200007 11426434.83180001 11521723.02599998

real	0m3.809s
user	0m7.600s
sys	0m0.000s
 
67005585.50399998 67746880.83150004 95442432.67260008 96222702.65399998

real	0m7.630s
user	0m15.224s
sys	0m0.000s
 
56602.02200000002 56765.4044 86117.12820000002 86296.01680000003

real	0m2.558s
user	0m5.104s
sys	0m0.000s
 
297546749.5919997 299613096.1240003 455678605.3310006 457946307.1219999

real	0m6.084s
user	0m12.132s
sys	0m0.004s
 
301.3441 301.7106 379.168 379.5840000000001

real	0m2.508s
user	0m5.000s
sys	0m0.008s
 
45022.4809 45027.16379999999 57025.89409999999 57031.226

real	0m7.444s
user	0m14.744s
sys	0m0.032s
 
79343.34260000002 79353.49420000002 105856.4262 105868.395

real	0m4.629s
user	0m9.156s
sys	0m0.020s
 
77470.43699999999 77485.73999999999 107948.34 107966.91

real	0m2.992s
user	0m5.920s
sys	0m0.008s
 
109.241 111.7864 142.1856 145.251

real	0m8.812s
user	0m17.600s
sys	0m0.004s
 
1739639.1343 1765026.6362 3156552.835599999 3194056.931000001

real	0m3.867s
user	0m7.720s
sys	0m0.000s
 
40128631.98950006 40455680.77900002 81101463.51099998 81608296.35000008

real	0m6.376s
user	0m12.708s
sys	0m0.004s
 
185145.8628 186726.9552 353878.6176 356259.936

real	0m4.167s
user	0m8.308s
sys	0m0.008s
 
5650057.303000003 5674398.905999999 11835110.684 11873364.25000001

real	0m3.605s
user	0m7.188s
sys	0m0.000s
 
3539227257.462 3543179262.324003 8019509498.519998 8025995052.400001

real	0m1.650s
user	0m3.248s
sys	0m0.016s
 
66219776245.92168 66260257446.05717 151986883006.3699 152053753059.55

real	0m1.722s
user	0m3.308s
sys	0m0.032s
 
166212294937.3991 166288626284.498 382568140639.0098 382694366833.2999

real	0m2.061s
user	0m3.936s
sys	0m0.056s
 
608720333715.4655 608956501509.1871 1405127495482.165 1405518727998.903

real	0m4.210s
user	0m8.100s
sys	0m0.072s
 
1512441.733 1524415.266 2968657.650000001 2986772.5

real	0m2.558s
user	0m5.108s
sys	0m0.000s
 
608720333715.4655 608956501509.1871 1405127495482.165 1405518727998.903

real	0m1.913s
user	0m3.608s
sys	0m0.040s
 
TRANS12
 
8054296.570499997 8377212.617400005 11041896.78059999 11521723.02599998

real	0m1.589s
user	0m3.168s
sys	0m0.000s
 
67005585.50399998 69693523.28640002 92209626.6390001 96222702.65399998

real	0m7.642s
user	0m15.236s
sys	0m0.004s
 
56602.02200000002 58658.48450000003 83130.86099999996 86296.01680000003

real	0m1.076s
user	0m2.144s
sys	0m0.000s
 
297546749.5919997 308581623.7314994 440770097.583 457946307.1219999

real	0m5.211s
user	0m10.376s
sys	0m0.008s
 
8054296.570499997 8144829.910200007 11426434.83180001 11521723.02599998

real	0m3.168s
user	0m6.320s
sys	0m0.000s
 
67005585.50399998 67746880.83150004 95442432.67260008 96222702.65399998

real	0m4.440s
user	0m8.856s
sys	0m0.000s
 
56602.02200000002 56765.4044 86117.12820000002 86296.01680000003

real	0m4.289s
user	0m8.564s
sys	0m0.000s
 
297546749.5919997 299613096.1240003 455678605.3310006 457946307.1219999

real	0m4.696s
user	0m9.364s
sys	0m0.000s
 
301.3441 301.7106 379.168 379.5840000000001

real	0m5.446s
user	0m10.872s
sys	0m0.008s
 
45022.4809 45027.16379999999 57025.89409999999 57031.226

real	0m9.764s
user	0m19.384s
sys	0m0.032s
 
79343.34260000002 79353.49420000002 105856.4262 105868.395

real	0m6.332s
user	0m12.568s
sys	0m0.008s
 
77470.43699999999 77485.73999999999 107948.34 107966.91

real	0m3.717s
user	0m7.364s
sys	0m0.016s
 
109.241 111.7864 142.1856 145.251

real	0m9.279s
user	0m18.536s
sys	0m0.000s
 
1739639.1343 1765026.6362 3156552.835599999 3194056.931000001

real	0m2.700s
user	0m5.388s
sys	0m0.000s
 
40128631.98950006 40455680.77900002 81101463.51099998 81608296.35000008

real	0m3.935s
user	0m7.840s
sys	0m0.004s
 
185145.8628 186726.9552 353878.6176 356259.936

real	0m2.869s
user	0m5.724s
sys	0m0.000s
 
5650057.303000003 5674398.905999999 11835110.684 11873364.25000001

real	0m2.429s
user	0m4.840s
sys	0m0.000s
 
3539227257.462 3543179262.324003 8019509498.519998 8025995052.400001

real	0m1.924s
user	0m3.792s
sys	0m0.016s
 
66219776245.92168 66260257446.05717 151986883006.3699 152053753059.55

real	0m3.192s
user	0m6.244s
sys	0m0.040s
 
166212294937.3991 166288626284.498 382568140639.0098 382694366833.2999

real	0m2.805s
user	0m5.416s
sys	0m0.044s
 
608720333715.4655 608956501509.1871 1405127495482.165 1405518727998.903

real	0m5.414s
user	0m10.536s
sys	0m0.068s
 
SPECIAL
 
0.04840000000000001

real	1m13.006s
user	2m25.844s
sys	0m0.008s
 
0.04840000000000001

real	1m13.549s
user	2m26.924s
sys	0m0.012s
 
0.04840000000000001

real	1m10.707s
user	2m21.260s
sys	0m0.004s
 
53.79660000000001 53.79880000000001 58.68060000000001 58.68280000000001

real	0m6.678s
user	0m13.336s
sys	0m0.004s
 
53.79660000000001 53.79880000000001 58.68060000000001 58.68280000000001

real	0m7.059s
user	0m14.100s
sys	0m0.000s
 
9698907.663399996

real	0m2.350s
user	0m4.688s
sys	0m0.000s
 
9698907.663399996

real	0m2.391s
user	0m4.772s
sys	0m0.000s
 
0.04840000000000001

real	1m14.251s
user	2m28.352s
sys	0m0.004s
 
53.79660000000001 53.79880000000001 58.68060000000001 58.68280000000001

real	0m7.004s
user	0m13.988s
sys	0m0.004s
 
53.79660000000001 53.79880000000001 58.68060000000001 58.68280000000001

real	0m7.267s
user	0m14.512s
sys	0m0.000s
 
9698907.663399996

real	0m2.410s
user	0m4.812s
sys	0m0.000s
 
3948765877.809497 3955170852.914604 5863853434.234404 5870258409.339499

real	0m10.024s
user	0m19.968s
sys	0m0.012s
 
3948765877.809497 3955170852.914604 5863853434.234404 5870258409.339499

real	0m8.081s
user	0m16.084s
sys	0m0.008s
 
0.04840000000000001

real	1m14.524s
user	2m28.904s
sys	0m0.000s
 
53.79660000000001 53.79880000000001 58.68060000000001 58.68280000000001

real	0m6.970s
user	0m13.912s
sys	0m0.008s
 
53.79660000000001 53.79880000000001 58.68060000000001 58.68280000000001

real	0m7.143s
user	0m14.268s
sys	0m0.000s
 
9698907.663399996

real	0m2.398s
user	0m4.784s
sys	0m0.004s
 
3948765877.809497 3955170852.914604 5863853434.234404 5870258409.339499

real	0m8.205s
user	0m16.328s
sys	0m0.020s
 
3948765877.809497 3955170852.914604 5863853434.234404 5870258409.339499

real	0m7.614s
user	0m15.148s
sys	0m0.016s
 
0.04840000000000001

real	1m15.184s
user	2m30.216s
sys	0m0.004s
 
53.79660000000001 53.79880000000001 58.68060000000001 58.68280000000001

real	0m6.964s
user	0m13.904s
sys	0m0.000s
 
53.79660000000001 53.79880000000001 58.68060000000001 58.68280000000001

real	0m7.147s
user	0m14.264s
sys	0m0.004s
 
9698907.663399996

real	0m2.534s
user	0m5.056s
sys	0m0.004s
 
3948765877.809497 3955170852.914604 5863853434.234404 5870258409.339499

real	0m9.980s
user	0m19.884s
sys	0m0.012s
 
3948765877.809497 3955170852.914604 5863853434.234404 5870258409.339499

real	0m9.721s
user	0m19.324s
sys	0m0.016s
 
0.04840000000000001

real	1m14.790s
user	2m29.404s
sys	0m0.012s
 
53.79660000000001 53.79880000000001 58.68060000000001 58.68280000000001

real	0m6.605s
user	0m13.184s
sys	0m0.008s
 
53.79660000000001 53.79880000000001 58.68060000000001 58.68280000000001

real	0m6.854s
user	0m13.688s
sys	0m0.000s
 
9698907.663399996

real	0m2.483s
user	0m4.956s
sys	0m0.000s
 
3948765877.809497 3955170852.914604 5863853434.234404 5870258409.339499

real	0m8.088s
user	0m16.104s
sys	0m0.008s
 
3948765877.809497 3955170852.914604 5863853434.234404 5870258409.339499

real	0m9.767s
user	0m19.416s
sys	0m0.008s
 
3037.1121 3037.6632 3611.409 3612.01

real	0m10.075s
user	0m20.040s
sys	0m0.008s
 
3037.1121 3037.6632 3611.409 3612.01

real	0m10.013s
user	0m19.912s
sys	0m0.008s
 
3037.1121 3037.6632 3611.409 3612.01

real	0m10.122s
user	0m20.112s
sys	0m0.020s
 
3037.1121 3037.6632 3611.409 3612.01

real	0m10.049s
user	0m19.980s
sys	0m0.008s
 
SEQUENCE
 
37624.35618 38872.44188 52954.76458 54712.31628

real	0m1.387s
user	0m2.756s
sys	0m0.008s
 
4350478614.186048 4405620767.888449 7321622135.843186 7393481577.214199

real	0m1.884s
user	0m3.760s
sys	0m0.000s
 
48832437279.8918 49241016265.74157 88512227219.28583 89040617812.03206

real	0m5.130s
user	0m10.224s
sys	0m0.000s
 
18696443068.18007 18840087100.15867 37617583432.7108 37823564976.3486

real	0m1.803s
user	0m3.596s
sys	0m0.000s
 
4.901614166865179e+18 4.912723296455448e+18 1.084442578747924e+19 1.086100449795465e+19

real	0m1.528s
user	0m3.020s
sys	0m0.012s
 
1.647418946230568e+16 1.649160037624473e+16 3.768465979697054e+16 3.771108024027194e+16

real	0m1.921s
user	0m3.780s
sys	0m0.008s
 
4.48881116501821e+17 4.490640601531962e+17 1.03730934601686e+18 1.03758774958278e+18

real	0m1.550s
user	0m2.928s
sys	0m0.060s
 
4.48881116501821e+17 4.490640601531962e+17 1.03730934601686e+18 1.03758774958278e+18

real	0m3.118s
user	0m6.056s
sys	0m0.052s
 
4.48881116501821e+17 4.490640601531962e+17 1.03730934601686e+18 1.03758774958278e+18

real	0m3.059s
user	0m5.920s
sys	0m0.060s
 
8.382424294553979e+29 8.385850640122295e+29 1.937388035390321e+30 1.93790724339292e+30

real	0m1.587s
user	0m2.980s
sys	0m0.072s
 
8.382424294553979e+29 8.385850640122295e+29 1.937388035390321e+30 1.93790724339292e+30

real	0m1.603s
user	0m2.984s
sys	0m0.072s
 
8.382424294553979e+29 8.385850640122295e+29 1.937388035390321e+30 1.93790724339292e+30

real	0m1.627s
user	0m3.036s
sys	0m0.068s
 
8.382424294553979e+29 8.385850640122295e+29 1.937388035390321e+30 1.93790724339292e+30

real	0m1.751s
user	0m3.280s
sys	0m0.076s
 
8.382424294553979e+29 8.385850640122295e+29 1.937388035390321e+30 1.93790724339292e+30

real	0m1.487s
user	0m2.764s
sys	0m0.068s
 
8.382424294553979e+29 8.385850640122295e+29 1.937388035390321e+30 1.93790724339292e+30

real	0m1.525s
user	0m2.840s
sys	0m0.068s
 
374124590164.9393 378323909405.297 483306890414.2386 487506209654.5964

real	0m2.011s
user	0m4.008s
sys	0m0.000s
 
8003498375443.188 8040830216224.574 11400695886549.59 11438027727330.98

real	0m1.856s
user	0m3.696s
sys	0m0.000s
 
467292080353.7709 473215316635.7608 603526514839.5372 609449751121.5272

real	0m4.022s
user	0m8.032s
sys	0m0.000s
 
22856685758006.32 23032721850853.32 32186598678896.97 32362634771743.98

real	0m3.911s
user	0m7.796s
sys	0m0.008s
