 
VEC_VEC
 
174.0387

real	0m2.999s
user	0m2.996s
sys	0m0.000s
 
9698907.663399996

real	0m0.904s
user	0m0.900s
sys	0m0.000s
 
24900423491.09201

real	0m1.446s
user	0m1.444s
sys	0m0.000s
 
24900741320632.71

real	0m1.823s
user	0m1.820s
sys	0m0.000s
 
2.490083360868967e+16

real	0m2.754s
user	0m2.740s
sys	0m0.008s
 
VEC_MAT
 
178.7929000000001 178.8030000000001 201.2149000000001 201.2250000000001

real	0m7.972s
user	0m7.960s
sys	0m0.004s
 
992.6821000000002 992.6922000000003 1117.3464 1117.3565

real	0m4.098s
user	0m4.092s
sys	0m0.000s
 
390.3932 390.4204 450.7772000000001 450.8044

real	0m9.382s
user	0m9.372s
sys	0m0.000s
 
2166.9797 2167.0069 2502.7093 2502.7365

real	0m5.258s
user	0m5.252s
sys	0m0.000s
 
157975690.7399002 164380665.8450001

real	0m1.323s
user	0m1.320s
sys	0m0.004s
 
27065907086.64726 28163538210.734

real	0m1.390s
user	0m1.388s
sys	0m0.000s
 
128614163.4402999 133441028.6953997 138267893.9505

real	0m1.775s
user	0m1.772s
sys	0m0.000s
 
17202407856.50187 17848340807.38918 18494273758.27599

real	0m1.745s
user	0m1.744s
sys	0m0.000s
 
2.2266 2.2836 2.3406 2.397600000000001

real	0m1.614s
user	0m1.612s
sys	0m0.000s
 
73.52180000000001 74.6944 86.4204 87.59300000000002

real	0m8.504s
user	0m8.496s
sys	0m0.000s
 
609.1862 615.0844000000001 774.3358000000001 780.2340000000002

real	0m9.980s
user	0m9.972s
sys	0m0.000s
 
31020069.53999998 31057579.07999998 45948866.45999996 45986376.00000001

real	0m9.363s
user	0m9.332s
sys	0m0.020s
 
3948765877.809497 3955170852.914604 5863853434.234404 5870258409.339499

real	0m8.949s
user	0m8.932s
sys	0m0.000s
 
629070346650.9426 630167977775.031 934211799147.1235 935309430271.2021

real	0m4.978s
user	0m4.948s
sys	0m0.020s
 
72549439.0166 72565446.85879999 108086848.7006 108102856.5428001

real	0m9.209s
user	0m9.184s
sys	0m0.004s
 
324096005.6180002 324108897.3359997 483218480.892 483231372.6099998

real	0m5.056s
user	0m4.992s
sys	0m0.052s
 
10829665.1294 10829701.4254 15310551.5134 15310587.8094

real	0m3.983s
user	0m3.940s
sys	0m0.032s
 
107135690886248 108233331157370.3 147748380917728.1 148846021188851.3

real	0m3.833s
user	0m3.788s
sys	0m0.036s
 
MAT_VEC
 
178.7929000000001 178.8030000000001 201.2149000000001 201.2250000000001

real	0m5.774s
user	0m5.768s
sys	0m0.000s
 
992.6821000000002 992.6922000000003 1117.3464 1117.3565

real	0m3.424s
user	0m3.420s
sys	0m0.000s
 
390.3932 390.4204 450.7772000000001 450.8044

real	0m8.246s
user	0m8.240s
sys	0m0.000s
 
2166.9797 2167.0069 2502.7093 2502.7365

real	0m4.871s
user	0m4.864s
sys	0m0.000s
 
157975690.7399002 164380665.8450001

real	0m3.573s
user	0m3.568s
sys	0m0.000s
 
27065907086.64726 28163538210.734

real	0m4.193s
user	0m4.176s
sys	0m0.012s
 
128614163.4402999 133441028.6953997 138267893.9505

real	0m4.113s
user	0m4.108s
sys	0m0.000s
 
17202407856.50187 17848340807.38918 18494273758.27599

real	0m4.438s
user	0m4.432s
sys	0m0.000s
 
2.2266 2.2836 2.3406 2.397600000000001

real	0m1.697s
user	0m1.692s
sys	0m0.000s
 
73.52180000000001 74.6944 86.4204 87.59300000000002

real	0m7.786s
user	0m7.780s
sys	0m0.000s
 
609.1862 615.0844000000001 774.3358000000001 780.2340000000002

real	0m9.871s
user	0m9.864s
sys	0m0.000s
 
31020069.53999998 31057579.07999998 45948866.45999996 45986376.00000001

real	0m12.447s
user	0m12.420s
sys	0m0.016s
 
3948765877.809497 3955170852.914604 5863853434.234404 5870258409.339499

real	0m10.941s
user	0m10.920s
sys	0m0.000s
 
629070346650.9426 630167977775.031 934211799147.1235 935309430271.2021

real	0m6.078s
user	0m6.044s
sys	0m0.020s
 
72549439.0166 72565446.85879999 108086848.7006 108102856.5428001

real	0m11.308s
user	0m11.280s
sys	0m0.008s
 
324096005.6180002 324108897.3359997 483218480.892 483231372.6099998

real	0m6.333s
user	0m6.296s
sys	0m0.024s
 
10829665.1294 10829701.4254 15310551.5134 15310587.8094

real	0m5.182s
user	0m5.144s
sys	0m0.024s
 
107135690886248 108233331157370.3 147748380917728.1 148846021188851.3

real	0m4.427s
user	0m4.396s
sys	0m0.020s
 
OUTER
 
101.277 104.346 110.4774 113.8252

real	1m2.865s
user	1m2.824s
sys	0m0.000s
 
96.84840000000001 99.04950000000002 108.045 110.446

real	0m51.569s
user	0m51.492s
sys	0m0.036s
 
94.13800000000002 95.84960000000002 106.419 108.286

real	0m43.018s
user	0m42.964s
sys	0m0.024s
 
14.5684 14.5728 16.60140000000001 16.606

real	0m7.708s
user	0m7.700s
sys	0m0.000s
 
10.164 10.2025 11.913 11.9548

real	0m10.211s
user	0m10.192s
sys	0m0.008s
 
955.9242 956.3004 1135.8438 1136.254

real	0m7.294s
user	0m7.288s
sys	0m0.004s
 
86477.05440000001 86480.57660000001 102897.9582 102901.8004

real	0m6.229s
user	0m6.184s
sys	0m0.032s
 
27312.9912 27313.3443 32486.685 32487.07

real	0m3.976s
user	0m3.948s
sys	0m0.016s
 
MAT_MAT
 
8054296.570499997 8377212.617400005 11041896.78059999 11521723.02599998

real	0m15.761s
user	0m15.736s
sys	0m0.012s
 
67005585.50399998 69693523.28640002 92209626.6390001 96222702.65399998

real	0m18.597s
user	0m18.584s
sys	0m0.000s
 
56602.02200000002 58658.48450000003 83130.86099999996 86296.01680000003

real	0m9.842s
user	0m9.812s
sys	0m0.020s
 
297546749.5919997 308581623.7314994 440770097.583 457946307.1219999

real	0m9.670s
user	0m9.660s
sys	0m0.000s
 
301.3441 301.7106 379.168 379.5840000000001

real	0m9.145s
user	0m9.140s
sys	0m0.000s
 
45022.4809 45027.16379999999 57025.89409999999 57031.226

real	0m9.263s
user	0m9.240s
sys	0m0.000s
 
79343.34260000002 79353.49420000002 105856.4262 105868.395

real	0m7.686s
user	0m7.640s
sys	0m0.028s
 
77470.43699999999 77485.73999999999 107948.34 107966.91

real	0m5.678s
user	0m5.664s
sys	0m0.000s
 
109.241 111.7864 142.1856 145.251

real	0m9.180s
user	0m9.172s
sys	0m0.000s
 
1739639.1343 1765026.6362 3156552.835599999 3194056.931000001

real	0m14.670s
user	0m14.656s
sys	0m0.000s
 
40128631.98950006 40455680.77900002 81101463.51099998 81608296.35000008

real	0m11.342s
user	0m11.332s
sys	0m0.000s
 
185145.8628 186726.9552 353878.6176 356259.936

real	0m15.216s
user	0m15.204s
sys	0m0.000s
 
5650057.303000003 5674398.905999999 11835110.684 11873364.25000001

real	0m13.721s
user	0m13.696s
sys	0m0.012s
 
3539227257.462 3543179262.324003 8019509498.519998 8025995052.400001

real	0m4.566s
user	0m4.548s
sys	0m0.012s
 
66219776245.92168 66260257446.05717 151986883006.3699 152053753059.55

real	0m5.870s
user	0m5.840s
sys	0m0.008s
 
166212294937.3991 166288626284.498 382568140639.0098 382694366833.2999

real	0m5.090s
user	0m5.056s
sys	0m0.020s
 
608720333715.4655 608956501509.1871 1405127495482.165 1405518727998.903

real	0m10.728s
user	0m10.652s
sys	0m0.056s
 
TRANS1
 
8054296.570499997 8377212.617400005 11041896.78059999 11521723.02599998

real	0m5.074s
user	0m5.068s
sys	0m0.000s
 
67005585.50399998 69693523.28640002 92209626.6390001 96222702.65399998

real	0m5.932s
user	0m5.928s
sys	0m0.000s
 
56602.02200000002 58658.48450000003 83130.86099999996 86296.01680000003

real	0m4.071s
user	0m4.064s
sys	0m0.000s
 
297546749.5919997 308581623.7314994 440770097.583 457946307.1219999

real	0m3.870s
user	0m3.864s
sys	0m0.000s
 
301.3441 301.7106 379.168 379.5840000000001

real	0m10.881s
user	0m10.876s
sys	0m0.000s
 
45022.4809 45027.16379999999 57025.89409999999 57031.226

real	0m8.787s
user	0m8.764s
sys	0m0.000s
 
79343.34260000002 79353.49420000002 105856.4262 105868.395

real	0m6.413s
user	0m6.388s
sys	0m0.008s
 
77470.43699999999 77485.73999999999 107948.34 107966.91

real	0m5.052s
user	0m5.036s
sys	0m0.004s
 
109.241 111.7864 142.1856 145.251

real	0m5.949s
user	0m5.944s
sys	0m0.000s
 
1739639.1343 1765026.6362 3156552.835599999 3194056.931000001

real	0m10.022s
user	0m10.012s
sys	0m0.000s
 
40128631.98950006 40455680.77900002 81101463.51099998 81608296.35000008

real	0m7.681s
user	0m7.676s
sys	0m0.000s
 
185145.8628 186726.9552 353878.6176 356259.936

real	0m11.088s
user	0m11.080s
sys	0m0.000s
 
5650057.303000003 5674398.905999999 11835110.684 11873364.25000001

real	0m10.111s
user	0m10.104s
sys	0m0.000s
 
3539227257.462 3543179262.324003 8019509498.519998 8025995052.400001

real	0m3.550s
user	0m3.540s
sys	0m0.008s
 
66219776245.92168 66260257446.05717 151986883006.3699 152053753059.55

real	0m4.816s
user	0m4.772s
sys	0m0.028s
 
166212294937.3991 166288626284.498 382568140639.0098 382694366833.2999

real	0m4.085s
user	0m4.056s
sys	0m0.020s
 
608720333715.4655 608956501509.1871 1405127495482.165 1405518727998.903

real	0m8.686s
user	0m8.612s
sys	0m0.056s
 
1512441.733 1524415.266 2968657.650000001 2986772.5

real	0m5.637s
user	0m5.632s
sys	0m0.000s
 
608720333715.4655 608956501509.1871 1405127495482.165 1405518727998.903

real	0m4.183s
user	0m4.160s
sys	0m0.012s
 
TRANS2
 
8054296.570499997 8377212.617400005 11041896.78059999 11521723.02599998

real	0m18.486s
user	0m18.472s
sys	0m0.000s
 
67005585.50399998 69693523.28640002 92209626.6390001 96222702.65399998

real	0m23.303s
user	0m23.268s
sys	0m0.016s
 
56602.02200000002 58658.48450000003 83130.86099999996 86296.01680000003

real	0m9.676s
user	0m9.668s
sys	0m0.000s
 
297546749.5919997 308581623.7314994 440770097.583 457946307.1219999

real	0m11.415s
user	0m11.388s
sys	0m0.016s
 
301.3441 301.7106 379.168 379.5840000000001

real	0m8.811s
user	0m8.804s
sys	0m0.000s
 
45022.4809 45027.16379999999 57025.89409999999 57031.226

real	0m9.662s
user	0m9.632s
sys	0m0.012s
 
79343.34260000002 79353.49420000002 105856.4262 105868.395

real	0m7.263s
user	0m7.240s
sys	0m0.004s
 
77470.43699999999 77485.73999999999 107948.34 107966.91

real	0m5.934s
user	0m5.896s
sys	0m0.020s
 
109.241 111.7864 142.1856 145.251

real	0m9.233s
user	0m9.224s
sys	0m0.000s
 
1739639.1343 1765026.6362 3156552.835599999 3194056.931000001

real	0m15.498s
user	0m15.488s
sys	0m0.000s
 
40128631.98950006 40455680.77900002 81101463.51099998 81608296.35000008

real	0m11.538s
user	0m11.520s
sys	0m0.008s
 
185145.8628 186726.9552 353878.6176 356259.936

real	0m15.925s
user	0m15.912s
sys	0m0.000s
 
5650057.303000003 5674398.905999999 11835110.684 11873364.25000001

real	0m13.847s
user	0m13.836s
sys	0m0.000s
 
3539227257.462 3543179262.324003 8019509498.519998 8025995052.400001

real	0m4.729s
user	0m4.716s
sys	0m0.004s
 
66219776245.92168 66260257446.05717 151986883006.3699 152053753059.55

real	0m6.110s
user	0m6.060s
sys	0m0.040s
 
166212294937.3991 166288626284.498 382568140639.0098 382694366833.2999

real	0m5.105s
user	0m5.056s
sys	0m0.036s
 
608720333715.4655 608956501509.1871 1405127495482.165 1405518727998.903

real	0m10.961s
user	0m10.904s
sys	0m0.032s
 
1512441.733 1524415.266 2968657.650000001 2986772.5

real	0m8.347s
user	0m8.340s
sys	0m0.000s
 
608720333715.4655 608956501509.1871 1405127495482.165 1405518727998.903

real	0m5.921s
user	0m5.868s
sys	0m0.040s
 
SPECIAL
 
0.04840000000000001

real	0m2.803s
user	0m2.800s
sys	0m0.000s
 
0.04840000000000001

real	0m2.667s
user	0m2.664s
sys	0m0.000s
 
0.04840000000000001

real	0m1.170s
user	0m1.168s
sys	0m0.000s
 
53.79660000000001 53.79880000000001 58.68060000000001 58.68280000000001

real	0m9.756s
user	0m9.744s
sys	0m0.000s
 
53.79660000000001 53.79880000000001 58.68060000000001 58.68280000000001

real	0m18.944s
user	0m18.916s
sys	0m0.016s
 
9698907.663399996

real	0m4.363s
user	0m4.360s
sys	0m0.000s
 
9698907.663399996

real	0m1.269s
user	0m1.264s
sys	0m0.000s
 
0.04840000000000001

real	0m3.247s
user	0m3.244s
sys	0m0.000s
 
53.79660000000001 53.79880000000001 58.68060000000001 58.68280000000001

real	0m10.005s
user	0m9.976s
sys	0m0.020s
 
53.79660000000001 53.79880000000001 58.68060000000001 58.68280000000001

real	1m22.570s
user	1m22.516s
sys	0m0.000s
 
9698907.663399996

real	0m4.797s
user	0m4.792s
sys	0m0.000s
 
3948765877.809497 3955170852.914604 5863853434.234404 5870258409.339499

real	0m8.332s
user	0m8.316s
sys	0m0.000s
 
3948765877.809497 3955170852.914604 5863853434.234404 5870258409.339499

real	0m22.704s
user	0m22.644s
sys	0m0.016s
 
0.04840000000000001

real	0m2.737s
user	0m2.736s
sys	0m0.000s
 
53.79660000000001 53.79880000000001 58.68060000000001 58.68280000000001

real	0m18.456s
user	0m18.412s
sys	0m0.028s
 
53.79660000000001 53.79880000000001 58.68060000000001 58.68280000000001

real	0m25.295s
user	0m25.268s
sys	0m0.008s
 
9698907.663399996

real	0m1.266s
user	0m1.264s
sys	0m0.000s
 
3948765877.809497 3955170852.914604 5863853434.234404 5870258409.339499

real	0m6.876s
user	0m6.860s
sys	0m0.000s
 
3948765877.809497 3955170852.914604 5863853434.234404 5870258409.339499

real	0m6.717s
user	0m6.704s
sys	0m0.000s
 
0.04840000000000001

real	0m3.998s
user	0m3.980s
sys	0m0.012s
 
53.79660000000001 53.79880000000001 58.68060000000001 58.68280000000001

real	0m9.792s
user	0m9.784s
sys	0m0.000s
 
53.79660000000001 53.79880000000001 58.68060000000001 58.68280000000001

real	1m26.414s
user	1m26.348s
sys	0m0.004s
 
9698907.663399996

real	0m5.235s
user	0m5.228s
sys	0m0.000s
 
3948765877.809497 3955170852.914604 5863853434.234404 5870258409.339499

real	0m8.266s
user	0m8.248s
sys	0m0.000s
 
3948765877.809497 3955170852.914604 5863853434.234404 5870258409.339499

real	0m39.817s
user	0m39.720s
sys	0m0.024s
 
SEQUENCE
 
37624.35618 38872.44188 52954.76458 54712.31628

real	0m11.875s
user	0m11.864s
sys	0m0.000s
 
4350478614.186048 4405620767.888449 7321622135.843186 7393481577.214199

real	0m7.820s
user	0m7.804s
sys	0m0.008s
 
18696443068.18007 18840087100.15867 37617583432.7108 37823564976.3486

real	0m7.070s
user	0m7.064s
sys	0m0.000s
 
4.901614166865179e+18 4.912723296455448e+18 1.084442578747924e+19 1.086100449795465e+19

real	0m5.126s
user	0m5.120s
sys	0m0.000s
 
1.647418946230568e+16 1.649160037624473e+16 3.768465979697054e+16 3.771108024027194e+16

real	0m7.151s
user	0m7.128s
sys	0m0.008s
 
4.48881116501821e+17 4.490640601531962e+17 1.03730934601686e+18 1.03758774958278e+18

real	0m5.089s
user	0m5.056s
sys	0m0.024s
 
4.48881116501821e+17 4.490640601531962e+17 1.03730934601686e+18 1.03758774958278e+18

real	0m8.490s
user	0m8.432s
sys	0m0.040s
 
374124590164.9393 378323909405.297 483306890414.2386 487506209654.5964

real	0m7.756s
user	0m7.748s
sys	0m0.000s
 
8003498375443.188 8040830216224.574 11400695886549.59 11438027727330.98

real	0m7.517s
user	0m7.508s
sys	0m0.000s
 
467292080353.7709 473215316635.7608 603526514839.5372 609449751121.5272

real	0m5.161s
user	0m5.156s
sys	0m0.000s
 
22856685758006.32 23032721850853.32 32186598678896.97 32362634771743.98

real	0m5.530s
user	0m5.512s
sys	0m0.012s
