 
VEC_VEC
 
174.0387

real	0m2.207s
user	0m2.204s
sys	0m0.000s
 
9698907.663399996

real	0m0.899s
user	0m0.896s
sys	0m0.000s
 
24900423491.09201

real	0m1.418s
user	0m1.412s
sys	0m0.000s
 
24900741320632.71

real	0m1.853s
user	0m1.848s
sys	0m0.000s
 
2.490083360868967e+16

real	0m2.727s
user	0m2.688s
sys	0m0.032s
 
VEC_MAT
 
178.7929000000001 178.8030000000001 201.2149000000001 201.2250000000001

real	0m2.660s
user	0m2.640s
sys	0m0.016s
 
992.6821000000002 992.6922000000003 1117.3464 1117.3565

real	0m1.410s
user	0m1.408s
sys	0m0.000s
 
390.3932 390.4204 450.7772000000001 450.8044

real	0m5.913s
user	0m5.908s
sys	0m0.000s
 
2166.9797 2167.0069 2502.7093 2502.7365

real	0m3.056s
user	0m3.052s
sys	0m0.000s
 
157975690.7399002 164380665.8450001

real	0m0.891s
user	0m0.888s
sys	0m0.000s
 
27065907086.64726 28163538210.734

real	0m0.989s
user	0m0.984s
sys	0m0.004s
 
128614163.4402999 133441028.6953997 138267893.9505

real	0m1.118s
user	0m1.116s
sys	0m0.000s
 
17202407856.50187 17848340807.38918 18494273758.27599

real	0m1.186s
user	0m1.184s
sys	0m0.000s
 
2.2266 2.2836 2.3406 2.397600000000001

real	0m0.929s
user	0m0.928s
sys	0m0.000s
 
73.52180000000001 74.6944 86.4204 87.59300000000002

real	0m3.632s
user	0m3.628s
sys	0m0.000s
 
609.1862 615.0844000000001 774.3358000000001 780.2340000000002

real	0m4.754s
user	0m4.740s
sys	0m0.000s
 
31020069.53999998 31057579.07999998 45948866.45999996 45986376.00000001

real	0m6.191s
user	0m6.176s
sys	0m0.008s
 
3948765877.809497 3955170852.914604 5863853434.234404 5870258409.339499

real	0m6.510s
user	0m6.492s
sys	0m0.004s
 
629070346650.9426 630167977775.031 934211799147.1235 935309430271.2021

real	0m3.524s
user	0m3.492s
sys	0m0.020s
 
72549439.0166 72565446.85879999 108086848.7006 108102856.5428001

real	0m7.306s
user	0m7.288s
sys	0m0.004s
 
324096005.6180002 324108897.3359997 483218480.892 483231372.6099998

real	0m4.323s
user	0m4.300s
sys	0m0.012s
 
10829665.1294 10829701.4254 15310551.5134 15310587.8094

real	0m3.636s
user	0m3.604s
sys	0m0.024s
 
107135690886248 108233331157370.3 147748380917728.1 148846021188851.3

real	0m2.713s
user	0m2.684s
sys	0m0.020s
 
MAT_VEC
 
178.7929000000001 178.8030000000001 201.2149000000001 201.2250000000001

real	0m2.958s
user	0m2.952s
sys	0m0.000s
 
992.6821000000002 992.6922000000003 1117.3464 1117.3565

real	0m1.547s
user	0m1.544s
sys	0m0.000s
 
390.3932 390.4204 450.7772000000001 450.8044

real	0m5.236s
user	0m5.232s
sys	0m0.000s
 
2166.9797 2167.0069 2502.7093 2502.7365

real	0m2.718s
user	0m2.712s
sys	0m0.000s
 
157975690.7399002 164380665.8450001

real	0m0.950s
user	0m0.940s
sys	0m0.008s
 
27065907086.64726 28163538210.734

real	0m0.995s
user	0m0.992s
sys	0m0.004s
 
128614163.4402999 133441028.6953997 138267893.9505

real	0m1.201s
user	0m1.192s
sys	0m0.004s
 
17202407856.50187 17848340807.38918 18494273758.27599

real	0m1.173s
user	0m1.168s
sys	0m0.004s
 
2.2266 2.2836 2.3406 2.397600000000001

real	0m1.060s
user	0m1.056s
sys	0m0.000s
 
73.52180000000001 74.6944 86.4204 87.59300000000002

real	0m4.502s
user	0m4.496s
sys	0m0.000s
 
609.1862 615.0844000000001 774.3358000000001 780.2340000000002

real	0m6.736s
user	0m6.728s
sys	0m0.000s
 
31020069.53999998 31057579.07999998 45948866.45999996 45986376.00000001

real	0m7.963s
user	0m7.952s
sys	0m0.000s
 
3948765877.809497 3955170852.914604 5863853434.234404 5870258409.339499

real	0m8.931s
user	0m8.908s
sys	0m0.004s
 
629070346650.9426 630167977775.031 934211799147.1235 935309430271.2021

real	0m5.069s
user	0m5.044s
sys	0m0.012s
 
72549439.0166 72565446.85879999 108086848.7006 108102856.5428001

real	0m8.239s
user	0m8.148s
sys	0m0.076s
 
324096005.6180002 324108897.3359997 483218480.892 483231372.6099998

real	0m4.013s
user	0m3.984s
sys	0m0.020s
 
10829665.1294 10829701.4254 15310551.5134 15310587.8094

real	0m3.054s
user	0m2.996s
sys	0m0.048s
 
107135690886248 108233331157370.3 147748380917728.1 148846021188851.3

real	0m4.177s
user	0m4.124s
sys	0m0.044s
 
OUTER
 
101.277 104.346 110.4774 113.8252

real	0m5.978s
user	0m5.956s
sys	0m0.016s
 
96.84840000000001 99.04950000000002 108.045 110.446

real	0m4.869s
user	0m4.864s
sys	0m0.000s
 
94.13800000000002 95.84960000000002 106.419 108.286

real	0m5.050s
user	0m5.032s
sys	0m0.004s
 
10.164 10.2025 11.913 11.9548

real	0m4.375s
user	0m4.352s
sys	0m0.016s
 
955.9242 956.3004 1135.8438 1136.254

real	0m3.626s
user	0m3.624s
sys	0m0.000s
 
78728.21440000001 78731.73660000002 93676.67820000002 93680.52040000001

real	0m3.499s
user	0m3.452s
sys	0m0.036s
 
MAT_MAT
 
8054296.570499997 8377212.617400005 11041896.78059999 11521723.02599998

real	0m3.260s
user	0m3.256s
sys	0m0.000s
 
67005585.50399998 69693523.28640002 92209626.6390001 96222702.65399998

real	0m3.941s
user	0m3.936s
sys	0m0.000s
 
56602.02200000002 58658.48450000003 83130.86099999996 86296.01680000003

real	0m3.816s
user	0m3.812s
sys	0m0.000s
 
297546749.5919997 308581623.7314994 440770097.583 457946307.1219999

real	0m4.125s
user	0m4.120s
sys	0m0.000s
 
301.3441 301.7106 379.168 379.5840000000001

real	0m3.792s
user	0m3.788s
sys	0m0.000s
 
45022.4809 45027.16379999999 57025.89409999999 57031.226

real	0m4.249s
user	0m4.236s
sys	0m0.004s
 
79343.34260000002 79353.49420000002 105856.4262 105868.395

real	0m4.028s
user	0m4.016s
sys	0m0.000s
 
77470.43699999999 77485.73999999999 107948.34 107966.91

real	0m3.138s
user	0m3.116s
sys	0m0.012s
 
109.241 111.7864 142.1856 145.251

real	0m3.824s
user	0m3.820s
sys	0m0.000s
 
1739639.1343 1765026.6362 3156552.835599999 3194056.931000001

real	0m9.359s
user	0m9.352s
sys	0m0.000s
 
40128631.98950006 40455680.77900002 81101463.51099998 81608296.35000008

real	0m6.965s
user	0m6.960s
sys	0m0.000s
 
185145.8628 186726.9552 353878.6176 356259.936

real	0m9.909s
user	0m9.900s
sys	0m0.000s
 
5650057.303000003 5674398.905999999 11835110.684 11873364.25000001

real	0m8.502s
user	0m8.496s
sys	0m0.000s
 
3539227257.462 3543179262.324003 8019509498.519998 8025995052.400001

real	0m3.099s
user	0m3.088s
sys	0m0.008s
 
66219776245.92168 66260257446.05717 151986883006.3699 152053753059.55

real	0m3.631s
user	0m3.616s
sys	0m0.008s
 
166212294937.3991 166288626284.498 382568140639.0098 382694366833.2999

real	0m3.242s
user	0m3.216s
sys	0m0.020s
 
608720333715.4655 608956501509.1871 1405127495482.165 1405518727998.903

real	0m6.225s
user	0m6.184s
sys	0m0.032s
 
TRANS1
 
8054296.570499997 8377212.617400005 11041896.78059999 11521723.02599998

real	0m3.342s
user	0m3.336s
sys	0m0.000s
 
67005585.50399998 69693523.28640002 92209626.6390001 96222702.65399998

real	0m4.290s
user	0m4.284s
sys	0m0.000s
 
56602.02200000002 58658.48450000003 83130.86099999996 86296.01680000003

real	0m2.691s
user	0m2.688s
sys	0m0.000s
 
297546749.5919997 308581623.7314994 440770097.583 457946307.1219999

real	0m2.774s
user	0m2.764s
sys	0m0.004s
 
301.3441 301.7106 379.168 379.5840000000001

real	0m4.589s
user	0m4.584s
sys	0m0.000s
 
45022.4809 45027.16379999999 57025.89409999999 57031.226

real	0m4.676s
user	0m4.656s
sys	0m0.004s
 
79343.34260000002 79353.49420000002 105856.4262 105868.395

real	0m3.914s
user	0m3.884s
sys	0m0.020s
 
77470.43699999999 77485.73999999999 107948.34 107966.91

real	0m3.268s
user	0m3.248s
sys	0m0.008s
 
109.241 111.7864 142.1856 145.251

real	0m3.636s
user	0m3.632s
sys	0m0.000s
 
1739639.1343 1765026.6362 3156552.835599999 3194056.931000001

real	0m7.081s
user	0m7.072s
sys	0m0.000s
 
40128631.98950006 40455680.77900002 81101463.51099998 81608296.35000008

real	0m5.550s
user	0m5.544s
sys	0m0.000s
 
185145.8628 186726.9552 353878.6176 356259.936

real	0m7.597s
user	0m7.588s
sys	0m0.000s
 
5650057.303000003 5674398.905999999 11835110.684 11873364.25000001

real	0m6.951s
user	0m6.904s
sys	0m0.040s
 
3539227257.462 3543179262.324003 8019509498.519998 8025995052.400001

real	0m2.400s
user	0m2.388s
sys	0m0.008s
 
66219776245.92168 66260257446.05717 151986883006.3699 152053753059.55

real	0m2.884s
user	0m2.864s
sys	0m0.012s
 
166212294937.3991 166288626284.498 382568140639.0098 382694366833.2999

real	0m2.472s
user	0m2.456s
sys	0m0.012s
 
608720333715.4655 608956501509.1871 1405127495482.165 1405518727998.903

real	0m5.194s
user	0m5.148s
sys	0m0.040s
 
1512441.733 1524415.266 2968657.650000001 2986772.5

real	0m3.876s
user	0m3.872s
sys	0m0.000s
 
608720333715.4655 608956501509.1871 1405127495482.165 1405518727998.903

real	0m2.633s
user	0m2.600s
sys	0m0.028s
 
TRANS2
 
8054296.570499997 8377212.617400005 11041896.78059999 11521723.02599998

real	0m4.311s
user	0m4.304s
sys	0m0.000s
 
67005585.50399998 69693523.28640002 92209626.6390001 96222702.65399998

real	0m5.025s
user	0m5.020s
sys	0m0.000s
 
56602.02200000002 58658.48450000003 83130.86099999996 86296.01680000003

real	0m4.100s
user	0m4.096s
sys	0m0.000s
 
297546749.5919997 308581623.7314994 440770097.583 457946307.1219999

real	0m4.600s
user	0m4.596s
sys	0m0.000s
 
301.3441 301.7106 379.168 379.5840000000001

real	0m4.004s
user	0m4.000s
sys	0m0.000s
 
45022.4809 45027.16379999999 57025.89409999999 57031.226

real	0m4.150s
user	0m4.136s
sys	0m0.008s
 
79343.34260000002 79353.49420000002 105856.4262 105868.395

real	0m4.201s
user	0m4.164s
sys	0m0.024s
 
77470.43699999999 77485.73999999999 107948.34 107966.91

real	0m3.031s
user	0m3.020s
sys	0m0.000s
 
109.241 111.7864 142.1856 145.251

real	0m4.106s
user	0m4.100s
sys	0m0.000s
 
1739639.1343 1765026.6362 3156552.835599999 3194056.931000001

real	0m9.290s
user	0m9.280s
sys	0m0.000s
 
40128631.98950006 40455680.77900002 81101463.51099998 81608296.35000008

real	0m7.348s
user	0m7.248s
sys	0m0.092s
 
185145.8628 186726.9552 353878.6176 356259.936

real	0m9.987s
user	0m9.972s
sys	0m0.000s
 
5650057.303000003 5674398.905999999 11835110.684 11873364.25000001

real	0m8.702s
user	0m8.696s
sys	0m0.000s
 
3539227257.462 3543179262.324003 8019509498.519998 8025995052.400001

real	0m3.108s
user	0m3.100s
sys	0m0.008s
 
66219776245.92168 66260257446.05717 151986883006.3699 152053753059.55

real	0m3.600s
user	0m3.576s
sys	0m0.016s
 
166212294937.3991 166288626284.498 382568140639.0098 382694366833.2999

real	0m3.238s
user	0m3.204s
sys	0m0.028s
 
608720333715.4655 608956501509.1871 1405127495482.165 1405518727998.903

real	0m6.282s
user	0m6.256s
sys	0m0.016s
 
1512441.733 1524415.266 2968657.650000001 2986772.5

real	0m5.467s
user	0m5.460s
sys	0m0.000s
 
608720333715.4655 608956501509.1871 1405127495482.165 1405518727998.903

real	0m3.161s
user	0m3.140s
sys	0m0.016s
 
SPECIAL
 
0.04840000000000001

real	0m0.784s
user	0m0.780s
sys	0m0.000s
 
0.04840000000000001

real	0m1.264s
user	0m1.260s
sys	0m0.000s
 
0.04840000000000001

real	0m0.700s
user	0m0.696s
sys	0m0.000s
 
53.79660000000001 53.79880000000001 58.68060000000001 58.68280000000001

real	0m6.162s
user	0m6.156s
sys	0m0.000s
 
53.79660000000001 53.79880000000001 58.68060000000001 58.68280000000001

real	0m6.368s
user	0m6.360s
sys	0m0.000s
 
9698907.663399996

real	0m0.888s
user	0m0.888s
sys	0m0.000s
 
9698907.663399996

real	0m1.005s
user	0m0.984s
sys	0m0.000s
 
0.04840000000000001

real	0m1.129s
user	0m1.128s
sys	0m0.000s
 
53.79660000000001 53.79880000000001 58.68060000000001 58.68280000000001

real	0m6.399s
user	0m6.392s
sys	0m0.000s
 
53.79660000000001 53.79880000000001 58.68060000000001 58.68280000000001

real	0m6.161s
user	0m6.156s
sys	0m0.000s
 
9698907.663399996

real	0m0.946s
user	0m0.940s
sys	0m0.004s
 
3948765877.809497 3955170852.914604 5863853434.234404 5870258409.339499

real	0m6.381s
user	0m6.364s
sys	0m0.004s
 
3948765877.809497 3955170852.914604 5863853434.234404 5870258409.339499

real	0m5.028s
user	0m5.016s
sys	0m0.000s
 
0.04840000000000001

real	0m1.497s
user	0m1.488s
sys	0m0.004s
 
53.79660000000001 53.79880000000001 58.68060000000001 58.68280000000001

real	0m6.528s
user	0m6.520s
sys	0m0.000s
 
53.79660000000001 53.79880000000001 58.68060000000001 58.68280000000001

real	0m6.266s
user	0m6.260s
sys	0m0.000s
 
9698907.663399996

real	0m0.962s
user	0m0.960s
sys	0m0.000s
 
3948765877.809497 3955170852.914604 5863853434.234404 5870258409.339499

real	0m4.666s
user	0m4.652s
sys	0m0.004s
 
3948765877.809497 3955170852.914604 5863853434.234404 5870258409.339499

real	0m5.073s
user	0m5.060s
sys	0m0.000s
 
0.04840000000000001

real	0m1.220s
user	0m1.216s
sys	0m0.000s
 
53.79660000000001 53.79880000000001 58.68060000000001 58.68280000000001

real	0m6.588s
user	0m6.580s
sys	0m0.000s
 
53.79660000000001 53.79880000000001 58.68060000000001 58.68280000000001

real	0m6.312s
user	0m6.304s
sys	0m0.004s
 
9698907.663399996

real	0m0.959s
user	0m0.956s
sys	0m0.000s
 
3948765877.809497 3955170852.914604 5863853434.234404 5870258409.339499

real	0m6.723s
user	0m6.704s
sys	0m0.000s
 
3948765877.809497 3955170852.914604 5863853434.234404 5870258409.339499

real	0m6.512s
user	0m6.496s
sys	0m0.000s
 
SEQUENCE
 
37624.35618 38872.44188 52954.76458 54712.31628

real	0m2.554s
user	0m2.552s
sys	0m0.000s
 
4350478614.186048 4405620767.888449 7321622135.843186 7393481577.214199

real	0m4.781s
user	0m4.776s
sys	0m0.000s
 
18696443068.18007 18840087100.15867 37617583432.7108 37823564976.3486

real	0m4.778s
user	0m4.772s
sys	0m0.000s
 
4.901614166865179e+18 4.912723296455448e+18 1.084442578747924e+19 1.086100449795465e+19

real	0m3.357s
user	0m3.324s
sys	0m0.028s
 
1.647418946230568e+16 1.649160037624473e+16 3.768465979697054e+16 3.771108024027194e+16

real	0m4.347s
user	0m4.332s
sys	0m0.012s
 
4.48881116501821e+17 4.490640601531962e+17 1.03730934601686e+18 1.03758774958278e+18

real	0m3.072s
user	0m3.048s
sys	0m0.016s
 
4.48881116501821e+17 4.490640601531962e+17 1.03730934601686e+18 1.03758774958278e+18

real	0m5.091s
user	0m5.060s
sys	0m0.024s
 
374124590164.9393 378323909405.297 483306890414.2386 487506209654.5964

real	0m4.838s
user	0m4.832s
sys	0m0.000s
 
8003498375443.188 8040830216224.574 11400695886549.59 11438027727330.98

real	0m4.552s
user	0m4.548s
sys	0m0.000s
 
467292080353.7709 473215316635.7608 603526514839.5372 609449751121.5272

real	0m3.304s
user	0m3.292s
sys	0m0.008s
 
22856685758006.32 23032721850853.32 32186598678896.97 32362634771743.98

real	0m3.363s
user	0m3.360s
sys	0m0.000s
