 
VEC_VEC
 
174.0387

real	0m2.219s
user	0m2.216s
sys	0m0.000s
 
9698907.663399996

real	0m0.945s
user	0m0.936s
sys	0m0.008s
 
24900423491.09201

real	0m1.319s
user	0m1.316s
sys	0m0.000s
 
24900741320632.71

real	0m1.856s
user	0m1.852s
sys	0m0.000s
 
2.490083360868967e+16

real	0m2.635s
user	0m2.616s
sys	0m0.012s
 
VEC_MAT
 
178.7929000000001 178.8030000000001 201.2149000000001 201.2250000000001

real	0m2.822s
user	0m2.816s
sys	0m0.000s
 
992.6821000000002 992.6922000000003 1117.3464 1117.3565

real	0m1.334s
user	0m1.332s
sys	0m0.000s
 
390.3932 390.4204 450.7772000000001 450.8044

real	0m6.442s
user	0m6.436s
sys	0m0.000s
 
2166.9797 2167.0069 2502.7093 2502.7365

real	0m3.261s
user	0m3.256s
sys	0m0.000s
 
157975690.7399002 164380665.8450001

real	0m0.907s
user	0m0.904s
sys	0m0.000s
 
27065907086.64726 28163538210.734

real	0m0.975s
user	0m0.972s
sys	0m0.004s
 
128614163.4402999 133441028.6953997 138267893.9505

real	0m1.166s
user	0m1.164s
sys	0m0.000s
 
17202407856.50187 17848340807.38918 18494273758.27599

real	0m1.143s
user	0m1.140s
sys	0m0.000s
 
2.2266 2.2836 2.3406 2.397600000000001

real	0m0.981s
user	0m0.976s
sys	0m0.000s
 
73.52180000000001 74.6944 86.4204 87.59300000000002

real	0m3.672s
user	0m3.668s
sys	0m0.000s
 
609.1862 615.0844000000001 774.3358000000001 780.2340000000002

real	0m4.852s
user	0m4.844s
sys	0m0.004s
 
31020069.53999998 31057579.07999998 45948866.45999996 45986376.00000001

real	0m6.130s
user	0m6.124s
sys	0m0.000s
 
3948765877.809497 3955170852.914604 5863853434.234404 5870258409.339499

real	0m6.733s
user	0m6.720s
sys	0m0.000s
 
629070346650.9426 630167977775.031 934211799147.1235 935309430271.2021

real	0m3.365s
user	0m3.340s
sys	0m0.016s
 
72549439.0166 72565446.85879999 108086848.7006 108102856.5428001

real	0m7.541s
user	0m7.516s
sys	0m0.012s
 
324096005.6180002 324108897.3359997 483218480.892 483231372.6099998

real	0m4.122s
user	0m4.092s
sys	0m0.020s
 
10829665.1294 10829701.4254 15310551.5134 15310587.8094

real	0m3.850s
user	0m3.804s
sys	0m0.036s
 
107135690886248 108233331157370.3 147748380917728.1 148846021188851.3

real	0m2.560s
user	0m2.528s
sys	0m0.024s
 
MAT_VEC
 
178.7929000000001 178.8030000000001 201.2149000000001 201.2250000000001

real	0m2.296s
user	0m2.292s
sys	0m0.000s
 
992.6821000000002 992.6922000000003 1117.3464 1117.3565

real	0m1.334s
user	0m1.332s
sys	0m0.000s
 
390.3932 390.4204 450.7772000000001 450.8044

real	0m3.592s
user	0m3.588s
sys	0m0.000s
 
2166.9797 2167.0069 2502.7093 2502.7365

real	0m2.097s
user	0m2.092s
sys	0m0.000s
 
157975690.7399002 164380665.8450001

real	0m0.891s
user	0m0.888s
sys	0m0.000s
 
27065907086.64726 28163538210.734

real	0m1.059s
user	0m1.056s
sys	0m0.000s
 
128614163.4402999 133441028.6953997 138267893.9505

real	0m1.173s
user	0m1.172s
sys	0m0.000s
 
17202407856.50187 17848340807.38918 18494273758.27599

real	0m1.253s
user	0m1.244s
sys	0m0.004s
 
2.2266 2.2836 2.3406 2.397600000000001

real	0m0.874s
user	0m0.872s
sys	0m0.000s
 
73.52180000000001 74.6944 86.4204 87.59300000000002

real	0m3.701s
user	0m3.684s
sys	0m0.012s
 
609.1862 615.0844000000001 774.3358000000001 780.2340000000002

real	0m4.846s
user	0m4.840s
sys	0m0.000s
 
31020069.53999998 31057579.07999998 45948866.45999996 45986376.00000001

real	0m6.144s
user	0m6.108s
sys	0m0.028s
 
3948765877.809497 3955170852.914604 5863853434.234404 5870258409.339499

real	0m7.111s
user	0m7.092s
sys	0m0.004s
 
629070346650.9426 630167977775.031 934211799147.1235 935309430271.2021

real	0m4.160s
user	0m4.132s
sys	0m0.016s
 
72549439.0166 72565446.85879999 108086848.7006 108102856.5428001

real	0m6.417s
user	0m6.408s
sys	0m0.000s
 
324096005.6180002 324108897.3359997 483218480.892 483231372.6099998

real	0m3.477s
user	0m3.452s
sys	0m0.016s
 
10829665.1294 10829701.4254 15310551.5134 15310587.8094

real	0m2.443s
user	0m2.400s
sys	0m0.032s
 
107135690886248 108233331157370.3 147748380917728.1 148846021188851.3

real	0m3.728s
user	0m3.680s
sys	0m0.040s
 
OUTER
 
101.277 104.346 110.4774 113.8252

real	0m5.931s
user	0m5.908s
sys	0m0.016s
 
96.84840000000001 99.04950000000002 108.045 110.446

real	0m4.979s
user	0m4.972s
sys	0m0.000s
 
94.13800000000002 95.84960000000002 106.419 108.286

real	0m8.297s
user	0m8.288s
sys	0m0.000s
 
10.164 10.2025 11.913 11.9548

real	0m3.435s
user	0m3.432s
sys	0m0.000s
 
955.9242 956.3004 1135.8438 1136.254

real	0m2.774s
user	0m2.764s
sys	0m0.004s
 
78728.21440000001 78731.73660000002 93676.67820000002 93680.52040000001

real	0m3.483s
user	0m3.432s
sys	0m0.040s
 
MAT_MAT
 
8054296.570499997 8377212.617400005 11041896.78059999 11521723.02599998

real	0m3.250s
user	0m3.244s
sys	0m0.000s
 
67005585.50399998 69693523.28640002 92209626.6390001 96222702.65399998

real	0m4.044s
user	0m4.040s
sys	0m0.000s
 
56602.02200000002 58658.48450000003 83130.86099999996 86296.01680000003

real	0m3.968s
user	0m3.964s
sys	0m0.000s
 
297546749.5919997 308581623.7314994 440770097.583 457946307.1219999

real	0m3.932s
user	0m3.928s
sys	0m0.000s
 
301.3441 301.7106 379.168 379.5840000000001

real	0m3.282s
user	0m3.276s
sys	0m0.000s
 
45022.4809 45027.16379999999 57025.89409999999 57031.226

real	0m4.076s
user	0m4.056s
sys	0m0.012s
 
79343.34260000002 79353.49420000002 105856.4262 105868.395

real	0m3.784s
user	0m3.772s
sys	0m0.000s
 
77470.43699999999 77485.73999999999 107948.34 107966.91

real	0m2.725s
user	0m2.708s
sys	0m0.008s
 
109.241 111.7864 142.1856 145.251

real	0m4.275s
user	0m4.268s
sys	0m0.000s
 
1739639.1343 1765026.6362 3156552.835599999 3194056.931000001

real	0m7.943s
user	0m7.936s
sys	0m0.000s
 
40128631.98950006 40455680.77900002 81101463.51099998 81608296.35000008

real	0m5.791s
user	0m5.784s
sys	0m0.000s
 
185145.8628 186726.9552 353878.6176 356259.936

real	0m8.340s
user	0m8.328s
sys	0m0.004s
 
5650057.303000003 5674398.905999999 11835110.684 11873364.25000001

real	0m7.096s
user	0m7.088s
sys	0m0.000s
 
3539227257.462 3543179262.324003 8019509498.519998 8025995052.400001

real	0m2.533s
user	0m2.516s
sys	0m0.012s
 
66219776245.92168 66260257446.05717 151986883006.3699 152053753059.55

real	0m3.014s
user	0m3.000s
sys	0m0.008s
 
166212294937.3991 166288626284.498 382568140639.0098 382694366833.2999

real	0m2.674s
user	0m2.652s
sys	0m0.016s
 
608720333715.4655 608956501509.1871 1405127495482.165 1405518727998.903

real	0m5.225s
user	0m5.168s
sys	0m0.048s
 
TRANS1
 
8054296.570499997 8377212.617400005 11041896.78059999 11521723.02599998

real	0m3.386s
user	0m3.380s
sys	0m0.000s
 
67005585.50399998 69693523.28640002 92209626.6390001 96222702.65399998

real	0m4.362s
user	0m4.356s
sys	0m0.000s
 
56602.02200000002 58658.48450000003 83130.86099999996 86296.01680000003

real	0m2.750s
user	0m2.744s
sys	0m0.000s
 
297546749.5919997 308581623.7314994 440770097.583 457946307.1219999

real	0m2.808s
user	0m2.800s
sys	0m0.000s
 
301.3441 301.7106 379.168 379.5840000000001

real	0m4.219s
user	0m4.216s
sys	0m0.000s
 
45022.4809 45027.16379999999 57025.89409999999 57031.226

real	0m4.507s
user	0m4.480s
sys	0m0.012s
 
79343.34260000002 79353.49420000002 105856.4262 105868.395

real	0m4.255s
user	0m4.232s
sys	0m0.012s
 
77470.43699999999 77485.73999999999 107948.34 107966.91

real	0m3.193s
user	0m3.180s
sys	0m0.004s
 
109.241 111.7864 142.1856 145.251

real	0m3.719s
user	0m3.712s
sys	0m0.000s
 
1739639.1343 1765026.6362 3156552.835599999 3194056.931000001

real	0m6.937s
user	0m6.932s
sys	0m0.000s
 
40128631.98950006 40455680.77900002 81101463.51099998 81608296.35000008

real	0m5.474s
user	0m5.468s
sys	0m0.000s
 
185145.8628 186726.9552 353878.6176 356259.936

real	0m7.868s
user	0m7.860s
sys	0m0.000s
 
5650057.303000003 5674398.905999999 11835110.684 11873364.25000001

real	0m6.778s
user	0m6.776s
sys	0m0.000s
 
3539227257.462 3543179262.324003 8019509498.519998 8025995052.400001

real	0m2.483s
user	0m2.480s
sys	0m0.000s
 
66219776245.92168 66260257446.05717 151986883006.3699 152053753059.55

real	0m2.831s
user	0m2.800s
sys	0m0.024s
 
166212294937.3991 166288626284.498 382568140639.0098 382694366833.2999

real	0m2.569s
user	0m2.540s
sys	0m0.024s
 
608720333715.4655 608956501509.1871 1405127495482.165 1405518727998.903

real	0m5.055s
user	0m5.020s
sys	0m0.028s
 
1512441.733 1524415.266 2968657.650000001 2986772.5

real	0m4.007s
user	0m4.004s
sys	0m0.000s
 
608720333715.4655 608956501509.1871 1405127495482.165 1405518727998.903

real	0m2.548s
user	0m2.528s
sys	0m0.016s
 
TRANS2
 
8054296.570499997 8377212.617400005 11041896.78059999 11521723.02599998

real	0m3.898s
user	0m3.892s
sys	0m0.000s
 
67005585.50399998 69693523.28640002 92209626.6390001 96222702.65399998

real	0m5.262s
user	0m5.212s
sys	0m0.044s
 
56602.02200000002 58658.48450000003 83130.86099999996 86296.01680000003

real	0m3.950s
user	0m3.944s
sys	0m0.000s
 
297546749.5919997 308581623.7314994 440770097.583 457946307.1219999

real	0m4.555s
user	0m4.524s
sys	0m0.028s
 
301.3441 301.7106 379.168 379.5840000000001

real	0m3.319s
user	0m3.312s
sys	0m0.000s
 
45022.4809 45027.16379999999 57025.89409999999 57031.226

real	0m4.155s
user	0m4.140s
sys	0m0.008s
 
79343.34260000002 79353.49420000002 105856.4262 105868.395

real	0m3.668s
user	0m3.648s
sys	0m0.008s
 
77470.43699999999 77485.73999999999 107948.34 107966.91

real	0m2.841s
user	0m2.828s
sys	0m0.004s
 
109.241 111.7864 142.1856 145.251

real	0m4.263s
user	0m4.256s
sys	0m0.000s
 
1739639.1343 1765026.6362 3156552.835599999 3194056.931000001

real	0m8.075s
user	0m8.068s
sys	0m0.000s
 
40128631.98950006 40455680.77900002 81101463.51099998 81608296.35000008

real	0m5.918s
user	0m5.912s
sys	0m0.000s
 
185145.8628 186726.9552 353878.6176 356259.936

real	0m8.541s
user	0m8.524s
sys	0m0.004s
 
5650057.303000003 5674398.905999999 11835110.684 11873364.25000001

real	0m7.154s
user	0m7.144s
sys	0m0.000s
 
3539227257.462 3543179262.324003 8019509498.519998 8025995052.400001

real	0m2.562s
user	0m2.536s
sys	0m0.024s
 
66219776245.92168 66260257446.05717 151986883006.3699 152053753059.55

real	0m3.058s
user	0m3.044s
sys	0m0.008s
 
166212294937.3991 166288626284.498 382568140639.0098 382694366833.2999

real	0m2.639s
user	0m2.620s
sys	0m0.012s
 
608720333715.4655 608956501509.1871 1405127495482.165 1405518727998.903

real	0m5.434s
user	0m5.388s
sys	0m0.036s
 
1512441.733 1524415.266 2968657.650000001 2986772.5

real	0m4.457s
user	0m4.452s
sys	0m0.000s
 
608720333715.4655 608956501509.1871 1405127495482.165 1405518727998.903

real	0m2.740s
user	0m2.720s
sys	0m0.012s
 
SPECIAL
 
0.04840000000000001

real	0m0.795s
user	0m0.792s
sys	0m0.000s
 
0.04840000000000001

real	0m1.233s
user	0m1.232s
sys	0m0.000s
 
0.04840000000000001

real	0m0.670s
user	0m0.668s
sys	0m0.000s
 
53.79660000000001 53.79880000000001 58.68060000000001 58.68280000000001

real	0m4.072s
user	0m4.068s
sys	0m0.000s
 
53.79660000000001 53.79880000000001 58.68060000000001 58.68280000000001

real	0m4.161s
user	0m4.156s
sys	0m0.000s
 
9698907.663399996

real	0m0.944s
user	0m0.944s
sys	0m0.000s
 
9698907.663399996

real	0m0.957s
user	0m0.956s
sys	0m0.000s
 
0.04840000000000001

real	0m1.213s
user	0m1.208s
sys	0m0.004s
 
53.79660000000001 53.79880000000001 58.68060000000001 58.68280000000001

real	0m4.070s
user	0m4.064s
sys	0m0.000s
 
53.79660000000001 53.79880000000001 58.68060000000001 58.68280000000001

real	0m4.119s
user	0m4.104s
sys	0m0.012s
 
9698907.663399996

real	0m0.936s
user	0m0.932s
sys	0m0.000s
 
3948765877.809497 3955170852.914604 5863853434.234404 5870258409.339499

real	0m5.427s
user	0m5.404s
sys	0m0.012s
 
3948765877.809497 3955170852.914604 5863853434.234404 5870258409.339499

real	0m4.903s
user	0m4.884s
sys	0m0.008s
 
0.04840000000000001

real	0m1.633s
user	0m1.628s
sys	0m0.000s
 
53.79660000000001 53.79880000000001 58.68060000000001 58.68280000000001

real	0m4.290s
user	0m4.284s
sys	0m0.000s
 
53.79660000000001 53.79880000000001 58.68060000000001 58.68280000000001

real	0m4.332s
user	0m4.324s
sys	0m0.004s
 
9698907.663399996

real	0m0.961s
user	0m0.960s
sys	0m0.000s
 
3948765877.809497 3955170852.914604 5863853434.234404 5870258409.339499

real	0m5.031s
user	0m5.016s
sys	0m0.004s
 
3948765877.809497 3955170852.914604 5863853434.234404 5870258409.339499

real	0m4.863s
user	0m4.848s
sys	0m0.004s
 
0.04840000000000001

real	0m1.287s
user	0m1.280s
sys	0m0.004s
 
53.79660000000001 53.79880000000001 58.68060000000001 58.68280000000001

real	0m4.155s
user	0m4.152s
sys	0m0.000s
 
53.79660000000001 53.79880000000001 58.68060000000001 58.68280000000001

real	0m4.201s
user	0m4.196s
sys	0m0.000s
 
9698907.663399996

real	0m0.972s
user	0m0.968s
sys	0m0.000s
 
3948765877.809497 3955170852.914604 5863853434.234404 5870258409.339499

real	0m5.474s
user	0m5.460s
sys	0m0.000s
 
3948765877.809497 3955170852.914604 5863853434.234404 5870258409.339499

real	0m5.487s
user	0m5.476s
sys	0m0.000s
 
SEQUENCE
 
37624.35618 38872.44188 52954.76458 54712.31628

real	0m2.625s
user	0m2.620s
sys	0m0.000s
 
4350478614.186048 4405620767.888449 7321622135.843186 7393481577.214199

real	0m4.187s
user	0m4.176s
sys	0m0.004s
 
18696443068.18007 18840087100.15867 37617583432.7108 37823564976.3486

real	0m3.921s
user	0m3.908s
sys	0m0.000s
 
4.901614166865179e+18 4.912723296455448e+18 1.084442578747924e+19 1.086100449795465e+19

real	0m2.811s
user	0m2.796s
sys	0m0.008s
 
1.647418946230568e+16 1.649160037624473e+16 3.768465979697054e+16 3.771108024027194e+16

real	0m3.662s
user	0m3.640s
sys	0m0.016s
 
4.48881116501821e+17 4.490640601531962e+17 1.03730934601686e+18 1.03758774958278e+18

real	0m2.595s
user	0m2.572s
sys	0m0.020s
 
4.48881116501821e+17 4.490640601531962e+17 1.03730934601686e+18 1.03758774958278e+18

real	0m4.802s
user	0m4.764s
sys	0m0.032s
 
374124590164.9393 378323909405.297 483306890414.2386 487506209654.5964

real	0m4.107s
user	0m4.100s
sys	0m0.004s
 
8003498375443.188 8040830216224.574 11400695886549.59 11438027727330.98

real	0m3.776s
user	0m3.772s
sys	0m0.000s
 
467292080353.7709 473215316635.7608 603526514839.5372 609449751121.5272

real	0m2.470s
user	0m2.460s
sys	0m0.008s
 
22856685758006.32 23032721850853.32 32186598678896.97 32362634771743.98

real	0m2.412s
user	0m2.408s
sys	0m0.000s
