 
SCALAR_VEC
 
0.5808000000000001 0.5830000000000002 0.6270000000000002 0.6292000000000002

real	0m1.255s
user	0m1.252s
sys	0m0.001s
 
46.0284 46.03060000000001 50.20620000000001 50.2084

real	0m0.431s
user	0m0.429s
sys	0m0.001s
 
29876.5456 29876.5478 32592.58860000001 32592.59080000001

real	0m0.548s
user	0m0.535s
sys	0m0.009s
 
VEC_VEC
 
174.0387

real	0m1.726s
user	0m1.722s
sys	0m0.001s
 
9698907.663399996

real	0m0.906s
user	0m0.904s
sys	0m0.000s
 
24900423491.09201

real	0m1.243s
user	0m1.239s
sys	0m0.002s
 
24900741320632.71

real	0m1.253s
user	0m1.247s
sys	0m0.002s
 
2.490083360868967e+16

real	0m1.453s
user	0m1.429s
sys	0m0.013s
 
VEC_MAT
 
178.7929000000001 178.8030000000001 201.2149000000001 201.2250000000001

real	0m0.791s
user	0m0.790s
sys	0m0.000s
 
992.6821000000002 992.6922000000003 1117.3464 1117.3565

real	0m0.570s
user	0m0.567s
sys	0m0.001s
 
390.3932 390.4204 450.7772000000001 450.8044

real	0m1.729s
user	0m1.726s
sys	0m0.000s
 
2166.9797 2167.0069 2502.7093 2502.7365

real	0m1.077s
user	0m1.074s
sys	0m0.000s
 
157975690.7399002 164380665.8450001

real	0m0.465s
user	0m0.463s
sys	0m0.001s
 
27065907086.64726 28163538210.734

real	0m0.514s
user	0m0.511s
sys	0m0.002s
 
128614163.4402999 133441028.6953997 138267893.9505

real	0m0.426s
user	0m0.424s
sys	0m0.001s
 
17202407856.50187 17848340807.38918 18494273758.27599

real	0m0.442s
user	0m0.440s
sys	0m0.001s
 
2.2266 2.2836 2.3406 2.397600000000001

real	0m0.642s
user	0m0.640s
sys	0m0.001s
 
73.52180000000001 74.6944 86.4204 87.59300000000002

real	0m1.575s
user	0m1.570s
sys	0m0.002s
 
609.1862 615.0844000000001 774.3358000000001 780.2340000000002

real	0m1.624s
user	0m1.620s
sys	0m0.001s
 
31020069.53999998 31057579.07999998 45948866.45999996 45986376.00000001

real	0m1.717s
user	0m1.710s
sys	0m0.003s
 
3948765877.809497 3955170852.914604 5863853434.234404 5870258409.339499

real	0m2.175s
user	0m2.151s
sys	0m0.005s
 
629070346650.9426 630167977775.031 934211799147.1235 935309430271.2021

real	0m1.212s
user	0m1.186s
sys	0m0.016s
 
72549439.0166 72565446.85879999 108086848.7006 108102856.5428001

real	0m2.413s
user	0m2.389s
sys	0m0.005s
 
324096005.6180002 324108897.3359997 483218480.892 483231372.6099998

real	0m1.349s
user	0m1.323s
sys	0m0.015s
 
10829665.1294 10829701.4254 15310551.5134 15310587.8094

real	0m1.104s
user	0m1.073s
sys	0m0.025s
 
107135690886248 108233331157370.3 147748380917728.1 148846021188851.3

real	0m0.802s
user	0m0.770s
sys	0m0.025s
 
MAT_VEC
 
178.7929000000001 178.8030000000001 201.2149000000001 201.2250000000001

real	0m0.601s
user	0m0.599s
sys	0m0.001s
 
992.6821000000002 992.6922000000003 1117.3464 1117.3565

real	0m0.415s
user	0m0.413s
sys	0m0.001s
 
390.3932 390.4204 450.7772000000001 450.8044

real	0m0.854s
user	0m0.852s
sys	0m0.001s
 
2166.9797 2167.0069 2502.7093 2502.7365

real	0m0.756s
user	0m0.753s
sys	0m0.001s
 
157975690.7399002 164380665.8450001

real	0m0.452s
user	0m0.450s
sys	0m0.001s
 
27065907086.64726 28163538210.734

real	0m0.502s
user	0m0.500s
sys	0m0.001s
 
128614163.4402999 133441028.6953997 138267893.9505

real	0m0.414s
user	0m0.412s
sys	0m0.001s
 
17202407856.50187 17848340807.38918 18494273758.27599

real	0m0.468s
user	0m0.466s
sys	0m0.001s
 
2.2266 2.2836 2.3406 2.397600000000001

real	0m0.408s
user	0m0.405s
sys	0m0.002s
 
73.52180000000001 74.6944 86.4204 87.59300000000002

real	0m1.083s
user	0m1.081s
sys	0m0.000s
 
609.1862 615.0844000000001 774.3358000000001 780.2340000000002

real	0m1.083s
user	0m1.079s
sys	0m0.002s
 
31020069.53999998 31057579.07999998 45948866.45999996 45986376.00000001

real	0m1.485s
user	0m1.476s
sys	0m0.005s
 
3948765877.809497 3955170852.914604 5863853434.234404 5870258409.339499

real	0m2.012s
user	0m1.994s
sys	0m0.002s
 
629070346650.9426 630167977775.031 934211799147.1235 935309430271.2021

real	0m1.157s
user	0m1.134s
sys	0m0.016s
 
72549439.0166 72565446.85879999 108086848.7006 108102856.5428001

real	0m1.872s
user	0m1.853s
sys	0m0.005s
 
324096005.6180002 324108897.3359997 483218480.892 483231372.6099998

real	0m1.185s
user	0m1.163s
sys	0m0.013s
 
10829665.1294 10829701.4254 15310551.5134 15310587.8094

real	0m0.789s
user	0m0.765s
sys	0m0.017s
 
107135690886248 108233331157370.3 147748380917728.1 148846021188851.3

real	0m0.797s
user	0m0.768s
sys	0m0.023s
 
OUTER
 
101.277 104.346 110.4774 113.8252

real	0m1.843s
user	0m1.838s
sys	0m0.001s
 
96.84840000000001 99.04950000000002 108.045 110.446

real	0m1.833s
user	0m1.828s
sys	0m0.001s
 
94.13800000000002 95.84960000000002 106.419 108.286

real	0m1.866s
user	0m1.863s
sys	0m0.000s
 
14.5684 14.5728 16.60140000000001 16.606

real	0m0.707s
user	0m0.705s
sys	0m0.001s
 
10.164 10.2025 11.913 11.9548

real	0m1.030s
user	0m1.026s
sys	0m0.002s
 
955.9242 956.3004 1135.8438 1136.254

real	0m1.145s
user	0m1.140s
sys	0m0.002s
 
86477.05440000001 86480.57660000001 102897.9582 102901.8004

real	0m1.122s
user	0m1.085s
sys	0m0.029s
 
27312.9912 27313.3443 32486.685 32487.07

real	0m0.681s
user	0m0.666s
sys	0m0.009s
 
MAT_MAT
 
8054296.570499997 8377212.617400005 11041896.78059999 11521723.02599998

real	0m0.933s
user	0m0.930s
sys	0m0.001s
 
67005585.50399998 69693523.28640002 92209626.6390001 96222702.65399998

real	0m1.211s
user	0m1.208s
sys	0m0.000s
 
56602.02200000002 58658.48450000003 83130.86099999996 86296.01680000003

real	0m1.142s
user	0m1.138s
sys	0m0.001s
 
297546749.5919997 308581623.7314994 440770097.583 457946307.1219999

real	0m1.101s
user	0m1.096s
sys	0m0.002s
 
8054296.570499997 8144829.910200007 11426434.83180001 11521723.02599998

real	0m0.630s
user	0m0.628s
sys	0m0.000s
 
67005585.50399998 67746880.83150004 95442432.67260008 96222702.65399998

real	0m0.778s
user	0m0.776s
sys	0m0.000s
 
56602.02200000002 56765.4044 86117.12820000002 86296.01680000003

real	0m0.381s
user	0m0.379s
sys	0m0.001s
 
297546749.5919997 299613096.1240003 455678605.3310006 457946307.1219999

real	0m0.532s
user	0m0.530s
sys	0m0.001s
 
301.3441 301.7106 379.168 379.5840000000001

real	0m1.348s
user	0m1.344s
sys	0m0.001s
 
45022.4809 45027.16379999999 57025.89409999999 57031.226

real	0m1.301s
user	0m1.284s
sys	0m0.006s
 
79343.34260000002 79353.49420000002 105856.4262 105868.395

real	0m0.918s
user	0m0.905s
sys	0m0.006s
 
77470.43699999999 77485.73999999999 107948.34 107966.91

real	0m0.742s
user	0m0.731s
sys	0m0.007s
 
109.241 111.7864 142.1856 145.251

real	0m1.086s
user	0m1.084s
sys	0m0.000s
 
1739639.1343 1765026.6362 3156552.835599999 3194056.931000001

real	0m1.408s
user	0m1.406s
sys	0m0.000s
 
40128631.98950006 40455680.77900002 81101463.51099998 81608296.35000008

real	0m0.911s
user	0m0.908s
sys	0m0.001s
 
185145.8628 186726.9552 353878.6176 356259.936

real	0m1.151s
user	0m1.147s
sys	0m0.001s
 
5650057.303000003 5674398.905999999 11835110.684 11873364.25000001

real	0m0.899s
user	0m0.894s
sys	0m0.003s
 
3539227257.462 3543179262.324003 8019509498.519998 8025995052.400001

real	0m0.366s
user	0m0.360s
sys	0m0.005s
 
66219776245.92168 66260257446.05717 151986883006.3699 152053753059.55

real	0m0.402s
user	0m0.389s
sys	0m0.011s
 
166212294937.3991 166288626284.498 382568140639.0098 382694366833.2999

real	0m0.445s
user	0m0.424s
sys	0m0.019s
 
608720333715.4655 608956501509.1871 1405127495482.165 1405518727998.903

real	0m0.881s
user	0m0.855s
sys	0m0.023s
 
TRANS1
 
8054296.570499997 8377212.617400005 11041896.78059999 11521723.02599998

real	0m0.969s
user	0m0.965s
sys	0m0.002s
 
67005585.50399998 69693523.28640002 92209626.6390001 96222702.65399998

real	0m1.290s
user	0m1.287s
sys	0m0.000s
 
56602.02200000002 58658.48450000003 83130.86099999996 86296.01680000003

real	0m1.016s
user	0m1.012s
sys	0m0.002s
 
297546749.5919997 308581623.7314994 440770097.583 457946307.1219999

real	0m0.967s
user	0m0.964s
sys	0m0.001s
 
8054296.570499997 8144829.910200007 11426434.83180001 11521723.02599998

real	0m0.792s
user	0m0.788s
sys	0m0.002s
 
67005585.50399998 67746880.83150004 95442432.67260008 96222702.65399998

real	0m1.034s
user	0m1.030s
sys	0m0.001s
 
56602.02200000002 56765.4044 86117.12820000002 86296.01680000003

real	0m0.845s
user	0m0.843s
sys	0m0.000s
 
297546749.5919997 299613096.1240003 455678605.3310006 457946307.1219999

real	0m0.861s
user	0m0.858s
sys	0m0.000s
 
301.3441 301.7106 379.168 379.5840000000001

real	0m0.874s
user	0m0.872s
sys	0m0.001s
 
45022.4809 45027.16379999999 57025.89409999999 57031.226

real	0m1.065s
user	0m1.050s
sys	0m0.007s
 
79343.34260000002 79353.49420000002 105856.4262 105868.395

real	0m1.103s
user	0m1.089s
sys	0m0.008s
 
77470.43699999999 77485.73999999999 107948.34 107966.91

real	0m0.748s
user	0m0.739s
sys	0m0.005s
 
109.241 111.7864 142.1856 145.251

real	0m1.443s
user	0m1.439s
sys	0m0.001s
 
1739639.1343 1765026.6362 3156552.835599999 3194056.931000001

real	0m1.665s
user	0m1.661s
sys	0m0.001s
 
40128631.98950006 40455680.77900002 81101463.51099998 81608296.35000008

real	0m1.220s
user	0m1.216s
sys	0m0.001s
 
185145.8628 186726.9552 353878.6176 356259.936

real	0m1.865s
user	0m1.860s
sys	0m0.001s
 
5650057.303000003 5674398.905999999 11835110.684 11873364.25000001

real	0m1.563s
user	0m1.557s
sys	0m0.003s
 
3539227257.462 3543179262.324003 8019509498.519998 8025995052.400001

real	0m0.574s
user	0m0.568s
sys	0m0.004s
 
66219776245.92168 66260257446.05717 151986883006.3699 152053753059.55

real	0m0.643s
user	0m0.631s
sys	0m0.010s
 
166212294937.3991 166288626284.498 382568140639.0098 382694366833.2999

real	0m0.602s
user	0m0.584s
sys	0m0.016s
 
608720333715.4655 608956501509.1871 1405127495482.165 1405518727998.903

real	0m1.218s
user	0m1.190s
sys	0m0.025s
 
1512441.733 1524415.266 2968657.650000001 2986772.5

real	0m0.945s
user	0m0.941s
sys	0m0.002s
 
608720333715.4655 608956501509.1871 1405127495482.165 1405518727998.903

real	0m0.645s
user	0m0.626s
sys	0m0.017s
 
TRANS2
 
8054296.570499997 8377212.617400005 11041896.78059999 11521723.02599998

real	0m1.216s
user	0m1.213s
sys	0m0.000s
 
67005585.50399998 69693523.28640002 92209626.6390001 96222702.65399998

real	0m1.596s
user	0m1.591s
sys	0m0.001s
 
56602.02200000002 58658.48450000003 83130.86099999996 86296.01680000003

real	0m1.173s
user	0m1.169s
sys	0m0.001s
 
297546749.5919997 308581623.7314994 440770097.583 457946307.1219999

real	0m1.695s
user	0m1.689s
sys	0m0.002s
 
8054296.570499997 8144829.910200007 11426434.83180001 11521723.02599998

real	0m0.559s
user	0m0.555s
sys	0m0.002s
 
67005585.50399998 67746880.83150004 95442432.67260008 96222702.65399998

real	0m0.804s
user	0m0.801s
sys	0m0.001s
 
56602.02200000002 56765.4044 86117.12820000002 86296.01680000003

real	0m0.493s
user	0m0.490s
sys	0m0.002s
 
297546749.5919997 299613096.1240003 455678605.3310006 457946307.1219999

real	0m0.529s
user	0m0.527s
sys	0m0.001s
 
301.3441 301.7106 379.168 379.5840000000001

real	0m1.391s
user	0m1.387s
sys	0m0.001s
 
45022.4809 45027.16379999999 57025.89409999999 57031.226

real	0m1.303s
user	0m1.281s
sys	0m0.011s
 
79343.34260000002 79353.49420000002 105856.4262 105868.395

real	0m0.912s
user	0m0.896s
sys	0m0.008s
 
77470.43699999999 77485.73999999999 107948.34 107966.91

real	0m0.745s
user	0m0.736s
sys	0m0.005s
 
109.241 111.7864 142.1856 145.251

real	0m1.080s
user	0m1.079s
sys	0m0.000s
 
1739639.1343 1765026.6362 3156552.835599999 3194056.931000001

real	0m1.399s
user	0m1.396s
sys	0m0.001s
 
40128631.98950006 40455680.77900002 81101463.51099998 81608296.35000008

real	0m1.002s
user	0m0.998s
sys	0m0.002s
 
185145.8628 186726.9552 353878.6176 356259.936

real	0m1.206s
user	0m1.202s
sys	0m0.002s
 
5650057.303000003 5674398.905999999 11835110.684 11873364.25000001

real	0m1.231s
user	0m1.225s
sys	0m0.003s
 
3539227257.462 3543179262.324003 8019509498.519998 8025995052.400001

real	0m0.377s
user	0m0.372s
sys	0m0.004s
 
66219776245.92168 66260257446.05717 151986883006.3699 152053753059.55

real	0m0.493s
user	0m0.480s
sys	0m0.012s
 
166212294937.3991 166288626284.498 382568140639.0098 382694366833.2999

real	0m0.473s
user	0m0.451s
sys	0m0.020s
 
608720333715.4655 608956501509.1871 1405127495482.165 1405518727998.903

real	0m0.939s
user	0m0.911s
sys	0m0.024s
 
1512441.733 1524415.266 2968657.650000001 2986772.5

real	0m0.763s
user	0m0.761s
sys	0m0.000s
 
608720333715.4655 608956501509.1871 1405127495482.165 1405518727998.903

real	0m0.494s
user	0m0.477s
sys	0m0.015s
 
TRANS12
 
8054296.570499997 8377212.617400005 11041896.78059999 11521723.02599998

real	0m0.639s
user	0m0.637s
sys	0m0.001s
 
67005585.50399998 69693523.28640002 92209626.6390001 96222702.65399998

real	0m0.787s
user	0m0.785s
sys	0m0.001s
 
56602.02200000002 58658.48450000003 83130.86099999996 86296.01680000003

real	0m0.489s
user	0m0.486s
sys	0m0.002s
 
297546749.5919997 308581623.7314994 440770097.583 457946307.1219999

real	0m0.583s
user	0m0.581s
sys	0m0.001s
 
8054296.570499997 8144829.910200007 11426434.83180001 11521723.02599998

real	0m0.937s
user	0m0.934s
sys	0m0.001s
 
67005585.50399998 67746880.83150004 95442432.67260008 96222702.65399998

real	0m1.216s
user	0m1.212s
sys	0m0.001s
 
56602.02200000002 56765.4044 86117.12820000002 86296.01680000003

real	0m1.159s
user	0m1.156s
sys	0m0.001s
 
297546749.5919997 299613096.1240003 455678605.3310006 457946307.1219999

real	0m1.096s
user	0m1.092s
sys	0m0.002s
 
301.3441 301.7106 379.168 379.5840000000001

real	0m2.451s
user	0m2.445s
sys	0m0.001s
 
45022.4809 45027.16379999999 57025.89409999999 57031.226

real	0m2.661s
user	0m2.645s
sys	0m0.006s
 
79343.34260000002 79353.49420000002 105856.4262 105868.395

real	0m1.799s
user	0m1.783s
sys	0m0.010s
 
77470.43699999999 77485.73999999999 107948.34 107966.91

real	0m1.655s
user	0m1.644s
sys	0m0.006s
 
109.241 111.7864 142.1856 145.251

real	0m1.293s
user	0m1.290s
sys	0m0.001s
 
1739639.1343 1765026.6362 3156552.835599999 3194056.931000001

real	0m1.269s
user	0m1.266s
sys	0m0.001s
 
40128631.98950006 40455680.77900002 81101463.51099998 81608296.35000008

real	0m0.980s
user	0m0.978s
sys	0m0.000s
 
185145.8628 186726.9552 353878.6176 356259.936

real	0m1.181s
user	0m1.177s
sys	0m0.001s
 
5650057.303000003 5674398.905999999 11835110.684 11873364.25000001

real	0m0.943s
user	0m0.941s
sys	0m0.000s
 
3539227257.462 3543179262.324003 8019509498.519998 8025995052.400001

real	0m0.417s
user	0m0.414s
sys	0m0.002s
 
66219776245.92168 66260257446.05717 151986883006.3699 152053753059.55

real	0m0.567s
user	0m0.554s
sys	0m0.010s
 
166212294937.3991 166288626284.498 382568140639.0098 382694366833.2999

real	0m0.545s
user	0m0.526s
sys	0m0.016s
 
608720333715.4655 608956501509.1871 1405127495482.165 1405518727998.903

real	0m1.176s
user	0m1.144s
sys	0m0.025s
 
SPECIAL
 
0.04840000000000001

real	0m1.069s
user	0m1.066s
sys	0m0.001s
 
0.04840000000000001

real	0m1.172s
user	0m1.169s
sys	0m0.001s
 
0.04840000000000001

real	0m0.887s
user	0m0.885s
sys	0m0.001s
 
53.79660000000001 53.79880000000001 58.68060000000001 58.68280000000001

real	0m1.220s
user	0m1.216s
sys	0m0.001s
 
53.79660000000001 53.79880000000001 58.68060000000001 58.68280000000001

real	0m1.159s
user	0m1.156s
sys	0m0.001s
 
9698907.663399996

real	0m0.911s
user	0m0.907s
sys	0m0.002s
 
9698907.663399996

real	0m0.913s
user	0m0.910s
sys	0m0.001s
 
0.04840000000000001

real	0m2.666s
user	0m2.661s
sys	0m0.000s
 
53.79660000000001 53.79880000000001 58.68060000000001 58.68280000000001

real	0m1.302s
user	0m1.299s
sys	0m0.000s
 
53.79660000000001 53.79880000000001 58.68060000000001 58.68280000000001

real	0m1.224s
user	0m1.221s
sys	0m0.000s
 
9698907.663399996

real	0m0.929s
user	0m0.926s
sys	0m0.001s
 
3948765877.809497 3955170852.914604 5863853434.234404 5870258409.339499

real	0m1.517s
user	0m1.500s
sys	0m0.005s
 
3948765877.809497 3955170852.914604 5863853434.234404 5870258409.339499

real	0m1.584s
user	0m1.566s
sys	0m0.005s
 
0.04840000000000001

real	0m2.414s
user	0m2.410s
sys	0m0.000s
 
53.79660000000001 53.79880000000001 58.68060000000001 58.68280000000001

real	0m1.313s
user	0m1.308s
sys	0m0.002s
 
53.79660000000001 53.79880000000001 58.68060000000001 58.68280000000001

real	0m1.254s
user	0m1.251s
sys	0m0.001s
 
9698907.663399996

real	0m0.939s
user	0m0.937s
sys	0m0.000s
 
3948765877.809497 3955170852.914604 5863853434.234404 5870258409.339499

real	0m1.637s
user	0m1.622s
sys	0m0.003s
 
3948765877.809497 3955170852.914604 5863853434.234404 5870258409.339499

real	0m1.587s
user	0m1.574s
sys	0m0.002s
 
0.04840000000000001

real	0m2.513s
user	0m2.507s
sys	0m0.001s
 
53.79660000000001 53.79880000000001 58.68060000000001 58.68280000000001

real	0m1.304s
user	0m1.299s
sys	0m0.003s
 
53.79660000000001 53.79880000000001 58.68060000000001 58.68280000000001

real	0m1.267s
user	0m1.264s
sys	0m0.000s
 
9698907.663399996

real	0m0.923s
user	0m0.921s
sys	0m0.000s
 
3948765877.809497 3955170852.914604 5863853434.234404 5870258409.339499

real	0m1.512s
user	0m1.497s
sys	0m0.004s
 
3948765877.809497 3955170852.914604 5863853434.234404 5870258409.339499

real	0m1.530s
user	0m1.516s
sys	0m0.003s
 
0.04840000000000001

real	0m2.592s
user	0m2.585s
sys	0m0.002s
 
53.79660000000001 53.79880000000001 58.68060000000001 58.68280000000001

real	0m1.279s
user	0m1.277s
sys	0m0.000s
 
53.79660000000001 53.79880000000001 58.68060000000001 58.68280000000001

real	0m1.235s
user	0m1.232s
sys	0m0.001s
 
9698907.663399996

real	0m0.923s
user	0m0.921s
sys	0m0.000s
 
3948765877.809497 3955170852.914604 5863853434.234404 5870258409.339499

real	0m1.620s
user	0m1.603s
sys	0m0.005s
 
3948765877.809497 3955170852.914604 5863853434.234404 5870258409.339499

real	0m1.523s
user	0m1.508s
sys	0m0.004s
 
3037.1121 3037.6632 3611.409 3612.01

real	0m0.962s
user	0m0.955s
sys	0m0.003s
 
3037.1121 3037.6632 3611.409 3612.01

real	0m0.943s
user	0m0.938s
sys	0m0.001s
 
3037.1121 3037.6632 3611.409 3612.01

real	0m0.915s
user	0m0.909s
sys	0m0.002s
 
3037.1121 3037.6632 3611.409 3612.01

real	0m0.947s
user	0m0.942s
sys	0m0.002s
 
SEQUENCE
 
37624.35618 38872.44188 52954.76458 54712.31628

real	0m0.610s
user	0m0.609s
sys	0m0.000s
 
4350478614.186048 4405620767.888449 7321622135.843186 7393481577.214199

real	0m0.610s
user	0m0.606s
sys	0m0.002s
 
48832437279.8918 49241016265.74157 88512227219.28583 89040617812.03206

real	0m2.312s
user	0m2.304s
sys	0m0.002s
 
18696443068.18007 18840087100.15867 37617583432.7108 37823564976.3486

real	0m0.574s
user	0m0.572s
sys	0m0.001s
 
4.901614166865179e+18 4.912723296455448e+18 1.084442578747924e+19 1.086100449795465e+19

real	0m0.385s
user	0m0.382s
sys	0m0.002s
 
1.647418946230568e+16 1.649160037624473e+16 3.768465979697054e+16 3.771108024027194e+16

real	0m0.565s
user	0m0.556s
sys	0m0.007s
 
4.48881116501821e+17 4.490640601531962e+17 1.03730934601686e+18 1.03758774958278e+18

real	0m0.424s
user	0m0.405s
sys	0m0.017s
 
4.48881116501821e+17 4.490640601531962e+17 1.03730934601686e+18 1.03758774958278e+18

real	0m1.044s
user	0m1.025s
sys	0m0.015s
 
4.48881116501821e+17 4.490640601531962e+17 1.03730934601686e+18 1.03758774958278e+18

real	0m1.116s
user	0m1.095s
sys	0m0.017s
 
8.382424294553979e+29 8.385850640122295e+29 1.937388035390321e+30 1.93790724339292e+30

real	0m0.464s
user	0m0.438s
sys	0m0.024s
 
8.382424294553979e+29 8.385850640122295e+29 1.937388035390321e+30 1.93790724339292e+30

real	0m0.632s
user	0m0.608s
sys	0m0.022s
 
8.382424294553979e+29 8.385850640122295e+29 1.937388035390321e+30 1.93790724339292e+30

real	0m0.654s
user	0m0.631s
sys	0m0.021s
 
8.382424294553979e+29 8.385850640122295e+29 1.937388035390321e+30 1.93790724339292e+30

real	0m0.639s
user	0m0.615s
sys	0m0.022s
 
8.382424294553979e+29 8.385850640122295e+29 1.937388035390321e+30 1.93790724339292e+30

real	0m0.610s
user	0m0.586s
sys	0m0.022s
 
8.382424294553979e+29 8.385850640122295e+29 1.937388035390321e+30 1.93790724339292e+30

real	0m0.611s
user	0m0.592s
sys	0m0.018s
 
374124590164.9393 378323909405.297 483306890414.2386 487506209654.5964

real	0m0.609s
user	0m0.607s
sys	0m0.001s
 
8003498375443.188 8040830216224.574 11400695886549.59 11438027727330.98

real	0m0.588s
user	0m0.585s
sys	0m0.001s
 
467292080353.7709 473215316635.7608 603526514839.5372 609449751121.5272

real	0m0.549s
user	0m0.547s
sys	0m0.001s
 
22856685758006.32 23032721850853.32 32186598678896.97 32362634771743.98

real	0m0.550s
user	0m0.547s
sys	0m0.001s
