 
VEC_VEC
 
174.0387

real	0m11.522s
user	0m11.501s
sys	0m0.002s
 
9698907.663399996

real	0m1.077s
user	0m1.074s
sys	0m0.001s
 
24900423491.09201

real	0m1.262s
user	0m1.258s
sys	0m0.001s
 
24900741320632.71

real	0m1.268s
user	0m1.262s
sys	0m0.001s
 
2.490083360868967e+16

real	0m1.536s
user	0m1.518s
sys	0m0.008s
 
VEC_MAT
 
178.7929000000001 178.8030000000001 201.2149000000001 201.2250000000001

real	0m2.981s
user	0m2.974s
sys	0m0.002s
 
992.6821000000002 992.6922000000003 1117.3464 1117.3565

real	0m1.604s
user	0m1.600s
sys	0m0.000s
 
390.3932 390.4204 450.7772000000001 450.8044

real	0m3.064s
user	0m3.059s
sys	0m0.000s
 
2166.9797 2167.0069 2502.7093 2502.7365

real	0m1.800s
user	0m1.795s
sys	0m0.001s
 
157975690.7399002 164380665.8450001

real	0m0.486s
user	0m0.485s
sys	0m0.000s
 
27065907086.64726 28163538210.734

real	0m0.511s
user	0m0.508s
sys	0m0.001s
 
128614163.4402999 133441028.6953997 138267893.9505

real	0m0.851s
user	0m0.848s
sys	0m0.001s
 
17202407856.50187 17848340807.38918 18494273758.27599

real	0m0.844s
user	0m0.842s
sys	0m0.000s
 
2.2266 2.2836 2.3406 2.397600000000001

real	0m3.698s
user	0m3.691s
sys	0m0.000s
 
73.52180000000001 74.6944 86.4204 87.59300000000002

real	0m4.961s
user	0m4.951s
sys	0m0.001s
 
609.1862 615.0844000000001 774.3358000000001 780.2340000000002

real	0m3.642s
user	0m3.634s
sys	0m0.001s
 
31020069.53999998 31057579.07999998 45948866.45999996 45986376.00000001

real	0m3.301s
user	0m3.293s
sys	0m0.000s
 
3948765877.809497 3955170852.914604 5863853434.234404 5870258409.339499

real	0m3.081s
user	0m3.057s
sys	0m0.003s
 
629070346650.9426 630167977775.031 934211799147.1235 935309430271.2021

real	0m1.562s
user	0m1.534s
sys	0m0.016s
 
72549439.0166 72565446.85879999 108086848.7006 108102856.5428001

real	0m3.542s
user	0m3.514s
sys	0m0.003s
 
324096005.6180002 324108897.3359997 483218480.892 483231372.6099998

real	0m1.869s
user	0m1.846s
sys	0m0.012s
 
10829665.1294 10829701.4254 15310551.5134 15310587.8094

real	0m1.159s
user	0m1.128s
sys	0m0.021s
 
107135690886248 108233331157370.3 147748380917728.1 148846021188851.3

real	0m1.134s
user	0m1.104s
sys	0m0.023s
 
MAT_VEC
 
178.7929000000001 178.8030000000001 201.2149000000001 201.2250000000001

real	0m0.876s
user	0m0.873s
sys	0m0.001s
 
992.6821000000002 992.6922000000003 1117.3464 1117.3565

real	0m0.622s
user	0m0.619s
sys	0m0.001s
 
390.3932 390.4204 450.7772000000001 450.8044

real	0m1.201s
user	0m1.199s
sys	0m0.000s
 
2166.9797 2167.0069 2502.7093 2502.7365

real	0m0.810s
user	0m0.806s
sys	0m0.002s
 
157975690.7399002 164380665.8450001

real	0m0.486s
user	0m0.484s
sys	0m0.001s
 
27065907086.64726 28163538210.734

real	0m0.510s
user	0m0.508s
sys	0m0.001s
 
128614163.4402999 133441028.6953997 138267893.9505

real	0m1.299s
user	0m1.296s
sys	0m0.000s
 
17202407856.50187 17848340807.38918 18494273758.27599

real	0m1.264s
user	0m1.260s
sys	0m0.001s
 
2.2266 2.2836 2.3406 2.397600000000001

real	0m3.846s
user	0m3.838s
sys	0m0.001s
 
73.52180000000001 74.6944 86.4204 87.59300000000002

real	0m4.761s
user	0m4.753s
sys	0m0.000s
 
609.1862 615.0844000000001 774.3358000000001 780.2340000000002

real	0m2.841s
user	0m2.835s
sys	0m0.001s
 
31020069.53999998 31057579.07999998 45948866.45999996 45986376.00000001

real	0m1.587s
user	0m1.582s
sys	0m0.001s
 
3948765877.809497 3955170852.914604 5863853434.234404 5870258409.339499

real	0m2.332s
user	0m2.313s
sys	0m0.003s
 
629070346650.9426 630167977775.031 934211799147.1235 935309430271.2021

real	0m1.300s
user	0m1.275s
sys	0m0.016s
 
72549439.0166 72565446.85879999 108086848.7006 108102856.5428001

real	0m2.159s
user	0m2.141s
sys	0m0.003s
 
324096005.6180002 324108897.3359997 483218480.892 483231372.6099998

real	0m1.381s
user	0m1.354s
sys	0m0.018s
 
10829665.1294 10829701.4254 15310551.5134 15310587.8094

real	0m1.165s
user	0m1.134s
sys	0m0.022s
 
107135690886248 108233331157370.3 147748380917728.1 148846021188851.3

real	0m0.931s
user	0m0.902s
sys	0m0.022s
 
MAT_MAT
 
8054296.570499997 8377212.617400005 11041896.78059999 11521723.02599998

real	0m1.236s
user	0m1.231s
sys	0m0.002s
 
67005585.50399998 69693523.28640002 92209626.6390001 96222702.65399998

real	0m1.546s
user	0m1.541s
sys	0m0.001s
 
297546749.5919997 308581623.7314994 440770097.583 457946307.1219999

real	0m1.767s
user	0m1.761s
sys	0m0.002s
 
301.3441 301.7106 379.168 379.5840000000001

real	0m1.180s
user	0m1.176s
sys	0m0.001s
 
45022.4809 45027.16379999999 57025.89409999999 57031.226

real	0m1.172s
user	0m1.156s
sys	0m0.008s
 
79343.34260000002 79353.49420000002 105856.4262 105868.395

real	0m0.899s
user	0m0.885s
sys	0m0.007s
 
109.241 111.7864 142.1856 145.251

real	0m2.443s
user	0m2.439s
sys	0m0.000s
 
1739639.1343 1765026.6362 3156552.835599999 3194056.931000001

real	0m1.913s
user	0m1.909s
sys	0m0.001s
 
40128631.98950006 40455680.77900002 81101463.51099998 81608296.35000008

real	0m1.055s
user	0m1.051s
sys	0m0.001s
 
185145.8628 186726.9552 353878.6176 356259.936

real	0m1.557s
user	0m1.553s
sys	0m0.001s
 
5650057.303000003 5674398.905999999 11835110.684 11873364.25000001

real	0m0.981s
user	0m0.978s
sys	0m0.001s
 
3539227257.462 3543179262.324003 8019509498.519998 8025995052.400001

real	0m0.434s
user	0m0.429s
sys	0m0.003s
 
116679065033.4775 116750506858.205 268105200357.9501 268223292440

real	0m0.774s
user	0m0.750s
sys	0m0.018s
 
486162319134.2704 486350943715.8364 1121330656696.773 1121642844663.925

real	0m1.163s
user	0m1.091s
sys	0m0.017s
 
608720333715.4655 608956501509.1871 1405127495482.165 1405518727998.903

real	0m1.387s
user	0m1.348s
sys	0m0.029s
 
OUTER
 
101.277 104.346 110.4774 113.8252

real	0m6.607s
user	0m6.595s
sys	0m0.000s
 
96.84840000000001 99.04950000000002 108.045 110.446

real	0m11.306s
user	0m11.286s
sys	0m0.001s
 
94.13800000000002 95.84960000000002 106.419 108.286

real	0m9.507s
user	0m9.489s
sys	0m0.000s
 
10.164 10.2025 11.913 11.9548

real	0m2.392s
user	0m2.387s
sys	0m0.001s
 
955.9242 956.3004 1135.8438 1136.254

real	0m1.246s
user	0m1.243s
sys	0m0.000s
 
78728.21440000001 78731.73660000002 93676.67820000002 93680.52040000001

real	0m1.031s
user	0m0.998s
sys	0m0.025s
 
TRANS1
 
8054296.570499997 8377212.617400005 11041896.78059999 11521723.02599998

real	0m1.240s
user	0m1.238s
sys	0m0.000s
 
67005585.50399998 69693523.28640002 92209626.6390001 96222702.65399998

real	0m1.548s
user	0m1.543s
sys	0m0.002s
 
297546749.5919997 308581623.7314994 440770097.583 457946307.1219999

real	0m1.066s
user	0m1.062s
sys	0m0.001s
 
301.3441 301.7106 379.168 379.5840000000001

real	0m2.356s
user	0m2.351s
sys	0m0.001s
 
45022.4809 45027.16379999999 57025.89409999999 57031.226

real	0m1.802s
user	0m1.786s
sys	0m0.008s
 
79343.34260000002 79353.49420000002 105856.4262 105868.395

real	0m0.905s
user	0m0.890s
sys	0m0.008s
 
109.241 111.7864 142.1856 145.251

real	0m2.059s
user	0m2.055s
sys	0m0.001s
 
1739639.1343 1765026.6362 3156552.835599999 3194056.931000001

real	0m2.446s
user	0m2.440s
sys	0m0.001s
 
40128631.98950006 40455680.77900002 81101463.51099998 81608296.35000008

real	0m1.934s
user	0m1.929s
sys	0m0.000s
 
185145.8628 186726.9552 353878.6176 356259.936

real	0m2.888s
user	0m2.881s
sys	0m0.002s
 
5650057.303000003 5674398.905999999 11835110.684 11873364.25000001

real	0m2.413s
user	0m2.407s
sys	0m0.000s
 
3539227257.462 3543179262.324003 8019509498.519998 8025995052.400001

real	0m0.843s
user	0m0.837s
sys	0m0.003s
 
116679065033.4775 116750506858.205 268105200357.9501 268223292440

real	0m1.332s
user	0m1.308s
sys	0m0.015s
 
486162319134.2704 486350943715.8364 1121330656696.773 1121642844663.925

real	0m1.699s
user	0m1.666s
sys	0m0.023s
 
608720333715.4655 608956501509.1871 1405127495482.165 1405518727998.903

real	0m2.048s
user	0m1.997s
sys	0m0.037s
 
608720333715.4655 608956501509.1871 1405127495482.165 1405518727998.903

real	0m1.048s
user	0m1.016s
sys	0m0.025s
 
TRANS2
 
8054296.570499997 8377212.617400005 11041896.78059999 11521723.02599998

real	0m1.334s
user	0m1.330s
sys	0m0.001s
 
67005585.50399998 69693523.28640002 92209626.6390001 96222702.65399998

real	0m2.309s
user	0m2.304s
sys	0m0.001s
 
297546749.5919997 308581623.7314994 440770097.583 457946307.1219999

real	0m2.328s
user	0m2.320s
sys	0m0.002s
 
301.3441 301.7106 379.168 379.5840000000001

real	0m1.813s
user	0m1.807s
sys	0m0.002s
 
45022.4809 45027.16379999999 57025.89409999999 57031.226

real	0m1.600s
user	0m1.582s
sys	0m0.008s
 
79343.34260000002 79353.49420000002 105856.4262 105868.395

real	0m0.998s
user	0m0.985s
sys	0m0.007s
 
109.241 111.7864 142.1856 145.251

real	0m2.525s
user	0m2.519s
sys	0m0.002s
 
1739639.1343 1765026.6362 3156552.835599999 3194056.931000001

real	0m1.922s
user	0m1.918s
sys	0m0.000s
 
40128631.98950006 40455680.77900002 81101463.51099998 81608296.35000008

real	0m1.121s
user	0m1.118s
sys	0m0.001s
 
185145.8628 186726.9552 353878.6176 356259.936

real	0m1.598s
user	0m1.595s
sys	0m0.000s
 
5650057.303000003 5674398.905999999 11835110.684 11873364.25000001

real	0m1.077s
user	0m1.049s
sys	0m0.001s
 
3539227257.462 3543179262.324003 8019509498.519998 8025995052.400001

real	0m0.435s
user	0m0.429s
sys	0m0.004s
 
116679065033.4775 116750506858.205 268105200357.9501 268223292440

real	0m0.793s
user	0m0.775s
sys	0m0.011s
 
486162319134.2704 486350943715.8364 1121330656696.773 1121642844663.925

real	0m1.140s
user	0m1.101s
sys	0m0.031s
 
608720333715.4655 608956501509.1871 1405127495482.165 1405518727998.903

real	0m1.422s
user	0m1.386s
sys	0m0.024s
 
608720333715.4655 608956501509.1871 1405127495482.165 1405518727998.903

real	0m0.727s
user	0m0.706s
sys	0m0.015s
 
SPECIAL
 
0.04840000000000001

real	0m10.610s
user	0m10.591s
sys	0m0.001s
 
0.04840000000000001

real	0m10.318s
user	0m10.300s
sys	0m0.000s
 
0.04840000000000001

real	0m10.190s
user	0m10.174s
sys	0m0.000s
 
53.79660000000001 53.79880000000001 58.68060000000001 58.68280000000001

real	0m1.537s
user	0m1.532s
sys	0m0.002s
 
53.79660000000001 53.79880000000001 58.68060000000001 58.68280000000001

real	0m7.249s
user	0m7.236s
sys	0m0.001s
 
9698907.663399996

real	0m2.035s
user	0m2.032s
sys	0m0.000s
 
9698907.663399996

real	0m1.081s
user	0m1.078s
sys	0m0.001s
 
0.04840000000000001

real	0m11.048s
user	0m11.028s
sys	0m0.001s
 
53.79660000000001 53.79880000000001 58.68060000000001 58.68280000000001

real	0m1.582s
user	0m1.577s
sys	0m0.001s
 
53.79660000000001 53.79880000000001 58.68060000000001 58.68280000000001

real	0m18.991s
user	0m18.955s
sys	0m0.001s
 
9698907.663399996

real	0m2.008s
user	0m2.004s
sys	0m0.000s
 
3948765877.809497 3955170852.914604 5863853434.234404 5870258409.339499

real	0m1.752s
user	0m1.736s
sys	0m0.002s
 
3948765877.809497 3955170852.914604 5863853434.234404 5870258409.339499

real	0m5.222s
user	0m5.195s
sys	0m0.002s
 
0.04840000000000001

real	0m10.917s
user	0m10.897s
sys	0m0.001s
 
53.79660000000001 53.79880000000001 58.68060000000001 58.68280000000001

real	0m4.152s
user	0m4.143s
sys	0m0.002s
 
53.79660000000001 53.79880000000001 58.68060000000001 58.68280000000001

real	0m13.225s
user	0m13.201s
sys	0m0.000s
 
9698907.663399996

real	0m1.089s
user	0m1.087s
sys	0m0.000s
 
3948765877.809497 3955170852.914604 5863853434.234404 5870258409.339499

real	0m2.324s
user	0m2.307s
sys	0m0.001s
 
3948765877.809497 3955170852.914604 5863853434.234404 5870258409.339499

real	0m2.323s
user	0m2.305s
sys	0m0.002s
 
0.04840000000000001

real	0m11.207s
user	0m11.188s
sys	0m0.001s
 
53.79660000000001 53.79880000000001 58.68060000000001 58.68280000000001

real	0m1.547s
user	0m1.543s
sys	0m0.001s
 
53.79660000000001 53.79880000000001 58.68060000000001 58.68280000000001

real	0m20.738s
user	0m20.701s
sys	0m0.001s
 
9698907.663399996

real	0m2.030s
user	0m2.026s
sys	0m0.001s
 
3948765877.809497 3955170852.914604 5863853434.234404 5870258409.339499

real	0m1.757s
user	0m1.739s
sys	0m0.005s
 
3948765877.809497 3955170852.914604 5863853434.234404 5870258409.339499

real	0m20.510s
user	0m20.423s
sys	0m0.003s
 
SEQUENCE
 
37624.35618 38872.44188 52954.76458 54712.31628

real	0m1.075s
user	0m1.071s
sys	0m0.001s
 
4350478614.186048 4405620767.888449 7321622135.843186 7393481577.214199

real	0m0.794s
user	0m0.792s
sys	0m0.000s
 
18696443068.18007 18840087100.15867 37617583432.7108 37823564976.3486

real	0m0.673s
user	0m0.670s
sys	0m0.001s
 
4.901614166865179e+18 4.912723296455448e+18 1.084442578747924e+19 1.086100449795465e+19

real	0m0.464s
user	0m0.460s
sys	0m0.003s
 
1.647418946230568e+16 1.649160037624473e+16 3.768465979697054e+16 3.771108024027194e+16

real	0m0.744s
user	0m0.733s
sys	0m0.007s
 
4.48881116501821e+17 4.490640601531962e+17 1.03730934601686e+18 1.03758774958278e+18

real	0m0.650s
user	0m0.625s
sys	0m0.020s
 
4.48881116501821e+17 4.490640601531962e+17 1.03730934601686e+18 1.03758774958278e+18

real	0m1.659s
user	0m1.622s
sys	0m0.025s
 
374124590164.9393 378323909405.297 483306890414.2386 487506209654.5964

real	0m0.808s
user	0m0.806s
sys	0m0.000s
 
8003498375443.188 8040830216224.574 11400695886549.59 11438027727330.98

real	0m0.676s
user	0m0.674s
sys	0m0.001s
 
467292080353.7709 473215316635.7608 603526514839.5372 609449751121.5272

real	0m1.218s
user	0m1.215s
sys	0m0.000s
 
22856685758006.32 23032721850853.32 32186598678896.97 32362634771743.98

real	0m0.839s
user	0m0.836s
sys	0m0.001s
