 
SCALAR_VEC
 
0.5808000000000001 0.5830000000000002 0.6270000000000002 0.6292000000000002

real	0m1.272s
user	0m1.268s
sys	0m0.001s
 
46.0284 46.03060000000001 50.20620000000001 50.2084

real	0m0.397s
user	0m0.395s
sys	0m0.001s
 
29876.5456 29876.5478 32592.58860000001 32592.59080000001

real	0m0.555s
user	0m0.539s
sys	0m0.011s
 
VEC_VEC
 
174.0387

real	0m1.536s
user	0m1.532s
sys	0m0.001s
 
9698907.663399996

real	0m0.906s
user	0m0.904s
sys	0m0.000s
 
24900423491.09201

real	0m1.245s
user	0m1.242s
sys	0m0.001s
 
24900741320632.71

real	0m1.251s
user	0m1.244s
sys	0m0.003s
 
2.490083360868967e+16

real	0m1.444s
user	0m1.418s
sys	0m0.014s
 
VEC_MAT
 
178.7929000000001 178.8030000000001 201.2149000000001 201.2250000000001

real	0m0.696s
user	0m0.695s
sys	0m0.000s
 
992.6821000000002 992.6922000000003 1117.3464 1117.3565

real	0m0.511s
user	0m0.509s
sys	0m0.001s
 
390.3932 390.4204 450.7772000000001 450.8044

real	0m1.552s
user	0m1.549s
sys	0m0.000s
 
2166.9797 2167.0069 2502.7093 2502.7365

real	0m1.004s
user	0m1.000s
sys	0m0.001s
 
157975690.7399002 164380665.8450001

real	0m0.466s
user	0m0.464s
sys	0m0.001s
 
27065907086.64726 28163538210.734

real	0m0.514s
user	0m0.512s
sys	0m0.001s
 
128614163.4402999 133441028.6953997 138267893.9505

real	0m0.424s
user	0m0.422s
sys	0m0.001s
 
17202407856.50187 17848340807.38918 18494273758.27599

real	0m0.441s
user	0m0.440s
sys	0m0.000s
 
2.2266 2.2836 2.3406 2.397600000000001

real	0m0.670s
user	0m0.669s
sys	0m0.000s
 
73.52180000000001 74.6944 86.4204 87.59300000000002

real	0m1.481s
user	0m1.478s
sys	0m0.000s
 
609.1862 615.0844000000001 774.3358000000001 780.2340000000002

real	0m1.686s
user	0m1.681s
sys	0m0.002s
 
31020069.53999998 31057579.07999998 45948866.45999996 45986376.00000001

real	0m1.704s
user	0m1.699s
sys	0m0.001s
 
3948765877.809497 3955170852.914604 5863853434.234404 5870258409.339499

real	0m2.161s
user	0m2.139s
sys	0m0.004s
 
629070346650.9426 630167977775.031 934211799147.1235 935309430271.2021

real	0m1.212s
user	0m1.188s
sys	0m0.014s
 
72549439.0166 72565446.85879999 108086848.7006 108102856.5428001

real	0m2.417s
user	0m2.396s
sys	0m0.003s
 
324096005.6180002 324108897.3359997 483218480.892 483231372.6099998

real	0m1.367s
user	0m1.342s
sys	0m0.015s
 
10829665.1294 10829701.4254 15310551.5134 15310587.8094

real	0m1.023s
user	0m0.995s
sys	0m0.019s
 
107135690886248 108233331157370.3 147748380917728.1 148846021188851.3

real	0m0.803s
user	0m0.774s
sys	0m0.022s
 
MAT_VEC
 
178.7929000000001 178.8030000000001 201.2149000000001 201.2250000000001

real	0m0.608s
user	0m0.606s
sys	0m0.001s
 
992.6821000000002 992.6922000000003 1117.3464 1117.3565

real	0m0.442s
user	0m0.441s
sys	0m0.000s
 
390.3932 390.4204 450.7772000000001 450.8044

real	0m0.865s
user	0m0.862s
sys	0m0.001s
 
2166.9797 2167.0069 2502.7093 2502.7365

real	0m0.699s
user	0m0.696s
sys	0m0.001s
 
157975690.7399002 164380665.8450001

real	0m0.449s
user	0m0.448s
sys	0m0.000s
 
27065907086.64726 28163538210.734

real	0m0.499s
user	0m0.497s
sys	0m0.001s
 
128614163.4402999 133441028.6953997 138267893.9505

real	0m0.413s
user	0m0.410s
sys	0m0.002s
 
17202407856.50187 17848340807.38918 18494273758.27599

real	0m0.462s
user	0m0.460s
sys	0m0.001s
 
2.2266 2.2836 2.3406 2.397600000000001

real	0m0.410s
user	0m0.409s
sys	0m0.000s
 
73.52180000000001 74.6944 86.4204 87.59300000000002

real	0m0.993s
user	0m0.991s
sys	0m0.000s
 
609.1862 615.0844000000001 774.3358000000001 780.2340000000002

real	0m0.923s
user	0m0.921s
sys	0m0.000s
 
31020069.53999998 31057579.07999998 45948866.45999996 45986376.00000001

real	0m1.490s
user	0m1.484s
sys	0m0.002s
 
3948765877.809497 3955170852.914604 5863853434.234404 5870258409.339499

real	0m2.248s
user	0m2.226s
sys	0m0.004s
 
629070346650.9426 630167977775.031 934211799147.1235 935309430271.2021

real	0m1.178s
user	0m1.153s
sys	0m0.016s
 
72549439.0166 72565446.85879999 108086848.7006 108102856.5428001

real	0m2.019s
user	0m1.998s
sys	0m0.005s
 
324096005.6180002 324108897.3359997 483218480.892 483231372.6099998

real	0m1.214s
user	0m1.190s
sys	0m0.014s
 
10829665.1294 10829701.4254 15310551.5134 15310587.8094

real	0m0.815s
user	0m0.787s
sys	0m0.022s
 
107135690886248 108233331157370.3 147748380917728.1 148846021188851.3

real	0m0.793s
user	0m0.766s
sys	0m0.021s
 
OUTER
 
101.277 104.346 110.4774 113.8252

real	0m1.783s
user	0m1.779s
sys	0m0.001s
 
96.84840000000001 99.04950000000002 108.045 110.446

real	0m1.828s
user	0m1.823s
sys	0m0.001s
 
94.13800000000002 95.84960000000002 106.419 108.286

real	0m1.814s
user	0m1.809s
sys	0m0.001s
 
14.5684 14.5728 16.60140000000001 16.606

real	0m0.613s
user	0m0.609s
sys	0m0.002s
 
10.164 10.2025 11.913 11.9548

real	0m0.816s
user	0m0.813s
sys	0m0.001s
 
955.9242 956.3004 1135.8438 1136.254

real	0m1.158s
user	0m1.155s
sys	0m0.000s
 
86477.05440000001 86480.57660000001 102897.9582 102901.8004

real	0m1.124s
user	0m1.082s
sys	0m0.032s
 
27312.9912 27313.3443 32486.685 32487.07

real	0m0.681s
user	0m0.664s
sys	0m0.012s
 
MAT_MAT
 
8054296.570499997 8377212.617400005 11041896.78059999 11521723.02599998

real	0m0.900s
user	0m0.897s
sys	0m0.001s
 
67005585.50399998 69693523.28640002 92209626.6390001 96222702.65399998

real	0m1.172s
user	0m1.169s
sys	0m0.001s
 
56602.02200000002 58658.48450000003 83130.86099999996 86296.01680000003

real	0m1.217s
user	0m1.214s
sys	0m0.001s
 
297546749.5919997 308581623.7314994 440770097.583 457946307.1219999

real	0m1.237s
user	0m1.234s
sys	0m0.000s
 
8054296.570499997 8144829.910200007 11426434.83180001 11521723.02599998

real	0m0.562s
user	0m0.560s
sys	0m0.001s
 
67005585.50399998 67746880.83150004 95442432.67260008 96222702.65399998

real	0m0.823s
user	0m0.818s
sys	0m0.002s
 
56602.02200000002 56765.4044 86117.12820000002 86296.01680000003

real	0m0.353s
user	0m0.352s
sys	0m0.000s
 
297546749.5919997 299613096.1240003 455678605.3310006 457946307.1219999

real	0m0.495s
user	0m0.493s
sys	0m0.001s
 
301.3441 301.7106 379.168 379.5840000000001

real	0m1.308s
user	0m1.305s
sys	0m0.000s
 
45022.4809 45027.16379999999 57025.89409999999 57031.226

real	0m1.279s
user	0m1.260s
sys	0m0.009s
 
79343.34260000002 79353.49420000002 105856.4262 105868.395

real	0m0.880s
user	0m0.865s
sys	0m0.008s
 
77470.43699999999 77485.73999999999 107948.34 107966.91

real	0m0.740s
user	0m0.731s
sys	0m0.005s
 
109.241 111.7864 142.1856 145.251

real	0m1.145s
user	0m1.141s
sys	0m0.002s
 
1739639.1343 1765026.6362 3156552.835599999 3194056.931000001

real	0m1.479s
user	0m1.475s
sys	0m0.001s
 
40128631.98950006 40455680.77900002 81101463.51099998 81608296.35000008

real	0m0.862s
user	0m0.859s
sys	0m0.001s
 
185145.8628 186726.9552 353878.6176 356259.936

real	0m1.185s
user	0m1.182s
sys	0m0.001s
 
5650057.303000003 5674398.905999999 11835110.684 11873364.25000001

real	0m0.842s
user	0m0.839s
sys	0m0.001s
 
3539227257.462 3543179262.324003 8019509498.519998 8025995052.400001

real	0m0.367s
user	0m0.361s
sys	0m0.005s
 
66219776245.92168 66260257446.05717 151986883006.3699 152053753059.55

real	0m0.389s
user	0m0.373s
sys	0m0.014s
 
166212294937.3991 166288626284.498 382568140639.0098 382694366833.2999

real	0m0.419s
user	0m0.402s
sys	0m0.015s
 
608720333715.4655 608956501509.1871 1405127495482.165 1405518727998.903

real	0m0.861s
user	0m0.835s
sys	0m0.022s
 
TRANS1
 
8054296.570499997 8377212.617400005 11041896.78059999 11521723.02599998

real	0m0.955s
user	0m0.953s
sys	0m0.000s
 
67005585.50399998 69693523.28640002 92209626.6390001 96222702.65399998

real	0m1.243s
user	0m1.239s
sys	0m0.001s
 
56602.02200000002 58658.48450000003 83130.86099999996 86296.01680000003

real	0m0.996s
user	0m0.994s
sys	0m0.000s
 
297546749.5919997 308581623.7314994 440770097.583 457946307.1219999

real	0m0.962s
user	0m0.957s
sys	0m0.002s
 
8054296.570499997 8144829.910200007 11426434.83180001 11521723.02599998

real	0m0.796s
user	0m0.792s
sys	0m0.002s
 
67005585.50399998 67746880.83150004 95442432.67260008 96222702.65399998

real	0m1.044s
user	0m1.041s
sys	0m0.001s
 
56602.02200000002 56765.4044 86117.12820000002 86296.01680000003

real	0m0.847s
user	0m0.845s
sys	0m0.000s
 
297546749.5919997 299613096.1240003 455678605.3310006 457946307.1219999

real	0m0.864s
user	0m0.861s
sys	0m0.001s
 
301.3441 301.7106 379.168 379.5840000000001

real	0m0.850s
user	0m0.847s
sys	0m0.001s
 
45022.4809 45027.16379999999 57025.89409999999 57031.226

real	0m1.061s
user	0m1.043s
sys	0m0.009s
 
79343.34260000002 79353.49420000002 105856.4262 105868.395

real	0m0.891s
user	0m0.876s
sys	0m0.010s
 
77470.43699999999 77485.73999999999 107948.34 107966.91

real	0m0.648s
user	0m0.638s
sys	0m0.006s
 
109.241 111.7864 142.1856 145.251

real	0m1.123s
user	0m1.120s
sys	0m0.001s
 
1739639.1343 1765026.6362 3156552.835599999 3194056.931000001

real	0m1.635s
user	0m1.631s
sys	0m0.001s
 
40128631.98950006 40455680.77900002 81101463.51099998 81608296.35000008

real	0m1.221s
user	0m1.217s
sys	0m0.001s
 
185145.8628 186726.9552 353878.6176 356259.936

real	0m1.765s
user	0m1.761s
sys	0m0.001s
 
5650057.303000003 5674398.905999999 11835110.684 11873364.25000001

real	0m1.557s
user	0m1.553s
sys	0m0.001s
 
3539227257.462 3543179262.324003 8019509498.519998 8025995052.400001

real	0m0.549s
user	0m0.542s
sys	0m0.005s
 
66219776245.92168 66260257446.05717 151986883006.3699 152053753059.55

real	0m0.649s
user	0m0.634s
sys	0m0.013s
 
166212294937.3991 166288626284.498 382568140639.0098 382694366833.2999

real	0m0.572s
user	0m0.557s
sys	0m0.013s
 
608720333715.4655 608956501509.1871 1405127495482.165 1405518727998.903

real	0m1.238s
user	0m1.212s
sys	0m0.022s
 
1512441.733 1524415.266 2968657.650000001 2986772.5

real	0m0.923s
user	0m0.920s
sys	0m0.001s
 
608720333715.4655 608956501509.1871 1405127495482.165 1405518727998.903

real	0m0.654s
user	0m0.633s
sys	0m0.018s
 
TRANS2
 
8054296.570499997 8377212.617400005 11041896.78059999 11521723.02599998

real	0m1.012s
user	0m1.009s
sys	0m0.001s
 
67005585.50399998 69693523.28640002 92209626.6390001 96222702.65399998

real	0m1.761s
user	0m1.755s
sys	0m0.002s
 
56602.02200000002 58658.48450000003 83130.86099999996 86296.01680000003

real	0m1.172s
user	0m1.170s
sys	0m0.000s
 
297546749.5919997 308581623.7314994 440770097.583 457946307.1219999

real	0m1.430s
user	0m1.427s
sys	0m0.000s
 
8054296.570499997 8144829.910200007 11426434.83180001 11521723.02599998

real	0m0.531s
user	0m0.530s
sys	0m0.000s
 
67005585.50399998 67746880.83150004 95442432.67260008 96222702.65399998

real	0m0.761s
user	0m0.759s
sys	0m0.001s
 
56602.02200000002 56765.4044 86117.12820000002 86296.01680000003

real	0m0.363s
user	0m0.362s
sys	0m0.000s
 
297546749.5919997 299613096.1240003 455678605.3310006 457946307.1219999

real	0m0.491s
user	0m0.489s
sys	0m0.001s
 
301.3441 301.7106 379.168 379.5840000000001

real	0m1.325s
user	0m1.322s
sys	0m0.000s
 
45022.4809 45027.16379999999 57025.89409999999 57031.226

real	0m1.284s
user	0m1.268s
sys	0m0.006s
 
79343.34260000002 79353.49420000002 105856.4262 105868.395

real	0m0.983s
user	0m0.873s
sys	0m0.008s
 
77470.43699999999 77485.73999999999 107948.34 107966.91

real	0m0.751s
user	0m0.739s
sys	0m0.008s
 
109.241 111.7864 142.1856 145.251

real	0m1.057s
user	0m1.054s
sys	0m0.001s
 
1739639.1343 1765026.6362 3156552.835599999 3194056.931000001

real	0m1.348s
user	0m1.344s
sys	0m0.001s
 
40128631.98950006 40455680.77900002 81101463.51099998 81608296.35000008

real	0m0.936s
user	0m0.934s
sys	0m0.000s
 
185145.8628 186726.9552 353878.6176 356259.936

real	0m1.279s
user	0m1.276s
sys	0m0.001s
 
5650057.303000003 5674398.905999999 11835110.684 11873364.25000001

real	0m0.830s
user	0m0.827s
sys	0m0.001s
 
3539227257.462 3543179262.324003 8019509498.519998 8025995052.400001

real	0m0.371s
user	0m0.368s
sys	0m0.002s
 
66219776245.92168 66260257446.05717 151986883006.3699 152053753059.55

real	0m0.401s
user	0m0.387s
sys	0m0.012s
 
166212294937.3991 166288626284.498 382568140639.0098 382694366833.2999

real	0m0.440s
user	0m0.425s
sys	0m0.014s
 
608720333715.4655 608956501509.1871 1405127495482.165 1405518727998.903

real	0m0.925s
user	0m0.895s
sys	0m0.027s
 
1512441.733 1524415.266 2968657.650000001 2986772.5

real	0m0.640s
user	0m0.637s
sys	0m0.001s
 
608720333715.4655 608956501509.1871 1405127495482.165 1405518727998.903

real	0m0.473s
user	0m0.452s
sys	0m0.019s
 
TRANS12
 
8054296.570499997 8377212.617400005 11041896.78059999 11521723.02599998

real	0m0.572s
user	0m0.570s
sys	0m0.001s
 
67005585.50399998 69693523.28640002 92209626.6390001 96222702.65399998

real	0m1.268s
user	0m1.264s
sys	0m0.001s
 
56602.02200000002 58658.48450000003 83130.86099999996 86296.01680000003

real	0m0.392s
user	0m0.390s
sys	0m0.001s
 
297546749.5919997 308581623.7314994 440770097.583 457946307.1219999

real	0m0.494s
user	0m0.491s
sys	0m0.002s
 
8054296.570499997 8144829.910200007 11426434.83180001 11521723.02599998

real	0m0.899s
user	0m0.897s
sys	0m0.000s
 
67005585.50399998 67746880.83150004 95442432.67260008 96222702.65399998

real	0m1.161s
user	0m1.158s
sys	0m0.001s
 
56602.02200000002 56765.4044 86117.12820000002 86296.01680000003

real	0m1.527s
user	0m1.523s
sys	0m0.001s
 
297546749.5919997 299613096.1240003 455678605.3310006 457946307.1219999

real	0m1.075s
user	0m1.071s
sys	0m0.002s
 
301.3441 301.7106 379.168 379.5840000000001

real	0m2.405s
user	0m2.399s
sys	0m0.001s
 
45022.4809 45027.16379999999 57025.89409999999 57031.226

real	0m2.693s
user	0m2.677s
sys	0m0.006s
 
79343.34260000002 79353.49420000002 105856.4262 105868.395

real	0m1.787s
user	0m1.772s
sys	0m0.008s
 
77470.43699999999 77485.73999999999 107948.34 107966.91

real	0m1.675s
user	0m1.664s
sys	0m0.005s
 
109.241 111.7864 142.1856 145.251

real	0m1.244s
user	0m1.241s
sys	0m0.000s
 
1739639.1343 1765026.6362 3156552.835599999 3194056.931000001

real	0m1.237s
user	0m1.202s
sys	0m0.001s
 
40128631.98950006 40455680.77900002 81101463.51099998 81608296.35000008

real	0m0.899s
user	0m0.896s
sys	0m0.000s
 
185145.8628 186726.9552 353878.6176 356259.936

real	0m1.100s
user	0m1.097s
sys	0m0.001s
 
5650057.303000003 5674398.905999999 11835110.684 11873364.25000001

real	0m0.889s
user	0m0.886s
sys	0m0.001s
 
3539227257.462 3543179262.324003 8019509498.519998 8025995052.400001

real	0m0.397s
user	0m0.393s
sys	0m0.003s
 
66219776245.92168 66260257446.05717 151986883006.3699 152053753059.55

real	0m0.562s
user	0m0.550s
sys	0m0.009s
 
166212294937.3991 166288626284.498 382568140639.0098 382694366833.2999

real	0m0.545s
user	0m0.529s
sys	0m0.013s
 
608720333715.4655 608956501509.1871 1405127495482.165 1405518727998.903

real	0m1.159s
user	0m1.129s
sys	0m0.023s
 
SPECIAL
 
0.04840000000000001

real	0m1.048s
user	0m1.045s
sys	0m0.001s
 
0.04840000000000001

real	0m1.183s
user	0m1.181s
sys	0m0.000s
 
0.04840000000000001

real	0m0.919s
user	0m0.917s
sys	0m0.000s
 
53.79660000000001 53.79880000000001 58.68060000000001 58.68280000000001

real	0m1.248s
user	0m1.246s
sys	0m0.000s
 
53.79660000000001 53.79880000000001 58.68060000000001 58.68280000000001

real	0m1.190s
user	0m1.187s
sys	0m0.000s
 
9698907.663399996

real	0m0.910s
user	0m0.907s
sys	0m0.002s
 
9698907.663399996

real	0m0.916s
user	0m0.914s
sys	0m0.000s
 
0.04840000000000001

real	0m2.801s
user	0m2.795s
sys	0m0.001s
 
53.79660000000001 53.79880000000001 58.68060000000001 58.68280000000001

real	0m1.321s
user	0m1.318s
sys	0m0.001s
 
53.79660000000001 53.79880000000001 58.68060000000001 58.68280000000001

real	0m1.241s
user	0m1.238s
sys	0m0.000s
 
9698907.663399996

real	0m0.928s
user	0m0.925s
sys	0m0.001s
 
3948765877.809497 3955170852.914604 5863853434.234404 5870258409.339499

real	0m1.511s
user	0m1.497s
sys	0m0.003s
 
3948765877.809497 3955170852.914604 5863853434.234404 5870258409.339499

real	0m1.568s
user	0m1.551s
sys	0m0.004s
 
0.04840000000000001

real	0m2.549s
user	0m2.545s
sys	0m0.000s
 
53.79660000000001 53.79880000000001 58.68060000000001 58.68280000000001

real	0m1.308s
user	0m1.305s
sys	0m0.001s
 
53.79660000000001 53.79880000000001 58.68060000000001 58.68280000000001

real	0m1.264s
user	0m1.262s
sys	0m0.000s
 
9698907.663399996

real	0m0.937s
user	0m0.934s
sys	0m0.001s
 
3948765877.809497 3955170852.914604 5863853434.234404 5870258409.339499

real	0m1.578s
user	0m1.560s
sys	0m0.005s
 
3948765877.809497 3955170852.914604 5863853434.234404 5870258409.339499

real	0m1.629s
user	0m1.611s
sys	0m0.004s
 
0.04840000000000001

real	0m2.555s
user	0m2.550s
sys	0m0.000s
 
53.79660000000001 53.79880000000001 58.68060000000001 58.68280000000001

real	0m1.276s
user	0m1.272s
sys	0m0.001s
 
53.79660000000001 53.79880000000001 58.68060000000001 58.68280000000001

real	0m1.275s
user	0m1.271s
sys	0m0.001s
 
9698907.663399996

real	0m0.925s
user	0m0.923s
sys	0m0.001s
 
3948765877.809497 3955170852.914604 5863853434.234404 5870258409.339499

real	0m1.501s
user	0m1.487s
sys	0m0.003s
 
3948765877.809497 3955170852.914604 5863853434.234404 5870258409.339499

real	0m1.511s
user	0m1.495s
sys	0m0.005s
 
0.04840000000000001

real	0m2.321s
user	0m2.316s
sys	0m0.001s
 
53.79660000000001 53.79880000000001 58.68060000000001 58.68280000000001

real	0m1.228s
user	0m1.225s
sys	0m0.001s
 
53.79660000000001 53.79880000000001 58.68060000000001 58.68280000000001

real	0m1.216s
user	0m1.213s
sys	0m0.001s
 
9698907.663399996

real	0m0.929s
user	0m0.927s
sys	0m0.001s
 
3948765877.809497 3955170852.914604 5863853434.234404 5870258409.339499

real	0m1.582s
user	0m1.564s
sys	0m0.006s
 
3948765877.809497 3955170852.914604 5863853434.234404 5870258409.339499

real	0m1.507s
user	0m1.493s
sys	0m0.002s
 
3037.1121 3037.6632 3611.409 3612.01

real	0m0.928s
user	0m0.924s
sys	0m0.000s
 
3037.1121 3037.6632 3611.409 3612.01

real	0m0.922s
user	0m0.917s
sys	0m0.002s
 
3037.1121 3037.6632 3611.409 3612.01

real	0m0.941s
user	0m0.935s
sys	0m0.001s
 
3037.1121 3037.6632 3611.409 3612.01

real	0m0.928s
user	0m0.923s
sys	0m0.002s
 
SEQUENCE
 
37624.35618 38872.44188 52954.76458 54712.31628

real	0m0.612s
user	0m0.610s
sys	0m0.001s
 
4350478614.186048 4405620767.888449 7321622135.843186 7393481577.214199

real	0m0.564s
user	0m0.562s
sys	0m0.001s
 
48832437279.8918 49241016265.74157 88512227219.28583 89040617812.03206

real	0m2.262s
user	0m2.256s
sys	0m0.001s
 
18696443068.18007 18840087100.15867 37617583432.7108 37823564976.3486

real	0m0.583s
user	0m0.580s
sys	0m0.001s
 
4.901614166865179e+18 4.912723296455448e+18 1.084442578747924e+19 1.086100449795465e+19

real	0m0.375s
user	0m0.371s
sys	0m0.003s
 
1.647418946230568e+16 1.649160037624473e+16 3.768465979697054e+16 3.771108024027194e+16

real	0m0.558s
user	0m0.547s
sys	0m0.009s
 
4.48881116501821e+17 4.490640601531962e+17 1.03730934601686e+18 1.03758774958278e+18

real	0m0.402s
user	0m0.381s
sys	0m0.019s
 
4.48881116501821e+17 4.490640601531962e+17 1.03730934601686e+18 1.03758774958278e+18

real	0m1.023s
user	0m1.001s
sys	0m0.019s
 
4.48881116501821e+17 4.490640601531962e+17 1.03730934601686e+18 1.03758774958278e+18

real	0m1.128s
user	0m1.106s
sys	0m0.018s
 
8.382424294553979e+29 8.385850640122295e+29 1.937388035390321e+30 1.93790724339292e+30

real	0m0.442s
user	0m0.419s
sys	0m0.022s
 
8.382424294553979e+29 8.385850640122295e+29 1.937388035390321e+30 1.93790724339292e+30

real	0m0.631s
user	0m0.610s
sys	0m0.019s
 
8.382424294553979e+29 8.385850640122295e+29 1.937388035390321e+30 1.93790724339292e+30

real	0m0.649s
user	0m0.627s
sys	0m0.020s
 
8.382424294553979e+29 8.385850640122295e+29 1.937388035390321e+30 1.93790724339292e+30

real	0m0.639s
user	0m0.611s
sys	0m0.026s
 
8.382424294553979e+29 8.385850640122295e+29 1.937388035390321e+30 1.93790724339292e+30

real	0m0.601s
user	0m0.578s
sys	0m0.021s
 
8.382424294553979e+29 8.385850640122295e+29 1.937388035390321e+30 1.93790724339292e+30

real	0m0.611s
user	0m0.591s
sys	0m0.018s
 
374124590164.9393 378323909405.297 483306890414.2386 487506209654.5964

real	0m0.565s
user	0m0.563s
sys	0m0.000s
 
8003498375443.188 8040830216224.574 11400695886549.59 11438027727330.98

real	0m0.586s
user	0m0.584s
sys	0m0.000s
 
467292080353.7709 473215316635.7608 603526514839.5372 609449751121.5272

real	0m0.730s
user	0m0.728s
sys	0m0.000s
 
22856685758006.32 23032721850853.32 32186598678896.97 32362634771743.98

real	0m0.767s
user	0m0.765s
sys	0m0.000s
