 
SCALAR_VEC
 
0.5808000000000001 0.5830000000000002 0.6270000000000002 0.6292000000000002

real	0m1.883s
user	0m1.870s
sys	0m0.000s
 
46.0284 46.03060000000001 50.20620000000001 50.2084

real	0m2.239s
user	0m2.239s
sys	0m0.000s
 
29876.5456 29876.5478 32592.58860000001 32592.59080000001

real	0m0.631s
user	0m0.631s
sys	0m0.000s
 
VEC_VEC
 
174.0387

real	0m1.016s
user	0m1.016s
sys	0m0.000s
 
9698907.663399996

real	0m0.414s
user	0m0.414s
sys	0m0.000s
 
24900423491.09201

real	0m0.560s
user	0m0.560s
sys	0m0.000s
 
24900741320632.71

real	0m0.566s
user	0m0.566s
sys	0m0.000s
 
2.490083360868967e+16

real	0m0.756s
user	0m0.748s
sys	0m0.008s
 
VEC_MAT
 
178.7929000000001 178.8030000000001 201.2149000000001 201.2250000000001

real	0m1.694s
user	0m1.694s
sys	0m0.000s
 
992.6821000000002 992.6922000000003 1117.3464 1117.3565

real	0m0.984s
user	0m0.984s
sys	0m0.000s
 
390.3932 390.4204 450.7772000000001 450.8044

real	0m1.933s
user	0m1.933s
sys	0m0.000s
 
2166.9797 2167.0069 2502.7093 2502.7365

real	0m1.132s
user	0m1.128s
sys	0m0.004s
 
157975690.7399002 164380665.8450001

real	0m0.232s
user	0m0.232s
sys	0m0.000s
 
27065907086.64726 28163538210.734

real	0m0.274s
user	0m0.274s
sys	0m0.000s
 
128614163.4402999 133441028.6953997 138267893.9505

real	0m0.392s
user	0m0.392s
sys	0m0.000s
 
17202407856.50187 17848340807.38918 18494273758.27599

real	0m0.411s
user	0m0.411s
sys	0m0.000s
 
2.2266 2.2836 2.3406 2.397600000000001

real	0m0.401s
user	0m0.401s
sys	0m0.000s
 
73.52180000000001 74.6944 86.4204 87.59300000000002

real	0m1.270s
user	0m1.270s
sys	0m0.000s
 
609.1862 615.0844000000001 774.3358000000001 780.2340000000002

real	0m1.430s
user	0m1.430s
sys	0m0.000s
 
31020069.53999998 31057579.07999998 45948866.45999996 45986376.00000001

real	0m1.696s
user	0m1.692s
sys	0m0.004s
 
3948765877.809497 3955170852.914604 5863853434.234404 5870258409.339499

real	0m1.444s
user	0m1.444s
sys	0m0.000s
 
629070346650.9426 630167977775.031 934211799147.1235 935309430271.2021

real	0m1.098s
user	0m1.090s
sys	0m0.008s
 
72549439.0166 72565446.85879999 108086848.7006 108102856.5428001

real	0m1.504s
user	0m1.500s
sys	0m0.004s
 
324096005.6180002 324108897.3359997 483218480.892 483231372.6099998

real	0m1.387s
user	0m1.375s
sys	0m0.012s
 
10829665.1294 10829701.4254 15310551.5134 15310587.8094

real	0m0.820s
user	0m0.812s
sys	0m0.008s
 
107135690886248 108233331157370.3 147748380917728.1 148846021188851.3

real	0m0.787s
user	0m0.775s
sys	0m0.012s
 
MAT_VEC
 
178.7929000000001 178.8030000000001 201.2149000000001 201.2250000000001

real	0m0.712s
user	0m0.712s
sys	0m0.000s
 
992.6821000000002 992.6922000000003 1117.3464 1117.3565

real	0m0.479s
user	0m0.479s
sys	0m0.000s
 
390.3932 390.4204 450.7772000000001 450.8044

real	0m1.130s
user	0m1.130s
sys	0m0.000s
 
2166.9797 2167.0069 2502.7093 2502.7365

real	0m0.770s
user	0m0.770s
sys	0m0.000s
 
157975690.7399002 164380665.8450001

real	0m0.549s
user	0m0.549s
sys	0m0.000s
 
27065907086.64726 28163538210.734

real	0m0.763s
user	0m0.763s
sys	0m0.000s
 
128614163.4402999 133441028.6953997 138267893.9505

real	0m0.674s
user	0m0.674s
sys	0m0.000s
 
17202407856.50187 17848340807.38918 18494273758.27599

real	0m0.695s
user	0m0.695s
sys	0m0.000s
 
2.2266 2.2836 2.3406 2.397600000000001

real	0m0.422s
user	0m0.422s
sys	0m0.000s
 
73.52180000000001 74.6944 86.4204 87.59300000000002

real	0m1.138s
user	0m1.138s
sys	0m0.000s
 
609.1862 615.0844000000001 774.3358000000001 780.2340000000002

real	0m1.307s
user	0m1.302s
sys	0m0.004s
 
31020069.53999998 31057579.07999998 45948866.45999996 45986376.00000001

real	0m1.518s
user	0m1.517s
sys	0m0.000s
 
3948765877.809497 3955170852.914604 5863853434.234404 5870258409.339499

real	0m1.373s
user	0m1.372s
sys	0m0.000s
 
629070346650.9426 630167977775.031 934211799147.1235 935309430271.2021

real	0m1.340s
user	0m1.332s
sys	0m0.008s
 
72549439.0166 72565446.85879999 108086848.7006 108102856.5428001

real	0m1.363s
user	0m1.363s
sys	0m0.000s
 
324096005.6180002 324108897.3359997 483218480.892 483231372.6099998

real	0m1.167s
user	0m1.163s
sys	0m0.004s
 
10829665.1294 10829701.4254 15310551.5134 15310587.8094

real	0m0.864s
user	0m0.848s
sys	0m0.016s
 
107135690886248 108233331157370.3 147748380917728.1 148846021188851.3

real	0m0.772s
user	0m0.764s
sys	0m0.008s
 
OUTER
 
101.277 104.346 110.4774 113.8252

real	0m6.360s
user	0m6.360s
sys	0m0.000s
 
96.84840000000001 99.04950000000002 108.045 110.446

real	0m5.306s
user	0m5.306s
sys	0m0.000s
 
94.13800000000002 95.84960000000002 106.419 108.286

real	0m4.527s
user	0m4.526s
sys	0m0.000s
 
14.5684 14.5728 16.60140000000001 16.606

real	0m0.915s
user	0m0.911s
sys	0m0.004s
 
10.164 10.2025 11.913 11.9548

real	0m0.941s
user	0m0.941s
sys	0m0.000s
 
955.9242 956.3004 1135.8438 1136.254

real	0m1.706s
user	0m1.706s
sys	0m0.000s
 
86477.05440000001 86480.57660000001 102897.9582 102901.8004

real	0m0.825s
user	0m0.805s
sys	0m0.020s
 
27312.9912 27313.3443 32486.685 32487.07

real	0m0.496s
user	0m0.488s
sys	0m0.008s
 
MAT_MAT
 
8054296.570499997 8377212.617400005 11041896.78059999 11521723.02599998

real	0m1.637s
user	0m1.637s
sys	0m0.000s
 
67005585.50399998 69693523.28640002 92209626.6390001 96222702.65399998

real	0m2.042s
user	0m2.042s
sys	0m0.000s
 
56602.02200000002 58658.48450000003 83130.86099999996 86296.01680000003

real	0m1.026s
user	0m1.025s
sys	0m0.000s
 
297546749.5919997 308581623.7314994 440770097.583 457946307.1219999

real	0m1.014s
user	0m1.014s
sys	0m0.000s
 
8054296.570499997 8144829.910200007 11426434.83180001 11521723.02599998

real	0m0.738s
user	0m0.738s
sys	0m0.000s
 
67005585.50399998 67746880.83150004 95442432.67260008 96222702.65399998

real	0m0.984s
user	0m0.984s
sys	0m0.000s
 
56602.02200000002 56765.4044 86117.12820000002 86296.01680000003

real	0m0.586s
user	0m0.586s
sys	0m0.000s
 
297546749.5919997 299613096.1240003 455678605.3310006 457946307.1219999

real	0m0.600s
user	0m0.600s
sys	0m0.000s
 
301.3441 301.7106 379.168 379.5840000000001

real	0m1.708s
user	0m1.708s
sys	0m0.000s
 
45022.4809 45027.16379999999 57025.89409999999 57031.226

real	0m1.273s
user	0m1.272s
sys	0m0.000s
 
79343.34260000002 79353.49420000002 105856.4262 105868.395

real	0m0.803s
user	0m0.803s
sys	0m0.000s
 
77470.43699999999 77485.73999999999 107948.34 107966.91

real	0m0.781s
user	0m0.781s
sys	0m0.000s
 
109.241 111.7864 142.1856 145.251

real	0m1.063s
user	0m1.063s
sys	0m0.000s
 
1739639.1343 1765026.6362 3156552.835599999 3194056.931000001

real	0m1.635s
user	0m1.635s
sys	0m0.000s
 
40128631.98950006 40455680.77900002 81101463.51099998 81608296.35000008

real	0m1.116s
user	0m1.116s
sys	0m0.000s
 
185145.8628 186726.9552 353878.6176 356259.936

real	0m1.709s
user	0m1.709s
sys	0m0.000s
 
5650057.303000003 5674398.905999999 11835110.684 11873364.25000001

real	0m1.369s
user	0m1.369s
sys	0m0.000s
 
3539227257.462 3543179262.324003 8019509498.519998 8025995052.400001

real	0m0.527s
user	0m0.522s
sys	0m0.004s
 
66219776245.92168 66260257446.05717 151986883006.3699 152053753059.55

real	0m0.615s
user	0m0.611s
sys	0m0.004s
 
166212294937.3991 166288626284.498 382568140639.0098 382694366833.2999

real	0m0.561s
user	0m0.557s
sys	0m0.004s
 
608720333715.4655 608956501509.1871 1405127495482.165 1405518727998.903

real	0m1.221s
user	0m1.205s
sys	0m0.016s
 
TRANS1
 
8054296.570499997 8377212.617400005 11041896.78059999 11521723.02599998

real	0m0.689s
user	0m0.689s
sys	0m0.000s
 
67005585.50399998 69693523.28640002 92209626.6390001 96222702.65399998

real	0m0.901s
user	0m0.901s
sys	0m0.000s
 
56602.02200000002 58658.48450000003 83130.86099999996 86296.01680000003

real	0m0.616s
user	0m0.616s
sys	0m0.000s
 
297546749.5919997 308581623.7314994 440770097.583 457946307.1219999

real	0m0.635s
user	0m0.631s
sys	0m0.004s
 
8054296.570499997 8144829.910200007 11426434.83180001 11521723.02599998

real	0m0.698s
user	0m0.698s
sys	0m0.000s
 
67005585.50399998 67746880.83150004 95442432.67260008 96222702.65399998

real	0m0.897s
user	0m0.896s
sys	0m0.000s
 
56602.02200000002 56765.4044 86117.12820000002 86296.01680000003

real	0m0.592s
user	0m0.592s
sys	0m0.000s
 
297546749.5919997 299613096.1240003 455678605.3310006 457946307.1219999

real	0m0.643s
user	0m0.643s
sys	0m0.000s
 
301.3441 301.7106 379.168 379.5840000000001

real	0m2.418s
user	0m2.418s
sys	0m0.000s
 
45022.4809 45027.16379999999 57025.89409999999 57031.226

real	0m2.587s
user	0m2.583s
sys	0m0.004s
 
79343.34260000002 79353.49420000002 105856.4262 105868.395

real	0m1.065s
user	0m1.061s
sys	0m0.004s
 
77470.43699999999 77485.73999999999 107948.34 107966.91

real	0m0.777s
user	0m0.773s
sys	0m0.004s
 
109.241 111.7864 142.1856 145.251

real	0m0.893s
user	0m0.893s
sys	0m0.000s
 
1739639.1343 1765026.6362 3156552.835599999 3194056.931000001

real	0m1.404s
user	0m1.404s
sys	0m0.000s
 
40128631.98950006 40455680.77900002 81101463.51099998 81608296.35000008

real	0m1.081s
user	0m1.081s
sys	0m0.000s
 
185145.8628 186726.9552 353878.6176 356259.936

real	0m1.651s
user	0m1.651s
sys	0m0.000s
 
5650057.303000003 5674398.905999999 11835110.684 11873364.25000001

real	0m1.401s
user	0m1.400s
sys	0m0.000s
 
3539227257.462 3543179262.324003 8019509498.519998 8025995052.400001

real	0m0.489s
user	0m0.485s
sys	0m0.004s
 
66219776245.92168 66260257446.05717 151986883006.3699 152053753059.55

real	0m0.588s
user	0m0.583s
sys	0m0.004s
 
166212294937.3991 166288626284.498 382568140639.0098 382694366833.2999

real	0m0.552s
user	0m0.544s
sys	0m0.008s
 
608720333715.4655 608956501509.1871 1405127495482.165 1405518727998.903

real	0m1.197s
user	0m1.177s
sys	0m0.020s
 
1512441.733 1524415.266 2968657.650000001 2986772.5

real	0m1.247s
user	0m1.247s
sys	0m0.000s
 
608720333715.4655 608956501509.1871 1405127495482.165 1405518727998.903

real	0m0.883s
user	0m0.871s
sys	0m0.012s
 
TRANS2
 
8054296.570499997 8377212.617400005 11041896.78059999 11521723.02599998

real	0m1.870s
user	0m1.870s
sys	0m0.000s
 
67005585.50399998 69693523.28640002 92209626.6390001 96222702.65399998

real	0m2.521s
user	0m2.517s
sys	0m0.004s
 
56602.02200000002 58658.48450000003 83130.86099999996 86296.01680000003

real	0m1.110s
user	0m1.110s
sys	0m0.000s
 
297546749.5919997 308581623.7314994 440770097.583 457946307.1219999

real	0m1.328s
user	0m1.324s
sys	0m0.004s
 
8054296.570499997 8144829.910200007 11426434.83180001 11521723.02599998

real	0m0.821s
user	0m0.821s
sys	0m0.000s
 
67005585.50399998 67746880.83150004 95442432.67260008 96222702.65399998

real	0m1.085s
user	0m1.085s
sys	0m0.000s
 
56602.02200000002 56765.4044 86117.12820000002 86296.01680000003

real	0m0.589s
user	0m0.589s
sys	0m0.000s
 
297546749.5919997 299613096.1240003 455678605.3310006 457946307.1219999

real	0m0.645s
user	0m0.641s
sys	0m0.004s
 
301.3441 301.7106 379.168 379.5840000000001

real	0m1.870s
user	0m1.870s
sys	0m0.000s
 
45022.4809 45027.16379999999 57025.89409999999 57031.226

real	0m1.243s
user	0m1.239s
sys	0m0.004s
 
79343.34260000002 79353.49420000002 105856.4262 105868.395

real	0m0.793s
user	0m0.793s
sys	0m0.000s
 
77470.43699999999 77485.73999999999 107948.34 107966.91

real	0m0.760s
user	0m0.760s
sys	0m0.000s
 
109.241 111.7864 142.1856 145.251

real	0m1.202s
user	0m1.202s
sys	0m0.000s
 
1739639.1343 1765026.6362 3156552.835599999 3194056.931000001

real	0m1.783s
user	0m1.783s
sys	0m0.000s
 
40128631.98950006 40455680.77900002 81101463.51099998 81608296.35000008

real	0m1.323s
user	0m1.323s
sys	0m0.000s
 
185145.8628 186726.9552 353878.6176 356259.936

real	0m1.965s
user	0m1.965s
sys	0m0.000s
 
5650057.303000003 5674398.905999999 11835110.684 11873364.25000001

real	0m1.599s
user	0m1.595s
sys	0m0.004s
 
3539227257.462 3543179262.324003 8019509498.519998 8025995052.400001

real	0m0.518s
user	0m0.518s
sys	0m0.000s
 
66219776245.92168 66260257446.05717 151986883006.3699 152053753059.55

real	0m0.608s
user	0m0.608s
sys	0m0.000s
 
166212294937.3991 166288626284.498 382568140639.0098 382694366833.2999

real	0m0.564s
user	0m0.552s
sys	0m0.012s
 
608720333715.4655 608956501509.1871 1405127495482.165 1405518727998.903

real	0m1.278s
user	0m1.266s
sys	0m0.012s
 
1512441.733 1524415.266 2968657.650000001 2986772.5

real	0m1.088s
user	0m1.087s
sys	0m0.000s
 
608720333715.4655 608956501509.1871 1405127495482.165 1405518727998.903

real	0m0.858s
user	0m0.850s
sys	0m0.008s
 
TRANS12
 
8054296.570499997 8377212.617400005 11041896.78059999 11521723.02599998

real	0m1.493s
user	0m1.489s
sys	0m0.004s
 
67005585.50399998 69693523.28640002 92209626.6390001 96222702.65399998

real	0m2.267s
user	0m2.267s
sys	0m0.000s
 
56602.02200000002 58658.48450000003 83130.86099999996 86296.01680000003

real	0m0.822s
user	0m0.818s
sys	0m0.004s
 
297546749.5919997 308581623.7314994 440770097.583 457946307.1219999

real	0m1.335s
user	0m1.335s
sys	0m0.000s
 
8054296.570499997 8144829.910200007 11426434.83180001 11521723.02599998

real	0m1.080s
user	0m1.080s
sys	0m0.000s
 
67005585.50399998 67746880.83150004 95442432.67260008 96222702.65399998

real	0m1.353s
user	0m1.352s
sys	0m0.000s
 
56602.02200000002 56765.4044 86117.12820000002 86296.01680000003

real	0m0.935s
user	0m0.935s
sys	0m0.000s
 
297546749.5919997 299613096.1240003 455678605.3310006 457946307.1219999

real	0m1.096s
user	0m1.096s
sys	0m0.000s
 
301.3441 301.7106 379.168 379.5840000000001

real	0m2.091s
user	0m2.091s
sys	0m0.000s
 
45022.4809 45027.16379999999 57025.89409999999 57031.226

real	0m1.614s
user	0m1.606s
sys	0m0.008s
 
79343.34260000002 79353.49420000002 105856.4262 105868.395

real	0m1.334s
user	0m1.334s
sys	0m0.000s
 
77470.43699999999 77485.73999999999 107948.34 107966.91

real	0m1.060s
user	0m1.060s
sys	0m0.000s
 
109.241 111.7864 142.1856 145.251

real	0m1.168s
user	0m1.168s
sys	0m0.000s
 
1739639.1343 1765026.6362 3156552.835599999 3194056.931000001

real	0m2.133s
user	0m2.133s
sys	0m0.000s
 
40128631.98950006 40455680.77900002 81101463.51099998 81608296.35000008

real	0m1.910s
user	0m1.910s
sys	0m0.000s
 
185145.8628 186726.9552 353878.6176 356259.936

real	0m3.272s
user	0m3.268s
sys	0m0.004s
 
5650057.303000003 5674398.905999999 11835110.684 11873364.25000001

real	0m2.160s
user	0m2.156s
sys	0m0.004s
 
3539227257.462 3543179262.324003 8019509498.519998 8025995052.400001

real	0m2.080s
user	0m2.080s
sys	0m0.000s
 
66219776245.92168 66260257446.05717 151986883006.3699 152053753059.55

real	0m5.319s
user	0m5.311s
sys	0m0.008s
 
166212294937.3991 166288626284.498 382568140639.0098 382694366833.2999

real	0m4.633s
user	0m4.624s
sys	0m0.008s
 
608720333715.4655 608956501509.1871 1405127495482.165 1405518727998.903

real	0m9.527s
user	0m9.518s
sys	0m0.008s
 
SPECIAL
 
0.04840000000000001

real	0m0.721s
user	0m0.721s
sys	0m0.000s
 
0.04840000000000001

real	0m0.795s
user	0m0.795s
sys	0m0.000s
 
0.04840000000000001

real	0m0.353s
user	0m0.353s
sys	0m0.000s
 
53.79660000000001 53.79880000000001 58.68060000000001 58.68280000000001

real	0m1.752s
user	0m1.752s
sys	0m0.000s
 
53.79660000000001 53.79880000000001 58.68060000000001 58.68280000000001

real	0m3.346s
user	0m3.346s
sys	0m0.000s
 
9698907.663399996

real	0m0.894s
user	0m0.894s
sys	0m0.000s
 
9698907.663399996

real	0m0.418s
user	0m0.418s
sys	0m0.000s
 
0.04840000000000001

real	0m0.774s
user	0m0.770s
sys	0m0.004s
 
53.79660000000001 53.79880000000001 58.68060000000001 58.68280000000001

real	0m1.373s
user	0m1.373s
sys	0m0.000s
 
53.79660000000001 53.79880000000001 58.68060000000001 58.68280000000001

real	0m9.729s
user	0m9.729s
sys	0m0.000s
 
9698907.663399996

real	0m0.900s
user	0m0.896s
sys	0m0.004s
 
3948765877.809497 3955170852.914604 5863853434.234404 5870258409.339499

real	0m1.033s
user	0m1.033s
sys	0m0.000s
 
3948765877.809497 3955170852.914604 5863853434.234404 5870258409.339499

real	0m2.578s
user	0m2.578s
sys	0m0.000s
 
0.04840000000000001

real	0m0.867s
user	0m0.867s
sys	0m0.000s
 
53.79660000000001 53.79880000000001 58.68060000000001 58.68280000000001

real	0m2.990s
user	0m2.989s
sys	0m0.000s
 
53.79660000000001 53.79880000000001 58.68060000000001 58.68280000000001

real	0m7.503s
user	0m7.503s
sys	0m0.000s
 
9698907.663399996

real	0m0.424s
user	0m0.424s
sys	0m0.000s
 
3948765877.809497 3955170852.914604 5863853434.234404 5870258409.339499

real	0m1.274s
user	0m1.270s
sys	0m0.004s
 
3948765877.809497 3955170852.914604 5863853434.234404 5870258409.339499

real	0m1.273s
user	0m1.269s
sys	0m0.004s
 
0.04840000000000001

real	0m0.863s
user	0m0.863s
sys	0m0.000s
 
53.79660000000001 53.79880000000001 58.68060000000001 58.68280000000001

real	0m1.376s
user	0m1.376s
sys	0m0.000s
 
53.79660000000001 53.79880000000001 58.68060000000001 58.68280000000001

real	0m7.925s
user	0m7.924s
sys	0m0.000s
 
9698907.663399996

real	0m0.896s
user	0m0.896s
sys	0m0.000s
 
3948765877.809497 3955170852.914604 5863853434.234404 5870258409.339499

real	0m1.031s
user	0m1.027s
sys	0m0.004s
 
3948765877.809497 3955170852.914604 5863853434.234404 5870258409.339499

real	0m5.934s
user	0m5.930s
sys	0m0.004s
 
0.04840000000000001

real	0m0.968s
user	0m0.968s
sys	0m0.000s
 
53.79660000000001 53.79880000000001 58.68060000000001 58.68280000000001

real	0m4.727s
user	0m4.727s
sys	0m0.000s
 
53.79660000000001 53.79880000000001 58.68060000000001 58.68280000000001

real	0m5.195s
user	0m5.194s
sys	0m0.000s
 
9698907.663399996

real	0m0.433s
user	0m0.429s
sys	0m0.004s
 
3948765877.809497 3955170852.914604 5863853434.234404 5870258409.339499

real	0m1.973s
user	0m1.973s
sys	0m0.000s
 
3948765877.809497 3955170852.914604 5863853434.234404 5870258409.339499

real	0m4.665s
user	0m4.661s
sys	0m0.004s
 
3037.1121 3037.6632 3611.409 3612.01

real	0m1.231s
user	0m1.227s
sys	0m0.004s
 
3037.1121 3037.6632 3611.409 3612.01

real	0m1.230s
user	0m1.226s
sys	0m0.004s
 
3037.1121 3037.6632 3611.409 3612.01

real	0m1.268s
user	0m1.268s
sys	0m0.000s
 
3037.1121 3037.6632 3611.409 3612.01

real	0m1.807s
user	0m1.807s
sys	0m0.000s
 
SEQUENCE
 
37624.35618 38872.44188 52954.76458 54712.31628

real	0m1.381s
user	0m1.381s
sys	0m0.000s
 
4350478614.186048 4405620767.888449 7321622135.843186 7393481577.214199

real	0m0.833s
user	0m0.833s
sys	0m0.000s
 
48832437279.8918 49241016265.74157 88512227219.28583 89040617812.03206

real	0m2.975s
user	0m2.975s
sys	0m0.000s
 
18696443068.18007 18840087100.15867 37617583432.7108 37823564976.3486

real	0m0.780s
user	0m0.780s
sys	0m0.000s
 
4.901614166865179e+18 4.912723296455448e+18 1.084442578747924e+19 1.086100449795465e+19

real	0m0.580s
user	0m0.572s
sys	0m0.008s
 
1.647418946230568e+16 1.649160037624473e+16 3.768465979697054e+16 3.771108024027194e+16

real	0m0.763s
user	0m0.763s
sys	0m0.000s
 
4.48881116501821e+17 4.490640601531962e+17 1.03730934601686e+18 1.03758774958278e+18

real	0m0.550s
user	0m0.538s
sys	0m0.012s
 
4.48881116501821e+17 4.490640601531962e+17 1.03730934601686e+18 1.03758774958278e+18

real	0m1.072s
user	0m1.064s
sys	0m0.008s
 
4.48881116501821e+17 4.490640601531962e+17 1.03730934601686e+18 1.03758774958278e+18

real	0m1.057s
user	0m1.049s
sys	0m0.008s
 
8.382424294553979e+29 8.385850640122295e+29 1.937388035390321e+30 1.93790724339292e+30

real	0m0.609s
user	0m0.597s
sys	0m0.012s
 
8.382424294553979e+29 8.385850640122295e+29 1.937388035390321e+30 1.93790724339292e+30

real	0m0.617s
user	0m0.609s
sys	0m0.008s
 
8.382424294553979e+29 8.385850640122295e+29 1.937388035390321e+30 1.93790724339292e+30

real	0m0.609s
user	0m0.593s
sys	0m0.016s
 
8.382424294553979e+29 8.385850640122295e+29 1.937388035390321e+30 1.93790724339292e+30

real	0m1.156s
user	0m1.144s
sys	0m0.012s
 
8.382424294553979e+29 8.385850640122295e+29 1.937388035390321e+30 1.93790724339292e+30

real	0m0.598s
user	0m0.589s
sys	0m0.008s
 
8.382424294553979e+29 8.385850640122295e+29 1.937388035390321e+30 1.93790724339292e+30

real	0m0.596s
user	0m0.584s
sys	0m0.012s
 
374124590164.9393 378323909405.297 483306890414.2386 487506209654.5964

real	0m0.842s
user	0m0.842s
sys	0m0.000s
 
8003498375443.188 8040830216224.574 11400695886549.59 11438027727330.98

real	0m0.783s
user	0m0.782s
sys	0m0.000s
 
467292080353.7709 473215316635.7608 603526514839.5372 609449751121.5272

real	0m0.679s
user	0m0.679s
sys	0m0.000s
 
22856685758006.32 23032721850853.32 32186598678896.97 32362634771743.98

real	0m0.687s
user	0m0.687s
sys	0m0.000s
