 
VEC_VEC
 
174.0387

real	0m0.950s
user	0m0.939s
sys	0m0.000s
 
9698907.663399996

real	0m0.413s
user	0m0.413s
sys	0m0.000s
 
24900423491.09201

real	0m0.560s
user	0m0.555s
sys	0m0.004s
 
24900741320632.71

real	0m0.567s
user	0m0.567s
sys	0m0.000s
 
2.490083360868967e+16

real	0m0.762s
user	0m0.762s
sys	0m0.000s
 
VEC_MAT
 
178.7929000000001 178.8030000000001 201.2149000000001 201.2250000000001

real	0m2.149s
user	0m2.149s
sys	0m0.000s
 
992.6821000000002 992.6922000000003 1117.3464 1117.3565

real	0m1.132s
user	0m1.132s
sys	0m0.000s
 
390.3932 390.4204 450.7772000000001 450.8044

real	0m2.531s
user	0m2.531s
sys	0m0.000s
 
2166.9797 2167.0069 2502.7093 2502.7365

real	0m1.449s
user	0m1.443s
sys	0m0.004s
 
157975690.7399002 164380665.8450001

real	0m0.408s
user	0m0.408s
sys	0m0.000s
 
27065907086.64726 28163538210.734

real	0m0.455s
user	0m0.455s
sys	0m0.000s
 
128614163.4402999 133441028.6953997 138267893.9505

real	0m0.554s
user	0m0.554s
sys	0m0.000s
 
17202407856.50187 17848340807.38918 18494273758.27599

real	0m0.569s
user	0m0.569s
sys	0m0.000s
 
2.2266 2.2836 2.3406 2.397600000000001

real	0m0.524s
user	0m0.524s
sys	0m0.000s
 
73.52180000000001 74.6944 86.4204 87.59300000000002

real	0m1.758s
user	0m1.758s
sys	0m0.000s
 
609.1862 615.0844000000001 774.3358000000001 780.2340000000002

real	0m2.260s
user	0m2.259s
sys	0m0.000s
 
31020069.53999998 31057579.07999998 45948866.45999996 45986376.00000001

real	0m2.971s
user	0m2.965s
sys	0m0.004s
 
3948765877.809497 3955170852.914604 5863853434.234404 5870258409.339499

real	0m2.487s
user	0m2.487s
sys	0m0.000s
 
629070346650.9426 630167977775.031 934211799147.1235 935309430271.2021

real	0m1.463s
user	0m1.451s
sys	0m0.012s
 
72549439.0166 72565446.85879999 108086848.7006 108102856.5428001

real	0m2.512s
user	0m2.512s
sys	0m0.000s
 
324096005.6180002 324108897.3359997 483218480.892 483231372.6099998

real	0m1.485s
user	0m1.477s
sys	0m0.008s
 
10829665.1294 10829701.4254 15310551.5134 15310587.8094

real	0m1.011s
user	0m1.007s
sys	0m0.004s
 
107135690886248 108233331157370.3 147748380917728.1 148846021188851.3

real	0m1.061s
user	0m1.050s
sys	0m0.008s
 
MAT_VEC
 
178.7929000000001 178.8030000000001 201.2149000000001 201.2250000000001

real	0m0.942s
user	0m0.942s
sys	0m0.000s
 
992.6821000000002 992.6922000000003 1117.3464 1117.3565

real	0m0.575s
user	0m0.575s
sys	0m0.000s
 
390.3932 390.4204 450.7772000000001 450.8044

real	0m1.348s
user	0m1.348s
sys	0m0.000s
 
2166.9797 2167.0069 2502.7093 2502.7365

real	0m0.830s
user	0m0.830s
sys	0m0.000s
 
157975690.7399002 164380665.8450001

real	0m0.798s
user	0m0.798s
sys	0m0.000s
 
27065907086.64726 28163538210.734

real	0m0.892s
user	0m0.892s
sys	0m0.000s
 
128614163.4402999 133441028.6953997 138267893.9505

real	0m0.918s
user	0m0.918s
sys	0m0.000s
 
17202407856.50187 17848340807.38918 18494273758.27599

real	0m0.948s
user	0m0.948s
sys	0m0.000s
 
2.2266 2.2836 2.3406 2.397600000000001

real	0m0.476s
user	0m0.476s
sys	0m0.000s
 
73.52180000000001 74.6944 86.4204 87.59300000000002

real	0m1.493s
user	0m1.493s
sys	0m0.000s
 
609.1862 615.0844000000001 774.3358000000001 780.2340000000002

real	0m1.633s
user	0m1.633s
sys	0m0.000s
 
31020069.53999998 31057579.07999998 45948866.45999996 45986376.00000001

real	0m2.063s
user	0m2.063s
sys	0m0.000s
 
3948765877.809497 3955170852.914604 5863853434.234404 5870258409.339499

real	0m1.763s
user	0m1.763s
sys	0m0.000s
 
629070346650.9426 630167977775.031 934211799147.1235 935309430271.2021

real	0m1.145s
user	0m1.145s
sys	0m0.000s
 
72549439.0166 72565446.85879999 108086848.7006 108102856.5428001

real	0m1.789s
user	0m1.789s
sys	0m0.000s
 
324096005.6180002 324108897.3359997 483218480.892 483231372.6099998

real	0m1.212s
user	0m1.204s
sys	0m0.008s
 
10829665.1294 10829701.4254 15310551.5134 15310587.8094

real	0m1.096s
user	0m1.088s
sys	0m0.008s
 
107135690886248 108233331157370.3 147748380917728.1 148846021188851.3

real	0m0.834s
user	0m0.818s
sys	0m0.016s
 
MAT_MAT
 
8054296.570499997 8377212.617400005 11041896.78059999 11521723.02599998

real	0m2.964s
user	0m2.964s
sys	0m0.000s
 
67005585.50399998 69693523.28640002 92209626.6390001 96222702.65399998

real	0m3.690s
user	0m3.690s
sys	0m0.000s
 
297546749.5919997 308581623.7314994 440770097.583 457946307.1219999

real	0m1.765s
user	0m1.764s
sys	0m0.000s
 
301.3441 301.7106 379.168 379.5840000000001

real	0m1.527s
user	0m1.525s
sys	0m0.000s
 
45022.4809 45027.16379999999 57025.89409999999 57031.226

real	0m1.406s
user	0m1.398s
sys	0m0.008s
 
79343.34260000002 79353.49420000002 105856.4262 105868.395

real	0m1.122s
user	0m1.114s
sys	0m0.008s
 
109.241 111.7864 142.1856 145.251

real	0m1.559s
user	0m1.555s
sys	0m0.004s
 
1739639.1343 1765026.6362 3156552.835599999 3194056.931000001

real	0m2.398s
user	0m2.397s
sys	0m0.000s
 
40128631.98950006 40455680.77900002 81101463.51099998 81608296.35000008

real	0m1.705s
user	0m1.705s
sys	0m0.000s
 
185145.8628 186726.9552 353878.6176 356259.936

real	0m2.230s
user	0m2.228s
sys	0m0.000s
 
5650057.303000003 5674398.905999999 11835110.684 11873364.25000001

real	0m2.039s
user	0m2.035s
sys	0m0.004s
 
3539227257.462 3543179262.324003 8019509498.519998 8025995052.400001

real	0m0.780s
user	0m0.776s
sys	0m0.004s
 
116679065033.4775 116750506858.205 268105200357.9501 268223292440

real	0m1.095s
user	0m1.091s
sys	0m0.004s
 
486162319134.2704 486350943715.8364 1121330656696.773 1121642844663.925

real	0m1.552s
user	0m1.540s
sys	0m0.012s
 
608720333715.4655 608956501509.1871 1405127495482.165 1405518727998.903

real	0m1.943s
user	0m1.923s
sys	0m0.020s
 
OUTER
 
101.277 104.346 110.4774 113.8252

real	0m14.585s
user	0m14.585s
sys	0m0.000s
 
96.84840000000001 99.04950000000002 108.045 110.446

real	0m13.115s
user	0m13.115s
sys	0m0.000s
 
94.13800000000002 95.84960000000002 106.419 108.286

real	0m8.907s
user	0m8.905s
sys	0m0.000s
 
10.164 10.2025 11.913 11.9548

real	0m1.762s
user	0m1.762s
sys	0m0.000s
 
955.9242 956.3004 1135.8438 1136.254

real	0m1.644s
user	0m1.644s
sys	0m0.000s
 
78728.21440000001 78731.73660000002 93676.67820000002 93680.52040000001

real	0m0.994s
user	0m0.989s
sys	0m0.004s
 
TRANS1
 
8054296.570499997 8377212.617400005 11041896.78059999 11521723.02599998

real	0m1.628s
user	0m1.627s
sys	0m0.000s
 
67005585.50399998 69693523.28640002 92209626.6390001 96222702.65399998

real	0m2.024s
user	0m2.020s
sys	0m0.004s
 
297546749.5919997 308581623.7314994 440770097.583 457946307.1219999

real	0m1.227s
user	0m1.227s
sys	0m0.000s
 
301.3441 301.7106 379.168 379.5840000000001

real	0m2.712s
user	0m2.712s
sys	0m0.000s
 
45022.4809 45027.16379999999 57025.89409999999 57031.226

real	0m2.046s
user	0m2.042s
sys	0m0.004s
 
79343.34260000002 79353.49420000002 105856.4262 105868.395

real	0m1.138s
user	0m1.138s
sys	0m0.000s
 
109.241 111.7864 142.1856 145.251

real	0m1.473s
user	0m1.473s
sys	0m0.000s
 
1739639.1343 1765026.6362 3156552.835599999 3194056.931000001

real	0m3.241s
user	0m3.239s
sys	0m0.000s
 
40128631.98950006 40455680.77900002 81101463.51099998 81608296.35000008

real	0m2.534s
user	0m2.534s
sys	0m0.000s
 
185145.8628 186726.9552 353878.6176 356259.936

real	0m3.943s
user	0m3.943s
sys	0m0.000s
 
5650057.303000003 5674398.905999999 11835110.684 11873364.25000001

real	0m3.291s
user	0m3.285s
sys	0m0.004s
 
3539227257.462 3543179262.324003 8019509498.519998 8025995052.400001

real	0m1.126s
user	0m1.122s
sys	0m0.004s
 
116679065033.4775 116750506858.205 268105200357.9501 268223292440

real	0m1.599s
user	0m1.591s
sys	0m0.008s
 
486162319134.2704 486350943715.8364 1121330656696.773 1121642844663.925

real	0m2.129s
user	0m2.105s
sys	0m0.024s
 
608720333715.4655 608956501509.1871 1405127495482.165 1405518727998.903

real	0m2.642s
user	0m2.618s
sys	0m0.024s
 
608720333715.4655 608956501509.1871 1405127495482.165 1405518727998.903

real	0m1.271s
user	0m1.269s
sys	0m0.000s
 
TRANS2
 
8054296.570499997 8377212.617400005 11041896.78059999 11521723.02599998

real	0m3.645s
user	0m3.645s
sys	0m0.000s
 
67005585.50399998 69693523.28640002 92209626.6390001 96222702.65399998

real	0m4.961s
user	0m4.961s
sys	0m0.000s
 
297546749.5919997 308581623.7314994 440770097.583 457946307.1219999

real	0m2.421s
user	0m2.415s
sys	0m0.004s
 
301.3441 301.7106 379.168 379.5840000000001

real	0m1.556s
user	0m1.556s
sys	0m0.000s
 
45022.4809 45027.16379999999 57025.89409999999 57031.226

real	0m1.434s
user	0m1.430s
sys	0m0.004s
 
79343.34260000002 79353.49420000002 105856.4262 105868.395

real	0m1.136s
user	0m1.132s
sys	0m0.004s
 
109.241 111.7864 142.1856 145.251

real	0m1.634s
user	0m1.634s
sys	0m0.000s
 
1739639.1343 1765026.6362 3156552.835599999 3194056.931000001

real	0m2.488s
user	0m2.488s
sys	0m0.000s
 
40128631.98950006 40455680.77900002 81101463.51099998 81608296.35000008

real	0m1.826s
user	0m1.826s
sys	0m0.000s
 
185145.8628 186726.9552 353878.6176 356259.936

real	0m2.315s
user	0m2.315s
sys	0m0.000s
 
5650057.303000003 5674398.905999999 11835110.684 11873364.25000001

real	0m2.108s
user	0m2.108s
sys	0m0.000s
 
3539227257.462 3543179262.324003 8019509498.519998 8025995052.400001

real	0m0.833s
user	0m0.833s
sys	0m0.000s
 
116679065033.4775 116750506858.205 268105200357.9501 268223292440

real	0m1.163s
user	0m1.155s
sys	0m0.008s
 
486162319134.2704 486350943715.8364 1121330656696.773 1121642844663.925

real	0m1.691s
user	0m1.671s
sys	0m0.020s
 
608720333715.4655 608956501509.1871 1405127495482.165 1405518727998.903

real	0m2.110s
user	0m2.096s
sys	0m0.012s
 
608720333715.4655 608956501509.1871 1405127495482.165 1405518727998.903

real	0m1.121s
user	0m1.105s
sys	0m0.016s
 
SPECIAL
 
0.04840000000000001

real	0m1.003s
user	0m0.999s
sys	0m0.004s
 
0.04840000000000001

real	0m1.120s
user	0m1.120s
sys	0m0.000s
 
0.04840000000000001

real	0m0.344s
user	0m0.344s
sys	0m0.000s
 
53.79660000000001 53.79880000000001 58.68060000000001 58.68280000000001

real	0m1.754s
user	0m1.750s
sys	0m0.004s
 
53.79660000000001 53.79880000000001 58.68060000000001 58.68280000000001

real	0m5.104s
user	0m5.104s
sys	0m0.000s
 
9698907.663399996

real	0m1.372s
user	0m1.372s
sys	0m0.000s
 
9698907.663399996

real	0m0.427s
user	0m0.427s
sys	0m0.000s
 
0.04840000000000001

real	0m1.138s
user	0m1.138s
sys	0m0.000s
 
53.79660000000001 53.79880000000001 58.68060000000001 58.68280000000001

real	0m1.757s
user	0m1.757s
sys	0m0.000s
 
53.79660000000001 53.79880000000001 58.68060000000001 58.68280000000001

real	0m22.249s
user	0m22.244s
sys	0m0.000s
 
9698907.663399996

real	0m1.372s
user	0m1.372s
sys	0m0.000s
 
3948765877.809497 3955170852.914604 5863853434.234404 5870258409.339499

real	0m1.324s
user	0m1.322s
sys	0m0.000s
 
3948765877.809497 3955170852.914604 5863853434.234404 5870258409.339499

real	0m6.081s
user	0m6.076s
sys	0m0.004s
 
0.04840000000000001

real	0m1.060s
user	0m1.060s
sys	0m0.000s
 
53.79660000000001 53.79880000000001 58.68060000000001 58.68280000000001

real	0m4.316s
user	0m4.310s
sys	0m0.004s
 
53.79660000000001 53.79880000000001 58.68060000000001 58.68280000000001

real	0m6.066s
user	0m6.065s
sys	0m0.000s
 
9698907.663399996

real	0m0.426s
user	0m0.426s
sys	0m0.000s
 
3948765877.809497 3955170852.914604 5863853434.234404 5870258409.339499

real	0m1.872s
user	0m1.868s
sys	0m0.004s
 
3948765877.809497 3955170852.914604 5863853434.234404 5870258409.339499

real	0m1.868s
user	0m1.862s
sys	0m0.004s
 
0.04840000000000001

real	0m1.246s
user	0m1.246s
sys	0m0.000s
 
53.79660000000001 53.79880000000001 58.68060000000001 58.68280000000001

real	0m1.761s
user	0m1.757s
sys	0m0.004s
 
53.79660000000001 53.79880000000001 58.68060000000001 58.68280000000001

real	0m22.197s
user	0m22.192s
sys	0m0.000s
 
9698907.663399996

real	0m1.374s
user	0m1.374s
sys	0m0.000s
 
3948765877.809497 3955170852.914604 5863853434.234404 5870258409.339499

real	0m1.324s
user	0m1.320s
sys	0m0.004s
 
3948765877.809497 3955170852.914604 5863853434.234404 5870258409.339499

real	0m9.254s
user	0m9.254s
sys	0m0.000s
 
SEQUENCE
 
37624.35618 38872.44188 52954.76458 54712.31628

real	0m2.346s
user	0m2.345s
sys	0m0.000s
 
4350478614.186048 4405620767.888449 7321622135.843186 7393481577.214199

real	0m1.124s
user	0m1.124s
sys	0m0.000s
 
18696443068.18007 18840087100.15867 37617583432.7108 37823564976.3486

real	0m1.171s
user	0m1.167s
sys	0m0.004s
 
4.901614166865179e+18 4.912723296455448e+18 1.084442578747924e+19 1.086100449795465e+19

real	0m0.876s
user	0m0.871s
sys	0m0.004s
 
1.647418946230568e+16 1.649160037624473e+16 3.768465979697054e+16 3.771108024027194e+16

real	0m1.142s
user	0m1.134s
sys	0m0.008s
 
4.48881116501821e+17 4.490640601531962e+17 1.03730934601686e+18 1.03758774958278e+18

real	0m0.825s
user	0m0.817s
sys	0m0.008s
 
4.48881116501821e+17 4.490640601531962e+17 1.03730934601686e+18 1.03758774958278e+18

real	0m2.098s
user	0m2.082s
sys	0m0.016s
 
374124590164.9393 378323909405.297 483306890414.2386 487506209654.5964

real	0m1.124s
user	0m1.123s
sys	0m0.000s
 
8003498375443.188 8040830216224.574 11400695886549.59 11438027727330.98

real	0m1.175s
user	0m1.175s
sys	0m0.000s
 
467292080353.7709 473215316635.7608 603526514839.5372 609449751121.5272

real	0m0.851s
user	0m0.851s
sys	0m0.000s
 
22856685758006.32 23032721850853.32 32186598678896.97 32362634771743.98

real	0m0.896s
user	0m0.896s
sys	0m0.000s
