 
SCALAR_VEC
 
0.5808000000000001 0.5830000000000002 0.6270000000000002 0.6292000000000002

real	0m4.425s
user	0m4.484s
sys	0m0.228s
 
46.0284 46.03060000000001 50.20620000000001 50.2084

real	0m5.022s
user	0m5.097s
sys	0m0.248s
 
29876.5456 29876.5478 32592.58860000001 32592.59080000001

real	0m0.428s
user	0m1.300s
sys	0m0.830s
 
VEC_VEC
 
174.0387

real	0m0.860s
user	0m0.970s
sys	0m0.213s
 
9698907.663400002

real	0m0.150s
user	0m0.239s
sys	0m0.235s
 
24900423491.092

real	0m0.323s
user	0m0.405s
sys	0m0.241s
 
24900741320632.72

real	0m0.387s
user	0m0.471s
sys	0m0.239s
 
2.490083360868285e+16

real	0m0.704s
user	0m0.773s
sys	0m0.254s
 
VEC_MAT
 
178.7929000000001 178.8030000000001 201.2149000000001 201.2250000000001

real	0m2.474s
user	0m2.558s
sys	0m0.239s
 
992.6821000000002 992.6922000000003 1117.3464 1117.3565

real	0m0.533s
user	0m2.018s
sys	0m0.639s
 
390.3932 390.4204 450.7772 450.8044

real	0m2.897s
user	0m2.968s
sys	0m0.252s
 
2166.9797 2167.0069 2502.7093 2502.7365

real	0m0.566s
user	0m2.074s
sys	0m0.752s
 
157975690.7399 164380665.8450001

real	0m0.284s
user	0m0.375s
sys	0m0.233s
 
27065907086.64691 28163538210.734

real	0m0.342s
user	0m0.419s
sys	0m0.246s
 
128614163.4403001 133441028.6954 138267893.9505

real	0m0.376s
user	0m0.471s
sys	0m0.228s
 
17202407856.502 17848340807.38899 18494273758.276

real	0m0.378s
user	0m0.479s
sys	0m0.221s
 
2.2266 2.2836 2.3406 2.397600000000001

real	0m0.667s
user	0m0.758s
sys	0m0.232s
 
73.52180000000001 74.6944 86.42040000000001 87.593

real	0m1.410s
user	0m1.499s
sys	0m0.235s
 
609.1862000000001 615.0844 774.3358000000001 780.234

real	0m1.380s
user	0m1.482s
sys	0m0.221s
 
31020069.53999999 31057579.08 45948866.46000002 45986376

real	0m0.277s
user	0m1.219s
sys	0m0.160s
 
3948765877.809501 3955170852.9146 5863853434.234401 5870258409.339502

real	0m0.279s
user	0m1.332s
sys	0m0.056s
 
629070346650.9368 630167977775.0244 934211799147.1187 935309430271.2014

real	0m0.675s
user	0m3.313s
sys	0m0.052s
 
72549439.01660001 72565446.85880002 108086848.7006 108102856.5428

real	0m0.279s
user	0m1.321s
sys	0m0.064s
 
324096005.6180001 324108897.3359999 483218480.8920001 483231372.6100001

real	0m0.590s
user	0m2.874s
sys	0m0.064s
 
10829665.1294 10829701.4254 15310551.5134 15310587.8094

real	0m0.446s
user	0m2.066s
sys	0m0.152s
 
107135690886257.8 108233331157377.8 147748380917736.1 148846021188854.5

real	0m0.662s
user	0m3.191s
sys	0m0.104s
 
MAT_VEC
 
178.7929000000001 178.8030000000001 201.2149000000001 201.2250000000001

real	0m0.617s
user	0m0.699s
sys	0m0.241s
 
992.6821000000002 992.6922000000003 1117.3464 1117.3565

real	0m0.408s
user	0m1.313s
sys	0m0.719s
 
390.3932 390.4204 450.7772000000001 450.8044

real	0m1.009s
user	0m1.086s
sys	0m0.246s
 
2166.9797 2167.0069 2502.7093 2502.7365

real	0m0.445s
user	0m1.460s
sys	0m0.758s
 
157975690.7399002 164380665.8449999

real	0m0.260s
user	0m0.350s
sys	0m0.233s
 
27065907086.64703 28163538210.734

real	0m0.100s
user	0m0.353s
sys	0m0.143s
 
128614163.4403001 133441028.6954 138267893.9504999

real	0m0.293s
user	0m0.399s
sys	0m0.217s
 
17202407856.50201 17848340807.38901 18494273758.27601

real	0m0.104s
user	0m0.396s
sys	0m0.119s
 
2.2266 2.2836 2.3406 2.397600000000001

real	0m0.611s
user	0m0.710s
sys	0m0.225s
 
73.52180000000001 74.6944 86.4204 87.59300000000002

real	0m1.208s
user	0m1.290s
sys	0m0.240s
 
609.1862 615.0844 774.3358000000001 780.2340000000002

real	0m1.168s
user	0m1.267s
sys	0m0.224s
 
31020069.54 31057579.08 45948866.45999999 45986376.00000001

real	0m0.529s
user	0m2.430s
sys	0m0.208s
 
3948765877.809499 3955170852.914599 5863853434.234396 5870258409.339501

real	0m0.480s
user	0m2.324s
sys	0m0.072s
 
629070346650.9357 630167977775.0228 934211799147.1244 935309430271.2141

real	0m0.675s
user	0m3.239s
sys	0m0.124s
 
72549439.01660001 72565446.85879999 108086848.7006 108102856.5428

real	0m0.349s
user	0m1.683s
sys	0m0.056s
 
324096005.618 324108897.3359999 483218480.8919998 483231372.6099998

real	0m0.661s
user	0m3.236s
sys	0m0.060s
 
10829665.1294 10829701.4254 15310551.5134 15310587.8094

real	0m0.501s
user	0m2.373s
sys	0m0.120s
 
107135690886258.2 108233331157375.3 147748380917728.1 148846021188851.3

real	0m0.857s
user	0m3.528s
sys	0m0.742s
 
OUTER
 
101.277 104.346 110.4774 113.8252

real	0m14.124s
user	0m14.215s
sys	0m0.232s
 
96.84840000000001 99.04950000000002 108.045 110.446

real	0m12.736s
user	0m12.818s
sys	0m0.240s
 
94.13800000000002 95.84960000000002 106.419 108.286

real	0m10.581s
user	0m10.675s
sys	0m0.228s
 
14.5684 14.5728 16.60140000000001 16.606

real	0m8.191s
user	0m8.281s
sys	0m0.232s
 
10.164 10.2025 11.913 11.9548

real	0m3.395s
user	0m3.475s
sys	0m0.243s
 
955.9242 956.3004 1135.8438 1136.254

real	0m2.934s
user	0m2.997s
sys	0m0.259s
 
86477.05440000001 86480.57660000001 102897.9582 102901.8004

real	0m1.134s
user	0m5.524s
sys	0m0.132s
 
27312.9912 27313.3443 32486.685 32487.07

real	0m0.492s
user	0m2.416s
sys	0m0.032s
 
MAT_MAT
 
8054296.5705 8377212.6174 11041896.7806 11521723.026

real	0m1.199s
user	0m1.270s
sys	0m0.252s
 
67005585.504 69693523.28640002 92209626.639 96222702.65400003

real	0m1.586s
user	0m1.667s
sys	0m0.242s
 
56602.02200000002 58658.48450000003 83130.86099999996 86296.01680000003

real	0m0.617s
user	0m0.675s
sys	0m0.265s
 
297546749.5919999 308581623.7315 440770097.5829999 457946307.1220002

real	0m0.730s
user	0m0.837s
sys	0m0.217s
 
8054296.570499999 8144829.9102 11426434.8318 11521723.026

real	0m1.177s
user	0m1.256s
sys	0m0.245s
 
67005585.50400002 67746880.83149999 95442432.67260002 96222702.65400004

real	0m1.620s
user	0m1.706s
sys	0m0.237s
 
56602.022 56765.40440000001 86117.12820000002 86296.0168

real	0m0.726s
user	0m0.800s
sys	0m0.249s
 
297546749.5919999 299613096.124 455678605.331 457946307.1220001

real	0m0.854s
user	0m0.945s
sys	0m0.232s
 
301.3441 301.7106 379.168 379.5840000000001

real	0m1.835s
user	0m1.918s
sys	0m0.240s
 
45022.4809 45027.16379999999 57025.89409999999 57031.226

real	0m0.641s
user	0m3.159s
sys	0m0.036s
 
79343.34260000002 79353.49420000002 105856.4262 105868.395

real	0m0.406s
user	0m1.554s
sys	0m0.469s
 
77470.43699999999 77485.73999999999 107948.34 107966.91

real	0m0.239s
user	0m1.153s
sys	0m0.032s
 
109.241 111.7864 142.1856 145.251

real	0m1.146s
user	0m1.192s
sys	0m0.277s
 
1739639.1343 1765026.6362 3156552.835599999 3194056.931

real	0m0.820s
user	0m0.870s
sys	0m0.273s
 
40128631.9895 40455680.779 81101463.51100002 81608296.34999999

real	0m0.153s
user	0m0.725s
sys	0m0.036s
 
185145.8628 186726.9552 353878.6176 356259.936

real	0m0.816s
user	0m0.890s
sys	0m0.249s
 
5650057.303000003 5674398.905999999 11835110.684 11873364.25

real	0m0.169s
user	0m0.810s
sys	0m0.028s
 
3539227257.462001 3543179262.324001 8019509498.52 8025995052.4

real	0m0.047s
user	0m0.211s
sys	0m0.019s
 
66219776245.92162 66260257446.0572 151986883006.37 152053753059.55

real	0m0.061s
user	0m0.260s
sys	0m0.036s
 
166212294937.399 166288626284.4981 382568140639.0101 382694366833.3

real	0m0.062s
user	0m0.243s
sys	0m0.054s
 
608720333715.4656 608956501509.1868 1405127495482.165 1405518727998.904

real	0m0.115s
user	0m0.478s
sys	0m0.084s
 
TRANS1
 
8054296.5705 8377212.6174 11041896.7806 11521723.026

real	0m1.182s
user	0m1.253s
sys	0m0.252s
 
67005585.504 69693523.28640002 92209626.639 96222702.65400003

real	0m1.564s
user	0m1.622s
sys	0m0.265s
 
56602.02200000002 58658.48450000003 83130.86099999996 86296.01680000003

real	0m0.615s
user	0m0.701s
sys	0m0.237s
 
297546749.5919999 308581623.7315 440770097.5829999 457946307.1220002

real	0m0.730s
user	0m0.809s
sys	0m0.244s
 
8054296.570499999 8144829.9102 11426434.8318 11521723.026

real	0m0.923s
user	0m1.018s
sys	0m0.228s
 
67005585.50400002 67746880.83149999 95442432.67260002 96222702.65400004

real	0m1.200s
user	0m1.290s
sys	0m0.232s
 
56602.022 56765.40440000001 86117.12820000002 86296.0168

real	0m0.669s
user	0m0.787s
sys	0m0.205s
 
297546749.5919999 299613096.124 455678605.331 457946307.1220001

real	0m0.685s
user	0m0.767s
sys	0m0.241s
 
301.3441 301.7106 379.168 379.5840000000001

real	0m1.838s
user	0m1.933s
sys	0m0.228s
 
45022.4809 45027.16379999999 57025.89409999999 57031.226

real	0m0.646s
user	0m3.172s
sys	0m0.048s
 
79343.34260000002 79353.49420000002 105856.4262 105868.395

real	0m0.407s
user	0m1.792s
sys	0m0.234s
 
77470.43699999999 77485.73999999999 107948.34 107966.91

real	0m0.239s
user	0m1.165s
sys	0m0.024s
 
109.241 111.7864 142.1856 145.251

real	0m1.169s
user	0m1.263s
sys	0m0.229s
 
1739639.1343 1765026.6362 3156552.835599999 3194056.931

real	0m0.791s
user	0m0.870s
sys	0m0.244s
 
40128631.9895 40455680.779 81101463.51100002 81608296.34999999

real	0m0.145s
user	0m0.684s
sys	0m0.036s
 
185145.8628 186726.9552 353878.6176 356259.936

real	0m0.814s
user	0m0.856s
sys	0m0.281s
 
5650057.303000003 5674398.905999999 11835110.684 11873364.25

real	0m0.166s
user	0m0.806s
sys	0m0.020s
 
3539227257.462001 3543179262.324001 8019509498.52 8025995052.4

real	0m0.047s
user	0m0.203s
sys	0m0.027s
 
66219776245.92162 66260257446.0572 151986883006.37 152053753059.55

real	0m0.071s
user	0m0.287s
sys	0m0.056s
 
166212294937.399 166288626284.4981 382568140639.0101 382694366833.3

real	0m0.078s
user	0m0.239s
sys	0m0.138s
 
608720333715.4656 608956501509.1868 1405127495482.165 1405518727998.904

real	0m0.140s
user	0m0.490s
sys	0m0.197s
 
1512441.733 1524415.266 2968657.65 2986772.5

real	0m0.269s
user	0m0.828s
sys	0m0.323s
 
608720333715.4656 608956501509.1868 1405127495482.165 1405518727998.904

real	0m0.099s
user	0m0.347s
sys	0m0.137s
 
TRANS2
 
8054296.5705 8377212.6174 11041896.7806 11521723.026

real	0m1.296s
user	0m1.330s
sys	0m0.288s
 
67005585.504 69693523.28640002 92209626.639 96222702.65400003

real	0m1.675s
user	0m1.788s
sys	0m0.211s
 
56602.02200000002 58658.48450000003 83130.86099999996 86296.01680000003

real	0m0.631s
user	0m0.708s
sys	0m0.245s
 
297546749.5919999 308581623.7315 440770097.5829999 457946307.1220002

real	0m0.749s
user	0m0.872s
sys	0m0.201s
 
8054296.570499999 8144829.9102 11426434.8318 11521723.026

real	0m1.190s
user	0m1.257s
sys	0m0.256s
 
67005585.50400002 67746880.83149999 95442432.67260002 96222702.65400004

real	0m1.625s
user	0m1.728s
sys	0m0.220s
 
56602.022 56765.40440000001 86117.12820000002 86296.0168

real	0m0.736s
user	0m0.810s
sys	0m0.249s
 
297546749.5919999 299613096.124 455678605.331 457946307.1220001

real	0m0.904s
user	0m1.018s
sys	0m0.208s
 
301.3441 301.7106 379.168 379.5840000000001

real	0m1.831s
user	0m1.925s
sys	0m0.229s
 
45022.4809 45027.16379999999 57025.89409999999 57031.226

real	0m0.649s
user	0m3.189s
sys	0m0.048s
 
79343.34260000002 79353.49420000002 105856.4262 105868.395

real	0m0.411s
user	0m2.013s
sys	0m0.032s
 
77470.43699999999 77485.73999999999 107948.34 107966.91

real	0m0.239s
user	0m1.144s
sys	0m0.044s
 
109.241 111.7864 142.1856 145.251

real	0m1.176s
user	0m1.283s
sys	0m0.217s
 
1739639.1343 1765026.6362 3156552.835599999 3194056.931

real	0m0.821s
user	0m0.904s
sys	0m0.240s
 
40128631.9895 40455680.779 81101463.51100002 81608296.34999999

real	0m0.171s
user	0m0.838s
sys	0m0.012s
 
185145.8628 186726.9552 353878.6176 356259.936

real	0m0.807s
user	0m0.881s
sys	0m0.250s
 
5650057.303000003 5674398.905999999 11835110.684 11873364.25

real	0m0.175s
user	0m0.831s
sys	0m0.036s
 
3539227257.462001 3543179262.324001 8019509498.52 8025995052.4

real	0m0.049s
user	0m0.221s
sys	0m0.016s
 
66219776245.92162 66260257446.0572 151986883006.37 152053753059.55

real	0m0.073s
user	0m0.269s
sys	0m0.086s
 
166212294937.399 166288626284.4981 382568140639.0101 382694366833.3

real	0m0.077s
user	0m0.270s
sys	0m0.102s
 
608720333715.4656 608956501509.1868 1405127495482.165 1405518727998.904

real	0m0.140s
user	0m0.534s
sys	0m0.153s
 
1512441.733 1524415.266 2968657.65 2986772.5

real	0m0.286s
user	0m0.861s
sys	0m0.360s
 
608720333715.4656 608956501509.1868 1405127495482.165 1405518727998.904

real	0m0.100s
user	0m0.301s
sys	0m0.187s
 
TRANS12
 
8054296.5705 8377212.6174 11041896.7806 11521723.026

real	0m1.263s
user	0m1.393s
sys	0m0.193s
 
67005585.504 69693523.28640002 92209626.639 96222702.65400003

real	0m1.638s
user	0m1.708s
sys	0m0.253s
 
56602.02200000002 58658.48450000003 83130.86099999996 86296.01680000003

real	0m0.630s
user	0m0.721s
sys	0m0.232s
 
297546749.5919999 308581623.7315 440770097.5829999 457946307.1220002

real	0m0.750s
user	0m0.816s
sys	0m0.257s
 
8054296.570499999 8144829.9102 11426434.8318 11521723.026

real	0m0.960s
user	0m1.043s
sys	0m0.241s
 
67005585.50400002 67746880.83149999 95442432.67260002 96222702.65400004

real	0m1.205s
user	0m1.296s
sys	0m0.232s
 
56602.022 56765.40440000001 86117.12820000002 86296.0168

real	0m0.669s
user	0m0.743s
sys	0m0.249s
 
297546749.5919999 299613096.124 455678605.331 457946307.1220001

real	0m0.705s
user	0m0.800s
sys	0m0.229s
 
301.3441 301.7106 379.168 379.5840000000001

real	0m1.836s
user	0m1.923s
sys	0m0.236s
 
45022.4809 45027.16379999999 57025.89409999999 57031.226

real	0m0.649s
user	0m3.198s
sys	0m0.036s
 
79343.34260000002 79353.49420000002 105856.4262 105868.395

real	0m0.410s
user	0m2.019s
sys	0m0.020s
 
77470.43699999999 77485.73999999999 107948.34 107966.91

real	0m0.238s
user	0m1.164s
sys	0m0.020s
 
109.241 111.7864 142.1856 145.251

real	0m1.203s
user	0m1.318s
sys	0m0.209s
 
1739639.1343 1765026.6362 3156552.835599999 3194056.931

real	0m0.790s
user	0m0.865s
sys	0m0.248s
 
40128631.9895 40455680.779 81101463.51100002 81608296.34999999

real	0m0.161s
user	0m0.790s
sys	0m0.008s
 
185145.8628 186726.9552 353878.6176 356259.936

real	0m0.808s
user	0m0.902s
sys	0m0.229s
 
5650057.303000003 5674398.905999999 11835110.684 11873364.25

real	0m0.169s
user	0m0.821s
sys	0m0.020s
 
3539227257.462001 3543179262.324001 8019509498.52 8025995052.4

real	0m0.049s
user	0m0.210s
sys	0m0.028s
 
66219776245.92162 66260257446.0572 151986883006.37 152053753059.55

real	0m0.082s
user	0m0.317s
sys	0m0.084s
 
166212294937.399 166288626284.4981 382568140639.0101 382694366833.3

real	0m0.093s
user	0m0.294s
sys	0m0.157s
 
608720333715.4656 608956501509.1868 1405127495482.165 1405518727998.904

real	0m0.165s
user	0m0.574s
sys	0m0.239s
 
SPECIAL
 
0.04840000000000001

real	0m1.585s
user	0m1.680s
sys	0m0.229s
 
0.04840000000000001

real	0m1.771s
user	0m1.854s
sys	0m0.241s
 
0.04840000000000001

real	0m0.489s
user	0m0.592s
sys	0m0.220s
 
53.79660000000001 53.79880000000001 58.68060000000001 58.68280000000001

real	0m1.530s
user	0m1.604s
sys	0m0.249s
 
53.79660000000001 53.79880000000001 58.68060000000001 58.68280000000001

real	0m8.353s
user	0m8.444s
sys	0m0.232s
 
9698907.6634

real	0m0.334s
user	0m0.428s
sys	0m0.230s
 
9698907.663400002

real	0m0.418s
user	0m0.502s
sys	0m0.240s
 
0.04840000000000001

real	0m4.784s
user	0m4.891s
sys	0m0.216s
 
53.79660000000001 53.79880000000001 58.68060000000001 58.68280000000001

real	0m14.232s
user	0m14.319s
sys	0m0.236s
 
53.79660000000001 53.79880000000001 58.68060000000001 58.68280000000001

real	0m19.420s
user	0m19.514s
sys	0m0.228s
 
9698907.663400002

real	0m0.971s
user	0m1.046s
sys	0m0.249s
 
3948765877.809501 3955170852.9146 5863853434.234401 5870258409.339502

real	0m3.546s
user	0m3.640s
sys	0m0.228s
 
3948765877.809501 3955170852.914601 5863853434.234402 5870258409.339502

real	0m2.828s
user	0m2.904s
sys	0m0.247s
 
0.04840000000000001

real	0m5.692s
user	0m5.799s
sys	0m0.216s
 
53.79660000000001 53.79880000000001 58.68060000000001 58.68280000000001

real	0m15.200s
user	0m15.283s
sys	0m0.240s
 
53.79660000000001 53.79880000000001 58.68060000000001 58.68280000000001

real	0m19.443s
user	0m19.553s
sys	0m0.212s
 
9698907.663400002

real	0m0.749s
user	0m0.856s
sys	0m0.217s
 
3948765877.809501 3955170852.9146 5863853434.234401 5870258409.339502

real	0m2.372s
user	0m2.463s
sys	0m0.232s
 
3948765877.809501 3955170852.914601 5863853434.234402 5870258409.339502

real	0m2.806s
user	0m2.867s
sys	0m0.263s
 
0.04840000000000001

real	0m5.667s
user	0m5.746s
sys	0m0.244s
 
53.79660000000001 53.79880000000001 58.68060000000001 58.68280000000001

real	0m14.239s
user	0m14.338s
sys	0m0.224s
 
53.79660000000001 53.79880000000001 58.68060000000001 58.68280000000001

real	0m18.991s
user	0m19.054s
sys	0m0.260s
 
9698907.663400002

real	0m1.052s
user	0m1.151s
sys	0m0.225s
 
3948765877.809501 3955170852.9146 5863853434.234401 5870258409.339502

real	0m3.557s
user	0m3.636s
sys	0m0.244s
 
3948765877.809501 3955170852.914601 5863853434.234402 5870258409.339502

real	0m2.744s
user	0m2.827s
sys	0m0.241s
 
0.04840000000000001

real	0m5.137s
user	0m5.212s
sys	0m0.248s
 
53.79660000000001 53.79880000000001 58.68060000000001 58.68280000000001

real	0m15.193s
user	0m15.268s
sys	0m0.248s
 
53.79660000000001 53.79880000000001 58.68060000000001 58.68280000000001

real	0m18.960s
user	0m19.019s
sys	0m0.264s
 
9698907.663400002

real	0m0.833s
user	0m0.923s
sys	0m0.234s
 
3948765877.809501 3955170852.9146 5863853434.234401 5870258409.339502

real	0m2.384s
user	0m2.463s
sys	0m0.244s
 
3948765877.809501 3955170852.914601 5863853434.234402 5870258409.339502

real	0m2.740s
user	0m2.811s
sys	0m0.252s
 
3037.1121 3037.6632 3611.409 3612.01

real	0m2.539s
user	0m2.606s
sys	0m0.256s
 
3037.1121 3037.6632 3611.409 3612.01

real	0m2.539s
user	0m2.635s
sys	0m0.227s
 
3037.1121 3037.6632 3611.409 3612.01

real	0m2.543s
user	0m2.622s
sys	0m0.244s
 
3037.1121 3037.6632 3611.409 3612.01

real	0m2.540s
user	0m2.643s
sys	0m0.220s
 
SEQUENCE
 
37624.35618 38872.44188 52954.76458 54712.31628

real	0m0.932s
user	0m1.018s
sys	0m0.237s
 
4350478614.186048 4405620767.888449 7321622135.843186 7393481577.214198

real	0m0.481s
user	0m0.559s
sys	0m0.245s
 
48832437279.89182 49241016265.74162 88512227219.28577 89040617812.032

real	0m0.419s
user	0m1.986s
sys	0m0.103s
 
18696443068.18007 18840087100.15867 37617583432.71078 37823564976.3486

real	0m0.100s
user	0m0.466s
sys	0m0.028s
 
4.901614166865181e+18 4.912723296455449e+18 1.084442578747925e+19 1.086100449795465e+19

real	0m0.057s
user	0m0.272s
sys	0m0.008s
 
1.647418946230568e+16 1.649160037624474e+16 3.76846597969705e+16 3.771108024027194e+16

real	0m0.070s
user	0m0.307s
sys	0m0.036s
 
4.488811165018216e+17 4.490640601531965e+17 1.037309346016861e+18 1.03758774958278e+18

real	0m0.063s
user	0m0.231s
sys	0m0.072s
 
4.488811165018216e+17 4.490640601531965e+17 1.037309346016861e+18 1.03758774958278e+18

real	0m0.128s
user	0m0.513s
sys	0m0.113s
 
4.488811165018216e+17 4.490640601531965e+17 1.037309346016861e+18 1.03758774958278e+18

real	0m0.134s
user	0m0.518s
sys	0m0.140s
 
8.382424294553982e+29 8.385850640122291e+29 1.937388035390321e+30 1.937907243392919e+30

real	0m0.071s
user	0m0.243s
sys	0m0.100s
 
8.382424294553982e+29 8.385850640122291e+29 1.937388035390321e+30 1.937907243392919e+30

real	0m0.102s
user	0m0.344s
sys	0m0.151s
 
8.382424294553982e+29 8.385850640122291e+29 1.937388035390321e+30 1.937907243392919e+30

real	0m0.099s
user	0m0.352s
sys	0m0.132s
 
8.382424294553982e+29 8.385850640122291e+29 1.937388035390321e+30 1.937907243392919e+30

real	0m0.103s
user	0m0.319s
sys	0m0.185s
 
8.382424294553982e+29 8.385850640122291e+29 1.937388035390321e+30 1.937907243392919e+30

real	0m0.099s
user	0m0.304s
sys	0m0.180s
 
8.382424294553982e+29 8.385850640122291e+29 1.937388035390321e+30 1.937907243392919e+30

real	0m0.096s
user	0m0.305s
sys	0m0.164s
 
374124590164.9392 378323909405.2969 483306890414.2386 487506209654.5963

real	0m0.491s
user	0m0.617s
sys	0m0.197s
 
8003498375443.188 8040830216224.577 11400695886549.59 11438027727330.98

real	0m0.103s
user	0m0.492s
sys	0m0.016s
 
467292080353.7709 473215316635.7607 603526514839.5374 609449751121.5272

real	0m0.492s
user	0m0.537s
sys	0m0.279s
 
22856685758006.32 23032721850853.32 32186598678896.98 32362634771743.98

real	0m0.459s
user	0m1.173s
sys	0m1.117s
