 
VEC_VEC
 
174.0387

real	0m0.678s
user	0m0.678s
sys	0m0.000s
 
9698907.663399996

real	0m0.408s
user	0m0.408s
sys	0m0.000s
 
24900423491.09201

real	0m0.559s
user	0m0.559s
sys	0m0.000s
 
24900741320632.71

real	0m0.563s
user	0m0.563s
sys	0m0.000s
 
2.490083360868967e+16

real	0m0.773s
user	0m0.773s
sys	0m0.000s
 
VEC_MAT
 
178.7929000000001 178.8030000000001 201.2149000000001 201.2250000000001

real	0m0.622s
user	0m0.622s
sys	0m0.000s
 
992.6821000000002 992.6922000000003 1117.3464 1117.3565

real	0m0.423s
user	0m0.422s
sys	0m0.000s
 
390.3932 390.4204 450.7772000000001 450.8044

real	0m1.088s
user	0m1.088s
sys	0m0.000s
 
2166.9797 2167.0069 2502.7093 2502.7365

real	0m0.660s
user	0m0.660s
sys	0m0.000s
 
157975690.7399002 164380665.8450001

real	0m0.204s
user	0m0.204s
sys	0m0.000s
 
27065907086.64726 28163538210.734

real	0m0.246s
user	0m0.246s
sys	0m0.000s
 
128614163.4402999 133441028.6953997 138267893.9505

real	0m0.276s
user	0m0.276s
sys	0m0.000s
 
17202407856.50187 17848340807.38918 18494273758.27599

real	0m0.288s
user	0m0.288s
sys	0m0.000s
 
2.2266 2.2836 2.3406 2.397600000000001

real	0m0.246s
user	0m0.246s
sys	0m0.000s
 
73.52180000000001 74.6944 86.4204 87.59300000000002

real	0m0.870s
user	0m0.870s
sys	0m0.000s
 
609.1862 615.0844000000001 774.3358000000001 780.2340000000002

real	0m1.134s
user	0m1.134s
sys	0m0.000s
 
31020069.53999998 31057579.07999998 45948866.45999996 45986376.00000001

real	0m1.241s
user	0m1.241s
sys	0m0.000s
 
3948765877.809497 3955170852.914604 5863853434.234404 5870258409.339499

real	0m1.043s
user	0m1.039s
sys	0m0.004s
 
629070346650.9426 630167977775.031 934211799147.1235 935309430271.2021

real	0m0.960s
user	0m0.952s
sys	0m0.008s
 
72549439.0166 72565446.85879999 108086848.7006 108102856.5428001

real	0m1.178s
user	0m1.174s
sys	0m0.004s
 
324096005.6180002 324108897.3359997 483218480.892 483231372.6099998

real	0m1.302s
user	0m1.294s
sys	0m0.008s
 
10829665.1294 10829701.4254 15310551.5134 15310587.8094

real	0m0.946s
user	0m0.934s
sys	0m0.012s
 
107135690886248 108233331157370.3 147748380917728.1 148846021188851.3

real	0m0.664s
user	0m0.656s
sys	0m0.008s
 
MAT_VEC
 
178.7929000000001 178.8030000000001 201.2149000000001 201.2250000000001

real	0m0.461s
user	0m0.461s
sys	0m0.000s
 
992.6821000000002 992.6922000000003 1117.3464 1117.3565

real	0m0.311s
user	0m0.311s
sys	0m0.000s
 
390.3932 390.4204 450.7772000000001 450.8044

real	0m0.768s
user	0m0.768s
sys	0m0.000s
 
2166.9797 2167.0069 2502.7093 2502.7365

real	0m0.562s
user	0m0.562s
sys	0m0.000s
 
157975690.7399002 164380665.8450001

real	0m0.243s
user	0m0.243s
sys	0m0.000s
 
27065907086.64726 28163538210.734

real	0m0.291s
user	0m0.291s
sys	0m0.000s
 
128614163.4402999 133441028.6953997 138267893.9505

real	0m0.310s
user	0m0.306s
sys	0m0.004s
 
17202407856.50187 17848340807.38918 18494273758.27599

real	0m0.347s
user	0m0.347s
sys	0m0.000s
 
2.2266 2.2836 2.3406 2.397600000000001

real	0m0.251s
user	0m0.251s
sys	0m0.000s
 
73.52180000000001 74.6944 86.4204 87.59300000000002

real	0m0.808s
user	0m0.806s
sys	0m0.000s
 
609.1862 615.0844000000001 774.3358000000001 780.2340000000002

real	0m0.980s
user	0m0.980s
sys	0m0.000s
 
31020069.53999998 31057579.07999998 45948866.45999996 45986376.00000001

real	0m1.345s
user	0m1.345s
sys	0m0.000s
 
3948765877.809497 3955170852.914604 5863853434.234404 5870258409.339499

real	0m1.198s
user	0m1.198s
sys	0m0.000s
 
629070346650.9426 630167977775.031 934211799147.1235 935309430271.2021

real	0m1.208s
user	0m1.200s
sys	0m0.008s
 
72549439.0166 72565446.85879999 108086848.7006 108102856.5428001

real	0m1.127s
user	0m1.127s
sys	0m0.000s
 
324096005.6180002 324108897.3359997 483218480.892 483231372.6099998

real	0m0.980s
user	0m0.967s
sys	0m0.012s
 
10829665.1294 10829701.4254 15310551.5134 15310587.8094

real	0m0.694s
user	0m0.686s
sys	0m0.008s
 
107135690886248 108233331157370.3 147748380917728.1 148846021188851.3

real	0m0.721s
user	0m0.713s
sys	0m0.008s
 
MAT_MAT
 
8054296.570499997 8377212.617400005 11041896.78059999 11521723.02599998

real	0m0.687s
user	0m0.686s
sys	0m0.000s
 
67005585.50399998 69693523.28640002 92209626.6390001 96222702.65399998

real	0m0.894s
user	0m0.892s
sys	0m0.000s
 
297546749.5919997 308581623.7314994 440770097.583 457946307.1219999

real	0m0.720s
user	0m0.720s
sys	0m0.000s
 
301.3441 301.7106 379.168 379.5840000000001

real	0m0.965s
user	0m0.965s
sys	0m0.000s
 
45022.4809 45027.16379999999 57025.89409999999 57031.226

real	0m0.670s
user	0m0.662s
sys	0m0.008s
 
79343.34260000002 79353.49420000002 105856.4262 105868.395

real	0m0.642s
user	0m0.638s
sys	0m0.004s
 
109.241 111.7864 142.1856 145.251

real	0m0.799s
user	0m0.798s
sys	0m0.000s
 
1739639.1343 1765026.6362 3156552.835599999 3194056.931000001

real	0m1.331s
user	0m1.331s
sys	0m0.000s
 
40128631.98950006 40455680.77900002 81101463.51099998 81608296.35000008

real	0m1.028s
user	0m1.027s
sys	0m0.000s
 
185145.8628 186726.9552 353878.6176 356259.936

real	0m1.433s
user	0m1.433s
sys	0m0.000s
 
5650057.303000003 5674398.905999999 11835110.684 11873364.25000001

real	0m1.269s
user	0m1.269s
sys	0m0.000s
 
3539227257.462 3543179262.324003 8019509498.519998 8025995052.400001

real	0m0.439s
user	0m0.438s
sys	0m0.000s
 
116679065033.4775 116750506858.205 268105200357.9501 268223292440

real	0m0.616s
user	0m0.610s
sys	0m0.004s
 
486162319134.2704 486350943715.8364 1121330656696.773 1121642844663.925

real	0m0.750s
user	0m0.745s
sys	0m0.004s
 
608720333715.4655 608956501509.1871 1405127495482.165 1405518727998.903

real	0m0.939s
user	0m0.934s
sys	0m0.004s
 
OUTER
 
101.277 104.346 110.4774 113.8252

real	0m1.149s
user	0m1.149s
sys	0m0.000s
 
96.84840000000001 99.04950000000002 108.045 110.446

real	0m0.927s
user	0m0.926s
sys	0m0.000s
 
94.13800000000002 95.84960000000002 106.419 108.286

real	0m1.182s
user	0m1.178s
sys	0m0.004s
 
10.164 10.2025 11.913 11.9548

real	0m0.592s
user	0m0.592s
sys	0m0.000s
 
955.9242 956.3004 1135.8438 1136.254

real	0m0.678s
user	0m0.678s
sys	0m0.000s
 
78728.21440000001 78731.73660000002 93676.67820000002 93680.52040000001

real	0m0.643s
user	0m0.631s
sys	0m0.012s
 
TRANS1
 
8054296.570499997 8377212.617400005 11041896.78059999 11521723.02599998

real	0m0.700s
user	0m0.700s
sys	0m0.000s
 
67005585.50399998 69693523.28640002 92209626.6390001 96222702.65399998

real	0m0.894s
user	0m0.894s
sys	0m0.000s
 
297546749.5919997 308581623.7314994 440770097.583 457946307.1219999

real	0m0.632s
user	0m0.632s
sys	0m0.000s
 
301.3441 301.7106 379.168 379.5840000000001

real	0m0.799s
user	0m0.799s
sys	0m0.000s
 
45022.4809 45027.16379999999 57025.89409999999 57031.226

real	0m0.647s
user	0m0.643s
sys	0m0.004s
 
79343.34260000002 79353.49420000002 105856.4262 105868.395

real	0m0.642s
user	0m0.641s
sys	0m0.000s
 
109.241 111.7864 142.1856 145.251

real	0m0.768s
user	0m0.768s
sys	0m0.000s
 
1739639.1343 1765026.6362 3156552.835599999 3194056.931000001

real	0m1.362s
user	0m1.362s
sys	0m0.000s
 
40128631.98950006 40455680.77900002 81101463.51099998 81608296.35000008

real	0m1.049s
user	0m1.049s
sys	0m0.000s
 
185145.8628 186726.9552 353878.6176 356259.936

real	0m1.537s
user	0m1.533s
sys	0m0.004s
 
5650057.303000003 5674398.905999999 11835110.684 11873364.25000001

real	0m1.334s
user	0m1.334s
sys	0m0.000s
 
3539227257.462 3543179262.324003 8019509498.519998 8025995052.400001

real	0m0.467s
user	0m0.467s
sys	0m0.000s
 
116679065033.4775 116750506858.205 268105200357.9501 268223292440

real	0m0.681s
user	0m0.673s
sys	0m0.008s
 
486162319134.2704 486350943715.8364 1121330656696.773 1121642844663.925

real	0m0.907s
user	0m0.903s
sys	0m0.004s
 
608720333715.4655 608956501509.1871 1405127495482.165 1405518727998.903

real	0m1.128s
user	0m1.100s
sys	0m0.028s
 
608720333715.4655 608956501509.1871 1405127495482.165 1405518727998.903

real	0m0.567s
user	0m0.545s
sys	0m0.020s
 
TRANS2
 
8054296.570499997 8377212.617400005 11041896.78059999 11521723.02599998

real	0m1.065s
user	0m1.061s
sys	0m0.004s
 
67005585.50399998 69693523.28640002 92209626.6390001 96222702.65399998

real	0m1.367s
user	0m1.367s
sys	0m0.000s
 
297546749.5919997 308581623.7314994 440770097.583 457946307.1219999

real	0m1.034s
user	0m1.030s
sys	0m0.004s
 
301.3441 301.7106 379.168 379.5840000000001

real	0m0.893s
user	0m0.893s
sys	0m0.000s
 
45022.4809 45027.16379999999 57025.89409999999 57031.226

real	0m0.698s
user	0m0.694s
sys	0m0.004s
 
79343.34260000002 79353.49420000002 105856.4262 105868.395

real	0m0.708s
user	0m0.704s
sys	0m0.004s
 
109.241 111.7864 142.1856 145.251

real	0m0.763s
user	0m0.763s
sys	0m0.000s
 
1739639.1343 1765026.6362 3156552.835599999 3194056.931000001

real	0m1.216s
user	0m1.216s
sys	0m0.000s
 
40128631.98950006 40455680.77900002 81101463.51099998 81608296.35000008

real	0m0.980s
user	0m0.980s
sys	0m0.000s
 
185145.8628 186726.9552 353878.6176 356259.936

real	0m1.256s
user	0m1.250s
sys	0m0.004s
 
5650057.303000003 5674398.905999999 11835110.684 11873364.25000001

real	0m1.135s
user	0m1.135s
sys	0m0.000s
 
3539227257.462 3543179262.324003 8019509498.519998 8025995052.400001

real	0m0.403s
user	0m0.403s
sys	0m0.000s
 
116679065033.4775 116750506858.205 268105200357.9501 268223292440

real	0m0.571s
user	0m0.559s
sys	0m0.012s
 
486162319134.2704 486350943715.8364 1121330656696.773 1121642844663.925

real	0m0.886s
user	0m0.878s
sys	0m0.008s
 
608720333715.4655 608956501509.1871 1405127495482.165 1405518727998.903

real	0m1.111s
user	0m1.103s
sys	0m0.008s
 
608720333715.4655 608956501509.1871 1405127495482.165 1405518727998.903

real	0m0.541s
user	0m0.521s
sys	0m0.020s
 
SPECIAL
 
0.04840000000000001

real	0m0.317s
user	0m0.317s
sys	0m0.000s
 
0.04840000000000001

real	0m0.336s
user	0m0.336s
sys	0m0.000s
 
0.04840000000000001

real	0m0.235s
user	0m0.235s
sys	0m0.000s
 
53.79660000000001 53.79880000000001 58.68060000000001 58.68280000000001

real	0m1.358s
user	0m1.358s
sys	0m0.000s
 
53.79660000000001 53.79880000000001 58.68060000000001 58.68280000000001

real	0m1.358s
user	0m1.358s
sys	0m0.000s
 
9698907.663399996

real	0m0.409s
user	0m0.409s
sys	0m0.000s
 
9698907.663399996

real	0m0.410s
user	0m0.410s
sys	0m0.000s
 
0.04840000000000001

real	0m0.429s
user	0m0.428s
sys	0m0.000s
 
53.79660000000001 53.79880000000001 58.68060000000001 58.68280000000001

real	0m1.361s
user	0m1.359s
sys	0m0.000s
 
53.79660000000001 53.79880000000001 58.68060000000001 58.68280000000001

real	0m1.363s
user	0m1.363s
sys	0m0.000s
 
9698907.663399996

real	0m0.411s
user	0m0.411s
sys	0m0.000s
 
3948765877.809497 3955170852.914604 5863853434.234404 5870258409.339499

real	0m0.898s
user	0m0.898s
sys	0m0.000s
 
3948765877.809497 3955170852.914604 5863853434.234404 5870258409.339499

real	0m0.784s
user	0m0.783s
sys	0m0.000s
 
0.04840000000000001

real	0m0.389s
user	0m0.389s
sys	0m0.000s
 
53.79660000000001 53.79880000000001 58.68060000000001 58.68280000000001

real	0m1.357s
user	0m1.357s
sys	0m0.000s
 
53.79660000000001 53.79880000000001 58.68060000000001 58.68280000000001

real	0m1.364s
user	0m1.364s
sys	0m0.000s
 
9698907.663399996

real	0m0.410s
user	0m0.410s
sys	0m0.000s
 
3948765877.809497 3955170852.914604 5863853434.234404 5870258409.339499

real	0m0.789s
user	0m0.789s
sys	0m0.000s
 
3948765877.809497 3955170852.914604 5863853434.234404 5870258409.339499

real	0m0.783s
user	0m0.783s
sys	0m0.000s
 
0.04840000000000001

real	0m0.416s
user	0m0.416s
sys	0m0.000s
 
53.79660000000001 53.79880000000001 58.68060000000001 58.68280000000001

real	0m1.362s
user	0m1.360s
sys	0m0.000s
 
53.79660000000001 53.79880000000001 58.68060000000001 58.68280000000001

real	0m1.357s
user	0m1.357s
sys	0m0.000s
 
9698907.663399996

real	0m0.410s
user	0m0.410s
sys	0m0.000s
 
3948765877.809497 3955170852.914604 5863853434.234404 5870258409.339499

real	0m0.898s
user	0m0.894s
sys	0m0.004s
 
3948765877.809497 3955170852.914604 5863853434.234404 5870258409.339499

real	0m0.901s
user	0m0.901s
sys	0m0.000s
 
SEQUENCE
 
37624.35618 38872.44188 52954.76458 54712.31628

real	0m0.531s
user	0m0.530s
sys	0m0.000s
 
4350478614.186048 4405620767.888449 7321622135.843186 7393481577.214199

real	0m0.692s
user	0m0.692s
sys	0m0.000s
 
18696443068.18007 18840087100.15867 37617583432.7108 37823564976.3486

real	0m0.662s
user	0m0.661s
sys	0m0.000s
 
4.901614166865179e+18 4.912723296455448e+18 1.084442578747924e+19 1.086100449795465e+19

real	0m0.466s
user	0m0.466s
sys	0m0.000s
 
1.647418946230568e+16 1.649160037624473e+16 3.768465979697054e+16 3.771108024027194e+16

real	0m0.630s
user	0m0.626s
sys	0m0.004s
 
4.48881116501821e+17 4.490640601531962e+17 1.03730934601686e+18 1.03758774958278e+18

real	0m0.447s
user	0m0.439s
sys	0m0.008s
 
4.48881116501821e+17 4.490640601531962e+17 1.03730934601686e+18 1.03758774958278e+18

real	0m0.952s
user	0m0.940s
sys	0m0.012s
 
374124590164.9393 378323909405.297 483306890414.2386 487506209654.5964

real	0m0.694s
user	0m0.694s
sys	0m0.000s
 
8003498375443.188 8040830216224.574 11400695886549.59 11438027727330.98

real	0m0.665s
user	0m0.665s
sys	0m0.000s
 
467292080353.7709 473215316635.7608 603526514839.5372 609449751121.5272

real	0m0.518s
user	0m0.518s
sys	0m0.000s
 
22856685758006.32 23032721850853.32 32186598678896.97 32362634771743.98

real	0m0.553s
user	0m0.553s
sys	0m0.000s
