 
VEC_VEC
 
174.0387

real	0m0.696s
user	0m0.692s
sys	0m0.004s
 
9698907.663399996

real	0m0.409s
user	0m0.409s
sys	0m0.000s
 
24900423491.09201

real	0m0.560s
user	0m0.559s
sys	0m0.000s
 
24900741320632.71

real	0m0.567s
user	0m0.567s
sys	0m0.000s
 
2.490083360868967e+16

real	0m0.759s
user	0m0.759s
sys	0m0.000s
 
VEC_MAT
 
178.7929000000001 178.8030000000001 201.2149000000001 201.2250000000001

real	0m0.677s
user	0m0.677s
sys	0m0.000s
 
992.6821000000002 992.6922000000003 1117.3464 1117.3565

real	0m0.419s
user	0m0.419s
sys	0m0.000s
 
390.3932 390.4204 450.7772000000001 450.8044

real	0m1.527s
user	0m1.527s
sys	0m0.000s
 
2166.9797 2167.0069 2502.7093 2502.7365

real	0m0.847s
user	0m0.847s
sys	0m0.000s
 
157975690.7399002 164380665.8450001

real	0m0.231s
user	0m0.230s
sys	0m0.000s
 
27065907086.64726 28163538210.734

real	0m0.262s
user	0m0.262s
sys	0m0.000s
 
128614163.4402999 133441028.6953997 138267893.9505

real	0m0.279s
user	0m0.279s
sys	0m0.000s
 
17202407856.50187 17848340807.38918 18494273758.27599

real	0m0.299s
user	0m0.299s
sys	0m0.000s
 
2.2266 2.2836 2.3406 2.397600000000001

real	0m0.271s
user	0m0.271s
sys	0m0.000s
 
73.52180000000001 74.6944 86.4204 87.59300000000002

real	0m0.938s
user	0m0.938s
sys	0m0.000s
 
609.1862 615.0844000000001 774.3358000000001 780.2340000000002

real	0m1.181s
user	0m1.181s
sys	0m0.000s
 
31020069.53999998 31057579.07999998 45948866.45999996 45986376.00000001

real	0m1.425s
user	0m1.425s
sys	0m0.000s
 
3948765877.809497 3955170852.914604 5863853434.234404 5870258409.339499

real	0m1.268s
user	0m1.268s
sys	0m0.000s
 
629070346650.9426 630167977775.031 934211799147.1235 935309430271.2021

real	0m0.989s
user	0m0.980s
sys	0m0.008s
 
72549439.0166 72565446.85879999 108086848.7006 108102856.5428001

real	0m1.296s
user	0m1.296s
sys	0m0.000s
 
324096005.6180002 324108897.3359997 483218480.892 483231372.6099998

real	0m1.331s
user	0m1.327s
sys	0m0.004s
 
10829665.1294 10829701.4254 15310551.5134 15310587.8094

real	0m0.882s
user	0m0.878s
sys	0m0.004s
 
107135690886248 108233331157370.3 147748380917728.1 148846021188851.3

real	0m0.714s
user	0m0.710s
sys	0m0.004s
 
MAT_VEC
 
178.7929000000001 178.8030000000001 201.2149000000001 201.2250000000001

real	0m0.889s
user	0m0.889s
sys	0m0.000s
 
992.6821000000002 992.6922000000003 1117.3464 1117.3565

real	0m0.518s
user	0m0.514s
sys	0m0.004s
 
390.3932 390.4204 450.7772000000001 450.8044

real	0m1.524s
user	0m1.524s
sys	0m0.000s
 
2166.9797 2167.0069 2502.7093 2502.7365

real	0m0.865s
user	0m0.865s
sys	0m0.000s
 
157975690.7399002 164380665.8450001

real	0m0.240s
user	0m0.240s
sys	0m0.000s
 
27065907086.64726 28163538210.734

real	0m0.296s
user	0m0.295s
sys	0m0.000s
 
128614163.4402999 133441028.6953997 138267893.9505

real	0m0.310s
user	0m0.310s
sys	0m0.000s
 
17202407856.50187 17848340807.38918 18494273758.27599

real	0m0.348s
user	0m0.348s
sys	0m0.000s
 
2.2266 2.2836 2.3406 2.397600000000001

real	0m0.169s
user	0m0.169s
sys	0m0.000s
 
73.52180000000001 74.6944 86.4204 87.59300000000002

real	0m1.362s
user	0m1.362s
sys	0m0.000s
 
609.1862 615.0844000000001 774.3358000000001 780.2340000000002

real	0m1.980s
user	0m1.978s
sys	0m0.000s
 
31020069.53999998 31057579.07999998 45948866.45999996 45986376.00000001

real	0m2.634s
user	0m2.634s
sys	0m0.000s
 
3948765877.809497 3955170852.914604 5863853434.234404 5870258409.339499

real	0m2.250s
user	0m2.246s
sys	0m0.004s
 
629070346650.9426 630167977775.031 934211799147.1235 935309430271.2021

real	0m1.740s
user	0m1.728s
sys	0m0.012s
 
72549439.0166 72565446.85879999 108086848.7006 108102856.5428001

real	0m2.231s
user	0m2.229s
sys	0m0.000s
 
324096005.6180002 324108897.3359997 483218480.892 483231372.6099998

real	0m1.363s
user	0m1.355s
sys	0m0.008s
 
10829665.1294 10829701.4254 15310551.5134 15310587.8094

real	0m0.971s
user	0m0.963s
sys	0m0.008s
 
107135690886248 108233331157370.3 147748380917728.1 148846021188851.3

real	0m1.033s
user	0m1.029s
sys	0m0.004s
 
OUTER
 
101.277 104.346 110.4774 113.8252

real	0m1.300s
user	0m1.300s
sys	0m0.000s
 
96.84840000000001 99.04950000000002 108.045 110.446

real	0m1.200s
user	0m1.200s
sys	0m0.000s
 
94.13800000000002 95.84960000000002 106.419 108.286

real	0m1.272s
user	0m1.272s
sys	0m0.000s
 
10.164 10.2025 11.913 11.9548

real	0m0.589s
user	0m0.589s
sys	0m0.000s
 
955.9242 956.3004 1135.8438 1136.254

real	0m0.640s
user	0m0.639s
sys	0m0.000s
 
78728.21440000001 78731.73660000002 93676.67820000002 93680.52040000001

real	0m0.619s
user	0m0.607s
sys	0m0.012s
 
MAT_MAT
 
8054296.570499997 8377212.617400005 11041896.78059999 11521723.02599998

real	0m0.660s
user	0m0.660s
sys	0m0.000s
 
67005585.50399998 69693523.28640002 92209626.6390001 96222702.65399998

real	0m0.850s
user	0m0.850s
sys	0m0.000s
 
56602.02200000002 58658.48450000003 83130.86099999996 86296.01680000003

real	0m0.851s
user	0m0.851s
sys	0m0.000s
 
297546749.5919997 308581623.7314994 440770097.583 457946307.1219999

real	0m0.857s
user	0m0.853s
sys	0m0.004s
 
301.3441 301.7106 379.168 379.5840000000001

real	0m0.882s
user	0m0.882s
sys	0m0.000s
 
45022.4809 45027.16379999999 57025.89409999999 57031.226

real	0m0.707s
user	0m0.707s
sys	0m0.000s
 
79343.34260000002 79353.49420000002 105856.4262 105868.395

real	0m0.657s
user	0m0.653s
sys	0m0.004s
 
77470.43699999999 77485.73999999999 107948.34 107966.91

real	0m0.554s
user	0m0.550s
sys	0m0.004s
 
109.241 111.7864 142.1856 145.251

real	0m0.877s
user	0m0.877s
sys	0m0.000s
 
1739639.1343 1765026.6362 3156552.835599999 3194056.931000001

real	0m1.564s
user	0m1.564s
sys	0m0.000s
 
40128631.98950006 40455680.77900002 81101463.51099998 81608296.35000008

real	0m1.195s
user	0m1.195s
sys	0m0.000s
 
185145.8628 186726.9552 353878.6176 356259.936

real	0m1.601s
user	0m1.601s
sys	0m0.000s
 
5650057.303000003 5674398.905999999 11835110.684 11873364.25000001

real	0m1.475s
user	0m1.475s
sys	0m0.000s
 
3539227257.462 3543179262.324003 8019509498.519998 8025995052.400001

real	0m0.504s
user	0m0.504s
sys	0m0.000s
 
66219776245.92168 66260257446.05717 151986883006.3699 152053753059.55

real	0m0.594s
user	0m0.590s
sys	0m0.004s
 
166212294937.3991 166288626284.498 382568140639.0098 382694366833.2999

real	0m0.544s
user	0m0.540s
sys	0m0.004s
 
608720333715.4655 608956501509.1871 1405127495482.165 1405518727998.903

real	0m1.098s
user	0m1.086s
sys	0m0.012s
 
TRANS1
 
8054296.570499997 8377212.617400005 11041896.78059999 11521723.02599998

real	0m0.824s
user	0m0.824s
sys	0m0.000s
 
67005585.50399998 69693523.28640002 92209626.6390001 96222702.65399998

real	0m1.067s
user	0m1.063s
sys	0m0.004s
 
56602.02200000002 58658.48450000003 83130.86099999996 86296.01680000003

real	0m0.712s
user	0m0.712s
sys	0m0.000s
 
297546749.5919997 308581623.7314994 440770097.583 457946307.1219999

real	0m0.715s
user	0m0.715s
sys	0m0.000s
 
301.3441 301.7106 379.168 379.5840000000001

real	0m0.980s
user	0m0.980s
sys	0m0.000s
 
45022.4809 45027.16379999999 57025.89409999999 57031.226

real	0m0.773s
user	0m0.769s
sys	0m0.004s
 
79343.34260000002 79353.49420000002 105856.4262 105868.395

real	0m0.795s
user	0m0.795s
sys	0m0.000s
 
77470.43699999999 77485.73999999999 107948.34 107966.91

real	0m0.619s
user	0m0.615s
sys	0m0.004s
 
109.241 111.7864 142.1856 145.251

real	0m0.857s
user	0m0.857s
sys	0m0.000s
 
1739639.1343 1765026.6362 3156552.835599999 3194056.931000001

real	0m1.389s
user	0m1.389s
sys	0m0.000s
 
40128631.98950006 40455680.77900002 81101463.51099998 81608296.35000008

real	0m1.059s
user	0m1.059s
sys	0m0.000s
 
185145.8628 186726.9552 353878.6176 356259.936

real	0m1.601s
user	0m1.601s
sys	0m0.000s
 
5650057.303000003 5674398.905999999 11835110.684 11873364.25000001

real	0m1.340s
user	0m1.340s
sys	0m0.000s
 
3539227257.462 3543179262.324003 8019509498.519998 8025995052.400001

real	0m0.475s
user	0m0.475s
sys	0m0.000s
 
66219776245.92168 66260257446.05717 151986883006.3699 152053753059.55

real	0m0.571s
user	0m0.567s
sys	0m0.004s
 
166212294937.3991 166288626284.498 382568140639.0098 382694366833.2999

real	0m0.516s
user	0m0.512s
sys	0m0.004s
 
608720333715.4655 608956501509.1871 1405127495482.165 1405518727998.903

real	0m1.040s
user	0m1.024s
sys	0m0.016s
 
1512441.733 1524415.266 2968657.650000001 2986772.5

real	0m0.797s
user	0m0.795s
sys	0m0.000s
 
608720333715.4655 608956501509.1871 1405127495482.165 1405518727998.903

real	0m0.549s
user	0m0.541s
sys	0m0.008s
 
TRANS2
 
8054296.570499997 8377212.617400005 11041896.78059999 11521723.02599998

real	0m1.069s
user	0m1.068s
sys	0m0.000s
 
67005585.50399998 69693523.28640002 92209626.6390001 96222702.65399998

real	0m1.518s
user	0m1.517s
sys	0m0.000s
 
56602.02200000002 58658.48450000003 83130.86099999996 86296.01680000003

real	0m0.891s
user	0m0.890s
sys	0m0.000s
 
297546749.5919997 308581623.7314994 440770097.583 457946307.1219999

real	0m1.324s
user	0m1.324s
sys	0m0.000s
 
301.3441 301.7106 379.168 379.5840000000001

real	0m0.886s
user	0m0.885s
sys	0m0.000s
 
45022.4809 45027.16379999999 57025.89409999999 57031.226

real	0m0.695s
user	0m0.695s
sys	0m0.000s
 
79343.34260000002 79353.49420000002 105856.4262 105868.395

real	0m0.655s
user	0m0.651s
sys	0m0.004s
 
77470.43699999999 77485.73999999999 107948.34 107966.91

real	0m0.556s
user	0m0.556s
sys	0m0.000s
 
109.241 111.7864 142.1856 145.251

real	0m0.929s
user	0m0.929s
sys	0m0.000s
 
1739639.1343 1765026.6362 3156552.835599999 3194056.931000001

real	0m1.600s
user	0m1.600s
sys	0m0.000s
 
40128631.98950006 40455680.77900002 81101463.51099998 81608296.35000008

real	0m1.266s
user	0m1.266s
sys	0m0.000s
 
185145.8628 186726.9552 353878.6176 356259.936

real	0m1.662s
user	0m1.662s
sys	0m0.000s
 
5650057.303000003 5674398.905999999 11835110.684 11873364.25000001

real	0m1.492s
user	0m1.492s
sys	0m0.000s
 
3539227257.462 3543179262.324003 8019509498.519998 8025995052.400001

real	0m0.511s
user	0m0.507s
sys	0m0.004s
 
66219776245.92168 66260257446.05717 151986883006.3699 152053753059.55

real	0m0.610s
user	0m0.598s
sys	0m0.012s
 
166212294937.3991 166288626284.498 382568140639.0098 382694366833.2999

real	0m0.563s
user	0m0.554s
sys	0m0.008s
 
608720333715.4655 608956501509.1871 1405127495482.165 1405518727998.903

real	0m1.137s
user	0m1.129s
sys	0m0.008s
 
1512441.733 1524415.266 2968657.650000001 2986772.5

real	0m0.938s
user	0m0.938s
sys	0m0.000s
 
608720333715.4655 608956501509.1871 1405127495482.165 1405518727998.903

real	0m0.588s
user	0m0.580s
sys	0m0.008s
 
SPECIAL
 
0.04840000000000001

real	0m0.308s
user	0m0.307s
sys	0m0.000s
 
0.04840000000000001

real	0m0.335s
user	0m0.334s
sys	0m0.000s
 
0.04840000000000001

real	0m0.235s
user	0m0.235s
sys	0m0.000s
 
53.79660000000001 53.79880000000001 58.68060000000001 58.68280000000001

real	0m1.358s
user	0m1.357s
sys	0m0.000s
 
53.79660000000001 53.79880000000001 58.68060000000001 58.68280000000001

real	0m1.357s
user	0m1.356s
sys	0m0.000s
 
9698907.663399996

real	0m0.410s
user	0m0.410s
sys	0m0.000s
 
9698907.663399996

real	0m0.410s
user	0m0.409s
sys	0m0.000s
 
0.04840000000000001

real	0m0.317s
user	0m0.317s
sys	0m0.000s
 
53.79660000000001 53.79880000000001 58.68060000000001 58.68280000000001

real	0m1.354s
user	0m1.354s
sys	0m0.000s
 
53.79660000000001 53.79880000000001 58.68060000000001 58.68280000000001

real	0m1.355s
user	0m1.355s
sys	0m0.000s
 
9698907.663399996

real	0m0.411s
user	0m0.411s
sys	0m0.000s
 
3948765877.809497 3955170852.914604 5863853434.234404 5870258409.339499

real	0m1.690s
user	0m1.689s
sys	0m0.000s
 
3948765877.809497 3955170852.914604 5863853434.234404 5870258409.339499

real	0m0.952s
user	0m0.952s
sys	0m0.000s
 
0.04840000000000001

real	0m0.428s
user	0m0.428s
sys	0m0.000s
 
53.79660000000001 53.79880000000001 58.68060000000001 58.68280000000001

real	0m1.363s
user	0m1.361s
sys	0m0.000s
 
53.79660000000001 53.79880000000001 58.68060000000001 58.68280000000001

real	0m1.360s
user	0m1.360s
sys	0m0.000s
 
9698907.663399996

real	0m0.410s
user	0m0.410s
sys	0m0.000s
 
3948765877.809497 3955170852.914604 5863853434.234404 5870258409.339499

real	0m0.956s
user	0m0.952s
sys	0m0.004s
 
3948765877.809497 3955170852.914604 5863853434.234404 5870258409.339499

real	0m0.951s
user	0m0.951s
sys	0m0.000s
 
0.04840000000000001

real	0m0.353s
user	0m0.352s
sys	0m0.000s
 
53.79660000000001 53.79880000000001 58.68060000000001 58.68280000000001

real	0m1.351s
user	0m1.351s
sys	0m0.000s
 
53.79660000000001 53.79880000000001 58.68060000000001 58.68280000000001

real	0m1.355s
user	0m1.351s
sys	0m0.004s
 
9698907.663399996

real	0m0.412s
user	0m0.412s
sys	0m0.000s
 
3948765877.809497 3955170852.914604 5863853434.234404 5870258409.339499

real	0m1.680s
user	0m1.675s
sys	0m0.004s
 
3948765877.809497 3955170852.914604 5863853434.234404 5870258409.339499

real	0m1.683s
user	0m1.683s
sys	0m0.000s
 
SEQUENCE
 
37624.35618 38872.44188 52954.76458 54712.31628

real	0m0.533s
user	0m0.533s
sys	0m0.000s
 
4350478614.186048 4405620767.888449 7321622135.843186 7393481577.214199

real	0m0.795s
user	0m0.794s
sys	0m0.000s
 
18696443068.18007 18840087100.15867 37617583432.7108 37823564976.3486

real	0m0.783s
user	0m0.783s
sys	0m0.000s
 
4.901614166865179e+18 4.912723296455448e+18 1.084442578747924e+19 1.086100449795465e+19

real	0m0.553s
user	0m0.553s
sys	0m0.000s
 
1.647418946230568e+16 1.649160037624473e+16 3.768465979697054e+16 3.771108024027194e+16

real	0m0.734s
user	0m0.734s
sys	0m0.000s
 
4.48881116501821e+17 4.490640601531962e+17 1.03730934601686e+18 1.03758774958278e+18

real	0m0.522s
user	0m0.506s
sys	0m0.016s
 
4.48881116501821e+17 4.490640601531962e+17 1.03730934601686e+18 1.03758774958278e+18

real	0m1.003s
user	0m1.003s
sys	0m0.000s
 
374124590164.9393 378323909405.297 483306890414.2386 487506209654.5964

real	0m0.795s
user	0m0.795s
sys	0m0.000s
 
8003498375443.188 8040830216224.574 11400695886549.59 11438027727330.98

real	0m0.786s
user	0m0.786s
sys	0m0.000s
 
467292080353.7709 473215316635.7608 603526514839.5372 609449751121.5272

real	0m1.021s
user	0m1.021s
sys	0m0.000s
 
22856685758006.32 23032721850853.32 32186598678896.97 32362634771743.98

real	0m1.124s
user	0m1.124s
sys	0m0.000s
