 
SCALAR_VEC
 
0.5808000000000001 0.5830000000000002 0.6270000000000002 0.6292000000000002

real	0m4.551s
user	0m4.550s
sys	0m0.000s
 
46.0284 46.03060000000001 50.20620000000001 50.2084

real	0m0.430s
user	0m0.426s
sys	0m0.004s
 
29876.5456 29876.5478 32592.58860000001 32592.59080000001

real	0m0.374s
user	0m0.365s
sys	0m0.008s
 
VEC_VEC
 
174.0387

real	0m4.894s
user	0m4.893s
sys	0m0.000s
 
9698907.663399996

real	0m0.480s
user	0m0.480s
sys	0m0.000s
 
24900423491.09201

real	0m0.568s
user	0m0.568s
sys	0m0.000s
 
24900741320632.71

real	0m0.564s
user	0m0.564s
sys	0m0.000s
 
2.490083360868967e+16

real	0m0.755s
user	0m0.755s
sys	0m0.000s
 
VEC_MAT
 
178.7929000000001 178.8030000000001 201.2149000000001 201.2250000000001

real	0m0.515s
user	0m0.515s
sys	0m0.000s
 
992.6821000000002 992.6922000000003 1117.3464 1117.3565

real	0m0.320s
user	0m0.320s
sys	0m0.000s
 
390.3932 390.4204 450.7772000000001 450.8044

real	0m1.571s
user	0m1.571s
sys	0m0.000s
 
2166.9797 2167.0069 2502.7093 2502.7365

real	0m0.891s
user	0m0.891s
sys	0m0.000s
 
157975690.7399002 164380665.8450001

real	0m0.220s
user	0m0.220s
sys	0m0.000s
 
27065907086.64726 28163538210.734

real	0m0.252s
user	0m0.248s
sys	0m0.004s
 
128614163.4402999 133441028.6953997 138267893.9505

real	0m0.238s
user	0m0.238s
sys	0m0.000s
 
17202407856.50187 17848340807.38918 18494273758.27599

real	0m0.292s
user	0m0.292s
sys	0m0.000s
 
2.2266 2.2836 2.3406 2.397600000000001

real	0m1.782s
user	0m1.782s
sys	0m0.000s
 
73.52180000000001 74.6944 86.4204 87.59300000000002

real	0m2.324s
user	0m2.324s
sys	0m0.000s
 
609.1862 615.0844000000001 774.3358000000001 780.2340000000002

real	0m1.701s
user	0m1.701s
sys	0m0.000s
 
31020069.53999998 31057579.07999998 45948866.45999996 45986376.00000001

real	0m1.232s
user	0m1.232s
sys	0m0.000s
 
3948765877.809497 3955170852.914604 5863853434.234404 5870258409.339499

real	0m1.050s
user	0m1.046s
sys	0m0.004s
 
629070346650.9426 630167977775.031 934211799147.1235 935309430271.2021

real	0m0.935s
user	0m0.935s
sys	0m0.000s
 
72549439.0166 72565446.85879999 108086848.7006 108102856.5428001

real	0m1.181s
user	0m1.181s
sys	0m0.000s
 
324096005.6180002 324108897.3359997 483218480.892 483231372.6099998

real	0m1.302s
user	0m1.297s
sys	0m0.004s
 
10829665.1294 10829701.4254 15310551.5134 15310587.8094

real	0m0.852s
user	0m0.840s
sys	0m0.012s
 
107135690886248 108233331157370.3 147748380917728.1 148846021188851.3

real	0m0.661s
user	0m0.649s
sys	0m0.012s
 
MAT_VEC
 
178.7929000000001 178.8030000000001 201.2149000000001 201.2250000000001

real	0m0.506s
user	0m0.506s
sys	0m0.000s
 
992.6821000000002 992.6922000000003 1117.3464 1117.3565

real	0m0.328s
user	0m0.328s
sys	0m0.000s
 
390.3932 390.4204 450.7772000000001 450.8044

real	0m0.827s
user	0m0.827s
sys	0m0.000s
 
2166.9797 2167.0069 2502.7093 2502.7365

real	0m0.577s
user	0m0.573s
sys	0m0.004s
 
157975690.7399002 164380665.8450001

real	0m0.219s
user	0m0.219s
sys	0m0.000s
 
27065907086.64726 28163538210.734

real	0m0.241s
user	0m0.241s
sys	0m0.000s
 
128614163.4402999 133441028.6953997 138267893.9505

real	0m0.280s
user	0m0.280s
sys	0m0.000s
 
17202407856.50187 17848340807.38918 18494273758.27599

real	0m0.312s
user	0m0.312s
sys	0m0.000s
 
2.2266 2.2836 2.3406 2.397600000000001

real	0m1.544s
user	0m1.544s
sys	0m0.000s
 
73.52180000000001 74.6944 86.4204 87.59300000000002

real	0m2.134s
user	0m2.134s
sys	0m0.000s
 
609.1862 615.0844000000001 774.3358000000001 780.2340000000002

real	0m1.438s
user	0m1.438s
sys	0m0.000s
 
31020069.53999998 31057579.07999998 45948866.45999996 45986376.00000001

real	0m1.329s
user	0m1.329s
sys	0m0.000s
 
3948765877.809497 3955170852.914604 5863853434.234404 5870258409.339499

real	0m1.199s
user	0m1.195s
sys	0m0.004s
 
629070346650.9426 630167977775.031 934211799147.1235 935309430271.2021

real	0m1.237s
user	0m1.228s
sys	0m0.008s
 
72549439.0166 72565446.85879999 108086848.7006 108102856.5428001

real	0m1.191s
user	0m1.191s
sys	0m0.000s
 
324096005.6180002 324108897.3359997 483218480.892 483231372.6099998

real	0m0.957s
user	0m0.957s
sys	0m0.000s
 
10829665.1294 10829701.4254 15310551.5134 15310587.8094

real	0m0.690s
user	0m0.673s
sys	0m0.016s
 
107135690886248 108233331157370.3 147748380917728.1 148846021188851.3

real	0m0.704s
user	0m0.696s
sys	0m0.008s
 
OUTER
 
101.277 104.346 110.4774 113.8252

real	0m1.061s
user	0m1.061s
sys	0m0.000s
 
96.84840000000001 99.04950000000002 108.045 110.446

real	0m1.013s
user	0m1.009s
sys	0m0.004s
 
94.13800000000002 95.84960000000002 106.419 108.286

real	0m0.981s
user	0m0.981s
sys	0m0.000s
 
14.5684 14.5728 16.60140000000001 16.606

real	0m0.788s
user	0m0.788s
sys	0m0.000s
 
10.164 10.2025 11.913 11.9548

real	0m1.116s
user	0m1.116s
sys	0m0.000s
 
955.9242 956.3004 1135.8438 1136.254

real	0m0.738s
user	0m0.738s
sys	0m0.000s
 
86477.05440000001 86480.57660000001 102897.9582 102901.8004

real	0m0.778s
user	0m0.762s
sys	0m0.016s
 
27312.9912 27313.3443 32486.685 32487.07

real	0m0.409s
user	0m0.405s
sys	0m0.004s
 
MAT_MAT
 
8054296.570499997 8377212.617400005 11041896.78059999 11521723.02599998

real	0m0.494s
user	0m0.494s
sys	0m0.000s
 
67005585.50399998 69693523.28640002 92209626.6390001 96222702.65399998

real	0m0.663s
user	0m0.663s
sys	0m0.000s
 
56602.02200000002 58658.48450000003 83130.86099999996 86296.01680000003

real	0m0.788s
user	0m0.788s
sys	0m0.000s
 
297546749.5919997 308581623.7314994 440770097.583 457946307.1219999

real	0m0.772s
user	0m0.772s
sys	0m0.000s
 
8054296.570499997 8144829.910200007 11426434.83180001 11521723.02599998

real	0m0.477s
user	0m0.477s
sys	0m0.000s
 
67005585.50399998 67746880.83150004 95442432.67260008 96222702.65399998

real	0m0.820s
user	0m0.820s
sys	0m0.000s
 
56602.02200000002 56765.4044 86117.12820000002 86296.01680000003

real	0m0.380s
user	0m0.380s
sys	0m0.000s
 
297546749.5919997 299613096.1240003 455678605.3310006 457946307.1219999

real	0m0.441s
user	0m0.441s
sys	0m0.000s
 
301.3441 301.7106 379.168 379.5840000000001

real	0m0.971s
user	0m0.971s
sys	0m0.000s
 
45022.4809 45027.16379999999 57025.89409999999 57031.226

real	0m0.651s
user	0m0.647s
sys	0m0.004s
 
79343.34260000002 79353.49420000002 105856.4262 105868.395

real	0m0.544s
user	0m0.544s
sys	0m0.000s
 
77470.43699999999 77485.73999999999 107948.34 107966.91

real	0m0.504s
user	0m0.500s
sys	0m0.004s
 
109.241 111.7864 142.1856 145.251

real	0m1.204s
user	0m1.204s
sys	0m0.000s
 
1739639.1343 1765026.6362 3156552.835599999 3194056.931000001

real	0m1.304s
user	0m1.304s
sys	0m0.000s
 
40128631.98950006 40455680.77900002 81101463.51099998 81608296.35000008

real	0m0.693s
user	0m0.693s
sys	0m0.000s
 
185145.8628 186726.9552 353878.6176 356259.936

real	0m1.350s
user	0m1.346s
sys	0m0.004s
 
5650057.303000003 5674398.905999999 11835110.684 11873364.25000001

real	0m0.793s
user	0m0.793s
sys	0m0.000s
 
3539227257.462 3543179262.324003 8019509498.519998 8025995052.400001

real	0m0.291s
user	0m0.291s
sys	0m0.000s
 
66219776245.92168 66260257446.05717 151986883006.3699 152053753059.55

real	0m0.337s
user	0m0.333s
sys	0m0.004s
 
166212294937.3991 166288626284.498 382568140639.0098 382694366833.2999

real	0m0.340s
user	0m0.332s
sys	0m0.008s
 
608720333715.4655 608956501509.1871 1405127495482.165 1405518727998.903

real	0m0.850s
user	0m0.830s
sys	0m0.020s
 
TRANS1
 
8054296.570499997 8377212.617400005 11041896.78059999 11521723.02599998

real	0m0.753s
user	0m0.749s
sys	0m0.004s
 
67005585.50399998 69693523.28640002 92209626.6390001 96222702.65399998

real	0m0.963s
user	0m0.963s
sys	0m0.000s
 
56602.02200000002 58658.48450000003 83130.86099999996 86296.01680000003

real	0m0.678s
user	0m0.674s
sys	0m0.004s
 
297546749.5919997 308581623.7314994 440770097.583 457946307.1219999

real	0m0.663s
user	0m0.663s
sys	0m0.000s
 
8054296.570499997 8144829.910200007 11426434.83180001 11521723.02599998

real	0m0.753s
user	0m0.753s
sys	0m0.000s
 
67005585.50399998 67746880.83150004 95442432.67260008 96222702.65399998

real	0m0.956s
user	0m0.956s
sys	0m0.000s
 
56602.02200000002 56765.4044 86117.12820000002 86296.01680000003

real	0m0.643s
user	0m0.643s
sys	0m0.000s
 
297546749.5919997 299613096.1240003 455678605.3310006 457946307.1219999

real	0m0.662s
user	0m0.661s
sys	0m0.000s
 
301.3441 301.7106 379.168 379.5840000000001

real	0m0.674s
user	0m0.670s
sys	0m0.004s
 
45022.4809 45027.16379999999 57025.89409999999 57031.226

real	0m0.564s
user	0m0.564s
sys	0m0.000s
 
79343.34260000002 79353.49420000002 105856.4262 105868.395

real	0m0.718s
user	0m0.718s
sys	0m0.000s
 
77470.43699999999 77485.73999999999 107948.34 107966.91

real	0m0.615s
user	0m0.611s
sys	0m0.004s
 
109.241 111.7864 142.1856 145.251

real	0m1.221s
user	0m1.221s
sys	0m0.000s
 
1739639.1343 1765026.6362 3156552.835599999 3194056.931000001

real	0m1.498s
user	0m1.498s
sys	0m0.000s
 
40128631.98950006 40455680.77900002 81101463.51099998 81608296.35000008

real	0m1.159s
user	0m1.159s
sys	0m0.000s
 
185145.8628 186726.9552 353878.6176 356259.936

real	0m1.698s
user	0m1.694s
sys	0m0.004s
 
5650057.303000003 5674398.905999999 11835110.684 11873364.25000001

real	0m1.477s
user	0m1.477s
sys	0m0.000s
 
3539227257.462 3543179262.324003 8019509498.519998 8025995052.400001

real	0m0.510s
user	0m0.510s
sys	0m0.000s
 
66219776245.92168 66260257446.05717 151986883006.3699 152053753059.55

real	0m0.610s
user	0m0.606s
sys	0m0.004s
 
166212294937.3991 166288626284.498 382568140639.0098 382694366833.2999

real	0m0.545s
user	0m0.537s
sys	0m0.008s
 
608720333715.4655 608956501509.1871 1405127495482.165 1405518727998.903

real	0m1.092s
user	0m1.080s
sys	0m0.012s
 
1512441.733 1524415.266 2968657.650000001 2986772.5

real	0m0.866s
user	0m0.866s
sys	0m0.000s
 
608720333715.4655 608956501509.1871 1405127495482.165 1405518727998.903

real	0m0.560s
user	0m0.551s
sys	0m0.008s
 
TRANS2
 
8054296.570499997 8377212.617400005 11041896.78059999 11521723.02599998

real	0m0.881s
user	0m0.881s
sys	0m0.000s
 
67005585.50399998 69693523.28640002 92209626.6390001 96222702.65399998

real	0m1.239s
user	0m1.239s
sys	0m0.000s
 
56602.02200000002 58658.48450000003 83130.86099999996 86296.01680000003

real	0m0.833s
user	0m0.833s
sys	0m0.000s
 
297546749.5919997 308581623.7314994 440770097.583 457946307.1219999

real	0m1.041s
user	0m1.041s
sys	0m0.000s
 
8054296.570499997 8144829.910200007 11426434.83180001 11521723.02599998

real	0m0.583s
user	0m0.579s
sys	0m0.004s
 
67005585.50399998 67746880.83150004 95442432.67260008 96222702.65399998

real	0m0.774s
user	0m0.774s
sys	0m0.000s
 
56602.02200000002 56765.4044 86117.12820000002 86296.01680000003

real	0m0.487s
user	0m0.487s
sys	0m0.000s
 
297546749.5919997 299613096.1240003 455678605.3310006 457946307.1219999

real	0m0.520s
user	0m0.519s
sys	0m0.000s
 
301.3441 301.7106 379.168 379.5840000000001

real	0m0.973s
user	0m0.973s
sys	0m0.000s
 
45022.4809 45027.16379999999 57025.89409999999 57031.226

real	0m0.687s
user	0m0.683s
sys	0m0.004s
 
79343.34260000002 79353.49420000002 105856.4262 105868.395

real	0m0.673s
user	0m0.669s
sys	0m0.004s
 
77470.43699999999 77485.73999999999 107948.34 107966.91

real	0m0.493s
user	0m0.489s
sys	0m0.004s
 
109.241 111.7864 142.1856 145.251

real	0m1.095s
user	0m1.095s
sys	0m0.000s
 
1739639.1343 1765026.6362 3156552.835599999 3194056.931000001

real	0m1.244s
user	0m1.244s
sys	0m0.000s
 
40128631.98950006 40455680.77900002 81101463.51099998 81608296.35000008

real	0m0.943s
user	0m0.943s
sys	0m0.000s
 
185145.8628 186726.9552 353878.6176 356259.936

real	0m1.270s
user	0m1.269s
sys	0m0.000s
 
5650057.303000003 5674398.905999999 11835110.684 11873364.25000001

real	0m1.099s
user	0m1.095s
sys	0m0.004s
 
3539227257.462 3543179262.324003 8019509498.519998 8025995052.400001

real	0m0.383s
user	0m0.383s
sys	0m0.000s
 
66219776245.92168 66260257446.05717 151986883006.3699 152053753059.55

real	0m0.453s
user	0m0.448s
sys	0m0.004s
 
166212294937.3991 166288626284.498 382568140639.0098 382694366833.2999

real	0m0.437s
user	0m0.429s
sys	0m0.008s
 
608720333715.4655 608956501509.1871 1405127495482.165 1405518727998.903

real	0m0.860s
user	0m0.844s
sys	0m0.016s
 
1512441.733 1524415.266 2968657.650000001 2986772.5

real	0m0.690s
user	0m0.690s
sys	0m0.000s
 
608720333715.4655 608956501509.1871 1405127495482.165 1405518727998.903

real	0m0.438s
user	0m0.422s
sys	0m0.016s
 
TRANS12
 
8054296.570499997 8377212.617400005 11041896.78059999 11521723.02599998

real	0m0.497s
user	0m0.497s
sys	0m0.000s
 
67005585.50399998 69693523.28640002 92209626.6390001 96222702.65399998

real	0m0.818s
user	0m0.814s
sys	0m0.004s
 
56602.02200000002 58658.48450000003 83130.86099999996 86296.01680000003

real	0m0.409s
user	0m0.409s
sys	0m0.000s
 
297546749.5919997 308581623.7314994 440770097.583 457946307.1219999

real	0m0.442s
user	0m0.442s
sys	0m0.000s
 
8054296.570499997 8144829.910200007 11426434.83180001 11521723.02599998

real	0m0.452s
user	0m0.452s
sys	0m0.000s
 
67005585.50399998 67746880.83150004 95442432.67260008 96222702.65399998

real	0m0.612s
user	0m0.612s
sys	0m0.000s
 
56602.02200000002 56765.4044 86117.12820000002 86296.01680000003

real	0m0.818s
user	0m0.818s
sys	0m0.000s
 
297546749.5919997 299613096.1240003 455678605.3310006 457946307.1219999

real	0m0.784s
user	0m0.784s
sys	0m0.000s
 
301.3441 301.7106 379.168 379.5840000000001

real	0m1.416s
user	0m1.416s
sys	0m0.000s
 
45022.4809 45027.16379999999 57025.89409999999 57031.226

real	0m1.383s
user	0m1.379s
sys	0m0.004s
 
79343.34260000002 79353.49420000002 105856.4262 105868.395

real	0m1.024s
user	0m1.020s
sys	0m0.004s
 
77470.43699999999 77485.73999999999 107948.34 107966.91

real	0m0.911s
user	0m0.911s
sys	0m0.000s
 
109.241 111.7864 142.1856 145.251

real	0m1.155s
user	0m1.155s
sys	0m0.000s
 
1739639.1343 1765026.6362 3156552.835599999 3194056.931000001

real	0m0.964s
user	0m0.964s
sys	0m0.000s
 
40128631.98950006 40455680.77900002 81101463.51099998 81608296.35000008

real	0m0.743s
user	0m0.743s
sys	0m0.000s
 
185145.8628 186726.9552 353878.6176 356259.936

real	0m1.056s
user	0m1.052s
sys	0m0.004s
 
5650057.303000003 5674398.905999999 11835110.684 11873364.25000001

real	0m0.859s
user	0m0.855s
sys	0m0.004s
 
3539227257.462 3543179262.324003 8019509498.519998 8025995052.400001

real	0m0.351s
user	0m0.347s
sys	0m0.004s
 
66219776245.92168 66260257446.05717 151986883006.3699 152053753059.55

real	0m0.451s
user	0m0.447s
sys	0m0.004s
 
166212294937.3991 166288626284.498 382568140639.0098 382694366833.2999

real	0m0.425s
user	0m0.417s
sys	0m0.008s
 
608720333715.4655 608956501509.1871 1405127495482.165 1405518727998.903

real	0m1.012s
user	0m0.991s
sys	0m0.020s
 
SPECIAL
 
0.04840000000000001

real	0m4.677s
user	0m4.677s
sys	0m0.000s
 
0.04840000000000001

real	0m4.478s
user	0m4.478s
sys	0m0.000s
 
0.04840000000000001

real	0m4.253s
user	0m4.252s
sys	0m0.000s
 
53.79660000000001 53.79880000000001 58.68060000000001 58.68280000000001

real	0m0.959s
user	0m0.955s
sys	0m0.004s
 
53.79660000000001 53.79880000000001 58.68060000000001 58.68280000000001

real	0m0.955s
user	0m0.955s
sys	0m0.000s
 
9698907.663399996

real	0m0.482s
user	0m0.482s
sys	0m0.000s
 
9698907.663399996

real	0m0.482s
user	0m0.478s
sys	0m0.004s
 
0.04840000000000001

real	0m5.173s
user	0m5.173s
sys	0m0.000s
 
53.79660000000001 53.79880000000001 58.68060000000001 58.68280000000001

real	0m0.981s
user	0m0.981s
sys	0m0.000s
 
53.79660000000001 53.79880000000001 58.68060000000001 58.68280000000001

real	0m1.006s
user	0m1.006s
sys	0m0.000s
 
9698907.663399996

real	0m0.493s
user	0m0.493s
sys	0m0.000s
 
3948765877.809497 3955170852.914604 5863853434.234404 5870258409.339499

real	0m0.900s
user	0m0.900s
sys	0m0.000s
 
3948765877.809497 3955170852.914604 5863853434.234404 5870258409.339499

real	0m0.788s
user	0m0.783s
sys	0m0.004s
 
0.04840000000000001

real	0m5.173s
user	0m5.173s
sys	0m0.000s
 
53.79660000000001 53.79880000000001 58.68060000000001 58.68280000000001

real	0m0.966s
user	0m0.966s
sys	0m0.000s
 
53.79660000000001 53.79880000000001 58.68060000000001 58.68280000000001

real	0m0.968s
user	0m0.968s
sys	0m0.000s
 
9698907.663399996

real	0m0.493s
user	0m0.493s
sys	0m0.000s
 
3948765877.809497 3955170852.914604 5863853434.234404 5870258409.339499

real	0m0.792s
user	0m0.792s
sys	0m0.000s
 
3948765877.809497 3955170852.914604 5863853434.234404 5870258409.339499

real	0m0.788s
user	0m0.788s
sys	0m0.000s
 
0.04840000000000001

real	0m5.128s
user	0m5.128s
sys	0m0.000s
 
53.79660000000001 53.79880000000001 58.68060000000001 58.68280000000001

real	0m0.993s
user	0m0.992s
sys	0m0.000s
 
53.79660000000001 53.79880000000001 58.68060000000001 58.68280000000001

real	0m0.963s
user	0m0.958s
sys	0m0.004s
 
9698907.663399996

real	0m0.492s
user	0m0.492s
sys	0m0.000s
 
3948765877.809497 3955170852.914604 5863853434.234404 5870258409.339499

real	0m0.903s
user	0m0.903s
sys	0m0.000s
 
3948765877.809497 3955170852.914604 5863853434.234404 5870258409.339499

real	0m0.903s
user	0m0.899s
sys	0m0.004s
 
0.04840000000000001

real	0m5.164s
user	0m5.164s
sys	0m0.000s
 
53.79660000000001 53.79880000000001 58.68060000000001 58.68280000000001

real	0m0.968s
user	0m0.968s
sys	0m0.000s
 
53.79660000000001 53.79880000000001 58.68060000000001 58.68280000000001

real	0m0.973s
user	0m0.973s
sys	0m0.000s
 
9698907.663399996

real	0m0.493s
user	0m0.489s
sys	0m0.004s
 
3948765877.809497 3955170852.914604 5863853434.234404 5870258409.339499

real	0m0.793s
user	0m0.793s
sys	0m0.000s
 
3948765877.809497 3955170852.914604 5863853434.234404 5870258409.339499

real	0m0.902s
user	0m0.902s
sys	0m0.000s
 
3037.1121 3037.6632 3611.409 3612.01

real	0m0.569s
user	0m0.569s
sys	0m0.000s
 
3037.1121 3037.6632 3611.409 3612.01

real	0m0.571s
user	0m0.571s
sys	0m0.000s
 
3037.1121 3037.6632 3611.409 3612.01

real	0m0.570s
user	0m0.566s
sys	0m0.004s
 
3037.1121 3037.6632 3611.409 3612.01

real	0m0.569s
user	0m0.569s
sys	0m0.000s
 
SEQUENCE
 
37624.35618 38872.44188 52954.76458 54712.31628

real	0m0.421s
user	0m0.420s
sys	0m0.000s
 
4350478614.186048 4405620767.888449 7321622135.843186 7393481577.214199

real	0m0.526s
user	0m0.526s
sys	0m0.000s
 
48832437279.8918 49241016265.74157 88512227219.28583 89040617812.03206

real	0m1.780s
user	0m1.779s
sys	0m0.000s
 
18696443068.18007 18840087100.15867 37617583432.7108 37823564976.3486

real	0m0.620s
user	0m0.615s
sys	0m0.004s
 
4.901614166865179e+18 4.912723296455448e+18 1.084442578747924e+19 1.086100449795465e+19

real	0m0.380s
user	0m0.376s
sys	0m0.004s
 
1.647418946230568e+16 1.649160037624473e+16 3.768465979697054e+16 3.771108024027194e+16

real	0m0.583s
user	0m0.578s
sys	0m0.004s
 
4.48881116501821e+17 4.490640601531962e+17 1.03730934601686e+18 1.03758774958278e+18

real	0m0.403s
user	0m0.395s
sys	0m0.008s
 
4.48881116501821e+17 4.490640601531962e+17 1.03730934601686e+18 1.03758774958278e+18

real	0m0.951s
user	0m0.946s
sys	0m0.004s
 
4.48881116501821e+17 4.490640601531962e+17 1.03730934601686e+18 1.03758774958278e+18

real	0m1.026s
user	0m1.022s
sys	0m0.004s
 
8.382424294553979e+29 8.385850640122295e+29 1.937388035390321e+30 1.93790724339292e+30

real	0m0.442s
user	0m0.429s
sys	0m0.012s
 
8.382424294553979e+29 8.385850640122295e+29 1.937388035390321e+30 1.93790724339292e+30

real	0m0.574s
user	0m0.569s
sys	0m0.004s
 
8.382424294553979e+29 8.385850640122295e+29 1.937388035390321e+30 1.93790724339292e+30

real	0m0.590s
user	0m0.565s
sys	0m0.024s
 
8.382424294553979e+29 8.385850640122295e+29 1.937388035390321e+30 1.93790724339292e+30

real	0m0.585s
user	0m0.569s
sys	0m0.016s
 
8.382424294553979e+29 8.385850640122295e+29 1.937388035390321e+30 1.93790724339292e+30

real	0m0.547s
user	0m0.539s
sys	0m0.008s
 
8.382424294553979e+29 8.385850640122295e+29 1.937388035390321e+30 1.93790724339292e+30

real	0m0.555s
user	0m0.543s
sys	0m0.012s
 
374124590164.9393 378323909405.297 483306890414.2386 487506209654.5964

real	0m0.529s
user	0m0.529s
sys	0m0.000s
 
8003498375443.188 8040830216224.574 11400695886549.59 11438027727330.98

real	0m0.622s
user	0m0.621s
sys	0m0.000s
 
467292080353.7709 473215316635.7608 603526514839.5372 609449751121.5272

real	0m0.735s
user	0m0.735s
sys	0m0.000s
 
22856685758006.32 23032721850853.32 32186598678896.97 32362634771743.98

real	0m0.568s
user	0m0.568s
sys	0m0.000s
