 
SCALAR_VEC
 
0.5808000000000001 0.5830000000000002 0.6270000000000002 0.6292000000000002

real	0m0.832s
user	0m0.833s
sys	0m0.000s
 
46.0284 46.03060000000001 50.20620000000001 50.2084

real	0m0.327s
user	0m0.328s
sys	0m0.000s
 
29876.5456 29876.5478 32592.58860000001 32592.59080000001

real	0m0.279s
user	0m0.535s
sys	0m0.008s
 
VEC_VEC
 
174.0387

real	0m1.063s
user	0m1.064s
sys	0m0.000s
 
9698907.663399996

real	0m0.415s
user	0m0.416s
sys	0m0.000s
 
24900423491.09201

real	0m0.560s
user	0m0.561s
sys	0m0.000s
 
24900741320632.71

real	0m0.564s
user	0m1.125s
sys	0m0.000s
 
2.490083360868967e+16

real	0m0.781s
user	0m1.536s
sys	0m0.012s
 
VEC_MAT
 
178.7929000000001 178.8030000000001 201.2149000000001 201.2250000000001

real	0m0.472s
user	0m0.473s
sys	0m0.000s
 
992.6821000000002 992.6922000000003 1117.3464 1117.3565

real	0m0.149s
user	0m0.297s
sys	0m0.000s
 
390.3932 390.4204 450.7772000000001 450.8044

real	0m1.432s
user	0m1.429s
sys	0m0.004s
 
2166.9797 2167.0069 2502.7093 2502.7365

real	0m0.898s
user	0m1.791s
sys	0m0.004s
 
157975690.7399002 164380665.8450001

real	0m0.206s
user	0m0.204s
sys	0m0.004s
 
27065907086.64726 28163538210.734

real	0m0.251s
user	0m0.501s
sys	0m0.000s
 
128614163.4402999 133441028.6953997 138267893.9505

real	0m0.221s
user	0m0.222s
sys	0m0.000s
 
17202407856.50187 17848340807.38918 18494273758.27599

real	0m0.291s
user	0m0.580s
sys	0m0.000s
 
2.2266 2.2836 2.3406 2.397600000000001

real	0m0.437s
user	0m0.438s
sys	0m0.000s
 
73.52180000000001 74.6944 86.4204 87.59300000000002

real	0m0.979s
user	0m0.980s
sys	0m0.000s
 
609.1862 615.0844000000001 774.3358000000001 780.2340000000002

real	0m1.140s
user	0m1.141s
sys	0m0.000s
 
31020069.53999998 31057579.07999998 45948866.45999996 45986376.00000001

real	0m0.663s
user	0m1.325s
sys	0m0.000s
 
3948765877.809497 3955170852.914604 5863853434.234404 5870258409.339499

real	0m0.548s
user	0m1.092s
sys	0m0.000s
 
629070346650.9426 630167977775.031 934211799147.1235 935309430271.2021

real	0m0.711s
user	0m1.398s
sys	0m0.012s
 
72549439.0166 72565446.85879999 108086848.7006 108102856.5428001

real	0m0.635s
user	0m1.268s
sys	0m0.000s
 
324096005.6180002 324108897.3359997 483218480.892 483231372.6099998

real	0m0.766s
user	0m1.517s
sys	0m0.004s
 
10829665.1294 10829701.4254 15310551.5134 15310587.8094

real	0m0.552s
user	0m1.079s
sys	0m0.008s
 
107135690886248 108233331157370.3 147748380917728.1 148846021188851.3

real	0m0.534s
user	0m1.047s
sys	0m0.004s
 
MAT_VEC
 
178.7929000000001 178.8030000000001 201.2149000000001 201.2250000000001

real	0m0.465s
user	0m0.462s
sys	0m0.004s
 
992.6821000000002 992.6922000000003 1117.3464 1117.3565

real	0m0.146s
user	0m0.292s
sys	0m0.000s
 
390.3932 390.4204 450.7772000000001 450.8044

real	0m0.791s
user	0m0.792s
sys	0m0.000s
 
2166.9797 2167.0069 2502.7093 2502.7365

real	0m0.250s
user	0m0.499s
sys	0m0.000s
 
157975690.7399002 164380665.8450001

real	0m0.204s
user	0m0.198s
sys	0m0.008s
 
27065907086.64726 28163538210.734

real	0m0.243s
user	0m0.485s
sys	0m0.000s
 
128614163.4402999 133441028.6953997 138267893.9505

real	0m0.265s
user	0m0.263s
sys	0m0.004s
 
17202407856.50187 17848340807.38918 18494273758.27599

real	0m0.313s
user	0m0.624s
sys	0m0.000s
 
2.2266 2.2836 2.3406 2.397600000000001

real	0m0.293s
user	0m0.294s
sys	0m0.000s
 
73.52180000000001 74.6944 86.4204 87.59300000000002

real	0m0.916s
user	0m0.917s
sys	0m0.000s
 
609.1862 615.0844000000001 774.3358000000001 780.2340000000002

real	0m0.954s
user	0m0.955s
sys	0m0.000s
 
31020069.53999998 31057579.07999998 45948866.45999996 45986376.00000001

real	0m0.806s
user	0m1.610s
sys	0m0.000s
 
3948765877.809497 3955170852.914604 5863853434.234404 5870258409.339499

real	0m0.847s
user	0m1.690s
sys	0m0.000s
 
629070346650.9426 630167977775.031 934211799147.1235 935309430271.2021

real	0m0.831s
user	0m1.637s
sys	0m0.012s
 
72549439.0166 72565446.85879999 108086848.7006 108102856.5428001

real	0m0.576s
user	0m1.145s
sys	0m0.004s
 
324096005.6180002 324108897.3359997 483218480.892 483231372.6099998

real	0m0.698s
user	0m1.385s
sys	0m0.000s
 
10829665.1294 10829701.4254 15310551.5134 15310587.8094

real	0m0.503s
user	0m0.981s
sys	0m0.008s
 
107135690886248 108233331157370.3 147748380917728.1 148846021188851.3

real	0m0.633s
user	0m1.237s
sys	0m0.012s
 
OUTER
 
101.277 104.346 110.4774 113.8252

real	0m0.986s
user	0m0.987s
sys	0m0.000s
 
96.84840000000001 99.04950000000002 108.045 110.446

real	0m0.941s
user	0m0.942s
sys	0m0.000s
 
94.13800000000002 95.84960000000002 106.419 108.286

real	0m0.915s
user	0m0.912s
sys	0m0.004s
 
14.5684 14.5728 16.60140000000001 16.606

real	0m0.510s
user	0m0.511s
sys	0m0.000s
 
10.164 10.2025 11.913 11.9548

real	0m0.646s
user	0m0.647s
sys	0m0.000s
 
955.9242 956.3004 1135.8438 1136.254

real	0m0.436s
user	0m0.866s
sys	0m0.004s
 
86477.05440000001 86480.57660000001 102897.9582 102901.8004

real	0m0.615s
user	0m1.196s
sys	0m0.008s
 
27312.9912 27313.3443 32486.685 32487.07

real	0m0.309s
user	0m0.601s
sys	0m0.008s
 
MAT_MAT
 
8054296.570499997 8377212.617400005 11041896.78059999 11521723.02599998

real	0m0.292s
user	0m0.584s
sys	0m0.000s
 
67005585.50399998 69693523.28640002 92209626.6390001 96222702.65399998

real	0m0.381s
user	0m0.762s
sys	0m0.000s
 
56602.02200000002 58658.48450000003 83130.86099999996 86296.01680000003

real	0m0.464s
user	0m0.927s
sys	0m0.000s
 
297546749.5919997 308581623.7314994 440770097.583 457946307.1219999

real	0m0.437s
user	0m0.874s
sys	0m0.000s
 
8054296.570499997 8144829.910200007 11426434.83180001 11521723.02599998

real	0m0.492s
user	0m0.983s
sys	0m0.000s
 
67005585.50399998 67746880.83150004 95442432.67260008 96222702.65399998

real	0m0.832s
user	0m1.662s
sys	0m0.000s
 
56602.02200000002 56765.4044 86117.12820000002 86296.01680000003

real	0m0.393s
user	0m0.785s
sys	0m0.000s
 
297546749.5919997 299613096.1240003 455678605.3310006 457946307.1219999

real	0m0.438s
user	0m0.874s
sys	0m0.000s
 
301.3441 301.7106 379.168 379.5840000000001

real	0m0.647s
user	0m1.293s
sys	0m0.000s
 
45022.4809 45027.16379999999 57025.89409999999 57031.226

real	0m0.382s
user	0m0.754s
sys	0m0.004s
 
79343.34260000002 79353.49420000002 105856.4262 105868.395

real	0m0.299s
user	0m0.587s
sys	0m0.004s
 
77470.43699999999 77485.73999999999 107948.34 107966.91

real	0m0.262s
user	0m0.515s
sys	0m0.004s
 
109.241 111.7864 142.1856 145.251

real	0m0.934s
user	0m0.935s
sys	0m0.000s
 
1739639.1343 1765026.6362 3156552.835599999 3194056.931000001

real	0m0.710s
user	0m1.419s
sys	0m0.000s
 
40128631.98950006 40455680.77900002 81101463.51099998 81608296.35000008

real	0m0.396s
user	0m0.790s
sys	0m0.000s
 
185145.8628 186726.9552 353878.6176 356259.936

real	0m0.707s
user	0m1.413s
sys	0m0.000s
 
5650057.303000003 5674398.905999999 11835110.684 11873364.25000001

real	0m0.404s
user	0m0.803s
sys	0m0.004s
 
3539227257.462 3543179262.324003 8019509498.519998 8025995052.400001

real	0m0.148s
user	0m0.292s
sys	0m0.000s
 
66219776245.92168 66260257446.05717 151986883006.3699 152053753059.55

real	0m0.174s
user	0m0.336s
sys	0m0.004s
 
166212294937.3991 166288626284.498 382568140639.0098 382694366833.2999

real	0m0.178s
user	0m0.335s
sys	0m0.008s
 
608720333715.4655 608956501509.1871 1405127495482.165 1405518727998.903

real	0m0.438s
user	0m0.837s
sys	0m0.016s
 
TRANS1
 
8054296.570499997 8377212.617400005 11041896.78059999 11521723.02599998

real	0m0.435s
user	0m0.864s
sys	0m0.004s
 
67005585.50399998 69693523.28640002 92209626.6390001 96222702.65399998

real	0m0.543s
user	0m1.084s
sys	0m0.000s
 
56602.02200000002 58658.48450000003 83130.86099999996 86296.01680000003

real	0m0.409s
user	0m0.817s
sys	0m0.000s
 
297546749.5919997 308581623.7314994 440770097.583 457946307.1219999

real	0m0.369s
user	0m0.738s
sys	0m0.000s
 
8054296.570499997 8144829.910200007 11426434.83180001 11521723.02599998

real	0m0.770s
user	0m1.536s
sys	0m0.004s
 
67005585.50399998 67746880.83150004 95442432.67260008 96222702.65399998

real	0m0.961s
user	0m1.921s
sys	0m0.000s
 
56602.02200000002 56765.4044 86117.12820000002 86296.01680000003

real	0m0.658s
user	0m1.314s
sys	0m0.000s
 
297546749.5919997 299613096.1240003 455678605.3310006 457946307.1219999

real	0m0.663s
user	0m1.325s
sys	0m0.000s
 
301.3441 301.7106 379.168 379.5840000000001

real	0m0.394s
user	0m0.786s
sys	0m0.000s
 
45022.4809 45027.16379999999 57025.89409999999 57031.226

real	0m0.355s
user	0m0.699s
sys	0m0.004s
 
79343.34260000002 79353.49420000002 105856.4262 105868.395

real	0m0.375s
user	0m0.736s
sys	0m0.008s
 
77470.43699999999 77485.73999999999 107948.34 107966.91

real	0m0.316s
user	0m0.620s
sys	0m0.008s
 
109.241 111.7864 142.1856 145.251

real	0m0.963s
user	0m0.964s
sys	0m0.000s
 
1739639.1343 1765026.6362 3156552.835599999 3194056.931000001

real	0m0.811s
user	0m1.617s
sys	0m0.004s
 
40128631.98950006 40455680.77900002 81101463.51099998 81608296.35000008

real	0m0.640s
user	0m1.279s
sys	0m0.000s
 
185145.8628 186726.9552 353878.6176 356259.936

real	0m0.876s
user	0m1.747s
sys	0m0.004s
 
5650057.303000003 5674398.905999999 11835110.684 11873364.25000001

real	0m0.748s
user	0m1.491s
sys	0m0.004s
 
3539227257.462 3543179262.324003 8019509498.519998 8025995052.400001

real	0m0.258s
user	0m0.510s
sys	0m0.004s
 
66219776245.92168 66260257446.05717 151986883006.3699 152053753059.55

real	0m0.314s
user	0m0.609s
sys	0m0.004s
 
166212294937.3991 166288626284.498 382568140639.0098 382694366833.2999

real	0m0.286s
user	0m0.537s
sys	0m0.012s
 
608720333715.4655 608956501509.1871 1405127495482.165 1405518727998.903

real	0m0.567s
user	0m1.081s
sys	0m0.016s
 
1512441.733 1524415.266 2968657.650000001 2986772.5

real	0m0.528s
user	0m1.054s
sys	0m0.000s
 
608720333715.4655 608956501509.1871 1405127495482.165 1405518727998.903

real	0m0.297s
user	0m0.548s
sys	0m0.016s
 
TRANS2
 
8054296.570499997 8377212.617400005 11041896.78059999 11521723.02599998

real	0m0.498s
user	0m0.996s
sys	0m0.000s
 
67005585.50399998 69693523.28640002 92209626.6390001 96222702.65399998

real	0m0.745s
user	0m1.488s
sys	0m0.000s
 
56602.02200000002 58658.48450000003 83130.86099999996 86296.01680000003

real	0m0.490s
user	0m0.978s
sys	0m0.000s
 
297546749.5919997 308581623.7314994 440770097.583 457946307.1219999

real	0m0.580s
user	0m1.158s
sys	0m0.000s
 
8054296.570499997 8144829.910200007 11426434.83180001 11521723.02599998

real	0m0.601s
user	0m1.200s
sys	0m0.000s
 
67005585.50399998 67746880.83150004 95442432.67260008 96222702.65399998

real	0m0.781s
user	0m1.560s
sys	0m0.000s
 
56602.02200000002 56765.4044 86117.12820000002 86296.01680000003

real	0m0.506s
user	0m1.006s
sys	0m0.004s
 
297546749.5919997 299613096.1240003 455678605.3310006 457946307.1219999

real	0m0.522s
user	0m1.042s
sys	0m0.000s
 
301.3441 301.7106 379.168 379.5840000000001

real	0m0.657s
user	0m1.309s
sys	0m0.004s
 
45022.4809 45027.16379999999 57025.89409999999 57031.226

real	0m0.395s
user	0m0.780s
sys	0m0.004s
 
79343.34260000002 79353.49420000002 105856.4262 105868.395

real	0m0.356s
user	0m0.698s
sys	0m0.008s
 
77470.43699999999 77485.73999999999 107948.34 107966.91

real	0m0.254s
user	0m0.505s
sys	0m0.000s
 
109.241 111.7864 142.1856 145.251

real	0m0.842s
user	0m0.843s
sys	0m0.000s
 
1739639.1343 1765026.6362 3156552.835599999 3194056.931000001

real	0m0.680s
user	0m1.359s
sys	0m0.000s
 
40128631.98950006 40455680.77900002 81101463.51099998 81608296.35000008

real	0m0.534s
user	0m1.066s
sys	0m0.000s
 
185145.8628 186726.9552 353878.6176 356259.936

real	0m0.666s
user	0m1.331s
sys	0m0.000s
 
5650057.303000003 5674398.905999999 11835110.684 11873364.25000001

real	0m0.557s
user	0m1.113s
sys	0m0.000s
 
3539227257.462 3543179262.324003 8019509498.519998 8025995052.400001

real	0m0.196s
user	0m0.384s
sys	0m0.004s
 
66219776245.92168 66260257446.05717 151986883006.3699 152053753059.55

real	0m0.234s
user	0m0.446s
sys	0m0.008s
 
166212294937.3991 166288626284.498 382568140639.0098 382694366833.2999

real	0m0.229s
user	0m0.426s
sys	0m0.012s
 
608720333715.4655 608956501509.1871 1405127495482.165 1405518727998.903

real	0m0.455s
user	0m0.859s
sys	0m0.012s
 
1512441.733 1524415.266 2968657.650000001 2986772.5

real	0m0.441s
user	0m0.881s
sys	0m0.000s
 
608720333715.4655 608956501509.1871 1405127495482.165 1405518727998.903

real	0m0.236s
user	0m0.435s
sys	0m0.008s
 
TRANS12
 
8054296.570499997 8377212.617400005 11041896.78059999 11521723.02599998

real	0m0.337s
user	0m0.673s
sys	0m0.000s
 
67005585.50399998 69693523.28640002 92209626.6390001 96222702.65399998

real	0m0.542s
user	0m1.080s
sys	0m0.004s
 
56602.02200000002 58658.48450000003 83130.86099999996 86296.01680000003

real	0m0.239s
user	0m0.477s
sys	0m0.000s
 
297546749.5919997 308581623.7314994 440770097.583 457946307.1219999

real	0m0.319s
user	0m0.636s
sys	0m0.000s
 
8054296.570499997 8144829.910200007 11426434.83180001 11521723.02599998

real	0m0.465s
user	0m0.929s
sys	0m0.000s
 
67005585.50399998 67746880.83150004 95442432.67260008 96222702.65399998

real	0m0.622s
user	0m1.244s
sys	0m0.000s
 
56602.02200000002 56765.4044 86117.12820000002 86296.01680000003

real	0m0.835s
user	0m1.664s
sys	0m0.004s
 
297546749.5919997 299613096.1240003 455678605.3310006 457946307.1219999

real	0m0.786s
user	0m1.570s
sys	0m0.000s
 
301.3441 301.7106 379.168 379.5840000000001

real	0m0.795s
user	0m1.589s
sys	0m0.000s
 
45022.4809 45027.16379999999 57025.89409999999 57031.226

real	0m0.735s
user	0m1.460s
sys	0m0.004s
 
79343.34260000002 79353.49420000002 105856.4262 105868.395

real	0m0.542s
user	0m1.078s
sys	0m0.000s
 
77470.43699999999 77485.73999999999 107948.34 107966.91

real	0m0.488s
user	0m0.969s
sys	0m0.004s
 
109.241 111.7864 142.1856 145.251

real	0m0.900s
user	0m0.901s
sys	0m0.000s
 
1739639.1343 1765026.6362 3156552.835599999 3194056.931000001

real	0m0.642s
user	0m1.284s
sys	0m0.000s
 
40128631.98950006 40455680.77900002 81101463.51099998 81608296.35000008

real	0m0.469s
user	0m0.937s
sys	0m0.000s
 
185145.8628 186726.9552 353878.6176 356259.936

real	0m0.564s
user	0m1.126s
sys	0m0.000s
 
5650057.303000003 5674398.905999999 11835110.684 11873364.25000001

real	0m0.454s
user	0m0.907s
sys	0m0.000s
 
3539227257.462 3543179262.324003 8019509498.519998 8025995052.400001

real	0m0.180s
user	0m0.356s
sys	0m0.000s
 
66219776245.92168 66260257446.05717 151986883006.3699 152053753059.55

real	0m0.237s
user	0m0.437s
sys	0m0.016s
 
166212294937.3991 166288626284.498 382568140639.0098 382694366833.2999

real	0m0.230s
user	0m0.418s
sys	0m0.008s
 
608720333715.4655 608956501509.1871 1405127495482.165 1405518727998.903

real	0m0.530s
user	0m1.004s
sys	0m0.008s
 
SPECIAL
 
0.04840000000000001

real	0m0.741s
user	0m0.742s
sys	0m0.000s
 
0.04840000000000001

real	0m0.795s
user	0m0.796s
sys	0m0.000s
 
0.04840000000000001

real	0m0.642s
user	0m0.643s
sys	0m0.000s
 
53.79660000000001 53.79880000000001 58.68060000000001 58.68280000000001

real	0m0.786s
user	0m0.787s
sys	0m0.000s
 
53.79660000000001 53.79880000000001 58.68060000000001 58.68280000000001

real	0m0.800s
user	0m0.801s
sys	0m0.000s
 
9698907.663399996

real	0m0.417s
user	0m0.418s
sys	0m0.000s
 
9698907.663399996

real	0m0.418s
user	0m0.419s
sys	0m0.000s
 
0.04840000000000001

real	0m1.557s
user	0m1.558s
sys	0m0.000s
 
53.79660000000001 53.79880000000001 58.68060000000001 58.68280000000001

real	0m0.805s
user	0m0.806s
sys	0m0.000s
 
53.79660000000001 53.79880000000001 58.68060000000001 58.68280000000001

real	0m0.802s
user	0m0.803s
sys	0m0.000s
 
9698907.663399996

real	0m0.428s
user	0m0.429s
sys	0m0.000s
 
3948765877.809497 3955170852.914604 5863853434.234404 5870258409.339499

real	0m0.900s
user	0m1.798s
sys	0m0.000s
 
3948765877.809497 3955170852.914604 5863853434.234404 5870258409.339499

real	0m0.410s
user	0m0.817s
sys	0m0.000s
 
0.04840000000000001

real	0m1.382s
user	0m1.379s
sys	0m0.004s
 
53.79660000000001 53.79880000000001 58.68060000000001 58.68280000000001

real	0m0.805s
user	0m0.806s
sys	0m0.000s
 
53.79660000000001 53.79880000000001 58.68060000000001 58.68280000000001

real	0m0.799s
user	0m0.800s
sys	0m0.000s
 
9698907.663399996

real	0m0.426s
user	0m0.427s
sys	0m0.000s
 
3948765877.809497 3955170852.914604 5863853434.234404 5870258409.339499

real	0m0.794s
user	0m1.577s
sys	0m0.004s
 
3948765877.809497 3955170852.914604 5863853434.234404 5870258409.339499

real	0m0.407s
user	0m0.807s
sys	0m0.004s
 
0.04840000000000001

real	0m1.448s
user	0m1.449s
sys	0m0.000s
 
53.79660000000001 53.79880000000001 58.68060000000001 58.68280000000001

real	0m0.810s
user	0m0.811s
sys	0m0.000s
 
53.79660000000001 53.79880000000001 58.68060000000001 58.68280000000001

real	0m0.825s
user	0m0.826s
sys	0m0.000s
 
9698907.663399996

real	0m0.425s
user	0m0.426s
sys	0m0.000s
 
3948765877.809497 3955170852.914604 5863853434.234404 5870258409.339499

real	0m0.901s
user	0m1.798s
sys	0m0.000s
 
3948765877.809497 3955170852.914604 5863853434.234404 5870258409.339499

real	0m0.636s
user	0m1.267s
sys	0m0.000s
 
0.04840000000000001

real	0m1.265s
user	0m1.266s
sys	0m0.000s
 
53.79660000000001 53.79880000000001 58.68060000000001 58.68280000000001

real	0m0.799s
user	0m0.801s
sys	0m0.000s
 
53.79660000000001 53.79880000000001 58.68060000000001 58.68280000000001

real	0m0.795s
user	0m0.792s
sys	0m0.004s
 
9698907.663399996

real	0m0.425s
user	0m0.427s
sys	0m0.000s
 
3948765877.809497 3955170852.914604 5863853434.234404 5870258409.339499

real	0m0.787s
user	0m1.564s
sys	0m0.004s
 
3948765877.809497 3955170852.914604 5863853434.234404 5870258409.339499

real	0m0.625s
user	0m1.241s
sys	0m0.004s
 
3037.1121 3037.6632 3611.409 3612.01

real	0m0.425s
user	0m0.848s
sys	0m0.000s
 
3037.1121 3037.6632 3611.409 3612.01

real	0m0.421s
user	0m0.841s
sys	0m0.000s
 
3037.1121 3037.6632 3611.409 3612.01

real	0m0.424s
user	0m0.842s
sys	0m0.004s
 
3037.1121 3037.6632 3611.409 3612.01

real	0m0.410s
user	0m0.815s
sys	0m0.004s
 
SEQUENCE
 
37624.35618 38872.44188 52954.76458 54712.31628

real	0m0.249s
user	0m0.497s
sys	0m0.000s
 
4350478614.186048 4405620767.888449 7321622135.843186 7393481577.214199

real	0m0.360s
user	0m0.715s
sys	0m0.004s
 
48832437279.8918 49241016265.74157 88512227219.28583 89040617812.03206

real	0m0.914s
user	0m1.823s
sys	0m0.004s
 
18696443068.18007 18840087100.15867 37617583432.7108 37823564976.3486

real	0m0.331s
user	0m0.661s
sys	0m0.000s
 
4.901614166865179e+18 4.912723296455448e+18 1.084442578747924e+19 1.086100449795465e+19

real	0m0.199s
user	0m0.393s
sys	0m0.004s
 
1.647418946230568e+16 1.649160037624473e+16 3.768465979697054e+16 3.771108024027194e+16

real	0m0.301s
user	0m0.591s
sys	0m0.004s
 
4.48881116501821e+17 4.490640601531962e+17 1.03730934601686e+18 1.03758774958278e+18

real	0m0.211s
user	0m0.408s
sys	0m0.000s
 
4.48881116501821e+17 4.490640601531962e+17 1.03730934601686e+18 1.03758774958278e+18

real	0m0.493s
user	0m0.941s
sys	0m0.016s
 
4.48881116501821e+17 4.490640601531962e+17 1.03730934601686e+18 1.03758774958278e+18

real	0m0.534s
user	0m1.027s
sys	0m0.004s
 
8.382424294553979e+29 8.385850640122295e+29 1.937388035390321e+30 1.93790724339292e+30

real	0m0.232s
user	0m0.435s
sys	0m0.012s
 
8.382424294553979e+29 8.385850640122295e+29 1.937388035390321e+30 1.93790724339292e+30

real	0m0.306s
user	0m0.566s
sys	0m0.012s
 
8.382424294553979e+29 8.385850640122295e+29 1.937388035390321e+30 1.93790724339292e+30

real	0m0.314s
user	0m0.580s
sys	0m0.012s
 
8.382424294553979e+29 8.385850640122295e+29 1.937388035390321e+30 1.93790724339292e+30

real	0m0.312s
user	0m0.585s
sys	0m0.004s
 
8.382424294553979e+29 8.385850640122295e+29 1.937388035390321e+30 1.93790724339292e+30

real	0m0.292s
user	0m0.542s
sys	0m0.008s
 
8.382424294553979e+29 8.385850640122295e+29 1.937388035390321e+30 1.93790724339292e+30

real	0m0.295s
user	0m0.542s
sys	0m0.016s
 
374124590164.9393 378323909405.297 483306890414.2386 487506209654.5964

real	0m0.371s
user	0m0.740s
sys	0m0.000s
 
8003498375443.188 8040830216224.574 11400695886549.59 11438027727330.98

real	0m0.336s
user	0m0.670s
sys	0m0.000s
 
467292080353.7709 473215316635.7608 603526514839.5372 609449751121.5272

real	0m0.536s
user	0m0.537s
sys	0m0.000s
 
22856685758006.32 23032721850853.32 32186598678896.97 32362634771743.98

real	0m0.544s
user	0m0.545s
sys	0m0.000s
